[0m[00:00:08.666] [INFO] [omnigibson.eval.eval] Seeded Python, NumPy, and Torch with seed=0[0m
[0m[00:00:08.666] [INFO] [omnigibson.eval.eval] Resolved public_test instance ids for turning_on_radio: [301][0m
[0m[00:00:08.671] [INFO] [omnigibson.eval.eval] Loaded robot config from /home/juyoung/behavior-2026/src/configs/r1pro_openpi.yaml[0m
[0m[00:00:08.693] [INFO] [omnigibson.eval.evaluator] Setting timeout to be 150 steps through config.[0m
[0m[00:00:08.694] [INFO] [omnigibson.simulator] ----- Starting OmniGibson. This will take 10-30 seconds... -----[0m
DEBUG:asyncio:Using selector: EpollSelector
[Info] [carb] Logging to file: /home/juyoung/robot-agent/src/behavior-2026/BEHAVIOR-1K/OmniGibson/appdata/local/logs/Kit/OmniGibson/3.9/kit_20261003_013748.log
[0.025s] [ext: omni.kit.async_engine-0.0.3] startup
[0.074s] [ext: omni.metrics.core-0.0.3] startup
[0.074s] [ext: omni.client.lib-1.1.0] startup
[0.081s] [ext: omni.blobkey-1.1.2] startup
[0.081s] [ext: omni.stats-1.0.1] startup
[0.081s] [ext: omni.datastore-0.0.0] startup
[0.085s] [ext: omni.client-1.3.0] startup
[0.087s] [ext: omni.ujitso.default-1.0.0] startup
[0.088s] [ext: omni.hsscclient-1.1.2] startup
[0.092s] [ext: omni.gpu_foundation.shadercache.vulkan-1.0.0] startup
[0.093s] [ext: omni.assets.plugins-0.0.0] startup
[0.093s] [ext: omni.gpu_foundation-0.0.0] startup
[0.097s] [ext: carb.windowing.plugins-1.0.0] startup
[0.101s] [ext: omni.kit.renderer.init-0.0.0] startup
2026-10-02T16:37:48Z [206ms] [Warning] [gpu.foundation.plugin] Skipping unsupported non-NVIDIA GPU: AMD Unknown (RADV RAPHAEL_MENDOCINO)
2026-10-02T16:37:48Z [206ms] [Warning] [gpu.foundation.plugin] Skipping unsupported non-NVIDIA GPU: AMD Unknown (RADV RAPHAEL_MENDOCINO)

|---------------------------------------------------------------------------------------------|
| Driver Version: 580.178.04    | Graphics API: Vulkan
|=============================================================================================|
| GPU | Name                             | Active | LDA | GPU Memory | Vendor-ID | LUID       |
|     |                                  |        |     |            | Device-ID | UUID       |
|     |                                  |        |     |            | Bus-ID    |            |
|---------------------------------------------------------------------------------------------|
| 0   | NVIDIA GeForce RTX 5070 Ti       | Yes: 0 |     | 16303   MB | 10de      | 0          |
|     |                                  |        |     |            | 2c05      | a9dc7904.. |
|     |                                  |        |     |            | 1         |            |
|---------------------------------------------------------------------------------------------|
| 1   | AMD Unknown (RADV RAPHAEL_MEND.. |        |     | 22008   MB | 1002      | 0          |
|     |                                  |        |     |            | 13c0      | 00000000.. |
|     |                                  |        |     |            | c         |            |
|=============================================================================================|
| OS: 22.04.5 LTS (Jammy Jellyfish) ubuntu, Version: 22.04.5, Kernel: 6.8.0-138-generic
| XServer Vendor: The X.Org Foundation, XServer Version: 12101004 (1.21.1.4)
| Processor: AMD Ryzen 9 9950X 16-Core Processor
| Cores: 16 | Logical Cores: 32
|---------------------------------------------------------------------------------------------|
| Total Memory (MB): 61928 | Free Memory: 57462
| Total Page/Swap (MB): 0 | Free Page/Swap: 0
|---------------------------------------------------------------------------------------------|
2026-10-02T16:37:48Z [405ms] [Warning] [gpu.foundation.plugin] CPU performance profile is set to powersave. This profile sets the CPU to the lowest frequency reducing performance.
2026-10-02T16:37:48Z [407ms] [Warning] [gpu.foundation.plugin] IOMMU is enabled.
2026-10-02T16:37:48Z [407ms] [Warning] [gpu.foundation.plugin] Detected IOMMU is enabled. Running CUDA peer-to-peer bandwidth and latency validation.
Unidirectional P2P=Enabled Bandwidth (P2P Writes) Matrix (GB/s)
   D\D     0 
     0 761.44 
P2P=Enabled Latency (P2P Writes) Matrix (us)
   GPU     0 
     0   2.07 

   CPU     0 
     0   1.81 
[0.547s] [ext: omni.materialx.libs-1.0.7] startup
[0.552s] [ext: omni.kit.loop-isaac-1.3.7] startup
[0.552s] [ext: omni.kit.test-2.0.1] startup
[0.572s] [ext: omni.usd.config-1.0.6] startup
[0.574s] [ext: omni.gpucompute.plugins-0.0.0] startup
[0.574s] [ext: omni.usd.libs-1.0.1] startup
[0.650s] [ext: omni.kit.telemetry-0.5.2] startup
[0.669s] [ext: omni.mdl-56.0.3] startup
[0.681s] [ext: omni.iray.libs-0.0.0] startup
[0.684s] [ext: omni.mdl.neuraylib-0.2.12] startup
[0.686s] [ext: omni.kit.usd.mdl-1.1.5] startup
[0.745s] [ext: omni.kit.pipapi-0.0.0] startup
[0.746s] [ext: omni.appwindow-1.1.10] startup
[0.747s] [ext: omni.kit.renderer.core-1.1.0] startup
[1.472s] [ext: omni.kit.renderer.capture-0.0.0] startup
[1.473s] [ext: omni.kit.renderer.imgui-2.0.5] startup
[1.687s] [ext: omni.ui-2.27.1] startup
[1.693s] [ext: omni.kit.mainwindow-1.0.3] startup
[1.693s] [ext: carb.audio-0.1.0] startup
[1.697s] [ext: omni.uiaudio-1.0.0] startup
[1.697s] [ext: omni.kit.uiapp-0.0.0] startup
[1.697s] [ext: omni.usd.schema.metrics.assembler-107.3.1] startup
[1.699s] [ext: omni.usd.schema.audio-0.0.0] startup
[1.701s] [ext: omni.usd_resolver-1.0.0] startup
[1.704s] [ext: omni.usd.core-1.5.3] startup
[1.706s] [ext: omni.usd.schema.omni_lens_distortion-0.0.0] startup
[1.717s] [ext: omni.usd.schema.anim-0.0.0] startup
[1.731s] [ext: omni.usd.schema.geospatial-0.0.0] startup
[1.733s] [ext: omni.usd.schema.semantics-0.0.0] startup
[1.735s] [ext: omni.kit.actions.core-1.0.0] startup
[1.736s] [ext: omni.activity.core-1.0.3] startup
[1.737s] [ext: omni.kit.commands-1.4.10] startup
[1.739s] [ext: usdrt.scenegraph-7.6.1] startup
[1.759s] [ext: omni.resourcemonitor-107.0.1] startup
[1.760s] [ext: omni.kit.audiodeviceenum-1.0.2] startup
[1.761s] [ext: omni.hydra.usdrt_delegate-7.5.1] startup
[1.767s] [ext: omni.kit.usd_undo-0.1.8] startup
[1.767s] [ext: omni.kit.window.popup_dialog-2.0.24] startup
[1.769s] [ext: omni.graph.exec-0.9.6] startup
[1.769s] [ext: omni.timeline-1.0.14] startup
[1.770s] [ext: omni.kit.widget.nucleus_connector-2.0.1] startup
[1.771s] [ext: omni.kit.exec.core-0.13.4] startup
[1.772s] [ext: omni.hydra.scene_delegate-0.3.4] startup
[1.776s] [ext: omni.usd-1.13.10] startup
[1.792s] [ext: omni.kit.asset_converter-5.0.17] startup
[1.801s] [ext: omni.usd.schema.isaac-3.0.5] startup
[1.801s] [ext: omni.usd.schema.omnigraph-1.0.0] startup
[1.805s] [ext: isaacsim.robot.schema-3.6.0] startup
[1.810s] [ext: omni.usd.schema.omniscripting-1.0.0] startup
[1.814s] [ext: omni.usd.schema.flow-107.1.1] startup
[1.814s] [ext: omni.usd.schema.omni_sensors-0.0.0] startup
[1.814s] [ext: omni.usd.schema.physx-107.3.26] startup
[1.835s] [ext: omni.inspect-1.0.2] startup
[1.836s] [ext: omni.kit.notification_manager-1.0.10] startup
[1.837s] [ext: omni.graph.core-2.184.5] startup
[1.839s] [ext: isaacsim.core.deprecation_manager-0.2.7] startup
[1.839s] [ext: omni.usd.schema.render_settings.rtx-0.0.0] startup
[1.840s] [ext: omni.anim.graph.schema-107.3.3] startup
[1.845s] [ext: omni.anim.navigation.schema-107.3.3] startup
[1.848s] [ext: omni.kit.widget.path_field-2.0.11] startup
[1.848s] [ext: omni.kit.viewport.legacy_gizmos-1.0.19] startup
[1.850s] [ext: omni.kit.widget.browser_bar-2.0.10] startup
[1.851s] [ext: omni.kit.clipboard-1.0.5] startup
[1.851s] [ext: omni.kit.usd.layers-2.2.11] startup
[1.856s] [ext: omni.ui.scene-1.11.5] startup
[1.858s] [ext: omni.index.libs-380600.8087.0] startup
[1.858s] [ext: omni.kit.viewport.scene_camera_model-1.0.6] startup
[1.862s] [ext: omni.index-1.0.1] startup
[1.863s] [ext: omni.hydra.rtx.shadercache.vulkan-1.0.0] startup
[1.863s] [ext: omni.kit.widget.options_menu-1.1.6] startup
[1.865s] [ext: omni.volume-0.5.2] startup
[1.866s] [ext: omni.ujitso.client-0.0.0] startup
[1.866s] [ext: omni.kit.helper.file_utils-0.1.9] startup
[1.867s] [ext: omni.kit.menu.core-1.1.2] startup
[1.868s] [ext: omni.hydra.rtx-1.0.0] startup
2026-10-02T16:37:50Z [1,870ms] [Warning] [omni.log] Source: omni.hydra was already registered.
[1.893s] [ext: omni.kit.widget.options_button-1.0.3] startup
[1.893s] [ext: omni.kit.widget.filebrowser-2.12.3] startup
[1.895s] [ext: omni.kit.widget.context_menu-1.2.5] startup
[1.896s] [ext: omni.kit.hydra_texture-1.4.6] startup
[1.899s] [ext: omni.kit.window.filepicker-2.13.4] startup
[1.903s] [ext: omni.kit.menu.utils-2.0.5] startup
[1.907s] [ext: omni.kit.context_menu-1.8.6] startup
[1.908s] [ext: omni.kit.widget.viewport-107.1.3] startup
[1.910s] [ext: omni.kit.viewport.registry-104.0.6] startup
[1.910s] [ext: omni.kit.window.DEBUG:AutoNode:Defining data type 'any' as 'Any'
DEBUG:AutoNode:Defining data type 'bool' as 'Bool' and array 'BoolArray
DEBUG:AutoNode:Defining data type 'bundle' as 'Bundle'
DEBUG:AutoNode:Defining data type 'colord[3]' as 'Color3d' and array 'Color3dArray
DEBUG:AutoNode:Defining data type 'colorf[3]' as 'Color3f' and array 'Color3fArray
DEBUG:AutoNode:Defining data type 'colorh[3]' as 'Color3h' and array 'Color3hArray
DEBUG:AutoNode:Defining data type 'colord[4]' as 'Color4d' and array 'Color4dArray
DEBUG:AutoNode:Defining data type 'colorf[4]' as 'Color4f' and array 'Color4fArray
DEBUG:AutoNode:Defining data type 'colorh[4]' as 'Color4h' and array 'Color4hArray
DEBUG:AutoNode:Defining data type 'double' as 'Double' and array 'DoubleArray
DEBUG:AutoNode:Defining data type 'double[2]' as 'Double2' and array 'Double2Array
DEBUG:AutoNode:Defining data type 'double[3]' as 'Double3' and array 'Double3Array
DEBUG:AutoNode:Defining data type 'double[4]' as 'Double4' and array 'Double4Array
DEBUG:AutoNode:Defining data type 'execution' as 'Execution'
DEBUG:AutoNode:Defining data type 'float' as 'Float' and array 'FloatArray
DEBUG:AutoNode:Defining data type 'float[2]' as 'Float2' and array 'Float2Array
DEBUG:AutoNode:Defining data type 'float[3]' as 'Float3' and array 'Float3Array
DEBUG:AutoNode:Defining data type 'float[4]' as 'Float4' and array 'Float4Array
DEBUG:AutoNode:Defining data type 'frame[4]' as 'Frame' and array 'FrameArray
DEBUG:AutoNode:Defining data type 'half' as 'Half' and array 'HalfArray
DEBUG:AutoNode:Defining data type 'half[2]' as 'Half2' and array 'Half2Array
DEBUG:AutoNode:Defining data type 'half[3]' as 'Half3' and array 'Half3Array
DEBUG:AutoNode:Defining data type 'half[4]' as 'Half4' and array 'Half4Array
DEBUG:AutoNode:Defining data type 'int' as 'Int' and array 'IntArray
DEBUG:AutoNode:Defining data type 'int[2]' as 'Int2' and array 'Int2Array
DEBUG:AutoNode:Defining data type 'int[3]' as 'Int3' and array 'Int3Array
DEBUG:AutoNode:Defining data type 'int[4]' as 'Int4' and array 'Int4Array
DEBUG:AutoNode:Defining data type 'int64' as 'Int64' and array 'Int64Array
DEBUG:AutoNode:Defining data type 'matrixd[2]' as 'Matrix2d' and array 'Matrix2dArray
DEBUG:AutoNode:Defining data type 'matrixd[3]' as 'Matrix3d' and array 'Matrix3dArray
DEBUG:AutoNode:Defining data type 'matrixd[4]' as 'Matrix4d' and array 'Matrix4dArray
DEBUG:AutoNode:Defining data type 'normald[3]' as 'Normal3d' and array 'Normal3dArray
DEBUG:AutoNode:Defining data type 'normalf[3]' as 'Normal3f' and array 'Normal3fArray
DEBUG:AutoNode:Defining data type 'normalh[3]' as 'Normal3h' and array 'Normal3hArray
DEBUG:AutoNode:Defining data type 'objectId' as 'ObjectId' and array 'ObjectIdArray
DEBUG:AutoNode:Defining data type 'path' as 'Path'
DEBUG:AutoNode:Defining data type 'pointd[3]' as 'Point3d' and array 'Point3dArray
DEBUG:AutoNode:Defining data type 'pointf[3]' as 'Point3f' and array 'Point3fArray
DEBUG:AutoNode:Defining data type 'pointh[3]' as 'Point3h' and array 'Point3hArray
DEBUG:AutoNode:Defining data type 'quatd[4]' as 'Quatd' and array 'QuatdArray
DEBUG:AutoNode:Defining data type 'quatf[4]' as 'Quatf' and array 'QuatfArray
DEBUG:AutoNode:Defining data type 'quath[4]' as 'Quath' and array 'QuathArray
DEBUG:AutoNode:Defining data type 'string' as 'String'
DEBUG:AutoNode:Defining data type 'target' as 'Target'
DEBUG:AutoNode:Defining data type 'texcoordd[2]' as 'TexCoord2d' and array 'TexCoord2dArray
DEBUG:AutoNode:Defining data type 'texcoordf[2]' as 'TexCoord2f' and array 'TexCoord2fArray
DEBUG:AutoNode:Defining data type 'texcoordh[2]' as 'TexCoord2h' and array 'TexCoord2hArray
DEBUG:AutoNode:Defining data type 'texcoordd[3]' as 'TexCoord3d' and array 'TexCoord3dArray
DEBUG:AutoNode:Defining data type 'texcoordf[3]' as 'TexCoord3f' and array 'TexCoord3fArray
DEBUG:AutoNode:Defining data type 'texcoordh[3]' as 'TexCoord3h' and array 'TexCoord3hArray
DEBUG:AutoNode:Defining data type 'timecode' as 'Timecode' and array 'TimecodeArray
DEBUG:AutoNode:Defining data type 'token' as 'Token' and array 'TokenArray
DEBUG:AutoNode:Defining data type 'uchar' as 'UChar' and array 'UCharArray
DEBUG:AutoNode:Defining data type 'uint' as 'UInt' and array 'UIntArray
DEBUG:AutoNode:Defining data type 'uint64' as 'UInt64' and array 'UInt64Array
DEBUG:AutoNode:Defining data type 'vectord[3]' as 'Vector3d' and array 'Vector3dArray
DEBUG:AutoNode:Defining data type 'vectorf[3]' as 'Vector3f' and array 'Vector3fArray
DEBUG:AutoNode:Defining data type 'vectorh[3]' as 'Vector3h' and array 'Vector3hArray
file_importer-1.1.18] startup
[1.911s] [ext: omni.kit.raycast.query-1.1.0] startup
[1.915s] [ext: omni.kit.material.library-2.0.7] startup
[1.918s] [ext: omni.kit.window.drop_support-1.0.5] startup
[1.918s] [ext: omni.hydra.engine.stats-1.0.3] startup
[1.920s] [ext: omni.kit.viewport.window-107.2.0] startup
[1.930s] [ext: omni.kit.widget.zoombar-1.0.6] startup
[1.930s] [ext: omni.kit.widget.searchfield-1.1.8] startup
[1.931s] [ext: omni.kit.widget.filter-1.1.4] startup
[1.931s] [ext: omni.kit.window.file_exporter-1.0.33] startup
[1.931s] [ext: omni.kit.hotkeys.core-1.3.10] startup
[1.932s] [ext: omni.kit.browser.core-2.3.13] startup
[1.933s] [ext: omni.kit.stage_template.core-1.1.22] startup
[1.933s] [ext: omni.kit.widget.stage-3.1.4] startup
[1.939s] [ext: omni.kit.browser.folder.core-1.10.9] startup
[1.941s] [ext: omni.kit.window.file-2.0.5] startup
[1.942s] [ext: omni.kit.window.content_browser_registry-0.0.6] startup
[1.942s] [ext: omni.kit.widget.prompt-1.0.7] startup
[1.942s] [ext: omni.kit.usd.collect-2.4.5] startup
[1.944s] [ext: omni.graph.tools-1.79.2] startup
[1.955s] [ext: omni.kit.window.content_browser-3.1.3] startup
[1.960s] [ext: omni.kit.usdz_export-1.0.9] startup
[1.961s] [ext: omni.graph.action_core-1.1.7] startup
[1.962s] [ext: omni.graph-1.141.2] startup
[1.982s] [ext: omni.kit.widget.stage_icons-1.0.8] startup
[1.983s] [ext: omni.kit.tool.asset_importer-4.3.2] startup
[1.986s] [ext: omni.graph.action_nodes-1.50.4] startup
[1.990s] [ext: omni.kit.window.stage-2.6.1] startup
[1.995s] [ext: omni.kit.widget.searchable_combobox-1.0.6] startup
[1.996s] [ext: omni.graph.action-1.130.0] startup
[1.997s] [ext: omni.kit.menu.stage-1.2.7] startup
[1.998s] [ext: omni.kit.widget.settings-1.2.6] startup
[2.000s] [ext: omni.kit.viewport.utility-1.1.2] startup
[2.000s] [ext: omni.kit.property.adapter.core-1.0.2] startup
[2.002s] [ext: omni.kit.window.preferences-1.8.0] startup
[2.007s] [ext: omni.kit.viewport.actions-107.0.2] startup
[2.009s] [ext: omni.kit.widget.highlight_label-1.0.3] startup
[2.010s] [ext: omni.kit.property.adapter.usd-1.0.2] startup
[2.011s] [ext: omni.kit.viewport.menubar.core-107.2.1] startup
[2.030s] [ext: omni.kit.property.adapter.fabric-1.0.3] startup
[2.031s] [ext: omni.kit.viewport.menubar.display-107.0.3] startup
[2.032s] [ext: omni.kit.window.property-1.12.1] startup
[2.033s] [ext: omni.ui_query-1.1.8] startup
[2.034s] [ext: omni.kit.property.usd-4.5.12] startup
[2.040s] [ext: omni.kit.menu.create-2.0.1] startup
[2.042s] [ext: isaacsim.core.version-2.0.6] startup
[2.042s] [ext: omni.kit.ui_test-1.3.7] startup
[2.044s] [ext: omni.kit.scripting-107.3.2] startup
[2.046s] [ext: omni.convexdecomposition-107.3.26] startup
[2.048s] [ext: isaacsim.storage.native-1.5.1] startup
[2.049s] [ext: omni.kit.widget.toolbar-2.0.1] startup
[2.053s] [ext: omni.kit.manipulator.transform-107.0.0] startup
[2.055s] [ext: omni.kvdb-107.3.26] startup
[2.056s] [ext: omni.usdphysics-107.3.26] startup
[2.058s] [ext: omni.physx.foundation-107.3.26] startup
[2.059s] [ext: omni.localcache-107.3.26] startup
[2.060s] [ext: omni.kit.window.extensions-1.4.27] startup
[2.064s] [ext: omni.physx.cooking-107.3.26] startup
[2.066s] [ext: omni.kit.manipulator.viewport-107.0.1] startup
[2.067s] [ext: omni.physx-107.3.26] startup
[2.073s] [ext: omni.graph.visualization.nodes-2.1.3] startup
[2.077s] [ext: isaacsim.replicator.behavior-1.1.16] startup
[2.077s] [ext: omni.kit.tool.collect-2.2.18] startup
[2.080s] [ext: omni.kit.manipulator.tool.snap-1.5.13] startup
[2.085s] [ext: omni.kit.manipulator.selector-1.1.3] startup
[2.086s] [ext: isaacsim.gui.components-1.2.1] startup
[2.089s] [ext: isaacsim.examples.browser-0.2.1] startup
[2.091s] [ext: isaacsim.asset.importer.urdf-2.4.30] startup
[2.321s] [ext: omni.kit.viewport.manipulator.transform-107.0.4] startup
[2.324s] [ext: omni.kit.primitive.mesh-1.0.17] startup
[2.329s] [ext: omni.kit.manipulator.prim.core-107.0.8] startup
[2.333s] [ext: omni.fabric.commands-1.1.6] startup
[2.335s] [ext: omni.kit.manipulator.prim.usd-107.0.3] startup
[2.335s] [ext: omni.kit.manipulator.prim.fabric-107.0.4] startup
[2.336s] [ext: omni.kit.widget.layers-1.8.6] startup
[2.347s] [ext: omni.kit.manipulator.selection-106.0.1] startup
[2.348s] [ext: omni.kit.manipulator.prim-107.0.0] startup
[2.348s] [ext: omni.debugdraw-0.1.4] startup
[2.355s] [ext: omni.physics-107.3.26] startup
[2.358s] [ext: omni.usdphysics.ui-107.3.26] startup
[2.377s] [ext: omni.physx.commands-107.3.26] startup
[2.381s] [ext: omni.physics.stageupdate-107.3.26] startup
[2.383s] [ext: omni.kit.window.toolbar-2.0.0] startup
[2.384s] [ext: omni.physx.ui-107.3.26] startup
[2.410s] [ext: omni.kit.widget.graph-2.0.0] startup
[2.414s] [ext: omni.physx.supportui-107.3.26] startup
[2.426s] [ext: omni.kit.graph.delegate.default-1.2.3] startup
[2.427s] [ext: omni.kit.numpy.common-0.1.3] startup
[2.429s] [ext: omni.usd.metrics.assembler-107.3.1] startup
[2.432s] [ext: omni.physics.physx-107.3.26] startup
2026-10-02T16:37:50Z [2,422ms] [Warning] [carb] Acquiring non optional plugin interface which is not listed as dependency: [omni::physx::IPhysxBenchmarks v1.0] (plugin: <default plugin>), by client: omni.physics.physx.plugin. Add it to CARB_PLUGIN_IMPL_DEPS() macro of a client.
[2.433s] [ext: omni.physics.tensors-107.3.26] startup
[2.436s] [ext: omni.warp.core-1.8.2] startup
[2.437s] [ext: omni.usd.metrics.assembler.physics-107.3.26] startup
[2.438s] [ext: omni.isaac.dynamic_control-2.0.7] startup
2026-10-02T16:37:50Z [2,431ms] [Warning] [omni.isaac.dynamic_control] omni.isaac.dynamic_control is deprecated as of Isaac Sim 4.5. No action is needed from end-users.
[2.442s] [ext: omni.physx.tensors-107.3.26] startup
[2.486s] [ext: isaacsim.core.utils-3.5.1] startup
[2.488s] [ext: omni.graph.image.core-0.6.1] startup
[2.490s] [ext: isaacsim.core.simulation_manager-1.4.4] startup
[2.555s] [ext: omni.graph.image.nodes-1.3.1] startup
[2.556s] [ext: omni.kit.stage_templates-2.0.0] startup
[2.557s] [ext: isaacsim.core.prims-0.6.1] startup
[2.570s] [ext: omni.syntheticdata-0.6.13] startup
[2.578s] [ext: isaacsim.core.api-4.8.0] startup
[2.589s] [ext: omni.videoencoding-0.1.2] startup
[2.591s] [ext: isaacsim.core.experimental.utils-0.3.0] startup
[2.592s] [ext: omni.kit.graph.editor.core-1.5.3] startup
[2.594s] [ext: omni.kit.graph.usd.commands-1.3.1] startup
[2.594s] [ext: isaacsim.simulation_app-2.12.2] startup
[2.595s] [ext: omni.graph.ui_nodes-1.50.5] startup
[2.597s] [ext: omni.graph.nodes-1.170.10] startup
[2.605s] [ext: omni.kit.widget.material_preview-1.0.16] startup
[2.606s] [ext: isaacsim.test.docstring-1.1.0] startup
[2.612s] [ext: omni.isaac.kit-2.0.6] startup
2026-10-02T16:37:50Z [2,602ms] [Warning] [omni.isaac.kit] omni.isaac.kit has been deprecated in favor of isaacsim.simulation_app. Please update your code accordingly.
[2.612s] [ext: isaacsim.robot_motion.lula-4.0.8] startup
[2.618s] [ext: omni.warp-1.8.2] startup
[2.623s] [ext: omni.kit.window.material_graph-1.9.1] startup
[2.634s] [ext: omni.graph.scriptnode-1.50.0] startup
[2.636s] [ext: isaacsim.robot_motion.motion_generation-8.0.26] startup
[2.658s] [ext: isaacsim.core.experimental.prims-0.8.1] startup
[2.693s] [ext: omni.replicator.core-1.12.27] startup
2026-10-02T16:37:51Z [2,691ms] [Warning] [pxr.Semantics] pxr.Semantics is deprecated - please use Semantics instead
2026-10-02T16:37:51Z [2,733ms] [Warning] [omni.graph.core.plugin] Found duplicate of category 'Replicator' - was 'Annotators', adding 'Fabric Reader'
2026-10-02T16:37:51Z [2,733ms] [Warning] [omni.graph.core.plugin] Category 'Replicator' not accepted on node type 'omni.replicator.core.FabricReader' in extension 'omni.replicator.core'
2026-10-02T16:37:51Z [2,733ms] [Warning] [omni.replicator.core.scripts.extension] No material configuration file, adding configuration to material settings directly.
[2.746s] [ext: isaacsim.robot_motion.lula_test_widget-1.0.12] startup
[2.748s] [ext: isaacsim.robot.surface_gripper-3.3.1] startup
[2.751s] [ext: isaacsim.core.nodes-3.4.3] startup
[2.759s] [ext: omni.isaac.lula_test_widget-1.0.6] startup
2026-10-02T16:37:51Z [2,750ms] [Warning] [omni.isaac.lula_test_widget] omni.isaac.lula_test_widget has been deprecated in favor of isaacsim.robot_motion.lula_test_widget. Please update your code accordingly.
[2.761s] [ext: isaacsim.robot.manipulators-3.3.6] startup
[2.767s] [ext: isaacsim.core.experimental.objects-0.4.0] startup
[2.780s] [ext: isaacsim.core.experimental.materials-0.4.0] startup
[2.788s] [ext: isaacsim.core.throttling-2.2.2] startup
[2.793s] [ext: isaacsim.robot.manipulators.examples-1.1.2] startup
[2.795s] [ext: omni.flowusd-107.1.8] startup
2026-10-02T16:37:51Z [2,791ms] [Warning] [omni.stageupdate.plugin] Deprecated: direct use of IStageUpdate callbacks is deprecated. Use IStageUpdate::getStageUpdate instead.
[2.811s] [ext: isaacsim.cortex.framework-1.0.12] startup
[2.812s] [ext: omni.isaac.core_nodes-2.0.6] startup
2026-10-02T16:37:51Z [2,805ms] [Warning] [omni.isaac.core_nodes] omni.isaac.core_nodes has been deprecated in favor of isaacsim.core.nodes. Please update your code accordingly.
[2.816s] [ext: omni.isaac.cortex-1.0.5] startup
2026-10-02T16:37:51Z [2,806ms] [Warning] [omni.isaac.cortex] omni.isaac.cortex has been deprecated in favor of isaacsim.cortex.framework. Please update your code accordingly.
[2.817s] [ext: omni.anim.curve.core-1.3.1] startup
[2.827s] [ext: omni.isaac.franka-1.0.7] startup
2026-10-02T16:37:51Z [2,817ms] [Warning] [omni.isaac.franka] omni.isaac.franka has been deprecated in favor of isaacsim.robot.manipulators.examples.franka. Please update your code accordingly.
2026-10-02T16:37:51Z [2,817ms] [Warning] [omni.isaac.franka.franka] omni.isaac.franka has been deprecated in favor of isaacsim.robot.manipulators.examples.franka. Please update your code accordingly.
2026-10-02T16:37:51Z [2,828ms] [Warning] [omni.isaac.franka.kinematics_solver] omni.isaac.franka has been deprecated in favor of isaacsim.robot.manipulators.examples.franka. Please update your code accordingly.
[2.839s] [ext: omni.kit.viewport.menubar.camera-107.0.6] startup
[2.845s] [ext: omni.isaac.lula-4.0.6] startup
2026-10-02T16:37:51Z [2,835ms] [Warning] [omni.isaac.lula] omni.isaac.lula has been deprecated in favor of isaacsim.robot_motion.lula. Please update your code accordingly.
[2.846s] [ext: omni.kit.selection-0.1.6] startup
[2.847s] [ext: omni.kit.viewport.menubar.settings-107.0.3] startup
[2.852s] [ext: omni.isaac.manipulators-3.0.7] startup
2026-10-02T16:37:51Z [2,842ms] [Warning] [omni.isaac.manipulators] omni.isaac.manipulators has been deprecated in favor of isaacsim.robot.manipulators. Please update your code accordingly.
2026-10-02T16:37:51Z [2,842ms] [Warning] [omni.isaac.manipulators.controllers] omni.isaac.manipulators has been deprecated in favor of isaacsim.robot.manipulators. Please update your code accordingly.
2026-10-02T16:37:51Z [2,842ms] [Warning] [omni.isaac.manipulators.controllers.pick_place_controller] omni.isaac.manipulators has been deprecated in favor of isaacsim.robot.manipulators. Please update your code accordingly.
2026-10-02T16:37:51Z [2,843ms] [Warning] [omni.isaac.manipulators.controllers.stacking_controller] omni.isaac.manipulators has been deprecated in favor of isaacsim.robot.manipulators. Please update your code accordingly.
2026-10-02T16:37:51Z [2,843ms] [Warning] [omni.isaac.manipulators.grippers] omni.isaac.manipulators has been deprecated in favor of isaacsim.robot.manipulators. Please update your code accordingly.
2026-10-02T16:37:51Z [2,843ms] [Warning] [omni.isaac.manipulators.grippers.gripper] omni.isaac.manipulators has been deprecated in favor of isaacsim.robot.manipulators. Please update your code accordingly.
2026-10-02T16:37:51Z [2,843ms] [Warning] [omni.isaac.manipulators.grippers.parallel_gripper] omni.isaac.manipulators has been deprecated in favor of isaacsim.robot.manipulators. Please update your code accordingly.
2026-10-02T16:37:51Z [2,843ms] [Warning] [omni.isaac.manipulators.grippers.surface_gripper] omni.isaac.manipulators has been deprecated in favor of isaacsim.robot.manipulators. Please update your code accordingly.
2026-10-02T16:37:51Z [2,844ms] [Warning] [omni.isaac.manipulators.manipulators] omni.isaac.manipulators has been deprecated in favor of isaacsim.robot.manipulators. Please update your code accordingly.
2026-10-02T16:37:51Z [2,844ms] [Warning] [omni.isaac.manipulators.manipulators.single_manipulator] omni.isaac.manipulators has been deprecated in favor of isaacsim.robot.manipulators. Please update your code accordingly.
[2.855s] [ext: isaacsim.gui.menu-2.4.4] startup
[2.883s] [ext: isaacsim.sensors.physics-0.4.3] startup
[2.893s] [ext: isaacsim.asset.browser-1.3.23] startup
[2.946s] [ext: omni.isaac.menu-1.0.6] startup
2026-10-02T16:37:51Z [2,963ms] [Warning] [omni.isaac.menu] omni.isaac.menu has been deprecated in favor of isaacsim.gui.menu. Please update your code accordingly.
[2.974s] [ext: isaacsim.robot.policy.examples-4.1.11] startup
[3.011s] [ext: omni.isaac.motion_generation-8.0.7] startup
2026-10-02T16:37:51Z [3,009ms] [Warning] [omni.isaac.motion_generation] omni.isaac.motion_generation has been deprecated in favor of isaacsim.robot_motion.motion_generation. Please update your code accordingly.
2026-10-02T16:37:51Z [3,027ms] [Warning] [omni.isaac.motion_generation.articulation_kinematics_solver] omni.isaac.motion_generation has been deprecated in favor of isaacsim.robot_motion.motion_generation. Please update your code accordingly.
2026-10-02T16:37:51Z [3,028ms] [Warning] [omni.isaac.motion_generation.articulation_motion_policy] omni.isaac.motion_generation has been deprecated in favor of isaacsim.robot_motion.motion_generation. Please update your code accordingly.
2026-10-02T16:37:51Z [3,029ms] [Warning] [omni.isaac.motion_generation.articulation_trajectory] omni.isaac.motion_generation has been deprecated in favor of isaacsim.robot_motion.motion_generation. Please update your code accordingly.
2026-10-02T16:37:51Z [3,043ms] [Warning] [omni.isaac.motion_generation.kinematics_interface] omni.isaac.motion_generation has been deprecated in favor of isaacsim.robot_motion.motion_generation. Please update your code accordingly.
2026-10-02T16:37:51Z [3,044ms] [Warning] [omni.isaac.motion_generation.lula] omni.isaac.motion_generation has been deprecated in favor of isaacsim.robot_motion.motion_generation. Please update your code accordingly.
2026-10-02T16:37:51Z [3,044ms] [Warning] [omni.isaac.motion_generation.lula.kinematics] omni.isaac.motion_generation has been deprecated in favor of isaacsim.robot_motion.motion_generation. Please update your code accordingly.
2026-10-02T16:37:51Z [3,052ms] [Warning] [omni.isaac.motion_generation.lula.motion_policies] omni.isaac.motion_generation has been deprecated in favor of isaacsim.robot_motion.motion_generation. Please update your code accordingly.
2026-10-02T16:37:51Z [3,067ms] [Warning] [omni.isaac.motion_generation.lula.path_planners] omni.isaac.motion_generation has been deprecated in favor of isaacsim.robot_motion.motion_generation. Please update your code accordingly.
2026-10-02T16:37:51Z [3,070ms] [Warning] [omni.isaac.motion_generation.lula.trajectory_generator] omni.isaac.motion_generation has been deprecated in favor of isaacsim.robot_motion.motion_generation. Please update your code accordingly.
2026-10-02T16:37:51Z [3,091ms] [Warning] [omni.isaac.motion_generation.motion_policy_controller] omni.isaac.motion_generation has been deprecated in favor of isaacsim.robot_motion.motion_generation. Please update your code accordingly.
2026-10-02T16:37:51Z [3,092ms] [Warning] [omni.isaac.motion_generation.motion_policy_interface] omni.isaac.motion_generation has been deprecated in favor of isaacsim.robot_motion.motion_generation. Please update your code accordingly.
2026-10-02T16:37:51Z [3,095ms] [Warning] [omni.isaac.motion_generation.path_planner_visualizer] omni.isaac.motion_generation has been deprecated in favor of isaacsim.robot_motion.motion_generation. Please update your code accordingly.
2026-10-02T16:37:51Z [3,095ms] [Warning] [omni.isaac.motion_generation.path_planning_interface] omni.isaac.motion_generation has been deprecated in favor of isaacsim.robot_motion.motion_generation. Please update your code accordingly.
2026-10-02T16:37:51Z [3,096ms] [Warning] [omni.isaac.motion_generation.trajectory] omni.isaac.motion_generation has been deprecated in favor of isaacsim.robot_motion.motion_generation. Please update your code accordingly.
2026-10-02T16:37:51Z [3,096ms] [Warning] [omni.isaac.motion_generation.world_interface] omni.isaac.motion_generation has been deprecated in favor of isaacsim.robot_motion.motion_generation. Please update your code accordingly.
[3.107s] [ext: omni.isaac.asset_browser-1.0.6] startup
2026-10-02T16:37:51Z [3,097ms] [Warning] [omni.isaac.asset_browser] omni.isaac.asset_browser has been deprecated in favor of isaacsim.asset.browser. Please update your code accordingly.
[3.109s] [ext: omni.isaac.nucleus-1.0.6] startup
2026-10-02T16:37:51Z [3,100ms] [Warning] [omni.isaac.nucleus] omni.isaac.nucleus has been deprecated in favor of isaacsim.storage.native. Please update your code accordingly.
2026-10-02T16:37:51Z [3,100ms] [Warning] [omni.isaac.nucleus.nucleus] omni.isaac.nucleus.nucleus has been deprecated in favor of isaacsim.storage.native. Please update your code accordingly.
[3.111s] [ext: omni.isaac.quadruped-3.0.7] startup
2026-10-02T16:37:51Z [3,101ms] [Warning] [omni.isaac.quadruped] omni.isaac.quadruped has been deprecated in favor of isaacsim.robot.policy.examples. Please update your code accordingly.
[3.112s] [ext: omni.isaac.assets_check-0.3.13] startup
2026-10-02T16:37:51Z [3,102ms] [Warning] [omni.isaac.assets_check] omni.isaac.assets_check has been deprecated in favor of isaacsim.asset.browser. Please update your code accordingly.
[3.113s] [ext: isaacsim.gui.content_browser-0.1.11] startup
[3.120s] [ext: omni.isaac.utils-2.0.6] startup
[3.121s] [ext: isaacsim.robot.wheeled_robots-4.0.24] startup
[3.136s] [ext: isaacsim.app.about-2.0.11] startup
[3.137s] [ext: omni.isaac.version-2.0.7] startup
2026-10-02T16:37:51Z [3,127ms] [Warning] [omni.isaac.version] omni.isaac.version has been deprecated in favor of isaacsim.core.version. Please update your code accordingly.
[3.138s] [ext: isaacsim.cortex.behaviors-2.0.14] startup
[3.139s] [ext: omni.isaac.wheeled_robots-3.0.7] startup
2026-10-02T16:37:51Z [3,129ms] [Warning] [omni.isaac.wheeled_robots] omni.isaac.wheeled_robots has been deprecated in favor of isaacsim.robot.wheeled_robots. Please update your code accordingly.
2026-10-02T16:37:51Z [3,129ms] [Warning] [omni.isaac.wheeled_robots.controllers] omni.isaac.wheeled_robots has been deprecated in favor of isaacsim.robot.wheeled_robots. Please update your code accordingly.
2026-10-02T16:37:51Z [3,129ms] [Warning] [omni.isaac.wheeled_robots.controllers.ackermann_controller] omni.isaac.wheeled_robots has been deprecated in favor of isaacsim.robot.wheeled_robots. Please update your code accordingly.
2026-10-02T16:37:51Z [3,129ms] [Warning] [omni.isaac.wheeled_robots.controllers.differential_controller] omni.isaac.wheeled_robots has been deprecated in favor of isaacsim.robot.wheeled_robots. Please update your code accordingly.
2026-10-02T16:37:51Z [3,129ms] [Warning] [omni.isaac.wheeled_robots.controllers.holonomic_controller] omni.isaac.wheeled_robots has been deprecated in favor of isaacsim.robot.wheeled_robots. Please update your code accordingly.
2026-10-02T16:37:51Z [3,130ms] [Warning] [omni.isaac.wheeled_robots.controllers.quintic_path_planner] omni.isaac.wheeled_robots has been deprecated in favor of isaacsim.robot.wheeled_robots. Please update your code accordingly.
2026-10-02T16:37:51Z [3,130ms] [Warning] [omni.isaac.wheeled_robots.controllers.stanley_control] omni.isaac.wheeled_robots has been deprecated in favor of isaacsim.robot.wheeled_robots. Please update your code accordingly.
2026-10-02T16:37:51Z [3,130ms] [Warning] [omni.isaac.wheeled_robots.controllers.wheel_base_pose_controller] omni.isaac.wheeled_robots has been deprecated in favor of isaacsim.robot.wheeled_robots. Please update your code accordingly.
2026-10-02T16:37:51Z [3,130ms] [Warning] [omni.isaac.wheeled_robots.impl] omni.isaac.wheeled_robots has been deprecated in favor of isaacsim.robot.wheeled_robots. Please update your code accordingly.
2026-10-02T16:37:51Z [3,130ms] [Warning] [omni.isaac.wheeled_robots.robots] omni.isaac.wheeled_robots has been deprecated in favor of isaacsim.robot.wheeled_robots. Please update your code accordingly.
2026-10-02T16:37:51Z [3,130ms] [Warning] [omni.isaac.wheeled_robots.robots.holonomic_robot_usd_setup] omni.isaac.wheeled_robots has been deprecated in favor of isaacsim.robot.wheeled_robots. Please update your code accordingly.
2026-10-02T16:37:51Z [3,131ms] [Warning] [omni.isaac.wheeled_robots.robots.wheeled_robot] omni.isaac.wheeled_robots has been deprecated in favor of isaacsim.robot.wheeled_robots. Please update your code accordingly.
[3.142s] [ext: omni.isaac.window.about-2.0.7] startup
2026-10-02T16:37:51Z [3,135ms] [Warning] [omni.isaac.window.about] omni.isaac.window.about has been deprecated in favor of isaacsim.app.about. Please update your code accordingly.
2026-10-02T16:37:51Z [3,135ms] [Warning] [omni.isaac.window.about.about] omni.isaac.window.about.about has been deprecated in favor of isaacsim.app.about.about. Please update your code accordingly.
[3.146s] [ext: omni.kit.manipulator.camera-106.0.4] startup
[3.148s] [ext: omni.isaac.cortex.sample_behaviors-2.0.5] startup
2026-10-02T16:37:51Z [3,137ms] [Warning] [omni.isaac.cortex.sample_behaviors] omni.isaac.cortex.sample_behaviors has been deprecated in favor of isaacsim.cortex.behaviors. Please update your code accordingly.
[3.148s] [ext: omni.sensors.nv.common-3.0.0] startup
[3.156s] [ext: omni.kit.property.audio-1.0.16] startup
[3.157s] [ext: omni.kit.property.camera-1.0.10] startup
[3.160s] [ext: omni.sensors.net-1.0.0] startup
[3.162s] [ext: omni.sensors.nv.materials-2.0.0] startup
[3.164s] [ext: omni.kit.property.geometry-2.0.4] startup
[3.166s] [ext: omni.kit.property.light-1.0.12] startup
[3.173s] [ext: omni.kit.property.material-1.11.9] startup
[3.176s] [ext: omni.sensors.nv.ids-2.0.0] startup
[3.177s] [ext: omni.sensors.nv.wpm-3.0.0] startup
[3.179s] [ext: omni.sensors.nv.lidar-3.0.0] startup
[3.182s] [ext: omni.hydra.scene_api-0.1.2] startup
[3.187s] [ext: isaacsim.util.debug_draw-3.1.0] startup
[3.190s] [ext: omni.sensors.nv.radar-3.0.0] startup
[3.192s] [ext: omni.kit.property.render-1.2.1] startup
[3.193s] [ext: omni.kit.property.transform-1.5.13] startup
[3.195s] [ext: isaacsim.gui.property-1.1.3] startup
[3.196s] [ext: isaacsim.sensors.physx-2.3.2] startup
[3.200s] [ext: isaacsim.sensors.camera-1.3.6] startup
[3.204s] [ext: isaacsim.sensors.rtx-15.8.4] startup
[3.210s] [ext: isaacsim.core.cloner-1.4.10] startup
[3.213s] [ext: omni.kit.property.bundle-1.4.1] startup
[3.217s] [ext: omni.kit.property.isaac-1.0.6] startup
2026-10-02T16:37:51Z [3,207ms] [Warning] [omni.kit.property.isaac] omni.kit.property.isaac has been deprecated in favor of isaacsim.gui.property. Please update your code accordingly.
2026-10-02T16:37:51Z [3,207ms] [Warning] [omni.kit.property.isaac.widgets] omni.kit.property.isaac.widgets has been deprecated in favor of isaacsim.gui.property.widgets. Please update your code accordingly.
[3.218s] [ext: omni.isaac.range_sensor-4.0.6] startup
2026-10-02T16:37:51Z [3,207ms] [Warning] [omni.isaac.range_sensor] omni.isaac.range_sensor has been deprecated in favor of isaacsim.sensors.physx. Please update your code accordingly.
2026-10-02T16:37:51Z [3,207ms] [Warning] [omni.isaac.range_sensor.commands] omni.isaac.range_sensor.commands has been deprecated in favor of isaacsim.sensors.physx.commands. Please update your code accordingly.
[3.218s] [ext: isaacsim.replicator.writers-1.0.17] startup
[3.227s] [ext: omni.isaac.sensor-13.0.7] startup
2026-10-02T16:37:51Z [3,218ms] [Warning] [omni.isaac.sensor] omni.isaac.sensor has been deprecated in favor of isaacsim.sensors.camera, isaacsim.sensors.physics, isaacsim.sensors.physx, and isaacsim.sensors.rtx. Please update your code accordingly.
2026-10-02T16:37:51Z [3,218ms] [Warning] [omni.isaac.sensor.camera] omni.isaac.sensor.camera has been deprecated in favor of isaacsim.sensors.camera.camera. Please update your code accordingly.
2026-10-02T16:37:51Z [3,218ms] [Warning] [omni.isaac.sensor.camera_view] omni.isaac.sensor.camera_view has been deprecated in favor of isaacsim.sensors.camera.camera_view. Please update your code accordingly.
2026-10-02T16:37:51Z [3,218ms] [Warning] [omni.isaac.sensor.commands] omni.isaac.sensor.commands has been deprecated in favor of isaacsim.sensors.physics.commands, isaacsim.sensors.physx.commands, and isaacsim.sensors.rtx.commands. Please update your code accordingly.
2026-10-02T16:37:51Z [3,219ms] [Warning] [omni.isaac.sensor.contact_sensor] omni.isaac.sensor.contact_sensor has been deprecated in favor of isaacsim.sensors.physics.contact_sensor. Please update your code accordingly.
2026-10-02T16:37:51Z [3,219ms] [Warning] [omni.isaac.sensor.imu_sensor] omni.isaac.sensor.imu_sensor has been deprecated in favor of isaacsim.sensors.physics.imu_sensor. Please update your code accordingly.
2026-10-02T16:37:51Z [3,219ms] [Warning] [omni.isaac.sensor.lidar_rtx] omni.isaac.sensor.lidar_rtx has been deprecated in favor of isaacsim.sensors.rtx.lidar_rtx. Please update your code accordingly.
2026-10-02T16:37:51Z [3,219ms] [Warning] [omni.isaac.sensor.rotating_lidar_physX] omni.isaac.sensor.imu_sensor has been deprecated in favor of isaacsim.sensors.physix.rotating_lidar_physX. Please update your code accordingly.
2026-10-02T16:37:51Z [3,219ms] [Warning] [omni.isaac.sensor.scripts.samples.contact_sensor] omni.isaac.sensor.scripts.samples.contact_sensor has been deprecated in favor of isaacsim.sensors.physics.scripts.samples.contact_sensor. Please update your code accordingly.
2026-10-02T16:37:51Z [3,220ms] [Warning] [omni.isaac.sensor.scripts.samples.imu_sensor] omni.isaac.sensor.scripts.samples.imu_sensor has been deprecated in favor of isaacsim.sensors.physics.scripts.samples.imu_sensor. Please update your code accordingly.
2026-10-02T16:37:51Z [3,220ms] [Warning] [omni.isaac.sensor.scripts.samples.lightbeam_sensor] omni.isaac.sensor.scripts.samples.lightbeam_sensor has been deprecated in favor of isaacsim.sensors.physx.scripts.samples.lightbeam_sensor. Please update your code accordingly.
[3.231s] [ext: omni.isaac.cloner-1.0.7] startup
2026-10-02T16:37:51Z [3,222ms] [Warning] [omni.isaac.cloner] omni.isaac.cloner has been deprecated in favor of isaacsim.core.cloner. Please update your code accordingly.
[3.233s] [ext: omni.kit.viewport.menubar.lighting-107.3.1] startup
[3.241s] [ext: omni.kit.viewport.menubar.render-107.0.10] startup
[3.244s] [ext: isaacsim.replicator.domain_randomization-1.0.16] startup
[3.245s] [ext: isaacsim.replicator.examples-1.3.6] startup
[3.246s] [ext: omni.ocio-0.1.1] startup
[3.248s] [ext: omni.rtx.window.settings-0.6.19] startup
[3.254s] [ext: omni.kit.window.console-1.1.4] startup
[3.261s] [ext: omni.kit.window.status_bar-0.1.9] startup
[3.264s] [ext: omni.replicator.isaac-2.0.8] startup
2026-10-02T16:37:51Z [3,254ms] [Warning] [omni.replicator.isaac] omni.replicator.isaac has been deprecated in favor of isaacsim.replicator.domain_randomization, isaacsim.replicator.examples, isaacsim.replicator.writers. Please update your code accordingly.
[3.265s] [ext: omni.replicator.replicator_yaml-2.0.11] startup
[3.268s] [ext: omni.rtx.settings.core-0.6.5] startup
[3.272s] [ext: omni.usd.metrics.assembler.ui-107.3.1] startup
[3.279s] [ext: omni.isaac.surface_gripper-2.0.6] startup
2026-10-02T16:37:51Z [3,269ms] [Warning] [omni.isaac.surface_gripper] omni.isaac.surface_gripper has been deprecated in favor of isaacsim.robot.surface_gripper. Please update your code accordingly.
[3.280s] [ext: semantics.schema.editor-2.0.2] startup
[3.283s] [ext: omni.kit.ui.actions-1.0.5] startup
[3.284s] [ext: semantics.schema.property-2.0.1] startup
[3.285s] [ext: omni.isaac.universal_robots-1.0.6] startup
2026-10-02T16:37:51Z [3,274ms] [Warning] [omni.isaac.universal_robots] omni.isaac.universal_robots has been deprecated in favor of isaacsim.robot.manipulators.examples.universal_robots. Please update your code accordingly.
2026-10-02T16:37:51Z [3,274ms] [Warning] [omni.isaac.universal_robots.kinematics_solver] omni.isaac.franka has been deprecated in favor of isaacsim.robot.manipulators.examples.universal_robots. Please update your code accordingly.
2026-10-02T16:37:51Z [3,275ms] [Warning] [omni.isaac.universal_robots.ur10] omni.isaac.franka has been deprecated in favor of isaacsim.robot.manipulators.examples.universal_robots. Please update your code accordingly.
[3.286s] [ext: omni.isaac.core-4.0.7] startup
2026-10-02T16:37:51Z [3,276ms] [Warning] [omni.isaac.core.physics_context.physics_context] omni.isaac.core.physics_context.physics_context has been deprecated in favor of isaacsim.core.api.physics_context.physics_context. Please update your code accordingly.
2026-10-02T16:37:51Z [3,277ms] [Warning] [omni.isaac.core.simulation_context.simulation_context] omni.isaac.core.simulation_context.simulation_context has been deprecated in favor of isaacsim.core.api.simulation_context.simulation_context. Please update your code accordingly.
2026-10-02T16:37:51Z [3,277ms] [Warning] [omni.isaac.core.world.world] omni.isaac.core.world.world has been deprecated in favor of isaacsim.core.api.world.world. Please update your code accordingly.
2026-10-02T16:37:51Z [3,277ms] [Warning] [omni.isaac.core] omni.isaac.core has been deprecated in favor of isaacsim.core.api. Please update your code accordingly.
[3.288s] [ext: isaacsim.gui.sensors.icon-2.0.3] startup
[3.311s] [ext: isaacsim.asset.importer.mjcf-2.5.13] startup
[3.315s] [ext: omni.kit.menu.common-2.0.1] startup
[3.316s] [ext: isaacsim.exp.base-5.1.0] startup
[3.317s] [ext: omnigibson_5_1_0-3.9.3] startup
[3.318s] Simulation App Starting
2026-10-02T16:37:52Z [3,827ms] [Warning] [omni.fabric.plugin] Warning: attribute viewportHandle not found for bucket id 9

[3.946s] app ready
[0m[00:00:15.937] [INFO] [omnigibson.simulator] ---------- Welcome to OmniGibson! ----------[0m
[33m[00:00:16.097] [WARNING] [omnigibson.scenes.scene_base] Scene file does not contain version information; skipping version compatibility check.[0m
[6.911s] Simulation App Startup Complete
[7.165s] [ext: omni.physx.fabric-107.3.26] startup
2026-10-02T16:37:55Z [7,218ms] [Warning] [omni.fabric.plugin] Warning: attribute physics:filteredGroups not found for path /World/collision_groups/structural_doors

2026-10-02T16:39:28Z [99,989ms] [Warning] [omni.physx.cooking.plugin] ConvexMeshCookingTask: failed to cook GPU-compatible mesh, collision detection will fall back to CPU. Collisions with particles and deformables will not work with this mesh. Prim /World/scene_0/stairs_tikozn_0/glass/collisions/tikozn__glass__collision__0
2026-10-02T16:39:35Z [106,780ms] [Warning] [omni.physx.tensors.plugin] DEPRECATED: Please use getDofFrictionProperties instead.
2026-10-02T16:39:35Z [106,780ms] [Warning] [omni.physx.tensors.plugin] DEPRECATED: Please use setDofFrictionProperties instead.
2026-10-02T16:39:35Z [106,812ms] [Warning] [omni.physx.tensors.plugin] DEPRECATED: Please use getDofFrictionProperties instead.
2026-10-02T16:39:35Z [106,812ms] [Warning] [omni.physx.tensors.plugin] DEPRECATED: Please use setDofFrictionProperties instead.
2026-10-02T16:39:35Z [107,593ms] [Warning] [omni.physx.tensors.plugin] DEPRECATED: Please use getDofFrictionProperties instead.
2026-10-02T16:39:35Z [107,593ms] [Warning] [omni.physx.tensors.plugin] DEPRECATED: Please use setDofFrictionProperties instead.
2026-10-02T16:39:35Z [107,593ms] [Warning] [omni.physx.tensors.plugin] DEPRECATED: Please use getDofFrictionProperties instead.
2026-10-02T16:39:35Z [107,593ms] [Warning] [omni.physx.tensors.plugin] DEPRECATED: Please use setDofFrictionProperties instead.
2026-10-02T16:39:35Z [107,593ms] [Warning] [omni.physx.tensors.plugin] DEPRECATED: Please use getDofFrictionProperties instead.
2026-10-02T16:39:35Z [107,593ms] [Warning] [omni.physx.tensors.plugin] DEPRECATED: Please use setDofFrictionProperties instead.
2026-10-02T16:39:36Z [107,618ms] [Warning] [omni.physx.tensors.plugin] DEPRECATED: Please use getDofFrictionProperties instead.
2026-10-02T16:39:36Z [107,618ms] [Warning] [omni.physx.tensors.plugin] DEPRECATED: Please use setDofFrictionProperties instead.
2026-10-02T16:39:36Z [107,618ms] [Warning] [omni.physx.tensors.plugin] DEPRECATED: Please use getDofFrictionProperties instead.
2026-10-02T16:39:36Z [107,618ms] [Warning] [omni.physx.tensors.plugin] DEPRECATED: Please use setDofFrictionProperties instead.
2026-10-02T16:39:36Z [107,638ms] [Warning] [omni.physx.tensors.plugin] DEPRECATED: Please use getDofFrictionProperties instead.
2026-10-02T16:39:36Z [107,638ms] [Warning] [omni.physx.tensors.plugin] DEPRECATED: Please use setDofFrictionProperties instead.
2026-10-02T16:39:36Z [107,661ms] [Warning] [omni.physx.tensors.plugin] DEPRECATED: Please use getDofFrictionProperties instead.
2026-10-02T16:39:36Z [107,661ms] [Warning] [omni.physx.tensors.plugin] DEPRECATED: Please use setDofFrictionProperties instead.
2026-10-02T16:39:36Z [107,661ms] [Warning] [omni.physx.tensors.plugin] DEPRECATED: Please use getDofFrictionProperties instead.
2026-10-02T16:39:36Z [107,661ms] [Warning] [omni.physx.tensors.plugin] DEPRECATED: Please use setDofFrictionProperties instead.
2026-10-02T16:39:36Z [107,661ms] [Warning] [omni.physx.tensors.plugin] DEPRECATED: Please use getDofFrictionProperties instead.
2026-10-02T16:39:36Z [107,661ms] [Warning] [omni.physx.tensors.plugin] DEPRECATED: Please use setDofFrictionProperties instead.
2026-10-02T16:39:36Z [108,076ms] [Warning] [omni.physx.tensors.plugin] DEPRECATED: Please use getDofFrictionProperties instead.
2026-10-02T16:39:36Z [108,076ms] [Warning] [omni.physx.tensors.plugin] DEPRECATED: Please use setDofFrictionProperties instead.
2026-10-02T16:39:36Z [108,076ms] [Warning] [omni.physx.tensors.plugin] DEPRECATED: Please use getDofFrictionProperties instead.
2026-10-02T16:39:36Z [108,076ms] [Warning] [omni.physx.tensors.plugin] DEPRECATED: Please use setDofFrictionProperties instead.
2026-10-02T16:39:36Z [108,089ms] [Warning] [omni.physx.tensors.plugin] DEPRECATED: Please use getDofFrictionProperties instead.
2026-10-02T16:39:36Z [108,090ms] [Warning] [omni.physx.tensors.plugin] DEPRECATED: Please use setDofFrictionProperties instead.
[0m[00:02:03.369] [INFO] [omnigibson.simulator] Imported scene 0.[0m
[33m[00:02:03.412] [WARNING] [omnigibson.robots.robot] r1pro is set to floating base but is not a non-holonomic locomotion robot[0m
[0m[00:05:02.824] [INFO] [omnigibson.eval.evaluator] [0m
[0m[00:05:02.824] [INFO] [omnigibson.eval.evaluator] ==================================================[0m
[0m[00:05:02.824] [INFO] [omnigibson.eval.evaluator] Loaded 1 policy instance(s) (batched): local[0m
[0m[00:05:02.824] [INFO] [omnigibson.eval.evaluator] ==================================================[0m
[0m[00:05:02.824] [INFO] [omnigibson.eval.evaluator] [0m
Warp 1.12.0 initialized:
   CUDA Toolkit 12.9, Driver 13.0
   Devices:
     "cpu"      : "x86_64"
     "cuda:0"   : "NVIDIA GeForce RTX 5070 Ti" (15 GiB, sm_120, mempool enabled)
   Kernel cache:
     /home/juyoung/.cache/warp/1.12.0
Starting kit application with the following args:  ['/home/juyoung/miniconda3/envs/behavior/lib/python3.11/site-packages/isaacsim/exts/isaacsim.simulation_app/isaacsim/simulation_app/simulation_app.py', '/home/juyoung/miniconda3/envs/behavior/lib/python3.11/site-packages/isaacsim/apps/omnigibson_5_1_0.kit', '--/app/tokens/exe-path=/home/juyoung/miniconda3/envs/behavior/lib/python3.11/site-packages/isaacsim/kit', '--/persistent/app/viewport/displayOptions=3094', '--/rtx/materialDb/syncLoads=True', '--/rtx/hydra/materialSyncLoads=True', '--/omni.kit.plugin/syncUsdLoads=True', '--/app/renderer/resolution/width=1280', '--/app/renderer/resolution/height=720', '--/app/window/width=1440', '--/app/window/height=900', '--/renderer/multiGpu/enabled=False', '--/app/fastShutdown=True', '--/app/installSignalHandlers=0', '--ext-folder', '/home/juyoung/miniconda3/envs/behavior/lib/python3.11/site-packages/isaacsim/exts', '--ext-folder', '/home/juyoung/miniconda3/envs/behavior/lib/python3.11/site-packages/isaacsim/apps', '--/physics/cudaDevice=0', '--/plugins/carb.tasking.plugin/threadCount=32', '--/plugins/omni.tbb.globalcontrol/maxThreadCount=32', '--no-window', '--/app/window/hideUi=1']
Passing the following args to the base kit application:  ['--portable-root', '/home/juyoung/robot-agent/src/behavior-2026/BEHAVIOR-1K/OmniGibson/appdata/local', '--/app/tokens/omni_global_cache=/home/juyoung/robot-agent/src/behavior-2026/BEHAVIOR-1K/OmniGibson/appdata/global/cache', '--/app/tokens/omni_global_data=/home/juyoung/robot-agent/src/behavior-2026/BEHAVIOR-1K/OmniGibson/appdata/global/data']
Warp DeprecationWarning: The symbol `warp.types.array` will soon be removed from the public API. Use `warp.array` instead.
Warp DeprecationWarning: The symbol `warp.types.Array` will soon be removed from the public API. It can still be accessed from `warp._src.types.Array` but might be changed or removed without notice.
Warp DeprecationWarning: The symbol `warp.types.launch_bounds_t` will soon be removed from the public API. It can still be accessed from `warp._src.types.launch_bounds_t` but might be changed or removed without notice.
Warp DeprecationWarning: The symbol `warp.types.vector_types` will soon be removed from the public API. It can still be accessed from `warp._src.types.vector_types` but might be changed or removed without notice.
Warp DeprecationWarning: The symbol `warp.types.scalar_types` will soon be removed from the public API. It can still be accessed from `warp._src.types.scalar_types` but might be changed or removed without notice.
Warp DeprecationWarning: The symbol `warp.types.np_dtype_to_warp_type` will soon be removed from the public API. It can still be accessed from `warp._src.types.np_dtype_to_warp_type` but might be changed or removed without notice.
Warp DeprecationWarning: The symbol `warp.utils.warn` will soon be removed from the public API. It can still be accessed from `warp._src.utils.warn` but might be changed or removed without notice.
Warp DeprecationWarning: The symbol `warp.types.float32` will soon be removed from the public API. Use `warp.float32` instead.
Warp DeprecationWarning: The `warp.sim` module is deprecated and will be removed in v1.10. Please transition to using the forthcoming Newton library instead.

                   ____________
                  /          / \
                 /          / /__
                /          / /  /\
               /__________/ /__/  \
               \   _____  \ \__\  /
                \  \  / \  \ \_/ /
                 \  \/___\  \   /
                  \__________\_/  
       ___                  _  ____ _ _                     
      / _ \ _ __ ___  _ __ (_)/ ___(_) |__  ___  ___  _ __  
     | | | | '_ ` _ \| '_ \| | |  _| | '_ \/ __|/ _ \| '_ \ 
     | |_| | | | | | | | | | | |_| | | |_) \__ \ (_) | | | |
      \___/|_| |_| |_|_| |_|_|\____|_|_.__/|___/\___/|_| |_|

Module omnigibson.utils.usd_utils 57917a4 load on device 'cuda:0' took 783.30 ms  (compiled)
Module omnigibson.object_states.aabb 4de578a load on device 'cuda:0' took 57.64 ms  (compiled)
Module omnigibson.object_states.adjacency 6039c89 load on device 'cuda:0' took 263.97 ms  (compiled)
Module omnigibson.object_states.under ae6dd9f load on device 'cuda:0' took 75.58 ms  (compiled)
Module omnigibson.object_states.touching 3695b1b load on device 'cuda:0' took 117.71 ms  (compiled)
Module omnigibson.object_states.open_state 9f3c76b load on device 'cuda:0' took 131.93 ms  (compiled)
Module omnigibson.object_states.toggle 5172335 load on device 'cuda:0' took 345.49 ms  (compiled)
Module omnigibson.object_states.inside c41ba8f load on device 'cuda:0' took 361.33 ms  (compiled)
Module omnigibson.object_states.heat_source_or_sink 472acd8 load on device 'cuda:0' took 87.62 ms  (compiled)
Module omnigibson.object_states.temperature 10db2b7 load on device 'cuda:0' took 557.76 ms  (compiled)
Module omnigibson.object_states.on_top 52eaeb1 load on device 'cuda:0' took 77.57 ms  (compiled)
Module omnigibson.object_states.on_fire 9bf5add load on device 'cuda:0' took 98.50 ms  (compiled)
Module omnigibson.object_states.next_to f8c23b3 load on device 'cuda:0' took 166.86 ms  (compiled)
No generic presampled robot pose found, using robot-specific pose.
[black] 렌더 설정: {'/app/vulkan': 'True', '/app/gatherRenderResults': 'True', '/app/settings/fabricDefaultStageFrameHistoryCount': '3', '/exts/omni.kit.renderer.core/present/enabled': 'False', '/renderer/multiGpu/enabled': 'False', '/renderer/activeGpu': '-1', '/rtx-transient/dlssg/enabled': 'False', '/rtx/post/dlss/execMode': '0', '/rtx/post/aa/op': '3', '/rtx/rendermode': "'RaytracedLighting'", '/app/asyncRendering': 'False', '/app/asyncRenderingLowLatency': 'False', '/omni/replicator/asyncRendering': 'False', '/app/hydraEngine/waitIdle': 'False', '/app/renderer/waitIdle': 'None', '/rtx/pathtracing/dlss/enabled': 'False', '/rtx-transient/dlssg/mode': 'None', '/rtx/dlssg/enabled': 'None'}
2026-10-02T16:39:36Z [108,092ms] [Warning] [omni.physx.tensors.plugin] DEPRECATED: Please use getDofFrictionProperties instead.
2026-10-02T16:39:36Z [108,093ms] [Warning] [omni.physx.tensors.plugin] DEPRECATED: Please use setDofFrictionProperties instead.
2026-10-02T16:39:36Z [108,096ms] [Warning] [omni.physx.tensors.plugin] DEPRECATED: Please use getDofFrictionProperties instead.
2026-10-02T16:39:36Z [108,096ms] [Warning] [omni.physx.tensors.plugin] DEPRECATED: Please use setDofFrictionProperties instead.
2026-10-02T16:39:36Z [108,100ms] [Warning] [omni.physx.tensors.plugin] DEPRECATED: Please use getDofFrictionProperties instead.
2026-10-02T16:39:36Z [108,100ms] [Warning] [omni.physx.tensors.plugin] DEPRECATED: Please use setDofFrictionProperties instead.
2026-10-02T16:39:36Z [108,104ms] [Warning] [omni.physx.tensors.plugin] DEPRECATED: Please use getDofFrictionProperties instead.
2026-10-02T16:39:36Z [108,104ms] [Warning] [omni.physx.tensors.plugin] DEPRECATED: Please use setDofFrictionProperties instead.
2026-10-02T16:39:36Z [108,108ms] [Warning] [omni.physx.tensors.plugin] DEPRECATED: Please use getDofFrictionProperties instead.
2026-10-02T16:39:36Z [108,108ms] [Warning] [omni.physx.tensors.plugin] DEPRECATED: Please use setDofFrictionProperties instead.
2026-10-02T16:39:36Z [108,368ms] [Warning] [omni.physx.tensors.plugin] DEPRECATED: Please use getDofFrictionProperties instead.
2026-10-02T16:39:36Z [108,368ms] [Warning] [omni.physx.tensors.plugin] DEPRECATED: Please use setDofFrictionProperties instead.
2026-10-02T16:39:36Z [108,368ms] [Warning] [omni.physx.tensors.plugin] DEPRECATED: Please use getDofFrictionProperties instead.
2026-10-02T16:39:36Z [108,368ms] [Warning] [omni.physx.tensors.plugin] DEPRECATED: Please use setDofFrictionProperties instead.
2026-10-02T16:39:36Z [108,385ms] [Warning] [omni.physx.tensors.plugin] DEPRECATED: Please use getDofFrictionProperties instead.
2026-10-02T16:39:36Z [108,385ms] [Warning] [omni.physx.tensors.plugin] DEPRECATED: Please use setDofFrictionProperties instead.
2026-10-02T16:39:36Z [108,386ms] [Warning] [omni.physx.tensors.plugin] DEPRECATED: Please use getDofFrictionProperties instead.
2026-10-02T16:39:36Z [108,386ms] [Warning] [omni.physx.tensors.plugin] DEPRECATED: Please use setDofFrictionProperties instead.
2026-10-02T16:42:20Z [271,636ms] [Warning] [rtx.postprocessing.plugin] DLSS increasing input dimensions: Render resolution of (112, 112) is below minimal input resolution of 300.
2026-10-02T16:42:26Z [278,197ms] [Warning] [carb] Plugin interface for a client: omni.hydratexture.plugin was already released.
2026-10-02T16:42:26Z [278,198ms] [Warning] [carb] Plugin interface for a client: omni.hydratexture.plugin was already released.
2026-10-02T16:42:30Z [281,762ms] [Warning] [omni.syntheticdata.plugin] OgnSdPostRenderVarToHost : rendervar copy from texture directly to host buffer is counter-performant. Please use copy from texture to device buffer first.
2026-10-02T16:42:30Z [281,825ms] [Warning] [omni.syntheticdata.plugin] SdRenderVarPtr missing valid input renderVar LdrColorSDhost
2026-10-02T16:42:45Z [296,766ms] [Error] [omni.kit.app._impl] [py stderr]: /home/juyoung/miniconda3/envs/behavior/lib/python3.11/site-packages/gymnasium/spaces/box.py:415: UserWarning: [33mWARN: Casting input x to numpy array.[0m
  gym.logger.warn("Casting input x to numpy array.")
[0m[00:05:16.621] [INFO] [omnigibson.eval.evaluator] Instance 301 (env 0) finished at step 151: success=False q_score=0.0[0m
[black] 검은 프레임/전체: {'robot:left_realsense_link:Camera:0': 0, 'robot:right_realsense_link:Camera:0': 0, 'robot:zed_link:Camera:0': 0} / {'robot:left_realsense_link:Camera:0': 151, 'robot:right_realsense_link:Camera:0': 151, 'robot:zed_link:Camera:0': 151}
[0m[00:05:16.741] [INFO] [omnigibson.eval.evaluator] [0m
[0m[00:05:16.741] [INFO] [omnigibson.eval.evaluator] ==================================================[0m
[0m[00:05:16.741] [INFO] [omnigibson.eval.evaluator] Total success trials: 0[0m
[0m[00:05:16.741] [INFO] [omnigibson.eval.evaluator] Total trials: 1[0m
[0m[00:05:16.741] [INFO] [omnigibson.eval.evaluator] Success rate: 0.0[0m
[0m[00:05:16.741] [INFO] [omnigibson.eval.evaluator] ==================================================[0m
[0m[00:05:16.741] [INFO] [omnigibson.eval.evaluator] [0m
2026-10-02T16:42:51Z [302,967ms] [Warning] [carb] Client gpu.foundation.plugin has acquired [gpu::unstable::IMemoryBudgetManagerFactory v0.1] 100 times. Consider accessing this interface with carb::getCachedInterface() (Performance warning)
2026-10-02T16:42:57Z [309,360ms] [Warning] [carb] Plugin interface for a client: omni.hydratexture.plugin was already released.
2026-10-02T16:42:57Z [309,360ms] [Warning] [carb] Plugin interface for a client: omni.hydratexture.plugin was already released.
[309.493s] Simulation App Shutting Down
