INFO:__main__:Seeded Python, NumPy, and Torch with seed=0
INFO:__main__:Resolved public_test instance ids for bringing_water: [301]
INFO:__main__:Loaded robot config from ../../src/sim/configs/r1pro_openpi.yaml
[0m[00:00:04.614] [INFO] [omnigibson.eval.evaluator] Setting timeout to be 1.5x the average length of human demos: 14157[0m
[0m[00:00:04.615] [INFO] [omnigibson.simulator] ----- Starting OmniGibson. This will take 10-30 seconds... -----[0m
DEBUG:asyncio:Using selector: EpollSelector
[Info] [carb] Logging to file: /home/juyoung/robot-agent/src/behavior-2026/BEHAVIOR-1K/OmniGibson/appdata/local/logs/Kit/OmniGibson/3.9/kit_20261003_044926.log
[0.025s] [ext: omni.kit.async_engine-0.0.3] startup
[0.070s] [ext: omni.metrics.core-0.0.3] startup
[0.070s] [ext: omni.client.lib-1.1.0] startup
[0.077s] [ext: omni.blobkey-1.1.2] startup
[0.078s] [ext: omni.stats-1.0.1] startup
[0.078s] [ext: omni.datastore-0.0.0] startup
[0.082s] [ext: omni.client-1.3.0] startup
[0.084s] [ext: omni.ujitso.default-1.0.0] startup
[0.085s] [ext: omni.hsscclient-1.1.2] startup
[0.088s] [ext: omni.gpu_foundation.shadercache.vulkan-1.0.0] startup
[0.089s] [ext: omni.assets.plugins-0.0.0] startup
[0.090s] [ext: omni.gpu_foundation-0.0.0] startup
[0.094s] [ext: carb.windowing.plugins-1.0.0] startup
[0.098s] [ext: omni.kit.renderer.init-0.0.0] startup
2026-10-02T19:49:26Z [272ms] [Warning] [gpu.foundation.plugin] Skipping unsupported non-NVIDIA GPU: AMD Unknown (RADV RAPHAEL_MENDOCINO)
2026-10-02T19:49:26Z [272ms] [Warning] [gpu.foundation.plugin] Skipping unsupported non-NVIDIA GPU: AMD Unknown (RADV RAPHAEL_MENDOCINO)

|---------------------------------------------------------------------------------------------|
| Driver Version: 580.178.04    | Graphics API: Vulkan
|=============================================================================================|
| GPU | Name                             | Active | LDA | GPU Memory | Vendor-ID | LUID       |
|     |                                  |        |     |            | Device-ID | UUID       |
|     |                                  |        |     |            | Bus-ID    |            |
|---------------------------------------------------------------------------------------------|
| 0   | NVIDIA GeForce RTX 5070 Ti       | Yes: 0 |     | 16303   MB | 10de      | 0          |
|     |                                  |        |     |            | 2c05      | a9dc7904.. |
|     |                                  |        |     |            | 1         |            |
|---------------------------------------------------------------------------------------------|
| 1   | AMD Unknown (RADV RAPHAEL_MEND.. |        |     | 22008   MB | 1002      | 0          |
|     |                                  |        |     |            | 13c0      | 00000000.. |
|     |                                  |        |     |            | c         |            |
|=============================================================================================|
| OS: 22.04.5 LTS (Jammy Jellyfish) ubuntu, Version: 22.04.5, Kernel: 6.8.0-138-generic
| XServer Vendor: The X.Org Foundation, XServer Version: 12101004 (1.21.1.4)
| Processor: AMD Ryzen 9 9950X 16-Core Processor
| Cores: 16 | Logical Cores: 32
|---------------------------------------------------------------------------------------------|
| Total Memory (MB): 61928 | Free Memory: 54963
| Total Page/Swap (MB): 0 | Free Page/Swap: 0
|---------------------------------------------------------------------------------------------|
2026-10-02T19:49:26Z [456ms] [Warning] [gpu.foundation.plugin] CPU performance profile is set to powersave. This profile sets the CPU to the lowest frequency reducing performance.
2026-10-02T19:49:26Z [458ms] [Warning] [gpu.foundation.plugin] IOMMU is enabled.
2026-10-02T19:49:26Z [458ms] [Warning] [gpu.foundation.plugin] Detected IOMMU is enabled. Running CUDA peer-to-peer bandwidth and latency validation.
Unidirectional P2P=Enabled Bandwidth (P2P Writes) Matrix (GB/s)
   D\D     0 
     0 759.23 
P2P=Enabled Latency (P2P Writes) Matrix (us)
   GPU     0 
     0   2.07 

   CPU     0 
     0   1.72 
[0.590s] [ext: omni.materialx.libs-1.0.7] startup
[0.595s] [ext: omni.kit.loop-isaac-1.3.7] startup
[0.596s] [ext: omni.kit.test-2.0.1] startup
[0.607s] [ext: omni.usd.config-1.0.6] startup
[0.609s] [ext: omni.gpucompute.plugins-0.0.0] startup
[0.609s] [ext: omni.usd.libs-1.0.1] startup
[0.687s] [ext: omni.kit.telemetry-0.5.2] startup
[0.710s] [ext: omni.mdl-56.0.3] startup
[0.724s] [ext: omni.iray.libs-0.0.0] startup
[0.727s] [ext: omni.mdl.neuraylib-0.2.12] startup
[0.728s] [ext: omni.kit.usd.mdl-1.1.5] startup
[0.789s] [ext: omni.kit.pipapi-0.0.0] startup
[0.789s] [ext: omni.appwindow-1.1.10] startup
[0.790s] [ext: omni.kit.renderer.core-1.1.0] startup
[1.513s] [ext: omni.kit.renderer.capture-0.0.0] startup
[1.515s] [ext: omni.kit.renderer.imgui-2.0.5] startup
[1.676s] [ext: omni.ui-2.27.1] startup
[1.682s] [ext: omni.kit.mainwindow-1.0.3] startup
[1.682s] [ext: carb.audio-0.1.0] startup
[1.686s] [ext: omni.uiaudio-1.0.0] startup
[1.686s] [ext: omni.kit.uiapp-0.0.0] startup
[1.686s] [ext: omni.usd.schema.metrics.assembler-107.3.1] startup
[1.688s] [ext: omni.usd.schema.audio-0.0.0] startup
[1.690s] [ext: omni.usd_resolver-1.0.0] startup
[1.693s] [ext: omni.usd.core-1.5.3] startup
[1.695s] [ext: omni.usd.schema.omni_lens_distortion-0.0.0] startup
[1.706s] [ext: omni.usd.schema.anim-0.0.0] startup
[1.721s] [ext: omni.usd.schema.geospatial-0.0.0] startup
[1.722s] [ext: omni.usd.schema.semantics-0.0.0] startup
[1.724s] [ext: omni.kit.actions.core-1.0.0] startup
[1.726s] [ext: omni.activity.core-1.0.3] startup
[1.726s] [ext: omni.kit.commands-1.4.10] startup
[1.728s] [ext: usdrt.scenegraph-7.6.1] startup
[1.749s] [ext: omni.resourcemonitor-107.0.1] startup
[1.750s] [ext: omni.kit.audiodeviceenum-1.0.2] startup
[1.750s] [ext: omni.hydra.usdrt_delegate-7.5.1] startup
[1.756s] [ext: omni.kit.usd_undo-0.1.8] startup
[1.756s] [ext: omni.kit.window.popup_dialog-2.0.24] startup
[1.758s] [ext: omni.graph.exec-0.9.6] startup
[1.758s] [ext: omni.timeline-1.0.14] startup
[1.759s] [ext: omni.kit.widget.nucleus_connector-2.0.1] startup
[1.760s] [ext: omni.kit.exec.core-0.13.4] startup
[1.761s] [ext: omni.hydra.scene_delegate-0.3.4] startup
[1.765s] [ext: omni.usd-1.13.10] startup
[1.782s] [ext: omni.kit.asset_converter-5.0.17] startup
[1.790s] [ext: omni.usd.schema.isaac-3.0.5] startup
[1.790s] [ext: omni.usd.schema.omnigraph-1.0.0] startup
[1.795s] [ext: isaacsim.robot.schema-3.6.0] startup
[1.800s] [ext: omni.usd.schema.omniscripting-1.0.0] startup
[1.804s] [ext: omni.usd.schema.flow-107.1.1] startup
[1.804s] [ext: omni.usd.schema.omni_sensors-0.0.0] startup
[1.804s] [ext: omni.usd.schema.physx-107.3.26] startup
[1.826s] [ext: omni.inspect-1.0.2] startup
[1.827s] [ext: omni.kit.notification_manager-1.0.10] startup
[1.828s] [ext: omni.graph.core-2.184.5] startup
[1.830s] [ext: isaacsim.core.deprecation_manager-0.2.7] startup
[1.830s] [ext: omni.usd.schema.render_settings.rtx-0.0.0] startup
[1.831s] [ext: omni.anim.graph.schema-107.3.3] startup
[1.836s] [ext: omni.anim.navigation.schema-107.3.3] startup
[1.838s] [ext: omni.kit.widget.path_field-2.0.11] startup
[1.839s] [ext: omni.kit.viewport.legacy_gizmos-1.0.19] startup
[1.841s] [ext: omni.kit.widget.browser_bar-2.0.10] startup
[1.842s] [ext: omni.kit.clipboard-1.0.5] startup
[1.842s] [ext: omni.kit.usd.layers-2.2.11] startup
[1.847s] [ext: omni.ui.scene-1.11.5] startup
[1.849s] [ext: omni.index.libs-380600.8087.0] startup
[1.849s] [ext: omni.kit.viewport.scene_camera_model-1.0.6] startup
[1.853s] [ext: omni.index-1.0.1] startup
[1.853s] [ext: omni.hydra.rtx.shadercache.vulkan-1.0.0] startup
[1.854s] [ext: omni.kit.widget.options_menu-1.1.6] startup
[1.855s] [ext: omni.volume-0.5.2] startup
[1.857s] [ext: omni.ujitso.client-0.0.0] startup
[1.857s] [ext: omni.kit.helper.file_utils-0.1.9] startup
[1.858s] [ext: omni.kit.menu.core-1.1.2] startup
[1.858s] [ext: omni.hydra.rtx-1.0.0] startup
2026-10-02T19:49:28Z [1,861ms] [Warning] [omni.log] Source: omni.hydra was already registered.
[1.883s] [ext: omni.kit.widget.options_button-1.0.3] startup
[1.884s] [ext: omni.kit.widget.filebrowser-2.12.3] startup
[1.886s] [ext: omni.kit.widget.context_menu-1.2.5] startup
[1.886s] [ext: omni.kit.hydra_texture-1.4.6] startup
[1.889s] [ext: omni.kit.window.filepicker-2.13.4] startup
[1.894s] [ext: omni.kit.menu.utils-2.0.5] startup
[1.897s] [ext: omni.kit.context_menu-1.8.6] startup
[1.898s] [ext: omni.kit.widget.viewport-107.1.3] startup
[1.900s] [ext: omni.kit.viewport.registry-104.0.6] startup
[1.900s] [ext: omni.kit.window.DEBUG:AutoNode:Defining data type 'any' as 'Any'
DEBUG:AutoNode:Defining data type 'bool' as 'Bool' and array 'BoolArray
DEBUG:AutoNode:Defining data type 'bundle' as 'Bundle'
DEBUG:AutoNode:Defining data type 'colord[3]' as 'Color3d' and array 'Color3dArray
DEBUG:AutoNode:Defining data type 'colorf[3]' as 'Color3f' and array 'Color3fArray
DEBUG:AutoNode:Defining data type 'colorh[3]' as 'Color3h' and array 'Color3hArray
DEBUG:AutoNode:Defining data type 'colord[4]' as 'Color4d' and array 'Color4dArray
DEBUG:AutoNode:Defining data type 'colorf[4]' as 'Color4f' and array 'Color4fArray
DEBUG:AutoNode:Defining data type 'colorh[4]' as 'Color4h' and array 'Color4hArray
DEBUG:AutoNode:Defining data type 'double' as 'Double' and array 'DoubleArray
DEBUG:AutoNode:Defining data type 'double[2]' as 'Double2' and array 'Double2Array
DEBUG:AutoNode:Defining data type 'double[3]' as 'Double3' and array 'Double3Array
DEBUG:AutoNode:Defining data type 'double[4]' as 'Double4' and array 'Double4Array
DEBUG:AutoNode:Defining data type 'execution' as 'Execution'
DEBUG:AutoNode:Defining data type 'float' as 'Float' and array 'FloatArray
DEBUG:AutoNode:Defining data type 'float[2]' as 'Float2' and array 'Float2Array
DEBUG:AutoNode:Defining data type 'float[3]' as 'Float3' and array 'Float3Array
DEBUG:AutoNode:Defining data type 'float[4]' as 'Float4' and array 'Float4Array
DEBUG:AutoNode:Defining data type 'frame[4]' as 'Frame' and array 'FrameArray
DEBUG:AutoNode:Defining data type 'half' as 'Half' and array 'HalfArray
DEBUG:AutoNode:Defining data type 'half[2]' as 'Half2' and array 'Half2Array
DEBUG:AutoNode:Defining data type 'half[3]' as 'Half3' and array 'Half3Array
DEBUG:AutoNode:Defining data type 'half[4]' as 'Half4' and array 'Half4Array
DEBUG:AutoNode:Defining data type 'int' as 'Int' and array 'IntArray
DEBUG:AutoNode:Defining data type 'int[2]' as 'Int2' and array 'Int2Array
DEBUG:AutoNode:Defining data type 'int[3]' as 'Int3' and array 'Int3Array
DEBUG:AutoNode:Defining data type 'int[4]' as 'Int4' and array 'Int4Array
DEBUG:AutoNode:Defining data type 'int64' as 'Int64' and array 'Int64Array
DEBUG:AutoNode:Defining data type 'matrixd[2]' as 'Matrix2d' and array 'Matrix2dArray
DEBUG:AutoNode:Defining data type 'matrixd[3]' as 'Matrix3d' and array 'Matrix3dArray
DEBUG:AutoNode:Defining data type 'matrixd[4]' as 'Matrix4d' and array 'Matrix4dArray
DEBUG:AutoNode:Defining data type 'normald[3]' as 'Normal3d' and array 'Normal3dArray
DEBUG:AutoNode:Defining data type 'normalf[3]' as 'Normal3f' and array 'Normal3fArray
DEBUG:AutoNode:Defining data type 'normalh[3]' as 'Normal3h' and array 'Normal3hArray
DEBUG:AutoNode:Defining data type 'objectId' as 'ObjectId' and array 'ObjectIdArray
DEBUG:AutoNode:Defining data type 'path' as 'Path'
DEBUG:AutoNode:Defining data type 'pointd[3]' as 'Point3d' and array 'Point3dArray
DEBUG:AutoNode:Defining data type 'pointf[3]' as 'Point3f' and array 'Point3fArray
DEBUG:AutoNode:Defining data type 'pointh[3]' as 'Point3h' and array 'Point3hArray
DEBUG:AutoNode:Defining data type 'quatd[4]' as 'Quatd' and array 'QuatdArray
DEBUG:AutoNode:Defining data type 'quatf[4]' as 'Quatf' and array 'QuatfArray
DEBUG:AutoNode:Defining data type 'quath[4]' as 'Quath' and array 'QuathArray
DEBUG:AutoNode:Defining data type 'string' as 'String'
DEBUG:AutoNode:Defining data type 'target' as 'Target'
DEBUG:AutoNode:Defining data type 'texcoordd[2]' as 'TexCoord2d' and array 'TexCoord2dArray
DEBUG:AutoNode:Defining data type 'texcoordf[2]' as 'TexCoord2f' and array 'TexCoord2fArray
DEBUG:AutoNode:Defining data type 'texcoordh[2]' as 'TexCoord2h' and array 'TexCoord2hArray
DEBUG:AutoNode:Defining data type 'texcoordd[3]' as 'TexCoord3d' and array 'TexCoord3dArray
DEBUG:AutoNode:Defining data type 'texcoordf[3]' as 'TexCoord3f' and array 'TexCoord3fArray
DEBUG:AutoNode:Defining data type 'texcoordh[3]' as 'TexCoord3h' and array 'TexCoord3hArray
DEBUG:AutoNode:Defining data type 'timecode' as 'Timecode' and array 'TimecodeArray
DEBUG:AutoNode:Defining data type 'token' as 'Token' and array 'TokenArray
DEBUG:AutoNode:Defining data type 'uchar' as 'UChar' and array 'UCharArray
DEBUG:AutoNode:Defining data type 'uint' as 'UInt' and array 'UIntArray
DEBUG:AutoNode:Defining data type 'uint64' as 'UInt64' and array 'UInt64Array
DEBUG:AutoNode:Defining data type 'vectord[3]' as 'Vector3d' and array 'Vector3dArray
DEBUG:AutoNode:Defining data type 'vectorf[3]' as 'Vector3f' and array 'Vector3fArray
DEBUG:AutoNode:Defining data type 'vectorh[3]' as 'Vector3h' and array 'Vector3hArray
file_importer-1.1.18] startup
[1.901s] [ext: omni.kit.raycast.query-1.1.0] startup
[1.906s] [ext: omni.kit.material.library-2.0.7] startup
[1.908s] [ext: omni.kit.window.drop_support-1.0.5] startup
[1.908s] [ext: omni.hydra.engine.stats-1.0.3] startup
[1.911s] [ext: omni.kit.viewport.window-107.2.0] startup
[1.920s] [ext: omni.kit.widget.zoombar-1.0.6] startup
[1.920s] [ext: omni.kit.widget.searchfield-1.1.8] startup
[1.921s] [ext: omni.kit.widget.filter-1.1.4] startup
[1.921s] [ext: omni.kit.window.file_exporter-1.0.33] startup
[1.921s] [ext: omni.kit.hotkeys.core-1.3.10] startup
[1.922s] [ext: omni.kit.browser.core-2.3.13] startup
[1.923s] [ext: omni.kit.stage_template.core-1.1.22] startup
[1.924s] [ext: omni.kit.widget.stage-3.1.4] startup
[1.929s] [ext: omni.kit.browser.folder.core-1.10.9] startup
[1.931s] [ext: omni.kit.window.file-2.0.5] startup
[1.932s] [ext: omni.kit.window.content_browser_registry-0.0.6] startup
[1.932s] [ext: omni.kit.widget.prompt-1.0.7] startup
[1.933s] [ext: omni.kit.usd.collect-2.4.5] startup
[1.934s] [ext: omni.graph.tools-1.79.2] startup
[1.945s] [ext: omni.kit.window.content_browser-3.1.3] startup
[1.951s] [ext: omni.kit.usdz_export-1.0.9] startup
[1.952s] [ext: omni.graph.action_core-1.1.7] startup
[1.953s] [ext: omni.graph-1.141.2] startup
[1.972s] [ext: omni.kit.widget.stage_icons-1.0.8] startup
[1.973s] [ext: omni.kit.tool.asset_importer-4.3.2] startup
[1.976s] [ext: omni.graph.action_nodes-1.50.4] startup
[1.980s] [ext: omni.kit.window.stage-2.6.1] startup
[1.985s] [ext: omni.kit.widget.searchable_combobox-1.0.6] startup
[1.986s] [ext: omni.graph.action-1.130.0] startup
[1.987s] [ext: omni.kit.menu.stage-1.2.7] startup
[1.988s] [ext: omni.kit.widget.settings-1.2.6] startup
[1.990s] [ext: omni.kit.viewport.utility-1.1.2] startup
[1.991s] [ext: omni.kit.property.adapter.core-1.0.2] startup
[1.994s] [ext: omni.kit.window.preferences-1.8.0] startup
[2.008s] [ext: omni.kit.viewport.actions-107.0.2] startup
[2.010s] [ext: omni.kit.widget.highlight_label-1.0.3] startup
[2.011s] [ext: omni.kit.property.adapter.usd-1.0.2] startup
[2.011s] [ext: omni.kit.viewport.menubar.core-107.2.1] startup
[2.018s] [ext: omni.kit.property.adapter.fabric-1.0.3] startup
[2.019s] [ext: omni.kit.viewport.menubar.display-107.0.3] startup
[2.020s] [ext: omni.kit.window.property-1.12.1] startup
[2.021s] [ext: omni.ui_query-1.1.8] startup
[2.022s] [ext: omni.kit.property.usd-4.5.12] startup
[2.027s] [ext: omni.kit.menu.create-2.0.1] startup
[2.028s] [ext: isaacsim.core.version-2.0.6] startup
[2.028s] [ext: omni.kit.ui_test-1.3.7] startup
[2.029s] [ext: omni.kit.scripting-107.3.2] startup
[2.032s] [ext: omni.convexdecomposition-107.3.26] startup
[2.034s] [ext: isaacsim.storage.native-1.5.1] startup
[2.035s] [ext: omni.kit.widget.toolbar-2.0.1] startup
[2.039s] [ext: omni.kit.manipulator.transform-107.0.0] startup
[2.042s] [ext: omni.kvdb-107.3.26] startup
[2.043s] [ext: omni.usdphysics-107.3.26] startup
[2.044s] [ext: omni.physx.foundation-107.3.26] startup
[2.045s] [ext: omni.localcache-107.3.26] startup
[2.046s] [ext: omni.kit.window.extensions-1.4.27] startup
[2.049s] [ext: omni.physx.cooking-107.3.26] startup
[2.052s] [ext: omni.kit.manipulator.viewport-107.0.1] startup
[2.052s] [ext: omni.physx-107.3.26] startup
[2.058s] [ext: omni.graph.visualization.nodes-2.1.3] startup
[2.061s] [ext: isaacsim.replicator.behavior-1.1.16] startup
[2.062s] [ext: omni.kit.tool.collect-2.2.18] startup
[2.065s] [ext: omni.kit.manipulator.tool.snap-1.5.13] startup
[2.070s] [ext: omni.kit.manipulator.selector-1.1.3] startup
[2.071s] [ext: isaacsim.gui.components-1.2.1] startup
[2.072s] [ext: isaacsim.examples.browser-0.2.1] startup
[2.075s] [ext: isaacsim.asset.importer.urdf-2.4.30] startup
[2.309s] [ext: omni.kit.viewport.manipulator.transform-107.0.4] startup
[2.311s] [ext: omni.kit.primitive.mesh-1.0.17] startup
[2.317s] [ext: omni.kit.manipulator.prim.core-107.0.8] startup
[2.320s] [ext: omni.fabric.commands-1.1.6] startup
[2.322s] [ext: omni.kit.manipulator.prim.usd-107.0.3] startup
[2.323s] [ext: omni.kit.manipulator.prim.fabric-107.0.4] startup
[2.324s] [ext: omni.kit.widget.layers-1.8.6] startup
[2.330s] [ext: omni.kit.manipulator.selection-106.0.1] startup
[2.331s] [ext: omni.kit.manipulator.prim-107.0.0] startup
[2.332s] [ext: omni.debugdraw-0.1.4] startup
[2.334s] [ext: omni.physics-107.3.26] startup
[2.337s] [ext: omni.usdphysics.ui-107.3.26] startup
[2.351s] [ext: omni.physx.commands-107.3.26] startup
[2.355s] [ext: omni.physics.stageupdate-107.3.26] startup
[2.356s] [ext: omni.kit.window.toolbar-2.0.0] startup
[2.357s] [ext: omni.physx.ui-107.3.26] startup
[2.374s] [ext: omni.kit.widget.graph-2.0.0] startup
[2.378s] [ext: omni.physx.supportui-107.3.26] startup
[2.385s] [ext: omni.kit.graph.delegate.default-1.2.3] startup
[2.386s] [ext: omni.kit.numpy.common-0.1.3] startup
[2.387s] [ext: omni.usd.metrics.assembler-107.3.1] startup
[2.390s] [ext: omni.physics.physx-107.3.26] startup
2026-10-02T19:49:28Z [2,381ms] [Warning] [carb] Acquiring non optional plugin interface which is not listed as dependency: [omni::physx::IPhysxBenchmarks v1.0] (plugin: <default plugin>), by client: omni.physics.physx.plugin. Add it to CARB_PLUGIN_IMPL_DEPS() macro of a client.
[2.391s] [ext: omni.physics.tensors-107.3.26] startup
[2.394s] [ext: omni.warp.core-1.8.2] startup
[2.395s] [ext: omni.usd.metrics.assembler.physics-107.3.26] startup
[2.396s] [ext: omni.isaac.dynamic_control-2.0.7] startup
2026-10-02T19:49:28Z [2,390ms] [Warning] [omni.isaac.dynamic_control] omni.isaac.dynamic_control is deprecated as of Isaac Sim 4.5. No action is needed from end-users.
[2.401s] [ext: omni.physx.tensors-107.3.26] startup
[2.426s] [ext: isaacsim.core.utils-3.5.1] startup
[2.428s] [ext: omni.graph.image.core-0.6.1] startup
[2.429s] [ext: isaacsim.core.simulation_manager-1.4.4] startup
[2.494s] [ext: omni.graph.image.nodes-1.3.1] startup
[2.495s] [ext: omni.kit.stage_templates-2.0.0] startup
[2.496s] [ext: isaacsim.core.prims-0.6.1] startup
[2.509s] [ext: omni.syntheticdata-0.6.13] startup
[2.517s] [ext: isaacsim.core.api-4.8.0] startup
[2.530s] [ext: omni.videoencoding-0.1.2] startup
[2.532s] [ext: isaacsim.core.experimental.utils-0.3.0] startup
[2.533s] [ext: omni.kit.graph.editor.core-1.5.3] startup
[2.534s] [ext: omni.kit.graph.usd.commands-1.3.1] startup
[2.535s] [ext: isaacsim.simulation_app-2.12.2] startup
[2.535s] [ext: omni.graph.ui_nodes-1.50.5] startup
[2.537s] [ext: omni.graph.nodes-1.170.10] startup
[2.544s] [ext: omni.kit.widget.material_preview-1.0.16] startup
[2.546s] [ext: isaacsim.test.docstring-1.1.0] startup
[2.549s] [ext: omni.isaac.kit-2.0.6] startup
2026-10-02T19:49:28Z [2,539ms] [Warning] [omni.isaac.kit] omni.isaac.kit has been deprecated in favor of isaacsim.simulation_app. Please update your code accordingly.
[2.549s] [ext: isaacsim.robot_motion.lula-4.0.8] startup
[2.554s] [ext: omni.warp-1.8.2] startup
[2.561s] [ext: omni.kit.window.material_graph-1.9.1] startup
[2.573s] [ext: omni.graph.scriptnode-1.50.0] startup
[2.574s] [ext: isaacsim.robot_motion.motion_generation-8.0.26] startup
[2.600s] [ext: isaacsim.core.experimental.prims-0.8.1] startup
[2.635s] [ext: omni.replicator.core-1.12.27] startup
2026-10-02T19:49:29Z [2,631ms] [Warning] [pxr.Semantics] pxr.Semantics is deprecated - please use Semantics instead
2026-10-02T19:49:29Z [2,667ms] [Warning] [omni.graph.core.plugin] Found duplicate of category 'Replicator' - was 'Annotators', adding 'Fabric Reader'
2026-10-02T19:49:29Z [2,667ms] [Warning] [omni.graph.core.plugin] Category 'Replicator' not accepted on node type 'omni.replicator.core.FabricReader' in extension 'omni.replicator.core'
2026-10-02T19:49:29Z [2,667ms] [Warning] [omni.replicator.core.scripts.extension] No material configuration file, adding configuration to material settings directly.
[2.679s] [ext: isaacsim.robot_motion.lula_test_widget-1.0.12] startup
[2.682s] [ext: isaacsim.robot.surface_gripper-3.3.1] startup
[2.685s] [ext: isaacsim.core.nodes-3.4.3] startup
[2.692s] [ext: omni.isaac.lula_test_widget-1.0.6] startup
2026-10-02T19:49:29Z [2,682ms] [Warning] [omni.isaac.lula_test_widget] omni.isaac.lula_test_widget has been deprecated in favor of isaacsim.robot_motion.lula_test_widget. Please update your code accordingly.
[2.694s] [ext: isaacsim.robot.manipulators-3.3.6] startup
[2.699s] [ext: isaacsim.core.experimental.objects-0.4.0] startup
[2.727s] [ext: isaacsim.core.experimental.materials-0.4.0] startup
[2.734s] [ext: isaacsim.core.throttling-2.2.2] startup
[2.738s] [ext: isaacsim.robot.manipulators.examples-1.1.2] startup
[2.739s] [ext: omni.flowusd-107.1.8] startup
2026-10-02T19:49:29Z [2,732ms] [Warning] [omni.stageupdate.plugin] Deprecated: direct use of IStageUpdate callbacks is deprecated. Use IStageUpdate::getStageUpdate instead.
[2.747s] [ext: isaacsim.cortex.framework-1.0.12] startup
[2.749s] [ext: omni.isaac.core_nodes-2.0.6] startup
2026-10-02T19:49:29Z [2,743ms] [Warning] [omni.isaac.core_nodes] omni.isaac.core_nodes has been deprecated in favor of isaacsim.core.nodes. Please update your code accordingly.
[2.753s] [ext: omni.isaac.cortex-1.0.5] startup
2026-10-02T19:49:29Z [2,744ms] [Warning] [omni.isaac.cortex] omni.isaac.cortex has been deprecated in favor of isaacsim.cortex.framework. Please update your code accordingly.
[2.755s] [ext: omni.anim.curve.core-1.3.1] startup
[2.766s] [ext: omni.isaac.franka-1.0.7] startup
2026-10-02T19:49:29Z [2,757ms] [Warning] [omni.isaac.franka] omni.isaac.franka has been deprecated in favor of isaacsim.robot.manipulators.examples.franka. Please update your code accordingly.
2026-10-02T19:49:29Z [2,757ms] [Warning] [omni.isaac.franka.franka] omni.isaac.franka has been deprecated in favor of isaacsim.robot.manipulators.examples.franka. Please update your code accordingly.
2026-10-02T19:49:29Z [2,768ms] [Warning] [omni.isaac.franka.kinematics_solver] omni.isaac.franka has been deprecated in favor of isaacsim.robot.manipulators.examples.franka. Please update your code accordingly.
[2.779s] [ext: omni.kit.viewport.menubar.camera-107.0.6] startup
[2.784s] [ext: omni.isaac.lula-4.0.6] startup
2026-10-02T19:49:29Z [2,775ms] [Warning] [omni.isaac.lula] omni.isaac.lula has been deprecated in favor of isaacsim.robot_motion.lula. Please update your code accordingly.
[2.785s] [ext: omni.kit.selection-0.1.6] startup
[2.787s] [ext: omni.kit.viewport.menubar.settings-107.0.3] startup
[2.791s] [ext: omni.isaac.manipulators-3.0.7] startup
2026-10-02T19:49:29Z [2,782ms] [Warning] [omni.isaac.manipulators] omni.isaac.manipulators has been deprecated in favor of isaacsim.robot.manipulators. Please update your code accordingly.
2026-10-02T19:49:29Z [2,782ms] [Warning] [omni.isaac.manipulators.controllers] omni.isaac.manipulators has been deprecated in favor of isaacsim.robot.manipulators. Please update your code accordingly.
2026-10-02T19:49:29Z [2,782ms] [Warning] [omni.isaac.manipulators.controllers.pick_place_controller] omni.isaac.manipulators has been deprecated in favor of isaacsim.robot.manipulators. Please update your code accordingly.
2026-10-02T19:49:29Z [2,786ms] [Warning] [omni.isaac.manipulators.controllers.stacking_controller] omni.isaac.manipulators has been deprecated in favor of isaacsim.robot.manipulators. Please update your code accordingly.
2026-10-02T19:49:29Z [2,786ms] [Warning] [omni.isaac.manipulators.grippers] omni.isaac.manipulators has been deprecated in favor of isaacsim.robot.manipulators. Please update your code accordingly.
2026-10-02T19:49:29Z [2,787ms] [Warning] [omni.isaac.manipulators.grippers.gripper] omni.isaac.manipulators has been deprecated in favor of isaacsim.robot.manipulators. Please update your code accordingly.
2026-10-02T19:49:29Z [2,788ms] [Warning] [omni.isaac.manipulators.grippers.parallel_gripper] omni.isaac.manipulators has been deprecated in favor of isaacsim.robot.manipulators. Please update your code accordingly.
2026-10-02T19:49:29Z [2,789ms] [Warning] [omni.isaac.manipulators.grippers.surface_gripper] omni.isaac.manipulators has been deprecated in favor of isaacsim.robot.manipulators. Please update your code accordingly.
2026-10-02T19:49:29Z [2,789ms] [Warning] [omni.isaac.manipulators.manipulators] omni.isaac.manipulators has been deprecated in favor of isaacsim.robot.manipulators. Please update your code accordingly.
2026-10-02T19:49:29Z [2,790ms] [Warning] [omni.isaac.manipulators.manipulators.single_manipulator] omni.isaac.manipulators has been deprecated in favor of isaacsim.robot.manipulators. Please update your code accordingly.
[2.808s] [ext: isaacsim.gui.menu-2.4.4] startup
[2.868s] [ext: isaacsim.sensors.physics-0.4.3] startup
[2.934s] [ext: isaacsim.asset.browser-1.3.23] startup
[2.992s] [ext: omni.isaac.menu-1.0.6] startup
2026-10-02T19:49:29Z [2,993ms] [Warning] [omni.isaac.menu] omni.isaac.menu has been deprecated in favor of isaacsim.gui.menu. Please update your code accordingly.
[3.026s] [ext: isaacsim.robot.policy.examples-4.1.11] startup
[3.035s] [ext: omni.isaac.motion_generation-8.0.7] startup
2026-10-02T19:49:29Z [3,027ms] [Warning] [omni.isaac.motion_generation] omni.isaac.motion_generation has been deprecated in favor of isaacsim.robot_motion.motion_generation. Please update your code accordingly.
2026-10-02T19:49:29Z [3,027ms] [Warning] [omni.isaac.motion_generation.articulation_kinematics_solver] omni.isaac.motion_generation has been deprecated in favor of isaacsim.robot_motion.motion_generation. Please update your code accordingly.
2026-10-02T19:49:29Z [3,028ms] [Warning] [omni.isaac.motion_generation.articulation_motion_policy] omni.isaac.motion_generation has been deprecated in favor of isaacsim.robot_motion.motion_generation. Please update your code accordingly.
2026-10-02T19:49:29Z [3,031ms] [Warning] [omni.isaac.motion_generation.articulation_trajectory] omni.isaac.motion_generation has been deprecated in favor of isaacsim.robot_motion.motion_generation. Please update your code accordingly.
2026-10-02T19:49:29Z [3,031ms] [Warning] [omni.isaac.motion_generation.kinematics_interface] omni.isaac.motion_generation has been deprecated in favor of isaacsim.robot_motion.motion_generation. Please update your code accordingly.
2026-10-02T19:49:29Z [3,032ms] [Warning] [omni.isaac.motion_generation.lula] omni.isaac.motion_generation has been deprecated in favor of isaacsim.robot_motion.motion_generation. Please update your code accordingly.
2026-10-02T19:49:29Z [3,033ms] [Warning] [omni.isaac.motion_generation.lula.kinematics] omni.isaac.motion_generation has been deprecated in favor of isaacsim.robot_motion.motion_generation. Please update your code accordingly.
2026-10-02T19:49:29Z [3,033ms] [Warning] [omni.isaac.motion_generation.lula.motion_policies] omni.isaac.motion_generation has been deprecated in favor of isaacsim.robot_motion.motion_generation. Please update your code accordingly.
2026-10-02T19:49:29Z [3,033ms] [Warning] [omni.isaac.motion_generation.lula.path_planners] omni.isaac.motion_generation has been deprecated in favor of isaacsim.robot_motion.motion_generation. Please update your code accordingly.
2026-10-02T19:49:29Z [3,033ms] [Warning] [omni.isaac.motion_generation.lula.trajectory_generator] omni.isaac.motion_generation has been deprecated in favor of isaacsim.robot_motion.motion_generation. Please update your code accordingly.
2026-10-02T19:49:29Z [3,033ms] [Warning] [omni.isaac.motion_generation.motion_policy_controller] omni.isaac.motion_generation has been deprecated in favor of isaacsim.robot_motion.motion_generation. Please update your code accordingly.
2026-10-02T19:49:29Z [3,033ms] [Warning] [omni.isaac.motion_generation.motion_policy_interface] omni.isaac.motion_generation has been deprecated in favor of isaacsim.robot_motion.motion_generation. Please update your code accordingly.
2026-10-02T19:49:29Z [3,033ms] [Warning] [omni.isaac.motion_generation.path_planner_visualizer] omni.isaac.motion_generation has been deprecated in favor of isaacsim.robot_motion.motion_generation. Please update your code accordingly.
2026-10-02T19:49:29Z [3,033ms] [Warning] [omni.isaac.motion_generation.path_planning_interface] omni.isaac.motion_generation has been deprecated in favor of isaacsim.robot_motion.motion_generation. Please update your code accordingly.
2026-10-02T19:49:29Z [3,034ms] [Warning] [omni.isaac.motion_generation.trajectory] omni.isaac.motion_generation has been deprecated in favor of isaacsim.robot_motion.motion_generation. Please update your code accordingly.
2026-10-02T19:49:29Z [3,036ms] [Warning] [omni.isaac.motion_generation.world_interface] omni.isaac.motion_generation has been deprecated in favor of isaacsim.robot_motion.motion_generation. Please update your code accordingly.
[3.046s] [ext: omni.isaac.asset_browser-1.0.6] startup
2026-10-02T19:49:29Z [3,038ms] [Warning] [omni.isaac.asset_browser] omni.isaac.asset_browser has been deprecated in favor of isaacsim.asset.browser. Please update your code accordingly.
[3.050s] [ext: omni.isaac.nucleus-1.0.6] startup
2026-10-02T19:49:29Z [3,041ms] [Warning] [omni.isaac.nucleus] omni.isaac.nucleus has been deprecated in favor of isaacsim.storage.native. Please update your code accordingly.
2026-10-02T19:49:29Z [3,041ms] [Warning] [omni.isaac.nucleus.nucleus] omni.isaac.nucleus.nucleus has been deprecated in favor of isaacsim.storage.native. Please update your code accordingly.
[3.053s] [ext: omni.isaac.quadruped-3.0.7] startup
2026-10-02T19:49:29Z [3,043ms] [Warning] [omni.isaac.quadruped] omni.isaac.quadruped has been deprecated in favor of isaacsim.robot.policy.examples. Please update your code accordingly.
[3.053s] [ext: omni.isaac.assets_check-0.3.13] startup
2026-10-02T19:49:29Z [3,044ms] [Warning] [omni.isaac.assets_check] omni.isaac.assets_check has been deprecated in favor of isaacsim.asset.browser. Please update your code accordingly.
[3.055s] [ext: isaacsim.gui.content_browser-0.1.11] startup
[3.059s] [ext: omni.isaac.utils-2.0.6] startup
[3.065s] [ext: isaacsim.robot.wheeled_robots-4.0.24] startup
[3.072s] [ext: isaacsim.app.about-2.0.11] startup
[3.077s] [ext: omni.isaac.version-2.0.7] startup
2026-10-02T19:49:29Z [3,068ms] [Warning] [omni.isaac.version] omni.isaac.version has been deprecated in favor of isaacsim.core.version. Please update your code accordingly.
[3.078s] [ext: isaacsim.cortex.behaviors-2.0.14] startup
[3.079s] [ext: omni.isaac.wheeled_robots-3.0.7] startup
2026-10-02T19:49:29Z [3,070ms] [Warning] [omni.isaac.wheeled_robots] omni.isaac.wheeled_robots has been deprecated in favor of isaacsim.robot.wheeled_robots. Please update your code accordingly.
2026-10-02T19:49:29Z [3,070ms] [Warning] [omni.isaac.wheeled_robots.controllers] omni.isaac.wheeled_robots has been deprecated in favor of isaacsim.robot.wheeled_robots. Please update your code accordingly.
2026-10-02T19:49:29Z [3,070ms] [Warning] [omni.isaac.wheeled_robots.controllers.ackermann_controller] omni.isaac.wheeled_robots has been deprecated in favor of isaacsim.robot.wheeled_robots. Please update your code accordingly.
2026-10-02T19:49:29Z [3,071ms] [Warning] [omni.isaac.wheeled_robots.controllers.differential_controller] omni.isaac.wheeled_robots has been deprecated in favor of isaacsim.robot.wheeled_robots. Please update your code accordingly.
2026-10-02T19:49:29Z [3,071ms] [Warning] [omni.isaac.wheeled_robots.controllers.holonomic_controller] omni.isaac.wheeled_robots has been deprecated in favor of isaacsim.robot.wheeled_robots. Please update your code accordingly.
2026-10-02T19:49:29Z [3,072ms] [Warning] [omni.isaac.wheeled_robots.controllers.quintic_path_planner] omni.isaac.wheeled_robots has been deprecated in favor of isaacsim.robot.wheeled_robots. Please update your code accordingly.
2026-10-02T19:49:29Z [3,072ms] [Warning] [omni.isaac.wheeled_robots.controllers.stanley_control] omni.isaac.wheeled_robots has been deprecated in favor of isaacsim.robot.wheeled_robots. Please update your code accordingly.
2026-10-02T19:49:29Z [3,072ms] [Warning] [omni.isaac.wheeled_robots.controllers.wheel_base_pose_controller] omni.isaac.wheeled_robots has been deprecated in favor of isaacsim.robot.wheeled_robots. Please update your code accordingly.
2026-10-02T19:49:29Z [3,072ms] [Warning] [omni.isaac.wheeled_robots.impl] omni.isaac.wheeled_robots has been deprecated in favor of isaacsim.robot.wheeled_robots. Please update your code accordingly.
2026-10-02T19:49:29Z [3,072ms] [Warning] [omni.isaac.wheeled_robots.robots] omni.isaac.wheeled_robots has been deprecated in favor of isaacsim.robot.wheeled_robots. Please update your code accordingly.
2026-10-02T19:49:29Z [3,072ms] [Warning] [omni.isaac.wheeled_robots.robots.holonomic_robot_usd_setup] omni.isaac.wheeled_robots has been deprecated in favor of isaacsim.robot.wheeled_robots. Please update your code accordingly.
2026-10-02T19:49:29Z [3,076ms] [Warning] [omni.isaac.wheeled_robots.robots.wheeled_robot] omni.isaac.wheeled_robots has been deprecated in favor of isaacsim.robot.wheeled_robots. Please update your code accordingly.
[3.086s] [ext: omni.isaac.window.about-2.0.7] startup
2026-10-02T19:49:29Z [3,082ms] [Warning] [omni.isaac.window.about] omni.isaac.window.about has been deprecated in favor of isaacsim.app.about. Please update your code accordingly.
2026-10-02T19:49:29Z [3,082ms] [Warning] [omni.isaac.window.about.about] omni.isaac.window.about.about has been deprecated in favor of isaacsim.app.about.about. Please update your code accordingly.
[3.093s] [ext: omni.kit.manipulator.camera-106.0.4] startup
[3.098s] [ext: omni.isaac.cortex.sample_behaviors-2.0.5] startup
2026-10-02T19:49:29Z [3,088ms] [Warning] [omni.isaac.cortex.sample_behaviors] omni.isaac.cortex.sample_behaviors has been deprecated in favor of isaacsim.cortex.behaviors. Please update your code accordingly.
[3.098s] [ext: omni.sensors.nv.common-3.0.0] startup
[3.104s] [ext: omni.kit.property.audio-1.0.16] startup
[3.105s] [ext: omni.kit.property.camera-1.0.10] startup
[3.107s] [ext: omni.sensors.net-1.0.0] startup
[3.109s] [ext: omni.sensors.nv.materials-2.0.0] startup
[3.111s] [ext: omni.kit.property.geometry-2.0.4] startup
[3.114s] [ext: omni.kit.property.light-1.0.12] startup
[3.121s] [ext: omni.kit.property.material-1.11.9] startup
[3.125s] [ext: omni.sensors.nv.ids-2.0.0] startup
[3.126s] [ext: omni.sensors.nv.wpm-3.0.0] startup
[3.127s] [ext: omni.sensors.nv.lidar-3.0.0] startup
[3.130s] [ext: omni.hydra.scene_api-0.1.2] startup
[3.135s] [ext: isaacsim.util.debug_draw-3.1.0] startup
[3.138s] [ext: omni.sensors.nv.radar-3.0.0] startup
[3.140s] [ext: omni.kit.property.render-1.2.1] startup
[3.141s] [ext: omni.kit.property.transform-1.5.13] startup
[3.144s] [ext: isaacsim.gui.property-1.1.3] startup
[3.145s] [ext: isaacsim.sensors.physx-2.3.2] startup
[3.150s] [ext: isaacsim.sensors.camera-1.3.6] startup
[3.155s] [ext: isaacsim.sensors.rtx-15.8.4] startup
[3.160s] [ext: isaacsim.core.cloner-1.4.10] startup
[3.163s] [ext: omni.kit.property.bundle-1.4.1] startup
[3.166s] [ext: omni.kit.property.isaac-1.0.6] startup
2026-10-02T19:49:29Z [3,156ms] [Warning] [omni.kit.property.isaac] omni.kit.property.isaac has been deprecated in favor of isaacsim.gui.property. Please update your code accordingly.
2026-10-02T19:49:29Z [3,156ms] [Warning] [omni.kit.property.isaac.widgets] omni.kit.property.isaac.widgets has been deprecated in favor of isaacsim.gui.property.widgets. Please update your code accordingly.
[3.167s] [ext: omni.isaac.range_sensor-4.0.6] startup
2026-10-02T19:49:29Z [3,157ms] [Warning] [omni.isaac.range_sensor] omni.isaac.range_sensor has been deprecated in favor of isaacsim.sensors.physx. Please update your code accordingly.
2026-10-02T19:49:29Z [3,157ms] [Warning] [omni.isaac.range_sensor.commands] omni.isaac.range_sensor.commands has been deprecated in favor of isaacsim.sensors.physx.commands. Please update your code accordingly.
[3.168s] [ext: isaacsim.replicator.writers-1.0.17] startup
[3.176s] [ext: omni.isaac.sensor-13.0.7] startup
2026-10-02T19:49:29Z [3,167ms] [Warning] [omni.isaac.sensor] omni.isaac.sensor has been deprecated in favor of isaacsim.sensors.camera, isaacsim.sensors.physics, isaacsim.sensors.physx, and isaacsim.sensors.rtx. Please update your code accordingly.
2026-10-02T19:49:29Z [3,167ms] [Warning] [omni.isaac.sensor.camera] omni.isaac.sensor.camera has been deprecated in favor of isaacsim.sensors.camera.camera. Please update your code accordingly.
2026-10-02T19:49:29Z [3,167ms] [Warning] [omni.isaac.sensor.camera_view] omni.isaac.sensor.camera_view has been deprecated in favor of isaacsim.sensors.camera.camera_view. Please update your code accordingly.
2026-10-02T19:49:29Z [3,167ms] [Warning] [omni.isaac.sensor.commands] omni.isaac.sensor.commands has been deprecated in favor of isaacsim.sensors.physics.commands, isaacsim.sensors.physx.commands, and isaacsim.sensors.rtx.commands. Please update your code accordingly.
2026-10-02T19:49:29Z [3,167ms] [Warning] [omni.isaac.sensor.contact_sensor] omni.isaac.sensor.contact_sensor has been deprecated in favor of isaacsim.sensors.physics.contact_sensor. Please update your code accordingly.
2026-10-02T19:49:29Z [3,168ms] [Warning] [omni.isaac.sensor.imu_sensor] omni.isaac.sensor.imu_sensor has been deprecated in favor of isaacsim.sensors.physics.imu_sensor. Please update your code accordingly.
2026-10-02T19:49:29Z [3,168ms] [Warning] [omni.isaac.sensor.lidar_rtx] omni.isaac.sensor.lidar_rtx has been deprecated in favor of isaacsim.sensors.rtx.lidar_rtx. Please update your code accordingly.
2026-10-02T19:49:29Z [3,168ms] [Warning] [omni.isaac.sensor.rotating_lidar_physX] omni.isaac.sensor.imu_sensor has been deprecated in favor of isaacsim.sensors.physix.rotating_lidar_physX. Please update your code accordingly.
2026-10-02T19:49:29Z [3,168ms] [Warning] [omni.isaac.sensor.scripts.samples.contact_sensor] omni.isaac.sensor.scripts.samples.contact_sensor has been deprecated in favor of isaacsim.sensors.physics.scripts.samples.contact_sensor. Please update your code accordingly.
2026-10-02T19:49:29Z [3,168ms] [Warning] [omni.isaac.sensor.scripts.samples.imu_sensor] omni.isaac.sensor.scripts.samples.imu_sensor has been deprecated in favor of isaacsim.sensors.physics.scripts.samples.imu_sensor. Please update your code accordingly.
2026-10-02T19:49:29Z [3,169ms] [Warning] [omni.isaac.sensor.scripts.samples.lightbeam_sensor] omni.isaac.sensor.scripts.samples.lightbeam_sensor has been deprecated in favor of isaacsim.sensors.physx.scripts.samples.lightbeam_sensor. Please update your code accordingly.
[3.180s] [ext: omni.isaac.cloner-1.0.7] startup
2026-10-02T19:49:29Z [3,171ms] [Warning] [omni.isaac.cloner] omni.isaac.cloner has been deprecated in favor of isaacsim.core.cloner. Please update your code accordingly.
[3.181s] [ext: omni.kit.viewport.menubar.lighting-107.3.1] startup
[3.189s] [ext: omni.kit.viewport.menubar.render-107.0.10] startup
[3.192s] [ext: isaacsim.replicator.domain_randomization-1.0.16] startup
[3.194s] [ext: isaacsim.replicator.examples-1.3.6] startup
[3.194s] [ext: omni.ocio-0.1.1] startup
[3.197s] [ext: omni.rtx.window.settings-0.6.19] startup
[3.203s] [ext: omni.kit.window.console-1.1.4] startup
[3.210s] [ext: omni.kit.window.status_bar-0.1.9] startup
[3.213s] [ext: omni.replicator.isaac-2.0.8] startup
2026-10-02T19:49:29Z [3,203ms] [Warning] [omni.replicator.isaac] omni.replicator.isaac has been deprecated in favor of isaacsim.replicator.domain_randomization, isaacsim.replicator.examples, isaacsim.replicator.writers. Please update your code accordingly.
[3.214s] [ext: omni.replicator.replicator_yaml-2.0.11] startup
[3.217s] [ext: omni.rtx.settings.core-0.6.5] startup
[3.221s] [ext: omni.usd.metrics.assembler.ui-107.3.1] startup
[3.228s] [ext: omni.isaac.surface_gripper-2.0.6] startup
2026-10-02T19:49:29Z [3,219ms] [Warning] [omni.isaac.surface_gripper] omni.isaac.surface_gripper has been deprecated in favor of isaacsim.robot.surface_gripper. Please update your code accordingly.
[3.229s] [ext: semantics.schema.editor-2.0.2] startup
[3.232s] [ext: omni.kit.ui.actions-1.0.5] startup
[3.233s] [ext: semantics.schema.property-2.0.1] startup
[3.234s] [ext: omni.isaac.universal_robots-1.0.6] startup
2026-10-02T19:49:29Z [3,224ms] [Warning] [omni.isaac.universal_robots] omni.isaac.universal_robots has been deprecated in favor of isaacsim.robot.manipulators.examples.universal_robots. Please update your code accordingly.
2026-10-02T19:49:29Z [3,224ms] [Warning] [omni.isaac.universal_robots.kinematics_solver] omni.isaac.franka has been deprecated in favor of isaacsim.robot.manipulators.examples.universal_robots. Please update your code accordingly.
2026-10-02T19:49:29Z [3,225ms] [Warning] [omni.isaac.universal_robots.ur10] omni.isaac.franka has been deprecated in favor of isaacsim.robot.manipulators.examples.universal_robots. Please update your code accordingly.
[3.235s] [ext: omni.isaac.core-4.0.7] startup
2026-10-02T19:49:29Z [3,226ms] [Warning] [omni.isaac.core.physics_context.physics_context] omni.isaac.core.physics_context.physics_context has been deprecated in favor of isaacsim.core.api.physics_context.physics_context. Please update your code accordingly.
2026-10-02T19:49:29Z [3,226ms] [Warning] [omni.isaac.core.simulation_context.simulation_context] omni.isaac.core.simulation_context.simulation_context has been deprecated in favor of isaacsim.core.api.simulation_context.simulation_context. Please update your code accordingly.
2026-10-02T19:49:29Z [3,226ms] [Warning] [omni.isaac.core.world.world] omni.isaac.core.world.world has been deprecated in favor of isaacsim.core.api.world.world. Please update your code accordingly.
2026-10-02T19:49:29Z [3,226ms] [Warning] [omni.isaac.core] omni.isaac.core has been deprecated in favor of isaacsim.core.api. Please update your code accordingly.
[3.237s] [ext: isaacsim.gui.sensors.icon-2.0.3] startup
[3.244s] [ext: isaacsim.asset.importer.mjcf-2.5.13] startup
[3.248s] [ext: omni.kit.menu.common-2.0.1] startup
[3.250s] [ext: isaacsim.exp.base-5.1.0] startup
[3.250s] [ext: omnigibson_5_1_0-3.9.3] startup
[3.251s] Simulation App Starting
2026-10-02T19:49:30Z [3,771ms] [Warning] [omni.fabric.plugin] Warning: attribute viewportHandle not found for bucket id 9

[3.836s] app ready
[0m[00:00:10.875] [INFO] [omnigibson.simulator] ---------- Welcome to OmniGibson! ----------[0m
[33m[00:00:11.156] [WARNING] [omnigibson.scenes.scene_base] Scene file does not contain version information; skipping version compatibility check.[0m
[6.076s] Simulation App Startup Complete
[6.180s] [ext: omni.physx.fabric-107.3.26] startup
2026-10-02T19:49:32Z [6,236ms] [Warning] [omni.fabric.plugin] Warning: attribute physics:filteredGroups not found for path /World/collision_groups/structural_doors

2026-10-02T19:50:42Z [76,575ms] [Warning] [omni.physx.tensors.plugin] DEPRECATED: Please use getDofFrictionProperties instead.
2026-10-02T19:50:42Z [76,575ms] [Warning] [omni.physx.tensors.plugin] DEPRECATED: Please use setDofFrictionProperties instead.
2026-10-02T19:50:42Z [76,576ms] [Warning] [omni.physx.tensors.plugin] DEPRECATED: Please use getDofFrictionProperties instead.
2026-10-02T19:50:42Z [76,576ms] [Warning] [omni.physx.tensors.plugin] DEPRECATED: Please use setDofFrictionProperties instead.
2026-10-02T19:50:43Z [76,598ms] [Warning] [omni.physx.tensors.plugin] DEPRECATED: Please use getDofFrictionProperties instead.
2026-10-02T19:50:43Z [76,598ms] [Warning] [omni.physx.tensors.plugin] DEPRECATED: Please use setDofFrictionProperties instead.
2026-10-02T19:50:43Z [76,598ms] [Warning] [omni.physx.tensors.plugin] DEPRECATED: Please use getDofFrictionProperties instead.
2026-10-02T19:50:43Z [76,598ms] [Warning] [omni.physx.tensors.plugin] DEPRECATED: Please use setDofFrictionProperties instead.
2026-10-02T19:50:43Z [76,655ms] [Warning] [omni.physx.tensors.plugin] DEPRECATED: Please use getDofFrictionProperties instead.
2026-10-02T19:50:43Z [76,655ms] [Warning] [omni.physx.tensors.plugin] DEPRECATED: Please use setDofFrictionProperties instead.
2026-10-02T19:50:43Z [76,681ms] [Warning] [omni.physx.tensors.plugin] DEPRECATED: Please use getDofFrictionProperties instead.
2026-10-02T19:50:43Z [76,681ms] [Warning] [omni.physx.tensors.plugin] DEPRECATED: Please use setDofFrictionProperties instead.
2026-10-02T19:50:43Z [76,712ms] [Warning] [omni.physx.tensors.plugin] DEPRECATED: Please use getDofFrictionProperties instead.
2026-10-02T19:50:43Z [76,712ms] [Warning] [omni.physx.tensors.plugin] DEPRECATED: Please use setDofFrictionProperties instead.
2026-10-02T19:50:43Z [76,712ms] [Warning] [omni.physx.tensors.plugin] DEPRECATED: Please use getDofFrictionProperties instead.
2026-10-02T19:50:43Z [76,712ms] [Warning] [omni.physx.tensors.plugin] DEPRECATED: Please use setDofFrictionProperties instead.
2026-10-02T19:50:43Z [76,713ms] [Warning] [omni.physx.tensors.plugin] DEPRECATED: Please use getDofFrictionProperties instead.
2026-10-02T19:50:43Z [76,713ms] [Warning] [omni.physx.tensors.plugin] DEPRECATED: Please use setDofFrictionProperties instead.
2026-10-02T19:50:43Z [76,732ms] [Warning] [omni.physx.tensors.plugin] DEPRECATED: Please use getDofFrictionProperties instead.
2026-10-02T19:50:43Z [76,732ms] [Warning] [omni.physx.tensors.plugin] DEPRECATED: Please use setDofFrictionProperties instead.
2026-10-02T19:50:43Z [76,756ms] [Warning] [omni.physx.tensors.plugin] DEPRECATED: Please use getDofFrictionProperties instead.
2026-10-02T19:50:43Z [76,756ms] [Warning] [omni.physx.tensors.plugin] DEPRECATED: Please use setDofFrictionProperties instead.
2026-10-02T19:50:43Z [76,785ms] [Warning] [omni.physx.tensors.plugin] DEPRECATED: Please use getDofFrictionProperties instead.
2026-10-02T19:50:43Z [76,786ms] [Warning] [omni.physx.tensors.plugin] DEPRECATED: Please use setDofFrictionProperties instead.
2026-10-02T19:50:43Z [76,786ms] [Warning] [omni.physx.tensors.plugin] DEPRECATED: Please use getDofFrictionProperties instead.
2026-10-02T19:50:43Z [76,786ms] [Warning] [omni.physx.tensors.plugin] DEPRECATED: Please use setDofFrictionProperties instead.
2026-10-02T19:50:43Z [76,786ms] [Warning] [omni.physx.tensors.plugin] DEPRECATED: Please use getDofFrictionProperties instead.
2026-10-02T19:50:43Z [76,786ms] [Warning] [omni.physx.tensors.plugin] DEPRECATED: Please use setDofFrictionProperties instead.
2026-10-02T19:50:43Z [76,786ms] [Warning] [omni.physx.tensors.plugin] DEPRECATED: Please use getDofFrictionProperties instead.
2026-10-02T19:50:43Z [76,786ms] [Warning] [omni.physx.tensors.plugin] DEPRECATED: Please use setDofFrictionProperties instead.
2026-10-02T19:50:43Z [76,787ms] [Warning] [omni.physx.tensors.plugin] DEPRECATED: Please use getDofFrictionProperties instead.
2026-10-02T19:50:43Z [76,787ms] [Warning] [omni.physx.tensors.plugin] DEPRECATED: Please use setDofFrictionProperties instead.
2026-10-02T19:50:43Z [76,787ms] [Warning] [omni.physx.tensors.plugin] DEPRECATED: Please use getDofFrictionProperties instead.
2026-10-02T19:50:43Z [76,787ms] [Warning] [omni.physx.tensors.plugin] DEPRECATED: Please use setDofFrictionProperties instead.
2026-10-02T19:50:44Z [77,818ms] [Warning] [omni.physx.tensors.plugin] DEPRECATED: Please use getDofFrictionProperties instead.
2026-10-02T19:50:44Z [77,818ms] [Warning] [omni.physx.tensors.plugin] DEPRECATED: Please use setDofFrictionProperties instead.
2026-10-02T19:50:44Z [77,819ms] [Warning] [omni.physx.tensors.plugin] DEPRECATED: Please use getDofFrictionProperties instead.
2026-10-02T19:50:44Z [77,819ms] [Warning] [omni.physx.tensors.plugin] DEPRECATED: Please use setDofFrictionProperties instead.
2026-10-02T19:50:44Z [77,819ms] [Warning] [omni.physx.tensors.plugin] DEPRECATED: Please use getDofFrictionProperties instead.
2026-10-02T19:50:44Z [77,819ms] [Warning] [omni.physx.tensors.plugin] DEPRECATED: Please use setDofFrictionProperties instead.
2026-10-02T19:50:44Z [77,840ms] [Warning] [omni.physx.tensors.plugin] DEPRECATED: Please use getDofFrictionProperties instead.
2026-10-02T19:50:44Z [77,840ms] [Warning] [omni.physx.tensors.plugin] DEPRECATED: Please use setDofFrictionProperties instead.
2026-10-02T19:50:44Z [77,840ms] [Warning] [omni.physx.tensors.plugin] DEPRECATED: Please use getDofFrictionProperties instead.
2026-10-02T19:50:44Z [77,840ms] [Warning] [omni.physx.tensors.plugin] DEPRECATED: Please use setDofFrictionProperties instead.
2026-10-02T19:50:44Z [77,840ms] [Warning] [omni.physx.tensors.plugin] DEPRECATED: Please use getDofFrictionProperties instead.
2026-10-02T19:50:44Z [77,840ms] [Warning] [omni.physx.tensors.plugin] DEPRECATED: Please use setDofFrictionProperties instead.
2026-10-02T19:50:44Z [77,840ms] [Warning] [omni.physx.tensors.plugin] DEPRECATED: Please use getDofFrictionProperties instead.
2026-10-02T19:50:44Z [77,840ms] [Warning] [omni.physx.tensors.plugin] DEPRECATED: Please use setDofFrictionProperties instead.
2026-10-02T19:50:44Z [77,861ms] [Warning] [omni.physx.tensors.plugin] DEPRECATED: Please use getDofFrictionProperties instead.
2026-10-02T19:50:44Z [77,861ms] [Warning] [omni.physx.tensors.plugin] DEPRECATED: Please use setDofFrictionProperties instead.
2026-10-02T19:50:44Z [77,861ms] [Warning] [omni.physx.tensors.plugin] DEPRECATED: Please use getDofFrictionProperties instead.
2026-10-02T19:50:44Z [77,861ms] [Warning] [omni.physx.tensors.plugin] DEPRECATED: Please use setDofFrictionProperties instead.
2026-10-02T19:50:44Z [77,861ms] [Warning] [omni.physx.tensors.plugin] DEPRECATED: Please use getDofFrictionProperties instead.
2026-10-02T19:50:44Z [77,861ms] [Warning] [omni.physx.tensors.plugin] DEPRECATED: Please use setDofFrictionProperties instead.
2026-10-02T19:50:44Z [77,862ms] [Warning] [omni.physx.tensors.plugin] DEPRECATED: Please use getDofFrictionProperties instead.
2026-10-02T19:50:44Z [77,862ms] [Warning] [omni.physx.tensors.plugin] DEPRECATED: Please use setDofFrictionProperties instead.
2026-10-02T19:50:44Z [77,907ms] [Warning] [omni.physx.tensors.plugin] DEPRECATED: Please use getDofFrictionProperties instead.
2026-10-02T19:50:44Z [77,907ms] [Warning] [omni.physx.tensors.plugin] DEPRECATED: Please use setDofFrictionProperties instead.
2026-10-02T19:50:44Z [77,910ms] [Warning] [omni.physx.tensors.plugin] DEPRECATED: Please use getDofFrictionProperties instead.
2026-10-02T19:50:44Z [77,910ms] [Warning] [omni.physx.tensors.plugin] DEPRECATED: Please use setDofFrictionProperties instead.
2026-10-02T19:50:44Z [77,914ms] [Warning] [omni.physx.tensors.plugin] DEPRECATED: Please use getDofFrictionProperties instead.
2026-10-02T19:50:44Z [77,914ms] [Warning] [omni.physx.tensors.plugin] DEPRECATED: Please use setDofFrictionProperties instead.
2026-10-02T19:50:44Z [77,918ms] [Warning] [omni.physx.tensors.plugin] DEPRECATED: Please use getDofFrictionProperties instead.
2026-10-02T19:50:44Z [77,918ms] [Warning] [omni.physx.tensors.plugin] DEPRECATED: Please use setDofFrictionProperties instead.
2026-10-02T19:50:44Z [77,919ms] [Warning] [omni.physx.tensors.plugin] DEPRECATED: Please use getDofFrictionProperties instead.
2026-10-02T19:50:44Z [77,919ms] [Warning] [omni.physx.tensors.plugin] DEPRECATED: Please use setDofFrictionProperties instead.
2026-10-02T19:50:44Z [77,922ms] [Warning] [omni.physx.tensors.plugin] DEPRECATED: Please use getDofFrictionProperties instead.
2026-10-02T19:50:44Z [77,922ms] [Warning] [omni.physx.tensors.plugin] DEPRECATED: Please use setDofFrictionProperties instead.
2026-10-02T19:50:44Z [77,926ms] [Warning] [omni.physx.tensors.plugin] DEPRECATED: Please use getDofFrictionProperties instead.
2026-10-02T19:50:44Z [77,926ms] [Warning] [omni.physx.tensors.plugin] DEPRECATED: Please use setDofFrictionProperties instead.
2026-10-02T19:50:44Z [77,929ms] [Warning] [omni.physx.tensors.plugin] DEPRECATED: Please use getDofFrictionProperties instead.
2026-10-02T19:50:44Z [77,929ms] [Warning] [omni.physx.tensors.plugin] DEPRECATED: Please use setDofFrictionProperties instead.
2026-10-02T19:50:44Z [77,933ms] [Warning] [omni.physx.tensors.plugin] DEPRECATED: Please use getDofFrictionProperties instead.
2026-10-02T19:50:44Z [77,933ms] [Warning] [omni.physx.tensors.plugin] DEPRECATED: Please use setDofFrictionProperties instead.
2026-10-02T19:50:44Z [77,937ms] [Warning] [omni.physx.tensors.plugin] DEPRECATED: Please use getDofFrictionProperties instead.
2026-10-02T19:50:44Z [77,937ms] [Warning] [omni.physx.tensors.plugin] DEPRECATED: Please use setDofFrictionProperties instead.
2026-10-02T19:50:44Z [77,940ms] [Warning] [omni.physx.tensors.plugin] DEPRECATED: Please use getDofFrictionProperties instead.
2026-10-02T19:50:44Z [77,940ms] [Warning] [omni.physx.tensors.plugin] DEPRECATED: Please use setDofFrictionProperties instead.
2026-10-02T19:50:44Z [78,142ms] [Warning] [omni.physx.tensors.plugin] DEPRECATED: Please use getDofFrictionProperties instead.
2026-10-02T19:50:44Z [78,142ms] [Warning] [omni.physx.tensors.plugin] DEPRECATED: Please use setDofFrictionProperties instead.
2026-10-02T19:50:44Z [78,169ms] [Warning] [omni.physx.tensors.plugin] DEPRECATED: Please use getDofFrictionProperties instead.
2026-10-02T19:50:44Z [78,169ms] [Warning] [omni.physx.tensors.plugin] DEPRECATED: Please use setDofFrictionProperties instead.
2026-10-02T19:50:44Z [78,170ms] [Warning] [omni.physx.tensors.plugin] DEPRECATED: Please use getDofFrictionProperties instead.
2026-10-02T19:50:44Z [78,170ms] [Warning] [omni.physx.tensors.plugin] DEPRECATED: Please use setDofFrictionProperties instead.
2026-10-02T19:50:44Z [78,170ms] [Warning] [omni.physx.tensors.plugin] DEPRECATED: Please use getDofFrictionProperties instead.
2026-10-02T19:50:44Z [78,170ms] [Warning] [omni.physx.tensors.plugin] DEPRECATED: Please use setDofFrictionProperties instead.
2026-10-02T19:50:44Z [78,353ms] [Warning] [omni.physx.tensors.plugin] DEPRECATED: Please use getDofFrictionProperties instead.
2026-10-02T19:50:44Z [78,353ms] [Warning] [omni.physx.tensors.plugin] DEPRECATED: Please use setDofFrictionProperties instead.
2026-10-02T19:50:44Z [78,357ms] [Warning] [omni.physx.tensors.plugin] DEPRECATED: Please use getDofFrictionProperties instead.
2026-10-02T19:50:44Z [78,357ms] [Warning] [omni.physx.tensors.plugin] DEPRECATED: Please use setDofFrictionProperties instead.
2026-10-02T19:50:44Z [78,360ms] [Warning] [omni.physx.tensors.plugin] DEPRECATED: Please use getDofFrictionProperties instead.
2026-10-02T19:50:44Z [78,360ms] [Warning] [omni.physx.tensors.plugin] DEPRECATED: Please use setDofFrictionProperties instead.
2026-10-02T19:50:44Z [78,364ms] [Warning] [omni.physx.tensors.plugin] DEPRECATED: Please use getDofFrictionProperties instead.
2026-10-02T19:50:44Z [78,364ms] [Warning] [omni.physx.tensors.plugin] DEPRECATED: Please use setDofFrictionProperties instead.
2026-10-02T19:50:44Z [78,368ms] [Warning] [omni.physx.tensors.plugin] DEPRECATED: Please use getDofFrictionProperties instead.
2026-10-02T19:50:44Z [78,368ms] [Warning] [omni.physx.tensors.plugin] DEPRECATED: Please use setDofFrictionProperties instead.
2026-10-02T19:50:44Z [78,371ms] [Warning] [omni.physx.tensors.plugin] DEPRECATED: Please use getDofFrictionProperties instead.
[0m[00:01:25.339] [INFO] [omnigibson.simulator] Imported scene 0.[0m
[33m[00:01:25.369] [WARNING] [omnigibson.robots.robot] r1pro is set to floating base but is not a non-holonomic locomotion robot[0m
2026-10-02T19:50:44Z [78,371ms] [Warning] [omni.physx.tensors.plugin] DEPRECATED: Please use setDofFrictionProperties instead.
2026-10-02T19:50:44Z [78,376ms] [Warning] [omni.physx.tensors.plugin] DEPRECATED: Please use getDofFrictionProperties instead.
2026-10-02T19:50:44Z [78,376ms] [Warning] [omni.physx.tensors.plugin] DEPRECATED: Please use setDofFrictionProperties instead.
2026-10-02T19:50:44Z [78,379ms] [Warning] [omni.physx.tensors.plugin] DEPRECATED: Please use getDofFrictionProperties instead.
2026-10-02T19:50:44Z [78,379ms] [Warning] [omni.physx.tensors.plugin] DEPRECATED: Please use setDofFrictionProperties instead.
2026-10-02T19:50:44Z [78,384ms] [Warning] [omni.physx.tensors.plugin] DEPRECATED: Please use getDofFrictionProperties instead.
2026-10-02T19:50:44Z [78,384ms] [Warning] [omni.physx.tensors.plugin] DEPRECATED: Please use setDofFrictionProperties instead.
2026-10-02T19:50:44Z [78,387ms] [Warning] [omni.physx.tensors.plugin] DEPRECATED: Please use getDofFrictionProperties instead.
2026-10-02T19:50:44Z [78,388ms] [Warning] [omni.physx.tensors.plugin] DEPRECATED: Please use setDofFrictionProperties instead.
2026-10-02T19:50:44Z [78,391ms] [Warning] [omni.physx.tensors.plugin] DEPRECATED: Please use getDofFrictionProperties instead.
2026-10-02T19:50:44Z [78,391ms] [Warning] [omni.physx.tensors.plugin] DEPRECATED: Please use setDofFrictionProperties instead.
2026-10-02T19:50:44Z [78,395ms] [Warning] [omni.physx.tensors.plugin] DEPRECATED: Please use getDofFrictionProperties instead.
2026-10-02T19:50:44Z [78,395ms] [Warning] [omni.physx.tensors.plugin] DEPRECATED: Please use setDofFrictionProperties instead.
2026-10-02T19:50:44Z [78,399ms] [Warning] [omni.physx.tensors.plugin] DEPRECATED: Please use getDofFrictionProperties instead.
2026-10-02T19:50:44Z [78,399ms] [Warning] [omni.physx.tensors.plugin] DEPRECATED: Please use setDofFrictionProperties instead.
2026-10-02T19:50:44Z [78,403ms] [Warning] [omni.physx.tensors.plugin] DEPRECATED: Please use getDofFrictionProperties instead.
2026-10-02T19:50:44Z [78,403ms] [Warning] [omni.physx.tensors.plugin] DEPRECATED: Please use setDofFrictionProperties instead.
2026-10-02T19:50:44Z [78,444ms] [Warning] [omni.physx.tensors.plugin] DEPRECATED: Please use getDofFrictionProperties instead.
2026-10-02T19:50:44Z [78,444ms] [Warning] [omni.physx.tensors.plugin] DEPRECATED: Please use setDofFrictionProperties instead.
2026-10-02T19:50:44Z [78,445ms] [Warning] [omni.physx.tensors.plugin] DEPRECATED: Please use getDofFrictionProperties instead.
2026-10-02T19:50:44Z [78,445ms] [Warning] [omni.physx.tensors.plugin] DEPRECATED: Please use setDofFrictionProperties instead.
2026-10-02T19:50:44Z [78,465ms] [Warning] [omni.physx.tensors.plugin] DEPRECATED: Please use getDofFrictionProperties instead.
2026-10-02T19:50:44Z [78,465ms] [Warning] [omni.physx.tensors.plugin] DEPRECATED: Please use setDofFrictionProperties instead.
2026-10-02T19:50:44Z [78,465ms] [Warning] [omni.physx.tensors.plugin] DEPRECATED: Please use getDofFrictionProperties instead.
2026-10-02T19:50:44Z [78,465ms] [Warning] [omni.physx.tensors.plugin] DEPRECATED: Please use setDofFrictionProperties instead.
2026-10-02T19:50:44Z [78,484ms] [Warning] [omni.physx.tensors.plugin] DEPRECATED: Please use getDofFrictionProperties instead.
2026-10-02T19:50:44Z [78,484ms] [Warning] [omni.physx.tensors.plugin] DEPRECATED: Please use setDofFrictionProperties instead.
2026-10-02T19:50:44Z [78,484ms] [Warning] [omni.physx.tensors.plugin] DEPRECATED: Please use getDofFrictionProperties instead.
2026-10-02T19:50:44Z [78,484ms] [Warning] [omni.physx.tensors.plugin] DEPRECATED: Please use setDofFrictionProperties instead.
2026-10-02T19:50:56Z [90,043ms] [Warning] [rtx.postprocessing.plugin] DLSS increasing input dimensions: Render resolution of (240, 240) is below minimal input resolution of 300.
2026-10-02T19:50:57Z [90,822ms] [Warning] [carb] Plugin interface for a client: omni.hydratexture.plugin was already released.
2026-10-02T19:50:57Z [90,823ms] [Warning] [carb] Plugin interface for a client: omni.hydratexture.plugin was already released.
Warp 1.12.0 initialized:
   CUDA Toolkit 12.9, Driver 13.0
   Devices:
     "cpu"      : "x86_64"
     "cuda:0"   : "NVIDIA GeForce RTX 5070 Ti" (15 GiB, sm_120, mempool enabled)
   Kernel cache:
     /home/juyoung/.cache/warp/1.12.0
Starting kit application with the following args:  ['/home/juyoung/miniconda3/envs/behavior/lib/python3.11/site-packages/isaacsim/exts/isaacsim.simulation_app/isaacsim/simulation_app/simulation_app.py', '/home/juyoung/miniconda3/envs/behavior/lib/python3.11/site-packages/isaacsim/apps/omnigibson_5_1_0.kit', '--/app/tokens/exe-path=/home/juyoung/miniconda3/envs/behavior/lib/python3.11/site-packages/isaacsim/kit', '--/persistent/app/viewport/displayOptions=3094', '--/rtx/materialDb/syncLoads=True', '--/rtx/hydra/materialSyncLoads=True', '--/omni.kit.plugin/syncUsdLoads=True', '--/app/renderer/resolution/width=1280', '--/app/renderer/resolution/height=720', '--/app/window/width=1440', '--/app/window/height=900', '--/renderer/multiGpu/enabled=False', '--/app/fastShutdown=True', '--/app/installSignalHandlers=0', '--ext-folder', '/home/juyoung/miniconda3/envs/behavior/lib/python3.11/site-packages/isaacsim/exts', '--ext-folder', '/home/juyoung/miniconda3/envs/behavior/lib/python3.11/site-packages/isaacsim/apps', '--/physics/cudaDevice=0', '--/plugins/carb.tasking.plugin/threadCount=32', '--/plugins/omni.tbb.globalcontrol/maxThreadCount=32', '--no-window', '--/app/window/hideUi=1']
Passing the following args to the base kit application:  ['--portable-root', '/home/juyoung/robot-agent/src/behavior-2026/BEHAVIOR-1K/OmniGibson/appdata/local', '--/app/tokens/omni_global_cache=/home/juyoung/robot-agent/src/behavior-2026/BEHAVIOR-1K/OmniGibson/appdata/global/cache', '--/app/tokens/omni_global_data=/home/juyoung/robot-agent/src/behavior-2026/BEHAVIOR-1K/OmniGibson/appdata/global/data']
Warp DeprecationWarning: The symbol `warp.types.array` will soon be removed from the public API. Use `warp.array` instead.
Warp DeprecationWarning: The symbol `warp.types.Array` will soon be removed from the public API. It can still be accessed from `warp._src.types.Array` but might be changed or removed without notice.
Warp DeprecationWarning: The symbol `warp.types.launch_bounds_t` will soon be removed from the public API. It can still be accessed from `warp._src.types.launch_bounds_t` but might be changed or removed without notice.
Warp DeprecationWarning: The symbol `warp.types.vector_types` will soon be removed from the public API. It can still be accessed from `warp._src.types.vector_types` but might be changed or removed without notice.
Warp DeprecationWarning: The symbol `warp.types.scalar_types` will soon be removed from the public API. It can still be accessed from `warp._src.types.scalar_types` but might be changed or removed without notice.
Warp DeprecationWarning: The symbol `warp.types.np_dtype_to_warp_type` will soon be removed from the public API. It can still be accessed from `warp._src.types.np_dtype_to_warp_type` but might be changed or removed without notice.
Warp DeprecationWarning: The symbol `warp.utils.warn` will soon be removed from the public API. It can still be accessed from `warp._src.utils.warn` but might be changed or removed without notice.
Warp DeprecationWarning: The symbol `warp.types.float32` will soon be removed from the public API. Use `warp.float32` instead.
Warp DeprecationWarning: The `warp.sim` module is deprecated and will be removed in v1.10. Please transition to using the forthcoming Newton library instead.

                   ____________
                  /          / \
                 /          / /__
                /          / /  /\
               /__________/ /__/  \
               \   _____  \ \__\  /
                \  \  / \  \ \_/ /
                 \  \/___\  \   /
                  \__________\_/  
       ___                  _  ____ _ _                     
      / _ \ _ __ ___  _ __ (_)/ ___(_) |__  ___  ___  _ __  
     | | | | '_ ` _ \| '_ \| | |  _| | '_ \/ __|/ _ \| '_ \ 
     | |_| | | | | | | | | | | |_| | | |_) \__ \ (_) | | | |
      \___/|_| |_| |_|_| |_|_|\____|_|_.__/|___/\___/|_| |_|

Module omnigibson.utils.usd_utils 57917a4 load on device 'cuda:0' took 0.72 ms  (cached)
Module omnigibson.object_states.aabb 4de578a load on device 'cuda:0' took 0.26 ms  (cached)
Module omnigibson.object_states.adjacency 6039c89 load on device 'cuda:0' took 0.34 ms  (cached)
Module omnigibson.object_states.under ae6dd9f load on device 'cuda:0' took 0.23 ms  (cached)
Module omnigibson.object_states.touching 3695b1b load on device 'cuda:0' took 0.28 ms  (cached)
Module omnigibson.object_states.open_state 9f3c76b load on device 'cuda:0' took 0.26 ms  (cached)
Module omnigibson.object_states.toggle 5172335 load on device 'cuda:0' took 0.39 ms  (cached)
Module omnigibson.object_states.inside c41ba8f load on device 'cuda:0' took 0.46 ms  (cached)
Module omnigibson.object_states.heat_source_or_sink 472acd8 load on device 'cuda:0' took 0.24 ms  (cached)
Module omnigibson.object_states.temperature 10db2b7 load on device 'cuda:0' took 0.52 ms  (cached)
Module omnigibson.object_states.on_top 52eaeb1 load on device 'cuda:0' took 0.22 ms  (cached)
Module omnigibson.object_states.on_fire 9bf5add load on device 'cuda:0' took 0.24 ms  (cached)
Module omnigibson.object_states.next_to f8c23b3 load on device 'cuda:0' took 0.25 ms  (cached)
No generic presampled robot pose found, using robot-specific pose.
Warp DeprecationWarning: The symbol `warp.types.warp_type_to_np_dtype` will soon be removed from the public API. It can still be accessed from `warp._src.types.warp_type_to_np_dtype` but might be changed or removed without notice.
[pi05_native] ../../data/pi05_native/comet_pt12.pi05w: pi05 engine ready in 1.0s, weights 5.05 GiB, activations 0.15 GiB, 10 flow steps
[sgrt] prompt all: 80 labels (task names in vocabulary 1/21, engine vocabulary 80)
[sgrt] prompt: not in the vocabulary: coffee table, electric refrigerator, wall, floor, ceiling, door, window, rug, curtain, picture frame, lamp, plant, staircase, railing, baseboard, light switch, electric outlet, radiator, sofa, shelf
[sgrt] bringing_water: 21 prompt names, out memory
[0m[00:01:40.430] [INFO] [omnigibson.eval.evaluator] [0m
[0m[00:01:40.430] [INFO] [omnigibson.eval.evaluator] ==================================================[0m
[0m[00:01:40.430] [INFO] [omnigibson.eval.evaluator] Loaded 1 policy instance(s) (batched): local[0m
[0m[00:01:40.430] [INFO] [omnigibson.eval.evaluator] ==================================================[0m
[0m[00:01:40.430] [INFO] [omnigibson.eval.evaluator] [0m
2026-10-02T19:50:57Z [91,328ms] [Warning] [omni.syntheticdata.plugin] OgnSdPostRenderVarToHost : rendervar copy from texture directly to host buffer is counter-performant. Please use copy from texture to device buffer first.
2026-10-02T19:50:57Z [91,409ms] [Warning] [omni.syntheticdata.plugin] SdRenderVarPtr missing valid input renderVar DistanceToImagePlaneSDhost
2026-10-02T19:51:05Z [98,628ms] [Error] [omni.kit.app._impl] [py stderr]: /home/juyoung/miniconda3/envs/behavior/lib/python3.11/site-packages/gymnasium/spaces/box.py:415: UserWarning: [33mWARN: Casting input x to numpy array.[0m
  gym.logger.warn("Casting input x to numpy array.")
[0m[00:16:52.204] [INFO] [omnigibson.eval.evaluator] Instance 301 (env 0) finished at step 14158: success=False q_score=0.0[0m
[0m[00:16:52.204] [INFO] [omnigibson.eval.evaluator] [0m
[0m[00:16:52.204] [INFO] [omnigibson.eval.evaluator] ==================================================[0m
[0m[00:16:52.204] [INFO] [omnigibson.eval.evaluator] Total success trials: 0[0m
[0m[00:16:52.204] [INFO] [omnigibson.eval.evaluator] Total trials: 1[0m
[0m[00:16:52.204] [INFO] [omnigibson.eval.evaluator] Success rate: 0.0[0m
[0m[00:16:52.204] [INFO] [omnigibson.eval.evaluator] ==================================================[0m
[0m[00:16:52.204] [INFO] [omnigibson.eval.evaluator] [0m
2026-10-02T19:51:10Z [103,761ms] [Warning] [carb] Client gpu.foundation.plugin has acquired [gpu::unstable::IMemoryBudgetManagerFactory v0.1] 100 times. Consider accessing this interface with carb::getCachedInterface() (Performance warning)
2026-10-02T20:06:15Z [1,008,953ms] [Warning] [carb] Plugin interface for a client: omni.hydratexture.plugin was already released.
2026-10-02T20:06:15Z [1,008,953ms] [Warning] [carb] Plugin interface for a client: omni.hydratexture.plugin was already released.
[1009.066s] Simulation App Shutting Down
