[0m[00:00:05.625] [INFO] [omnigibson.simulator] ----- Starting OmniGibson. This will take 10-30 seconds... -----[0m
[og-repro] kit extra_args=['--/rtx-transient/hydra/geometrystreaming/syncLoad=true', '--/rtx/rendering/perViewTlas=false', '--/rtx/raytracing/cached/enabled=false', '--/rtx/raytracing/lightcache/spatialCache/enabled=false']
DEBUG:asyncio:Using proactor: IocpProactor
[Info] [carb] Logging to file: C:/behavior-2026/BEHAVIOR-1K/OmniGibson/appdata/local/logs/Kit/OmniGibson/3.9/kit_20260929_230137.log
[0.192s] [ext: omni.kit.async_engine-0.0.3] startup
[0.404s] [ext: omni.metrics.core-0.0.3] startup
[0.408s] [ext: omni.client.lib-1.1.0] startup
[0.429s] [ext: omni.blobkey-1.1.2] startup
[0.431s] [ext: omni.stats-1.0.1] startup
[0.436s] [ext: omni.datastore-0.0.0] startup
[0.441s] [ext: omni.client-1.3.0] startup
[0.453s] [ext: omni.ujitso.default-1.0.0] startup
[0.460s] [ext: omni.hsscclient-1.1.2] startup
[0.480s] [ext: omni.gpu_foundation.shadercache.vulkan-1.0.0] startup
[0.487s] [ext: omni.assets.plugins-0.0.0] startup
[0.494s] [ext: omni.gpu_foundation-0.0.0] startup
[0.531s] [ext: carb.windowing.plugins-1.0.0] startup
[0.858s] [ext: omni.kit.renderer.init-0.0.0] startup
[0.861s] [ext: omni.materialx.libs-1.0.7] startup
[0.885s] [ext: omni.kit.loop-isaac-1.3.7] startup
[0.888s] [ext: omni.kit.test-2.0.1] startup
[0.958s] [ext: omni.usd.config-1.0.6] startup
[0.983s] [ext: omni.gpucompute.plugins-0.0.0] startup
[0.987s] [ext: omni.usd.libs-1.0.1] startup
[1.126s] [ext: omni.kit.telemetry-0.5.2] startup
[1.140s] [ext: omni.mdl-56.0.3] startup
[1.170s] [ext: omni.iray.libs-0.0.0] startup
[1.207s] [ext: omni.mdl.neuraylib-0.2.12] startup
[1.216s] [ext: omni.kit.usd.mdl-1.1.5] startup
[1.367s] [ext: omni.kit.pipapi-0.0.0] startup
[1.369s] [ext: omni.appwindow-1.1.10] startup
[1.377s] [ext: omni.kit.renderer.core-1.1.0] startup
[1.394s] [ext: omni.kit.renderer.capture-0.0.0] startup
[1.420s] [ext: omni.kit.renderer.imgui-2.0.5] startup
[1.445s] [ext: omni.ui-2.27.1] startup
[1.460s] [ext: omni.kit.mainwindow-1.0.3] startup
[1.463s] [ext: carb.audio-0.1.0] startup
[1.466s] [ext: omni.uiaudio-1.0.0] startup
[1.470s] [ext: omni.kit.uiapp-0.0.0] startup
[1.470s] [ext: omni.usd.schema.metrics.assembler-107.3.1] startup
[1.482s] [ext: omni.usd.schema.audio-0.0.0] startup
[1.496s] [ext: omni.usd_resolver-1.0.0] startup
[1.518s] [ext: omni.usd.core-1.5.3] startup
[1.520s] [ext: omni.usd.schema.omni_lens_distortion-0.0.0] startup
[1.551s] [ext: omni.usd.schema.anim-0.0.0] startup
[1.599s] [ext: omni.usd.schema.geospatial-0.0.0] startup
[1.609s] [ext: omni.usd.schema.semantics-0.0.0] startup
[1.619s] [ext: omni.kit.actions.core-1.0.0] startup
[1.627s] [ext: omni.activity.core-1.0.3] startup
[1.634s] [ext: omni.kit.commands-1.4.10] startup
[1.646s] [ext: usdrt.scenegraph-7.6.1] startup
[1.741s] [ext: omni.resourcemonitor-107.0.1] startup
[1.748s] [ext: omni.kit.audiodeviceenum-1.0.2] startup
[1.753s] [ext: omni.hydra.usdrt_delegate-7.5.1] startup
[1.770s] [ext: omni.kit.usd_undo-0.1.8] startup
[1.772s] [ext: omni.kit.window.popup_dialog-2.0.24] startup
[1.780s] [ext: omni.graph.exec-0.9.6] startup
[1.782s] [ext: omni.timeline-1.0.14] startup
[1.787s] [ext: omni.kit.widget.nucleus_connector-2.0.1] startup
[1.791s] [ext: omni.kit.exec.core-0.13.4] startup
[1.798s] [ext: omni.hydra.scene_delegate-0.3.4] startup
[1.803s] [ext: omni.usd-1.13.10] startup
[1.859s] [ext: omni.kit.asset_converter-5.0.17] startup
[1.877s] [ext: omni.usd.schema.isaac-3.0.5] startup
[1.877s] [ext: omni.usd.schema.omnigraph-1.0.0] startup
[1.902s] [ext: isaacsim.robot.schema-3.6.0] startup
[1.940s] [ext: omni.usd.schema.omniscripting-1.0.0] startup
[1.957s] [ext: omni.usd.schema.flow-107.1.1] startup
[1.958s] [ext: omni.usd.schema.omni_sensors-0.0.0] startup
[1.960s] [ext: omni.usd.schema.physx-107.3.26] startup
[2.005s] [ext: omni.inspect-1.0.2] startup
[2.011s] [ext: omni.kit.notification_manager-1.0.10] startup
[2.016s] [ext: omni.graph.core-2.184.5] startup
[2.022s] [ext: isaacsim.core.deprecation_manager-0.2.7] startup
[2.024s] [ext: omni.usd.schema.render_settings.rtx-0.0.0] startup
[2.026s] [ext: omni.anim.graph.schema-107.3.3] startup
[2.041s] [ext: omni.anim.navigation.schema-107.3.3] startup
[2.052s] [ext: omni.kit.widget.path_field-2.0.11] startup
[2.054s] [ext: omni.kit.viewport.legacy_gizmos-1.0.19] startup
2026-09-29T14:01:39Z [1,958ms] [Warning] [gpu.foundation.plugin] Skipping unsupported non-NVIDIA GPU: AMD Radeon(TM) Graphics
2026-09-29T14:01:39Z [1,959ms] [Warning] [gpu.foundation.plugin] Skipping unsupported non-NVIDIA GPU: AMD Radeon(TM) Graphics
[2.058s] [ext: omni.kit.widget.browser_bar-2.0.10] startup
[2.061s] [ext: omni.kit.clipboard-1.0.5] startup
[2.064s] [ext: omni.kit.usd.layers-2.2.11] startup
[2.081s] [ext: omni.ui.scene-1.11.5] startup
[2.106s] [ext: omni.index.libs-380600.8087.0] startup
[2.106s] [ext: omni.kit.viewport.scene_camera_model-1.0.6] startup
[2.110s] [ext: omni.index-1.0.1] startup
[2.113s] [ext: omni.hydra.rtx.shadercache.vulkan-1.0.0] startup
[2.117s] [ext: omni.kit.widget.options_menu-1.1.6] startup
[2.126s] [ext: omni.volume-0.5.2] startup
[2.138s] [ext: omni.ujitso.client-0.0.0] startup
[2.141s] [ext: omni.kit.helper.file_utils-0.1.9] startup
[2.145s] [ext: omni.kit.menu.core-1.1.2] startup
[2.147s] [ext: omni.hydra.rtx-1.0.0] startup
[2.224s] [ext: omni.kit.widget.options_button-1.0.3] startup
[2.227s] [ext: omni.kit.widget.filebrowser-2.12.3] startup
[2.241s] [ext: omni.kit.widget.context_menu-1.2.5] startup
[2.244s] [ext: omni.kit.hydra_texture-1.4.6] startup
[2.254s] [ext: omni.kit.window.filepicker-2.13.4] startup
[2.290s] [ext: omni.kit.menu.utils-2.0.5] startup

|---------------------------------------------------------------------------------------------|
| Driver Version: 591.86        | Graphics API: Vulkan
|=============================================================================================|
| GPU | Name                             | Active | LDA | GPU Memory | Vendor-ID | LUID       |
|     |                                  |        |     |            | Device-ID | UUID       |
|     |                                  |        |     |            | Bus-ID    |            |
|---------------------------------------------------------------------------------------------|
| 0   | NVIDIA GeForce RTX 5070 Ti       | Yes: 0 |     | 15995   MB | 10de      | 99140100.. |
|     |                                  |        |     |            | 2c05      | a9dc7904.. |
|     |                                  |        |     |            | 1         |            |
|---------------------------------------------------------------------------------------------|
| 1   | AMD Radeon(TM) Graphics          |        |     | 32619   MB | 1002      | 67290100.. |
|     |                                  |        |     |            | 13c0      | 00000000.. |
|     |                                  |        |     |            | N/A       |            |
|=============================================================================================|
| OS: Windows 11 Pro, Version: 10.0 (25H2), Build: 26200, Kernel: 10.0.26100.9444
| Processor: AMD Ryzen 9 9950X 16-Core Processor            
| Cores: 16 | Logical Cores: 32
|---------------------------------------------------------------------------------------------|
| Total Memory (MB): 63136 | Free Memory: 27412
| Total Page/Swap (MB): 100000 | Free Page/Swap: 39886
|---------------------------------------------------------------------------------------------|
[2.308s] [ext: omni.kit.context_menu-1.8.6] startup
[2.313s] [ext: omni.kit.widget.viewport-107.1.3] startup
[2.326s] [ext: omni.kit.viewport.registry-104.0.6] startup
[2.328s] [ext: omni.kit.window.file_importer-1.1.18] startup
[2.335s] [ext: omni.kit.raycast.query-1.1.0] startup
[2.347s] [ext: omni.kit.material.library-2.0.7] startup
[2.359s] [ext: omni.kit.window.drop_support-1.0.5] startup
[2.360s] [ext: omni.hydra.engine.stats-1.0.3] startup
[2.364s] [ext: omni.kit.viewport.window-107.2.0] startup
[2.630s] [ext: omni.kit.widget.zoombar-1.0.6] startup
[2.632s] [ext: omni.kit.widget.searchfield-1.1.8] startup
[2.635s] [ext: omni.kit.widget.filter-1.1.4] startup
[2.637s] [ext: omni.kit.window.file_exporter-1.0.33] startup
[2.639s] [ext: omni.kit.hotkeys.core-1.3.10] startup
[2.640s] [ext: omni.kit.browser.core-2.3.13] startup
[2.650s] [ext: omni.kit.stage_template.core-1.1.22] startup
[2.652s] [ext: omni.kit.widget.stage-3.1.4] startup
[2.681s] [ext: omni.kit.browser.folder.core-1.10.9] startup
DEBUG:AutoNode:Defining data type 'any' as 'Any'
DEBUG:AutoNode:Defining data type 'bool' as 'Bool' and array 'BoolArray
DEBUG:AutoNode:Defining data type 'bundle' as 'Bundle'
DEBUG:AutoNode:Defining data type 'colord[3]' as 'Color3d' and array 'Color3dArray
DEBUG:AutoNode:Defining data type 'colorf[3]' as 'Color3f' and array 'Color3fArray
DEBUG:AutoNode:Defining data type 'colorh[3]' as 'Color3h' and array 'Color3hArray
DEBUG:AutoNode:Defining data type 'colord[4]' as 'Color4d' and array 'Color4dArray
DEBUG:AutoNode:Defining data type 'colorf[4]' as 'Color4f' and array 'Color4fArray
DEBUG:AutoNode:Defining data type 'colorh[4]' as 'Color4h' and array 'Color4hArray
DEBUG:AutoNode:Defining data type 'double' as 'Double' and array 'DoubleArray
DEBUG:AutoNode:Defining data type 'double[2]' as 'Double2' and array 'Double2Array
DEBUG:AutoNode:Defining data type 'double[3]' as 'Double3' and array 'Double3Array
DEBUG:AutoNode:Defining data type 'double[4]' as 'Double4' and array 'Double4Array
DEBUG:AutoNode:Defining data type 'execution' as 'Execution'
DEBUG:AutoNode:Defining data type 'float' as 'Float' and array 'FloatArray
DEBUG:AutoNode:Defining data type 'float[2]' as 'Float2' and array 'Float2Array
DEBUG:AutoNode:Defining data type 'float[3]' as 'Float3' and array 'Float3Array
DEBUG:AutoNode:Defining data type 'float[4]' as 'Float4' and array 'Float4Array
DEBUG:AutoNode:Defining data type 'frame[4]' as 'Frame' and array 'FrameArray
DEBUG:AutoNode:Defining data type 'half' as 'Half' and array 'HalfArray
DEBUG:AutoNode:Defining data type 'half[2]' as 'Half2' and array 'Half2Array
DEBUG:AutoNode:Defining data type 'half[3]' as 'Half3' and array 'Half3Array
DEBUG:AutoNode:Defining data type 'half[4]' as 'Half4' and array 'Half4Array
DEBUG:AutoNode:Defining data type 'int' as 'Int' and array 'IntArray
DEBUG:AutoNode:Defining data type 'int[2]' as 'Int2' and array 'Int2Array
DEBUG:AutoNode:Defining data type 'int[3]' as 'Int3' and array 'Int3Array
DEBUG:AutoNode:Defining data type 'int[4]' as 'Int4' and array 'Int4Array
DEBUG:AutoNode:Defining data type 'int64' as 'Int64' and array 'Int64Array
DEBUG:AutoNode:Defining data type 'matrixd[2]' as 'Matrix2d' and array 'Matrix2dArray
DEBUG:AutoNode:Defining data type 'matrixd[3]' as 'Matrix3d' and array 'Matrix3dArray
DEBUG:AutoNode:Defining data type 'matrixd[4]' as 'Matrix4d' and array 'Matrix4dArray
DEBUG:AutoNode:Defining data type 'normald[3]' as 'Normal3d' and array 'Normal3dArray
DEBUG:AutoNode:Defining data type 'normalf[3]' as 'Normal3f' and array 'Normal3fArray
DEBUG:AutoNode:Defining data type 'normalh[3]' as 'Normal3h' and array 'Normal3hArray
DEBUG:AutoNode:Defining data type 'objectId' as 'ObjectId' and array 'ObjectIdArray
DEBUG:AutoNode:Defining data type 'path' as 'Path'
DEBUG:AutoNode:Defining data type 'pointd[3]' as 'Point3d' and array 'Point3dArray
DEBUG:AutoNode:Defining data type 'pointf[3]' as 'Point3f' and array 'Point3fArray
DEBUG:AutoNode:Defining data type 'pointh[3]' as 'Point3h' and array 'Point3hArray
DEBUG:AutoNode:Defining data type 'quatd[4]' as 'Quatd' and array 'QuatdArray
DEBUG:AutoNode:Defining data type 'quatf[4]' as 'Quatf' and array 'QuatfArray
DEBUG:AutoNode:Defining data type 'quath[4]' as 'Quath' and array 'QuathArray
DEBUG:AutoNode:Defining data type 'string' as 'String'
DEBUG:AutoNode:Defining data type 'target' as 'Target'
DEBUG:AutoNode:Defining data type 'texcoordd[2]' as 'TexCoord2d' and array 'TexCoord2dArray
DEBUG:AutoNode:Defining data type 'texcoordf[2]' as 'TexCoord2f' and array 'TexCoord2fArray
DEBUG:AutoNode:Defining data type 'texcoordh[2]' as 'TexCoord2h' and array 'TexCoord2hArray
DEBUG:AutoNode:Defining data type 'texcoordd[3]' as 'TexCoord3d' and array 'TexCoord3dArray
DEBUG:AutoNode:Defining data type 'texcoordf[3]' as 'TexCoord3f' and array 'TexCoord3fArray
DEBUG:AutoNode:Defining data type 'texcoordh[3]' as 'TexCoord3h' and array 'TexCoord3hArray
DEBUG:AutoNode:Defining data type 'timecode' as 'Timecode' and array 'TimecodeArray
DEBUG:AutoNode:Defining data type 'token' as 'Token' and array 'TokenArray
DEBUG:AutoNode:Defining data type 'uchar' as 'UChar' and array 'UCharArray
DEBUG:AutoNode:Defining data type 'uint' as 'UInt' and array 'UIntArray
DEBUG:AutoNode:Defining data type 'uint64' as 'UInt64' and array 'UInt64Array
DEBUG:AutoNode:Defining data type 'vectord[3]' as 'Vector3d' and array 'Vector3dArray
DEBUG:AutoNode:Defining data type 'vectorf[3]' as 'Vector3f' and array 'Vector3fArray
DEBUG:AutoNode:Defining data type 'vectorh[3]' as 'Vector3h' and array 'Vector3hArray
[2.694s] [ext: omni.kit.window.file-2.0.5] startup
[2.703s] [ext: omni.kit.window.content_browser_registry-0.0.6] startup
[2.705s] [ext: omni.kit.widget.prompt-1.0.7] startup
[2.707s] [ext: omni.kit.usd.collect-2.4.5] startup
[2.712s] [ext: omni.graph.tools-1.79.2] startup
[2.777s] [ext: omni.kit.window.content_browser-3.1.3] startup
[2.796s] [ext: omni.kit.usdz_export-1.0.9] startup
[2.800s] [ext: omni.graph.action_core-1.1.7] startup
[2.807s] [ext: omni.graph-1.141.2] startup
[2.894s] [ext: omni.kit.widget.stage_icons-1.0.8] startup
[2.897s] [ext: omni.kit.tool.asset_importer-4.3.2] startup
[2.912s] [ext: omni.graph.action_nodes-1.50.4] startup
[2.929s] [ext: omni.kit.window.stage-2.6.1] startup
[2.946s] [ext: omni.kit.widget.searchable_combobox-1.0.6] startup
[2.950s] [ext: omni.graph.action-1.130.0] startup
[2.952s] [ext: omni.kit.menu.stage-1.2.7] startup
[2.956s] [ext: omni.kit.widget.settings-1.2.6] startup
[2.964s] [ext: omni.kit.viewport.utility-1.1.2] startup
[2.967s] [ext: omni.kit.property.adapter.core-1.0.2] startup
[2.979s] [ext: omni.kit.window.preferences-1.8.0] startup
[2.999s] [ext: omni.kit.viewport.actions-107.0.2] startup
[3.008s] [ext: omni.kit.widget.highlight_label-1.0.3] startup
[3.011s] [ext: omni.kit.property.adapter.usd-1.0.2] startup
[3.016s] [ext: omni.kit.viewport.menubar.core-107.2.1] startup
[3.079s] [ext: omni.kit.property.adapter.fabric-1.0.3] startup
[3.084s] [ext: omni.kit.viewport.menubar.display-107.0.3] startup
[3.089s] [ext: omni.kit.window.property-1.12.1] startup
[3.098s] [ext: omni.ui_query-1.1.8] startup
[3.101s] [ext: omni.kit.property.usd-4.5.12] startup
[3.124s] [ext: omni.kit.menu.create-2.0.1] startup
[3.128s] [ext: isaacsim.core.version-2.0.6] startup
[3.131s] [ext: omni.kit.ui_test-1.3.7] startup
[3.136s] [ext: omni.kit.scripting-107.3.2] startup
[3.147s] [ext: omni.convexdecomposition-107.3.26] startup
[3.154s] [ext: isaacsim.storage.native-1.5.1] startup
[3.160s] [ext: omni.kit.widget.toolbar-2.0.1] startup
[3.181s] [ext: omni.kit.manipulator.transform-107.0.0] startup
[3.192s] [ext: omni.kvdb-107.3.26] startup
[3.201s] [ext: omni.usdphysics-107.3.26] startup
[3.206s] [ext: omni.physx.foundation-107.3.26] startup
[3.216s] [ext: omni.localcache-107.3.26] startup
[3.224s] [ext: omni.kit.window.extensions-1.4.27] startup
[3.240s] [ext: omni.physx.cooking-107.3.26] startup
[3.249s] [ext: omni.kit.manipulator.viewport-107.0.1] startup
[3.252s] [ext: omni.physx-107.3.26] startup
[3.272s] [ext: omni.graph.visualization.nodes-2.1.3] startup
[3.287s] [ext: isaacsim.replicator.behavior-1.1.16] startup
[3.290s] [ext: omni.kit.tool.collect-2.2.18] startup
[3.300s] [ext: omni.kit.manipulator.tool.snap-1.5.13] startup
[3.317s] [ext: omni.kit.manipulator.selector-1.1.3] startup
[3.322s] [ext: isaacsim.gui.components-1.2.1] startup
[3.330s] [ext: isaacsim.examples.browser-0.2.1] startup
[3.340s] [ext: isaacsim.asset.importer.urdf-2.4.30] startup
[3.492s] [ext: omni.kit.viewport.manipulator.transform-107.0.4] startup
[3.506s] [ext: omni.kit.primitive.mesh-1.0.17] startup
[3.516s] [ext: omni.kit.manipulator.prim.core-107.0.8] startup
[3.531s] [ext: omni.fabric.commands-1.1.6] startup
[3.539s] [ext: omni.kit.manipulator.prim.usd-107.0.3] startup
[3.542s] [ext: omni.kit.manipulator.prim.fabric-107.0.4] startup
[3.547s] [ext: omni.kit.widget.layers-1.8.6] startup
[3.577s] [ext: omni.kit.manipulator.selection-106.0.1] startup
[3.581s] [ext: omni.kit.manipulator.prim-107.0.0] startup
[3.582s] [ext: omni.debugdraw-0.1.4] startup
[3.589s] [ext: omni.physics-107.3.26] startup
[3.600s] [ext: omni.usdphysics.ui-107.3.26] startup
[3.635s] [ext: omni.physx.commands-107.3.26] startup
[3.644s] [ext: omni.physics.stageupdate-107.3.26] startup
[3.653s] [ext: omni.kit.window.toolbar-2.0.0] startup
[3.659s] [ext: omni.physx.ui-107.3.26] startup
[3.710s] [ext: omni.kit.widget.graph-2.0.0] startup
[3.725s] [ext: omni.physx.supportui-107.3.26] startup
[3.749s] [ext: omni.kit.graph.delegate.default-1.2.3] startup
[3.752s] [ext: omni.kit.numpy.common-0.1.3] startup
[3.757s] [ext: omni.usd.metrics.assembler-107.3.1] startup
[3.766s] [ext: omni.physics.physx-107.3.26] startup
2026-09-29T14:01:41Z [3,671ms] [Warning] [carb] Acquiring non optional plugin interface which is not listed as dependency: [omni::physx::IPhysxBenchmarks v1.0] (plugin: <default plugin>), by client: omni.physics.physx.plugin. Add it to CARB_PLUGIN_IMPL_DEPS() macro of a client.
[3.770s] [ext: omni.physics.tensors-107.3.26] startup
[3.780s] [ext: omni.warp.core-1.8.2] startup
2026-09-29T14:01:41Z [3,685ms] [Warning] [omni.ext._impl._internal] There is already a module 'warp' in 'C:\Users\user one\anaconda3\envs\behavior\Lib\site-packages\warp\__init__.py'. Can't import another module with the same name in public space from 'c:\users\user one\anaconda3\envs\behavior\lib\site-packages\isaacsim\extscache\omni.warp.core-1.8.2+wx64'.
[3.784s] [ext: omni.usd.metrics.assembler.physics-107.3.26] startup
[3.789s] [ext: omni.isaac.dynamic_control-2.0.7] startup
2026-09-29T14:01:41Z [3,700ms] [Warning] [omni.isaac.dynamic_control] omni.isaac.dynamic_control is deprecated as of Isaac Sim 4.5. No action is needed from end-users.
[3.800s] [ext: omni.physx.tensors-107.3.26] startup
[3.804s] [ext: isaacsim.core.utils-3.5.1] startup
[3.810s] [ext: omni.graph.image.core-0.6.1] startup
[3.814s] [ext: isaacsim.core.simulation_manager-1.4.4] startup
[3.948s] [ext: omni.graph.image.nodes-1.3.1] startup
[3.953s] [ext: omni.kit.stage_templates-2.0.0] startup
[3.958s] [ext: isaacsim.core.prims-0.6.1] startup
[4.001s] [ext: omni.syntheticdata-0.6.13] startup
[4.023s] [ext: isaacsim.core.api-4.8.0] startup
[4.072s] [ext: omni.videoencoding-0.1.2] startup
[4.079s] [ext: isaacsim.core.experimental.utils-0.3.0] startup
[4.084s] [ext: omni.kit.graph.editor.core-1.5.3] startup
[4.091s] [ext: omni.kit.graph.usd.commands-1.3.1] startup
[4.093s] [ext: isaacsim.simulation_app-2.12.2] startup
[4.095s] [ext: omni.graph.ui_nodes-1.50.5] startup
[4.103s] [ext: omni.graph.nodes-1.170.10] startup
[4.119s] [ext: omni.kit.widget.material_preview-1.0.16] startup
[4.127s] [ext: isaacsim.test.docstring-1.1.0] startup
[4.135s] [ext: omni.isaac.kit-2.0.6] startup
2026-09-29T14:01:41Z [4,039ms] [Warning] [omni.isaac.kit] omni.isaac.kit has been deprecated in favor of isaacsim.simulation_app. Please update your code accordingly.
[4.137s] [ext: isaacsim.robot_motion.lula-4.0.8] startup
[4.153s] [ext: omni.warp-1.8.2] startup
[4.171s] [ext: omni.kit.window.material_graph-1.9.1] startup
[4.204s] [ext: omni.graph.scriptnode-1.50.0] startup
[4.212s] [ext: isaacsim.robot_motion.motion_generation-8.0.26] startup
[4.249s] [ext: isaacsim.core.experimental.prims-0.8.1] startup
[4.336s] [ext: omni.replicator.core-1.12.27] startup
2026-09-29T14:01:42Z [4,274ms] [Warning] [pxr.Semantics] pxr.Semantics is deprecated - please use Semantics instead
2026-09-29T14:01:42Z [4,432ms] [Warning] [omni.graph.core.plugin] Found duplicate of category 'Replicator' - was 'Annotators', adding 'Fabric Reader'
2026-09-29T14:01:42Z [4,433ms] [Warning] [omni.graph.core.plugin] Category 'Replicator' not accepted on node type 'omni.replicator.core.FabricReader' in extension 'omni.replicator.core'
2026-09-29T14:01:42Z [4,434ms] [Warning] [omni.replicator.core.scripts.extension] No material configuration file, adding configuration to material settings directly.
[4.537s] [ext: isaacsim.robot_motion.lula_test_widget-1.0.12] startup
[4.546s] [ext: isaacsim.robot.surface_gripper-3.3.1] startup
[4.555s] [ext: isaacsim.core.nodes-3.4.3] startup
[4.571s] [ext: omni.isaac.lula_test_widget-1.0.6] startup
2026-09-29T14:01:42Z [4,477ms] [Warning] [omni.isaac.lula_test_widget] omni.isaac.lula_test_widget has been deprecated in favor of isaacsim.robot_motion.lula_test_widget. Please update your code accordingly.
[4.576s] [ext: isaacsim.robot.manipulators-3.3.6] startup
[4.596s] [ext: isaacsim.core.experimental.objects-0.4.0] startup
[4.632s] [ext: isaacsim.core.experimental.materials-0.4.0] startup
[4.647s] [ext: isaacsim.core.throttling-2.2.2] startup
[4.657s] [ext: isaacsim.robot.manipulators.examples-1.1.2] startup
[4.661s] [ext: omni.flowusd-107.1.8] startup
2026-09-29T14:01:42Z [4,569ms] [Warning] [omni.stageupdate.plugin] Deprecated: direct use of IStageUpdate callbacks is deprecated. Use IStageUpdate::getStageUpdate instead.
[4.676s] [ext: isaacsim.cortex.framework-1.0.12] startup
[4.679s] [ext: omni.isaac.core_nodes-2.0.6] startup
2026-09-29T14:01:42Z [4,589ms] [Warning] [omni.isaac.core_nodes] omni.isaac.core_nodes has been deprecated in favor of isaacsim.core.nodes. Please update your code accordingly.
[4.688s] [ext: omni.isaac.cortex-1.0.5] startup
2026-09-29T14:01:42Z [4,593ms] [Warning] [omni.isaac.cortex] omni.isaac.cortex has been deprecated in favor of isaacsim.cortex.framework. Please update your code accordingly.
[4.692s] [ext: omni.anim.curve.core-1.3.1] startup
[4.745s] [ext: omni.isaac.franka-1.0.7] startup
2026-09-29T14:01:42Z [4,650ms] [Warning] [omni.isaac.franka] omni.isaac.franka has been deprecated in favor of isaacsim.robot.manipulators.examples.franka. Please update your code accordingly.
2026-09-29T14:01:42Z [4,651ms] [Warning] [omni.isaac.franka.franka] omni.isaac.franka has been deprecated in favor of isaacsim.robot.manipulators.examples.franka. Please update your code accordingly.
2026-09-29T14:01:42Z [4,697ms] [Warning] [omni.isaac.franka.kinematics_solver] omni.isaac.franka has been deprecated in favor of isaacsim.robot.manipulators.examples.franka. Please update your code accordingly.
[4.796s] [ext: omni.kit.viewport.menubar.camera-107.0.6] startup
[4.824s] [ext: omni.isaac.lula-4.0.6] startup
2026-09-29T14:01:42Z [4,728ms] [Warning] [omni.isaac.lula] omni.isaac.lula has been deprecated in favor of isaacsim.robot_motion.lula. Please update your code accordingly.
[4.827s] [ext: omni.kit.selection-0.1.6] startup
[4.832s] [ext: omni.kit.viewport.menubar.settings-107.0.3] startup
[4.857s] [ext: omni.isaac.manipulators-3.0.7] startup
2026-09-29T14:01:42Z [4,761ms] [Warning] [omni.isaac.manipulators] omni.isaac.manipulators has been deprecated in favor of isaacsim.robot.manipulators. Please update your code accordingly.
2026-09-29T14:01:42Z [4,762ms] [Warning] [omni.isaac.manipulators.controllers] omni.isaac.manipulators has been deprecated in favor of isaacsim.robot.manipulators. Please update your code accordingly.
2026-09-29T14:01:42Z [4,763ms] [Warning] [omni.isaac.manipulators.controllers.pick_place_controller] omni.isaac.manipulators has been deprecated in favor of isaacsim.robot.manipulators. Please update your code accordingly.
2026-09-29T14:01:42Z [4,769ms] [Warning] [omni.isaac.manipulators.controllers.stacking_controller] omni.isaac.manipulators has been deprecated in favor of isaacsim.robot.manipulators. Please update your code accordingly.
2026-09-29T14:01:42Z [4,770ms] [Warning] [omni.isaac.manipulators.grippers] omni.isaac.manipulators has been deprecated in favor of isaacsim.robot.manipulators. Please update your code accordingly.
2026-09-29T14:01:42Z [4,771ms] [Warning] [omni.isaac.manipulators.grippers.gripper] omni.isaac.manipulators has been deprecated in favor of isaacsim.robot.manipulators. Please update your code accordingly.
2026-09-29T14:01:42Z [4,772ms] [Warning] [omni.isaac.manipulators.grippers.parallel_gripper] omni.isaac.manipulators has been deprecated in favor of isaacsim.robot.manipulators. Please update your code accordingly.
2026-09-29T14:01:42Z [4,772ms] [Warning] [omni.isaac.manipulators.grippers.surface_gripper] omni.isaac.manipulators has been deprecated in favor of isaacsim.robot.manipulators. Please update your code accordingly.
2026-09-29T14:01:42Z [4,773ms] [Warning] [omni.isaac.manipulators.manipulators] omni.isaac.manipulators has been deprecated in favor of isaacsim.robot.manipulators. Please update your code accordingly.
2026-09-29T14:01:42Z [4,774ms] [Warning] [omni.isaac.manipulators.manipulators.single_manipulator] omni.isaac.manipulators has been deprecated in favor of isaacsim.robot.manipulators. Please update your code accordingly.
[4.873s] [ext: isaacsim.gui.menu-2.4.4] startup
[4.906s] [ext: isaacsim.sensors.physics-0.4.3] startup
[4.923s] [ext: isaacsim.asset.browser-1.3.23] startup
[4.963s] [ext: omni.isaac.menu-1.0.6] startup
2026-09-29T14:01:42Z [4,871ms] [Warning] [omni.isaac.menu] omni.isaac.menu has been deprecated in favor of isaacsim.gui.menu. Please update your code accordingly.
[4.972s] [ext: isaacsim.robot.policy.examples-4.1.11] startup
[4.988s] [ext: omni.isaac.motion_generation-8.0.7] startup
2026-09-29T14:01:42Z [4,897ms] [Warning] [omni.isaac.motion_generation] omni.isaac.motion_generation has been deprecated in favor of isaacsim.robot_motion.motion_generation. Please update your code accordingly.
2026-09-29T14:01:42Z [4,902ms] [Warning] [omni.isaac.motion_generation.articulation_kinematics_solver] omni.isaac.motion_generation has been deprecated in favor of isaacsim.robot_motion.motion_generation. Please update your code accordingly.
2026-09-29T14:01:42Z [4,904ms] [Warning] [omni.isaac.motion_generation.articulation_motion_policy] omni.isaac.motion_generation has been deprecated in favor of isaacsim.robot_motion.motion_generation. Please update your code accordingly.
2026-09-29T14:01:42Z [4,906ms] [Warning] [omni.isaac.motion_generation.articulation_trajectory] omni.isaac.motion_generation has been deprecated in favor of isaacsim.robot_motion.motion_generation. Please update your code accordingly.
2026-09-29T14:01:42Z [4,909ms] [Warning] [omni.isaac.motion_generation.kinematics_interface] omni.isaac.motion_generation has been deprecated in favor of isaacsim.robot_motion.motion_generation. Please update your code accordingly.
2026-09-29T14:01:42Z [4,912ms] [Warning] [omni.isaac.motion_generation.lula] omni.isaac.motion_generation has been deprecated in favor of isaacsim.robot_motion.motion_generation. Please update your code accordingly.
2026-09-29T14:01:42Z [4,916ms] [Warning] [omni.isaac.motion_generation.lula.kinematics] omni.isaac.motion_generation has been deprecated in favor of isaacsim.robot_motion.motion_generation. Please update your code accordingly.
2026-09-29T14:01:42Z [4,918ms] [Warning] [omni.isaac.motion_generation.lula.motion_policies] omni.isaac.motion_generation has been deprecated in favor of isaacsim.robot_motion.motion_generation. Please update your code accordingly.
2026-09-29T14:01:42Z [4,919ms] [Warning] [omni.isaac.motion_generation.lula.path_planners] omni.isaac.motion_generation has been deprecated in favor of isaacsim.robot_motion.motion_generation. Please update your code accordingly.
2026-09-29T14:01:42Z [4,922ms] [Warning] [omni.isaac.motion_generation.lula.trajectory_generator] omni.isaac.motion_generation has been deprecated in favor of isaacsim.robot_motion.motion_generation. Please update your code accordingly.
2026-09-29T14:01:42Z [4,926ms] [Warning] [omni.isaac.motion_generation.motion_policy_controller] omni.isaac.motion_generation has been deprecated in favor of isaacsim.robot_motion.motion_generation. Please update your code accordingly.
2026-09-29T14:01:42Z [4,929ms] [Warning] [omni.isaac.motion_generation.motion_policy_interface] omni.isaac.motion_generation has been deprecated in favor of isaacsim.robot_motion.motion_generation. Please update your code accordingly.
2026-09-29T14:01:42Z [4,933ms] [Warning] [omni.isaac.motion_generation.path_planner_visualizer] omni.isaac.motion_generation has been deprecated in favor of isaacsim.robot_motion.motion_generation. Please update your code accordingly.
2026-09-29T14:01:42Z [4,935ms] [Warning] [omni.isaac.motion_generation.path_planning_interface] omni.isaac.motion_generation has been deprecated in favor of isaacsim.robot_motion.motion_generation. Please update your code accordingly.
2026-09-29T14:01:42Z [4,936ms] [Warning] [omni.isaac.motion_generation.trajectory] omni.isaac.motion_generation has been deprecated in favor of isaacsim.robot_motion.motion_generation. Please update your code accordingly.
2026-09-29T14:01:42Z [4,938ms] [Warning] [omni.isaac.motion_generation.world_interface] omni.isaac.motion_generation has been deprecated in favor of isaacsim.robot_motion.motion_generation. Please update your code accordingly.
[5.038s] [ext: omni.isaac.asset_browser-1.0.6] startup
2026-09-29T14:01:42Z [4,943ms] [Warning] [omni.isaac.asset_browser] omni.isaac.asset_browser has been deprecated in favor of isaacsim.asset.browser. Please update your code accordingly.
[5.045s] [ext: omni.isaac.nucleus-1.0.6] startup
2026-09-29T14:01:42Z [4,951ms] [Warning] [omni.isaac.nucleus] omni.isaac.nucleus has been deprecated in favor of isaacsim.storage.native. Please update your code accordingly.
2026-09-29T14:01:42Z [4,954ms] [Warning] [omni.isaac.nucleus.nucleus] omni.isaac.nucleus.nucleus has been deprecated in favor of isaacsim.storage.native. Please update your code accordingly.
2026-09-29T14:01:42Z [4,955ms] [Warning] [omni.ext._impl._internal] Found class `Extension` derived from `omni.ext.IExt` in module: 'omni.isaac.nucleus', but it was imported from other extension: 'c:/users/user one/anaconda3/envs/behavior/lib/site-packages/isaacsim/exts/isaacsim.storage.native/isaacsim/storage/native/impl/extension.py', which is not a subpath to: 'c:\users\user one\anaconda3\envs\behavior\lib\site-packages\isaacsim\extsdeprecated\omni.isaac.nucleus'. Do not import `IExt` derived class from other extension in your public namespace.
[5.053s] [ext: omni.isaac.quadruped-3.0.7] startup
2026-09-29T14:01:42Z [4,957ms] [Warning] [omni.isaac.quadruped] omni.isaac.quadruped has been deprecated in favor of isaacsim.robot.policy.examples. Please update your code accordingly.
[5.056s] [ext: omni.isaac.assets_check-0.3.13] startup
2026-09-29T14:01:42Z [4,966ms] [Warning] [omni.isaac.assets_check] omni.isaac.assets_check has been deprecated in favor of isaacsim.asset.browser. Please update your code accordingly.
[5.066s] [ext: isaacsim.gui.content_browser-0.1.11] startup
[5.119s] [ext: omni.isaac.utils-2.0.6] startup
[5.137s] [ext: isaacsim.robot.wheeled_robots-4.0.24] startup
[5.233s] [ext: isaacsim.app.about-2.0.11] startup
[5.242s] [ext: omni.isaac.version-2.0.7] startup
2026-09-29T14:01:43Z [5,146ms] [Warning] [omni.isaac.version] omni.isaac.version has been deprecated in favor of isaacsim.core.version. Please update your code accordingly.
[5.247s] [ext: isaacsim.cortex.behaviors-2.0.14] startup
[5.251s] [ext: omni.isaac.wheeled_robots-3.0.7] startup
2026-09-29T14:01:43Z [5,157ms] [Warning] [omni.isaac.wheeled_robots] omni.isaac.wheeled_robots has been deprecated in favor of isaacsim.robot.wheeled_robots. Please update your code accordingly.
2026-09-29T14:01:43Z [5,164ms] [Warning] [omni.isaac.wheeled_robots.controllers] omni.isaac.wheeled_robots has been deprecated in favor of isaacsim.robot.wheeled_robots. Please update your code accordingly.
2026-09-29T14:01:43Z [5,172ms] [Warning] [omni.isaac.wheeled_robots.controllers.ackermann_controller] omni.isaac.wheeled_robots has been deprecated in favor of isaacsim.robot.wheeled_robots. Please update your code accordingly.
2026-09-29T14:01:43Z [5,183ms] [Warning] [omni.isaac.wheeled_robots.controllers.differential_controller] omni.isaac.wheeled_robots has been deprecated in favor of isaacsim.robot.wheeled_robots. Please update your code accordingly.
2026-09-29T14:01:43Z [5,184ms] [Warning] [omni.isaac.wheeled_robots.controllers.holonomic_controller] omni.isaac.wheeled_robots has been deprecated in favor of isaacsim.robot.wheeled_robots. Please update your code accordingly.
2026-09-29T14:01:43Z [5,186ms] [Warning] [omni.isaac.wheeled_robots.controllers.quintic_path_planner] omni.isaac.wheeled_robots has been deprecated in favor of isaacsim.robot.wheeled_robots. Please update your code accordingly.
2026-09-29T14:01:43Z [5,188ms] [Warning] [omni.isaac.wheeled_robots.controllers.stanley_control] omni.isaac.wheeled_robots has been deprecated in favor of isaacsim.robot.wheeled_robots. Please update your code accordingly.
2026-09-29T14:01:43Z [5,191ms] [Warning] [omni.isaac.wheeled_robots.controllers.wheel_base_pose_controller] omni.isaac.wheeled_robots has been deprecated in favor of isaacsim.robot.wheeled_robots. Please update your code accordingly.
Windows fatal exception: code 0xc0000139
System.Management.Automation.RemoteException
Thread 0x0000dc90 (most recent call first):
  File "C:\Users\user one\anaconda3\envs\behavior\Lib\concurrent\futures\thread.py", line 81 in _worker
  File "C:\Users\user one\anaconda3\envs\behavior\Lib\threading.py", line 982 in run
  File "C:\Users\user one\anaconda3\envs\behavior\Lib\threading.py", line 1045 in _bootstrap_inner
  File "C:\Users\user one\anaconda3\envs\behavior\Lib\threading.py", line 1002 in _bootstrap
System.Management.Automation.RemoteException
Thread 0x0000e448 (most recent call first):
  File "C:\Users\user one\anaconda3\envs\behavior\Lib\concurrent\futures\thread.py", line 81 in _worker
  File "C:\Users\user one\anaconda3\envs\behavior\Lib\threading.py", line 982 in run
  File "C:\Users\user one\anaconda3\envs\behavior\Lib\threading.py", line 1045 in _bootstrap_inner
  File "C:\Users\user one\anaconda3\envs\behavior\Lib\threading.py", line 1002 in _bootstrap
System.Management.Automation.RemoteException
Thread 0x0000dddc (most recent call first):
  File "C:\Users\user one\anaconda3\envs\behavior\Lib\concurrent\futures\thread.py", line 81 in _worker
  File "C:\Users\user one\anaconda3\envs\behavior\Lib\threading.py", line 982 in run
  File "C:\Users\user one\anaconda3\envs\behavior\Lib\threading.py", line 1045 in _bootstrap_inner
  File "C:\Users\user one\anaconda3\envs\behavior\Lib\threading.py", line 1002 in _bootstrap
System.Management.Automation.RemoteException
Thread 0x0000c398 (most recent call first):
  File "C:\Users\user one\anaconda3\envs\behavior\Lib\concurrent\futures\thread.py", line 81 in _worker
  File "C:\Users\user one\anaconda3\envs\behavior\Lib\threading.py", line 982 in run
  File "C:\Users\user one\anaconda3\envs\behavior\Lib\threading.py", line 1045 in _bootstrap_inner
  File "C:\Users\user one\anaconda3\envs\behavior\Lib\threading.py", line 1002 in _bootstrap
System.Management.Automation.RemoteException
Thread 0x0000cf78 (most recent call first):
  File "C:\behavior-2026\BEHAVIOR-1K\OmniGibson\appdata\local\cache\ogn_generated\1.79.2\omni.replicator.core-1.12.27\omni.replicator.core\ogn\OgnWritePrimAttributeDatabase.py", line 54 in OgnWritePrimAttributeDatabase
  File "C:\behavior-2026\BEHAVIOR-1K\OmniGibson\appdata\local\cache\ogn_generated\1.79.2\omni.replicator.core-1.12.27\omni.replicator.core\ogn\OgnWritePrimAttributeDatabase.py", line 25 in <module>
  File "<frozen importlib._bootstrap>", line 241 in _call_with_frames_removed
  File "<frozen importlib._bootstrap_external>", line 940 in exec_module
  File "c:/users/user one/anaconda3/envs/behavior/lib/site-packages/isaacsim/extscache/omni.graph.tools-1.79.2+69cbf6ad/omni/graph/tools/_impl/internal/file_utils.py", line 239 in load_module_from_file
  File "c:/users/user one/anaconda3/envs/behavior/lib/site-packages/isaacsim/extscache/omni.graph.tools-1.79.2+69cbf6ad/omni/graph/tools/_impl/internal/extension_contents_1_18.py", line 353 in do_import_node_definition
  File "c:/users/user one/anaconda3/envs/behavior/lib/site-packages/isaacsim/extscache/omni.graph.tools-1.79.2+69cbf6ad/omni/graph/tools/_impl/internal/extension_contents_1_18.py", line 473 in do_python_imports
  File "c:/users/user one/anaconda3/envs/behavior/lib/site-packages/isaacsim/extscache/omni.graph-1.141.2+69cbf6ad.wx64.r.cp311/omni/graph/core/_impl/_registration/register_python_ogn.py", line 114 in register_python_ogn
  File "C:\Users\user one\anaconda3\envs\behavior\Lib\site-packages\isaacsim\kit\kernel\py\carb\profiler\__init__.py", line 99 in wrapper
  File "c:/users/user one/anaconda3/envs/behavior/lib/site-packages/isaacsim/extscache/omni.graph-1.141.2+69cbf6ad.wx64.r.cp311/omni/graph/core/_impl/registration.py", line 42 in __init__
  File "c:/users/user one/anaconda3/envs/behavior/lib/site-packages/isaacsim/extscache/omni.graph-1.141.2+69cbf6ad.wx64.r.cp311/omni/graph/core/_impl/extension.py", line 199 in __register_nodes
  File "C:\Users\user one\anaconda3\envs\behavior\Lib\concurrent\futures\thread.py", line 58 in run
  File "C:\Users\user one\anaconda3\envs\behavior\Lib\concurrent\futures\thread.py", line 83 in _worker
  File "C:\Users\user one\anaconda3\envs\behavior\Lib\threading.py", line 982 in run
  File "C:\Users\user one\anaconda3\envs\behavior\Lib\threading.py", line 1045 in _bootstrap_inner
  File "C:\Users\user one\anaconda3\envs\behavior\Lib\threading.py", line 1002 in _bootstrap
System.Management.Automation.RemoteException
Thread 0x00010de8 (most recent call first):
  File "C:\Users\user one\anaconda3\envs\behavior\Lib\site-packages\isaacsim\exts\isaacsim.simulation_app\isaacsim\simulation_app\simulation_app.py", line 534 in _start_app
  File "C:\Users\user one\anaconda3\envs\behavior\Lib\site-packages\isaacsim\exts\isaacsim.simulation_app\isaacsim\simulation_app\simulation_app.py", line 270 in __init__
  File "C:\behavior-2026\tools\og_black_repro.py", line 62 in init
  File "C:\behavior-2026\BEHAVIOR-1K\OmniGibson\omnigibson\simulator.py", line 293 in _launch_app
  File "C:\behavior-2026\tools\og_black_repro.py", line 66 in launch_with_args
  File "C:\behavior-2026\BEHAVIOR-1K\OmniGibson\omnigibson\simulator.py", line 403 in _launch_simulator
  File "C:\behavior-2026\BEHAVIOR-1K\OmniGibson\omnigibson\envs\env_base.py", line 104 in __init__
  File "C:\behavior-2026\BEHAVIOR-1K\OmniGibson\omnigibson\utils\python_utils.py", line 92 in wrapper
  File "C:\behavior-2026\tools\og_black_repro.py", line 84 in <module>
2026-09-29T14:01:43Z [5,194ms] [Warning] [omni.isaac.wheeled_robots.impl] omni.isaac.wheeled_robots has been deprecated in favor of isaacsim.robot.wheeled_robots. Please update your code accordingly.
2026-09-29T14:01:43Z [5,198ms] [Warning] [omni.isaac.wheeled_robots.robots] omni.isaac.wheeled_robots has been deprecated in favor of isaacsim.robot.wheeled_robots. Please update your code accordingly.
2026-09-29T14:01:43Z [5,200ms] [Warning] [omni.isaac.wheeled_robots.robots.holonomic_robot_usd_setup] omni.isaac.wheeled_robots has been deprecated in favor of isaacsim.robot.wheeled_robots. Please update your code accordingly.
2026-09-29T14:01:43Z [5,207ms] [Warning] [omni.isaac.wheeled_robots.robots.wheeled_robot] omni.isaac.wheeled_robots has been deprecated in favor of isaacsim.robot.wheeled_robots. Please update your code accordingly.
[5.312s] [ext: omni.isaac.window.about-2.0.7] startup
2026-09-29T14:01:43Z [5,240ms] [Warning] [omni.isaac.window.about] omni.isaac.window.about has been deprecated in favor of isaacsim.app.about. Please update your code accordingly.
2026-09-29T14:01:43Z [5,242ms] [Warning] [omni.isaac.window.about.about] omni.isaac.window.about.about has been deprecated in favor of isaacsim.app.about.about. Please update your code accordingly.
[5.342s] [ext: omni.kit.manipulator.camera-106.0.4] startup
[5.387s] [ext: omni.isaac.cortex.sample_behaviors-2.0.5] startup
2026-09-29T14:01:43Z [5,291ms] [Warning] [omni.isaac.cortex.sample_behaviors] omni.isaac.cortex.sample_behaviors has been deprecated in favor of isaacsim.cortex.behaviors. Please update your code accordingly.
[5.391s] [ext: omni.sensors.nv.common-3.0.0] startup
[5.458s] [ext: omni.kit.property.audio-1.0.16] startup
[5.470s] [ext: omni.kit.property.camera-1.0.10] startup
[5.487s] [ext: omni.sensors.net-1.0.0] startup
[5.525s] [ext: omni.sensors.nv.materials-2.0.0] startup
[5.563s] [ext: omni.kit.property.geometry-2.0.4] startup
[5.594s] [ext: omni.kit.property.light-1.0.12] startup
[5.621s] [ext: omni.kit.property.material-1.11.9] startup
[5.645s] [ext: omni.sensors.nv.ids-2.0.0] startup
[5.656s] [ext: omni.sensors.nv.wpm-3.0.0] startup
[5.666s] [ext: omni.sensors.nv.lidar-3.0.0] startup
[5.684s] [ext: omni.hydra.scene_api-0.1.2] startup
[5.691s] [ext: isaacsim.util.debug_draw-3.1.0] startup
[5.700s] [ext: omni.sensors.nv.radar-3.0.0] startup
[5.722s] [ext: omni.kit.property.render-1.2.1] startup
[5.726s] [ext: omni.kit.property.transform-1.5.13] startup
[5.735s] [ext: isaacsim.gui.property-1.1.3] startup
[5.751s] [ext: isaacsim.sensors.physx-2.3.2] startup
[5.762s] [ext: isaacsim.sensors.camera-1.3.6] startup
[5.776s] [ext: isaacsim.sensors.rtx-15.8.4] startup
[5.796s] [ext: isaacsim.core.cloner-1.4.10] startup
[5.808s] [ext: omni.kit.property.bundle-1.4.1] startup
[5.812s] [ext: omni.kit.property.isaac-1.0.6] startup
2026-09-29T14:01:43Z [5,716ms] [Warning] [omni.kit.property.isaac] omni.kit.property.isaac has been deprecated in favor of isaacsim.gui.property. Please update your code accordingly.
2026-09-29T14:01:43Z [5,717ms] [Warning] [omni.kit.property.isaac.widgets] omni.kit.property.isaac.widgets has been deprecated in favor of isaacsim.gui.property.widgets. Please update your code accordingly.
[5.815s] [ext: omni.isaac.range_sensor-4.0.6] startup
2026-09-29T14:01:43Z [5,719ms] [Warning] [omni.isaac.range_sensor] omni.isaac.range_sensor has been deprecated in favor of isaacsim.sensors.physx. Please update your code accordingly.
2026-09-29T14:01:43Z [5,719ms] [Warning] [omni.isaac.range_sensor.commands] omni.isaac.range_sensor.commands has been deprecated in favor of isaacsim.sensors.physx.commands. Please update your code accordingly.
[5.818s] [ext: isaacsim.replicator.writers-1.0.17] startup
[5.859s] [ext: omni.isaac.sensor-13.0.7] startup
2026-09-29T14:01:43Z [5,764ms] [Warning] [omni.isaac.sensor] omni.isaac.sensor has been deprecated in favor of isaacsim.sensors.camera, isaacsim.sensors.physics, isaacsim.sensors.physx, and isaacsim.sensors.rtx. Please update your code accordingly.
2026-09-29T14:01:43Z [5,765ms] [Warning] [omni.isaac.sensor.camera] omni.isaac.sensor.camera has been deprecated in favor of isaacsim.sensors.camera.camera. Please update your code accordingly.
2026-09-29T14:01:43Z [5,766ms] [Warning] [omni.isaac.sensor.camera_view] omni.isaac.sensor.camera_view has been deprecated in favor of isaacsim.sensors.camera.camera_view. Please update your code accordingly.
2026-09-29T14:01:43Z [5,767ms] [Warning] [omni.isaac.sensor.commands] omni.isaac.sensor.commands has been deprecated in favor of isaacsim.sensors.physics.commands, isaacsim.sensors.physx.commands, and isaacsim.sensors.rtx.commands. Please update your code accordingly.
2026-09-29T14:01:43Z [5,767ms] [Warning] [omni.isaac.sensor.contact_sensor] omni.isaac.sensor.contact_sensor has been deprecated in favor of isaacsim.sensors.physics.contact_sensor. Please update your code accordingly.
2026-09-29T14:01:43Z [5,768ms] [Warning] [omni.isaac.sensor.imu_sensor] omni.isaac.sensor.imu_sensor has been deprecated in favor of isaacsim.sensors.physics.imu_sensor. Please update your code accordingly.
2026-09-29T14:01:43Z [5,768ms] [Warning] [omni.isaac.sensor.lidar_rtx] omni.isaac.sensor.lidar_rtx has been deprecated in favor of isaacsim.sensors.rtx.lidar_rtx. Please update your code accordingly.
2026-09-29T14:01:43Z [5,769ms] [Warning] [omni.isaac.sensor.rotating_lidar_physX] omni.isaac.sensor.imu_sensor has been deprecated in favor of isaacsim.sensors.physix.rotating_lidar_physX. Please update your code accordingly.
2026-09-29T14:01:43Z [5,771ms] [Warning] [omni.isaac.sensor.scripts.samples.contact_sensor] omni.isaac.sensor.scripts.samples.contact_sensor has been deprecated in favor of isaacsim.sensors.physics.scripts.samples.contact_sensor. Please update your code accordingly.
2026-09-29T14:01:43Z [5,772ms] [Warning] [omni.isaac.sensor.scripts.samples.imu_sensor] omni.isaac.sensor.scripts.samples.imu_sensor has been deprecated in favor of isaacsim.sensors.physics.scripts.samples.imu_sensor. Please update your code accordingly.
2026-09-29T14:01:43Z [5,773ms] [Warning] [omni.isaac.sensor.scripts.samples.lightbeam_sensor] omni.isaac.sensor.scripts.samples.lightbeam_sensor has been deprecated in favor of isaacsim.sensors.physx.scripts.samples.lightbeam_sensor. Please update your code accordingly.
[5.872s] [ext: omni.isaac.cloner-1.0.7] startup
2026-09-29T14:01:43Z [5,779ms] [Warning] [omni.isaac.cloner] omni.isaac.cloner has been deprecated in favor of isaacsim.core.cloner. Please update your code accordingly.
[5.882s] [ext: omni.kit.viewport.menubar.lighting-107.3.1] startup
[5.894s] [ext: omni.kit.viewport.menubar.render-107.0.10] startup
[5.902s] [ext: isaacsim.replicator.domain_randomization-1.0.16] startup
[5.912s] [ext: isaacsim.replicator.examples-1.3.6] startup
[5.919s] [ext: omni.ocio-0.1.1] startup
[5.928s] [ext: omni.rtx.window.settings-0.6.19] startup
[5.946s] [ext: omni.kit.window.console-1.1.4] startup
[5.958s] [ext: omni.kit.window.status_bar-0.1.9] startup
[5.966s] [ext: omni.replicator.isaac-2.0.8] startup
2026-09-29T14:01:43Z [5,870ms] [Warning] [omni.replicator.isaac] omni.replicator.isaac has been deprecated in favor of isaacsim.replicator.domain_randomization, isaacsim.replicator.examples, isaacsim.replicator.writers. Please update your code accordingly.
[5.971s] [ext: omni.replicator.replicator_yaml-2.0.11] startup
[5.992s] [ext: omni.rtx.settings.core-0.6.5] startup
[6.004s] [ext: omni.usd.metrics.assembler.ui-107.3.1] startup
[6.022s] [ext: omni.isaac.surface_gripper-2.0.6] startup
2026-09-29T14:01:43Z [5,927ms] [Warning] [omni.isaac.surface_gripper] omni.isaac.surface_gripper has been deprecated in favor of isaacsim.robot.surface_gripper. Please update your code accordingly.
2026-09-29T14:01:43Z [5,927ms] [Warning] [omni.ext._impl._internal] Found class `Extension` derived from `omni.ext.IExt` in module: 'omni.isaac.surface_gripper', but it was imported from other extension: 'c:/users/user one/anaconda3/envs/behavior/lib/site-packages/isaacsim/exts/isaacsim.robot.surface_gripper/isaacsim/robot/surface_gripper/impl/extension.py', which is not a subpath to: 'c:\users\user one\anaconda3\envs\behavior\lib\site-packages\isaacsim\extsdeprecated\omni.isaac.surface_gripper'. Do not import `IExt` derived class from other extension in your public namespace.
[6.026s] [ext: semantics.schema.editor-2.0.2] startup
[6.039s] [ext: omni.kit.ui.actions-1.0.5] startup
[6.044s] [ext: semantics.schema.property-2.0.1] startup
[6.049s] [ext: omni.isaac.universal_robots-1.0.6] startup
2026-09-29T14:01:43Z [5,953ms] [Warning] [omni.isaac.universal_robots] omni.isaac.universal_robots has been deprecated in favor of isaacsim.robot.manipulators.examples.universal_robots. Please update your code accordingly.
2026-09-29T14:01:43Z [5,953ms] [Warning] [omni.isaac.universal_robots.kinematics_solver] omni.isaac.franka has been deprecated in favor of isaacsim.robot.manipulators.examples.universal_robots. Please update your code accordingly.
2026-09-29T14:01:43Z [5,956ms] [Warning] [omni.isaac.universal_robots.ur10] omni.isaac.franka has been deprecated in favor of isaacsim.robot.manipulators.examples.universal_robots. Please update your code accordingly.
[6.054s] [ext: omni.isaac.core-4.0.7] startup
2026-09-29T14:01:43Z [5,960ms] [Warning] [omni.isaac.core.physics_context.physics_context] omni.isaac.core.physics_context.physics_context has been deprecated in favor of isaacsim.core.api.physics_context.physics_context. Please update your code accordingly.
2026-09-29T14:01:43Z [5,961ms] [Warning] [omni.isaac.core.simulation_context.simulation_context] omni.isaac.core.simulation_context.simulation_context has been deprecated in favor of isaacsim.core.api.simulation_context.simulation_context. Please update your code accordingly.
2026-09-29T14:01:43Z [5,962ms] [Warning] [omni.isaac.core.world.world] omni.isaac.core.world.world has been deprecated in favor of isaacsim.core.api.world.world. Please update your code accordingly.
2026-09-29T14:01:43Z [5,962ms] [Warning] [omni.isaac.core] omni.isaac.core has been deprecated in favor of isaacsim.core.api. Please update your code accordingly.
[6.060s] [ext: isaacsim.gui.sensors.icon-2.0.3] startup
[6.093s] [ext: isaacsim.asset.importer.mjcf-2.5.13] startup
[6.105s] [ext: omni.kit.menu.common-2.0.1] startup
[6.109s] [ext: isaacsim.exp.base-5.1.0] startup
[6.110s] [ext: omnigibson_5_1_0-3.9.3] startup
[6.113s] Simulation App Starting
2026-09-29T14:01:44Z [6,210ms] [Warning] [omni.fabric.plugin] Warning: attribute overrideClipRange not found for bucket id 9

[6.331s] app ready
[0m[00:00:15.519] [INFO] [omnigibson.simulator] ---------- Welcome to OmniGibson! ----------[0m
[8.687s] Simulation App Startup Complete
[8.890s] [ext: omni.physx.fabric-107.3.26] startup
2026-09-29T14:01:47Z [9,772ms] [Warning] [omni.fabric.plugin] Warning: attribute physics:filteredGroups not found for path /World/collision_groups/structural_doors

2026-09-29T14:03:20Z [103,092ms] [Warning] [omni.physx.tensors.plugin] DEPRECATED: Please use getDofFrictionProperties instead.
2026-09-29T14:03:20Z [103,092ms] [Warning] [omni.physx.tensors.plugin] DEPRECATED: Please use setDofFrictionProperties instead.
2026-09-29T14:03:21Z [103,138ms] [Warning] [omni.physx.tensors.plugin] DEPRECATED: Please use getDofFrictionProperties instead.
2026-09-29T14:03:21Z [103,138ms] [Warning] [omni.physx.tensors.plugin] DEPRECATED: Please use setDofFrictionProperties instead.
2026-09-29T14:03:21Z [103,184ms] [Warning] [omni.physx.tensors.plugin] DEPRECATED: Please use getDofFrictionProperties instead.
2026-09-29T14:03:21Z [103,184ms] [Warning] [omni.physx.tensors.plugin] DEPRECATED: Please use setDofFrictionProperties instead.
2026-09-29T14:03:21Z [103,185ms] [Warning] [omni.physx.tensors.plugin] DEPRECATED: Please use getDofFrictionProperties instead.
2026-09-29T14:03:21Z [103,185ms] [Warning] [omni.physx.tensors.plugin] DEPRECATED: Please use setDofFrictionProperties instead.
2026-09-29T14:03:21Z [103,186ms] [Warning] [omni.physx.tensors.plugin] DEPRECATED: Please use getDofFrictionProperties instead.
2026-09-29T14:03:21Z [103,186ms] [Warning] [omni.physx.tensors.plugin] DEPRECATED: Please use setDofFrictionProperties instead.
2026-09-29T14:03:21Z [103,244ms] [Warning] [omni.physx.tensors.plugin] DEPRECATED: Please use getDofFrictionProperties instead.
2026-09-29T14:03:21Z [103,244ms] [Warning] [omni.physx.tensors.plugin] DEPRECATED: Please use setDofFrictionProperties instead.
2026-09-29T14:03:21Z [103,245ms] [Warning] [omni.physx.tensors.plugin] DEPRECATED: Please use getDofFrictionProperties instead.
2026-09-29T14:03:21Z [103,245ms] [Warning] [omni.physx.tensors.plugin] DEPRECATED: Please use setDofFrictionProperties instead.
2026-09-29T14:03:21Z [103,291ms] [Warning] [omni.physx.tensors.plugin] DEPRECATED: Please use getDofFrictionProperties instead.
2026-09-29T14:03:21Z [103,291ms] [Warning] [omni.physx.tensors.plugin] DEPRECATED: Please use setDofFrictionProperties instead.
2026-09-29T14:03:21Z [103,333ms] [Warning] [omni.physx.tensors.plugin] DEPRECATED: Please use getDofFrictionProperties instead.
2026-09-29T14:03:21Z [103,333ms] [Warning] [omni.physx.tensors.plugin] DEPRECATED: Please use setDofFrictionProperties instead.
2026-09-29T14:03:21Z [103,334ms] [Warning] [omni.physx.tensors.plugin] DEPRECATED: Please use getDofFrictionProperties instead.
2026-09-29T14:03:21Z [103,334ms] [Warning] [omni.physx.tensors.plugin] DEPRECATED: Please use setDofFrictionProperties instead.
2026-09-29T14:03:21Z [103,334ms] [Warning] [omni.physx.tensors.plugin] DEPRECATED: Please use getDofFrictionProperties instead.
2026-09-29T14:03:21Z [103,335ms] [Warning] [omni.physx.tensors.plugin] DEPRECATED: Please use setDofFrictionProperties instead.
2026-09-29T14:03:22Z [104,150ms] [Warning] [omni.physx.tensors.plugin] DEPRECATED: Please use getDofFrictionProperties instead.
2026-09-29T14:03:22Z [104,150ms] [Warning] [omni.physx.tensors.plugin] DEPRECATED: Please use setDofFrictionProperties instead.
2026-09-29T14:03:22Z [104,151ms] [Warning] [omni.physx.tensors.plugin] DEPRECATED: Please use getDofFrictionProperties instead.
2026-09-29T14:03:22Z [104,151ms] [Warning] [omni.physx.tensors.plugin] DEPRECATED: Please use setDofFrictionProperties instead.
2026-09-29T14:03:22Z [104,174ms] [Warning] [omni.physx.tensors.plugin] DEPRECATED: Please use getDofFrictionProperties instead.
2026-09-29T14:03:22Z [104,174ms] [Warning] [omni.physx.tensors.plugin] DEPRECATED: Please use setDofFrictionProperties instead.
2026-09-29T14:03:22Z [104,179ms] [Warning] [omni.physx.tensors.plugin] DEPRECATED: Please use getDofFrictionProperties instead.
[0m[00:01:53.004] [INFO] [omnigibson.simulator] Imported scene 0.[0m
[33m[00:01:53.063] [WARNING] [omnigibson.robots.robot] r1pro is set to floating base but is not a non-holonomic locomotion robot[0m
2026-09-29T14:03:22Z [104,179ms] [Warning] [omni.physx.tensors.plugin] DEPRECATED: Please use setDofFrictionProperties instead.Starting kit application with the following args:  ['C:\\Users\\user one\\anaconda3\\envs\\behavior\\Lib\\site-packages\\isaacsim\\exts\\isaacsim.simulation_app\\isaacsim\\simulation_app\\simulation_app.py', 'C:\\Users\\user one\\anaconda3\\envs\\behavior\\Lib\\site-packages\\isaacsim\\apps\\omnigibson_5_1_0.kit', '--/app/tokens/exe-path=C:\\Users\\user one\\anaconda3\\envs\\behavior\\Lib\\site-packages\\isaacsim\\kit', '--/persistent/app/viewport/displayOptions=3094', '--/rtx/materialDb/syncLoads=True', '--/rtx/hydra/materialSyncLoads=True', '--/omni.kit.plugin/syncUsdLoads=True', '--/app/renderer/resolution/width=1280', '--/app/renderer/resolution/height=720', '--/app/window/width=1440', '--/app/window/height=900', '--/renderer/multiGpu/enabled=False', '--/app/fastShutdown=True', '--/app/installSignalHandlers=0', '--ext-folder', 'C:\\Users\\user one\\anaconda3\\envs\\behavior\\Lib\\site-packages\\isaacsim/exts', '--ext-folder', 'C:\\Users\\user one\\anaconda3\\envs\\behavior\\Lib\\site-packages\\isaacsim/apps', '--/rtx-transient/hydra/geometrystreaming/syncLoad=true', '--/rtx/rendering/perViewTlas=false', '--/rtx/raytracing/cached/enabled=false', '--/rtx/raytracing/lightcache/spatialCache/enabled=false', '--/physics/cudaDevice=0', '--/plugins/carb.tasking.plugin/threadCount=32', '--/plugins/omni.tbb.globalcontrol/maxThreadCount=32', '--no-window', '--/app/window/hideUi=1']
Passing the following args to the base kit application:  ['--portable-root', 'C:\\behavior-2026\\BEHAVIOR-1K\\OmniGibson\\appdata\\local', '--/app/tokens/omni_global_cache=C:\\behavior-2026\\BEHAVIOR-1K\\OmniGibson\\appdata\\global\\cache', '--/app/tokens/omni_global_data=C:\\behavior-2026\\BEHAVIOR-1K\\OmniGibson\\appdata\\global\\data']
Warp DeprecationWarning: The symbol `warp.types.array` will soon be removed from the public API. Use `warp.array` instead.
Warp DeprecationWarning: The symbol `warp.types.Array` will soon be removed from the public API. It can still be accessed from `warp._src.types.Array` but might be changed or removed without notice.
Warp DeprecationWarning: The symbol `warp.types.launch_bounds_t` will soon be removed from the public API. It can still be accessed from `warp._src.types.launch_bounds_t` but might be changed or removed without notice.
Warp DeprecationWarning: The symbol `warp.types.vector_types` will soon be removed from the public API. It can still be accessed from `warp._src.types.vector_types` but might be changed or removed without notice.
Warp DeprecationWarning: The symbol `warp.types.scalar_types` will soon be removed from the public API. It can still be accessed from `warp._src.types.scalar_types` but might be changed or removed without notice.
Warp DeprecationWarning: The symbol `warp.types.np_dtype_to_warp_type` will soon be removed from the public API. It can still be accessed from `warp._src.types.np_dtype_to_warp_type` but might be changed or removed without notice.
Warp 1.12.0 initialized:
   CUDA Toolkit 12.9, Driver 13.1
   Devices:
     "cpu"      : "AMD64 Family 26 Model 68 Stepping 0, AuthenticAMD"
     "cuda:0"   : "NVIDIA GeForce RTX 5070 Ti" (16 GiB, sm_120, mempool enabled)
   Kernel cache:
     C:\behavior-2026\BEHAVIOR-1K\OmniGibson\appdata\global\warp_cache
Warp DeprecationWarning: The symbol `warp.utils.warn` will soon be removed from the public API. It can still be accessed from `warp._src.utils.warn` but might be changed or removed without notice.
Warp DeprecationWarning: The symbol `warp.types.float32` will soon be removed from the public API. Use `warp.float32` instead.
Warp DeprecationWarning: The `warp.sim` module is deprecated and will be removed in v1.10. Please transition to using the forthcoming Newton library instead.

                   ____________
                  /          / \
                 /          / /__
                /          / /  /\
               /__________/ /__/  \
               \   _____  \ \__\  /
                \  \  / \  \ \_/ /
                 \  \/___\  \   /
                  \__________\_/  
       ___                  _  ____ _ _                     
      / _ \ _ __ ___  _ __ (_)/ ___(_) |__  ___  ___  _ __  
     | | | | '_ ` _ \| '_ \| | |  _| | '_ \/ __|/ _ \| '_ \ 
     | |_| | | | | | | | | | | |_| | | |_) \__ \ (_) | | | |
      \___/|_| |_| |_|_| |_|_|\____|_|_.__/|___/\___/|_| |_|

Module omnigibson.utils.usd_utils 57917a4 load on device 'cuda:0' took 1.97 ms  (cached)
Module omnigibson.object_states.aabb 4de578a load on device 'cuda:0' took 0.92 ms  (cached)
Module omnigibson.object_states.adjacency 6039c89 load on device 'cuda:0' took 1.25 ms  (cached)
Module omnigibson.object_states.under ae6dd9f load on device 'cuda:0' took 1.23 ms  (cached)
Module omnigibson.object_states.touching 3695b1b load on device 'cuda:0' took 1.38 ms  (cached)
Module omnigibson.object_states.open_state 9f3c76b load on device 'cuda:0' took 1.31 ms  (cached)
Module omnigibson.object_states.toggle 5172335 load on device 'cuda:0' took 1.86 ms  (cached)
Module omnigibson.object_states.inside c41ba8f load on device 'cuda:0' took 1.41 ms  (cached)
Module omnigibson.object_states.heat_source_or_sink 472acd8 load on device 'cuda:0' took 0.96 ms  (cached)
Module omnigibson.object_states.temperature 10db2b7 load on device 'cuda:0' took 1.52 ms  (cached)
Module omnigibson.object_states.on_top 52eaeb1 load on device 'cuda:0' took 0.94 ms  (cached)
Module omnigibson.object_states.on_fire 9bf5add load on device 'cuda:0' took 1.08 ms  (cached)
Module omnigibson.object_states.next_to f8c23b3 load on device 'cuda:0' took 2.30 ms  (cached)
[og-repro] 렌더 설정 /app/settings/fabricDefaultStageFrameHistoryCount=3 /app/settings/fabricStageFrameHistoryCount=None /app/gatherRenderResults=True /app/asyncRendering=False /app/hydraEngine/waitIdle=False /rtx/rendermode='RaytracedLighting' /rtx/post/aa/op=3 /rtx-transient/hydra/geometrystreaming/syncLoad=True /rtx/rendering/perViewTlas=False /rtx/raytracing/cached/enabled=False /rtx/raytracing/lightcache/spatialCache/enabled=False

2026-09-29T14:03:22Z [104,186ms] [Warning] [omni.physx.tensors.plugin] DEPRECATED: Please use getDofFrictionProperties instead.
2026-09-29T14:03:22Z [104,186ms] [Warning] [omni.physx.tensors.plugin] DEPRECATED: Please use setDofFrictionProperties instead.
2026-09-29T14:03:22Z [104,193ms] [Warning] [omni.physx.tensors.plugin] DEPRECATED: Please use getDofFrictionProperties instead.
2026-09-29T14:03:22Z [104,194ms] [Warning] [omni.physx.tensors.plugin] DEPRECATED: Please use setDofFrictionProperties instead.
2026-09-29T14:03:22Z [104,201ms] [Warning] [omni.physx.tensors.plugin] DEPRECATED: Please use getDofFrictionProperties instead.
2026-09-29T14:03:22Z [104,202ms] [Warning] [omni.physx.tensors.plugin] DEPRECATED: Please use setDofFrictionProperties instead.
2026-09-29T14:03:22Z [104,209ms] [Warning] [omni.physx.tensors.plugin] DEPRECATED: Please use getDofFrictionProperties instead.
2026-09-29T14:03:22Z [104,209ms] [Warning] [omni.physx.tensors.plugin] DEPRECATED: Please use setDofFrictionProperties instead.
2026-09-29T14:03:44Z [126,757ms] [Error] [omni.kit.app._impl] [py stderr]: C:\Users\user one\anaconda3\envs\behavior\Lib\site-packages\gymnasium\spaces\box.py:415: UserWarning: [33mWARN: Casting input x to numpy array.[0m
  gym.logger.warn("Casting input x to numpy array.")
2026-09-29T14:03:22Z [104,670ms] [Warning] [omni.physx.tensors.plugin] DEPRECATED: Please use getDofFrictionProperties instead.
2026-09-29T14:03:22Z [104,670ms] [Warning] [omni.physx.tensors.plugin] DEPRECATED: Please use setDofFrictionProperties instead.
2026-09-29T14:03:22Z [104,671ms] [Warning] [omni.physx.tensors.plugin] DEPRECATED: Please use getDofFrictionProperties instead.
2026-09-29T14:03:22Z [104,671ms] [Warning] [omni.physx.tensors.plugin] DEPRECATED: Please use setDofFrictionProperties instead.
2026-09-29T14:03:22Z [104,699ms] [Warning] [omni.physx.tensors.plugin] DEPRECATED: Please use getDofFrictionProperties instead.
2026-09-29T14:03:22Z [104,699ms] [Warning] [omni.physx.tensors.plugin] DEPRECATED: Please use setDofFrictionProperties instead.
2026-09-29T14:03:22Z [104,700ms] [Warning] [omni.physx.tensors.plugin] DEPRECATED: Please use getDofFrictionProperties instead.
2026-09-29T14:03:22Z [104,700ms] [Warning] [omni.physx.tensors.plugin] DEPRECATED: Please use setDofFrictionProperties instead.
2026-09-29T14:03:39Z [121,871ms] [Warning] [rtx.postprocessing.plugin] DLSS increasing input dimensions: Render resolution of (112, 112) is below minimal input resolution of 300.
2026-09-29T14:03:40Z [122,899ms] [Warning] [carb] Plugin interface for a client: omni.hydratexture.plugin was already released.
2026-09-29T14:03:40Z [122,901ms] [Warning] [carb] Plugin interface for a client: omni.hydratexture.plugin was already released.
2026-09-29T14:03:41Z [123,435ms] [Warning] [omni.syntheticdata.plugin] OgnSdPostRenderVarToHost : rendervar copy from texture directly to host buffer is counter-performant. Please use copy from texture to device buffer first.
2026-09-29T14:03:41Z [123,515ms] [Warning] [omni.syntheticdata.plugin] SdRenderVarPtr missing valid input renderVar LdrColorSDhost
[og-repro] scene=radio res=224 steps=200 (17.9 steps/s) set=[] kit=['--/rtx-transient/hydra/geometrystreaming/syncLoad=true', '--/rtx/rendering/perViewTlas=false', '--/rtx/raytracing/cached/enabled=false', '--/rtx/raytracing/lightcache/spatialCache/enabled=false']
[og-repro] robot_r1:left_realsense_link:Camera:0: RGB 검정 34/200 처음 [3, 6, 12, 18, 24, 30, 36, 42, 48, 54, 60, 66]
[og-repro] robot_r1:right_realsense_link:Camera:0: RGB 검정 0/200 처음 []
[og-repro] robot_r1:zed_link:Camera:0: RGB 검정 33/200 처음 [0, 9, 15, 21, 27, 33, 39, 45, 51, 57, 63, 69]
2026-09-29T14:03:48Z [130,641ms] [Warning] [carb] Client gpu.foundation.plugin has acquired [gpu::unstable::IMemoryBudgetManagerFactory v0.1] 100 times. Consider accessing this interface with carb::getCachedInterface() (Performance warning)
2026-09-29T14:03:57Z [139,687ms] [Warning] [carb] Plugin interface for a client: omni.hydratexture.plugin was already released.
2026-09-29T14:03:57Z [139,687ms] [Warning] [carb] Plugin interface for a client: omni.hydratexture.plugin was already released.
[139.922s] Simulation App Shutting Down
