[0m[00:00:05.062] [INFO] [omnigibson.simulator] ----- Starting OmniGibson. This will take 10-30 seconds... -----[0m
DEBUG:asyncio:Using proactor: IocpProactor
[Info] [carb] Logging to file: C:/behavior-2026/BEHAVIOR-1K/OmniGibson/appdata/local/logs/Kit/OmniGibson/3.9/kit_20260929_231117.log
[0.169s] [ext: omni.kit.async_engine-0.0.3] startup
[0.308s] [ext: omni.metrics.core-0.0.3] startup
[0.310s] [ext: omni.client.lib-1.1.0] startup
[0.326s] [ext: omni.blobkey-1.1.2] startup
[0.328s] [ext: omni.stats-1.0.1] startup
[0.331s] [ext: omni.datastore-0.0.0] startup
[0.335s] [ext: omni.client-1.3.0] startup
[0.343s] [ext: omni.ujitso.default-1.0.0] startup
[0.349s] [ext: omni.hsscclient-1.1.2] startup
[0.366s] [ext: omni.gpu_foundation.shadercache.vulkan-1.0.0] startup
[0.371s] [ext: omni.assets.plugins-0.0.0] startup
[0.378s] [ext: omni.gpu_foundation-0.0.0] startup
[0.411s] [ext: carb.windowing.plugins-1.0.0] startup
[0.728s] [ext: omni.kit.renderer.init-0.0.0] startup
[0.730s] [ext: omni.materialx.libs-1.0.7] startup
[0.752s] [ext: omni.kit.loop-isaac-1.3.7] startup
[0.755s] [ext: omni.kit.test-2.0.1] startup
[0.803s] [ext: omni.usd.config-1.0.6] startup
[0.821s] [ext: omni.gpucompute.plugins-0.0.0] startup
[0.825s] [ext: omni.usd.libs-1.0.1] startup
[0.958s] [ext: omni.kit.telemetry-0.5.2] startup
[0.969s] [ext: omni.mdl-56.0.3] startup
[0.993s] [ext: omni.iray.libs-0.0.0] startup
[1.022s] [ext: omni.mdl.neuraylib-0.2.12] startup
[1.029s] [ext: omni.kit.usd.mdl-1.1.5] startup
[1.149s] [ext: omni.kit.pipapi-0.0.0] startup
[1.151s] [ext: omni.appwindow-1.1.10] startup
[1.157s] [ext: omni.kit.renderer.core-1.1.0] startup
[1.170s] [ext: omni.kit.renderer.capture-0.0.0] startup
[1.191s] [ext: omni.kit.renderer.imgui-2.0.5] startup
[1.211s] [ext: omni.ui-2.27.1] startup
[1.225s] [ext: omni.kit.mainwindow-1.0.3] startup
[1.228s] [ext: carb.audio-0.1.0] startup
[1.230s] [ext: omni.uiaudio-1.0.0] startup
[1.233s] [ext: omni.kit.uiapp-0.0.0] startup
[1.233s] [ext: omni.usd.schema.metrics.assembler-107.3.1] startup
[1.243s] [ext: omni.usd.schema.audio-0.0.0] startup
[1.256s] [ext: omni.usd_resolver-1.0.0] startup
[1.273s] [ext: omni.usd.core-1.5.3] startup
[1.275s] [ext: omni.usd.schema.omni_lens_distortion-0.0.0] startup
[1.299s] [ext: omni.usd.schema.anim-0.0.0] startup
[1.337s] [ext: omni.usd.schema.geospatial-0.0.0] startup
[1.345s] [ext: omni.usd.schema.semantics-0.0.0] startup
[1.352s] [ext: omni.kit.actions.core-1.0.0] startup
[1.360s] [ext: omni.activity.core-1.0.3] startup
[1.364s] [ext: omni.kit.commands-1.4.10] startup
[1.374s] [ext: usdrt.scenegraph-7.6.1] startup
[1.441s] [ext: omni.resourcemonitor-107.0.1] startup
[1.446s] [ext: omni.kit.audiodeviceenum-1.0.2] startup
[1.451s] [ext: omni.hydra.usdrt_delegate-7.5.1] startup
[1.464s] [ext: omni.kit.usd_undo-0.1.8] startup
[1.465s] [ext: omni.kit.window.popup_dialog-2.0.24] startup
[1.471s] [ext: omni.graph.exec-0.9.6] startup
[1.473s] [ext: omni.timeline-1.0.14] startup
[1.477s] [ext: omni.kit.widget.nucleus_connector-2.0.1] startup
[1.480s] [ext: omni.kit.exec.core-0.13.4] startup
[1.486s] [ext: omni.hydra.scene_delegate-0.3.4] startup
[1.490s] [ext: omni.usd-1.13.10] startup
[1.538s] [ext: omni.kit.asset_converter-5.0.17] startup
[1.551s] [ext: omni.usd.schema.isaac-3.0.5] startup
[1.551s] [ext: omni.usd.schema.omnigraph-1.0.0] startup
[1.568s] [ext: isaacsim.robot.schema-3.6.0] startup
[1.595s] [ext: omni.usd.schema.omniscripting-1.0.0] startup
[1.607s] [ext: omni.usd.schema.flow-107.1.1] startup
[1.608s] [ext: omni.usd.schema.omni_sensors-0.0.0] startup
[1.610s] [ext: omni.usd.schema.physx-107.3.26] startup
[1.643s] [ext: omni.inspect-1.0.2] startup
[1.648s] [ext: omni.kit.notification_manager-1.0.10] startup
2026-09-29T14:11:19Z [1,562ms] [Warning] [gpu.foundation.plugin] Skipping unsupported non-NVIDIA GPU: AMD Radeon(TM) Graphics
2026-09-29T14:11:19Z [1,563ms] [Warning] [gpu.foundation.plugin] Skipping unsupported non-NVIDIA GPU: AMD Radeon(TM) Graphics
[1.652s] [ext: omni.graph.core-2.184.5] startup
[1.657s] [ext: isaacsim.core.deprecation_manager-0.2.7] startup
[1.658s] [ext: omni.usd.schema.render_settings.rtx-0.0.0] startup
[1.661s] [ext: omni.anim.graph.schema-107.3.3] startup
[1.692s] [ext: omni.anim.navigation.schema-107.3.3] startup
[1.700s] [ext: omni.kit.widget.path_field-2.0.11] startup
[1.703s] [ext: omni.kit.viewport.legacy_gizmos-1.0.19] startup
[1.706s] [ext: omni.kit.widget.browser_bar-2.0.10] startup
[1.708s] [ext: omni.kit.clipboard-1.0.5] startup
[1.712s] [ext: omni.kit.usd.layers-2.2.11] startup
[1.726s] [ext: omni.ui.scene-1.11.5] startup
[1.733s] [ext: omni.index.libs-380600.8087.0] startup
[1.733s] [ext: omni.kit.viewport.scene_camera_model-1.0.6] startup
[1.737s] [ext: omni.index-1.0.1] startup
[1.739s] [ext: omni.hydra.rtx.shadercache.vulkan-1.0.0] startup
[1.742s] [ext: omni.kit.widget.options_menu-1.1.6] startup
[1.749s] [ext: omni.volume-0.5.2] startup
[1.757s] [ext: omni.ujitso.client-0.0.0] startup
[1.759s] [ext: omni.kit.helper.file_utils-0.1.9] startup
[1.761s] [ext: omni.kit.menu.core-1.1.2] startup
[1.763s] [ext: omni.hydra.rtx-1.0.0] startup
[1.826s] [ext: omni.kit.widget.options_button-1.0.3] startup
[1.828s] [ext: omni.kit.widget.filebrowser-2.12.3] startup
[1.838s] [ext: omni.kit.widget.context_menu-1.2.5] startup
[1.840s] [ext: omni.kit.hydra_texture-1.4.6] startup
[1.846s] [ext: omni.kit.window.filepicker-2.13.4] startup

|---------------------------------------------------------------------------------------------|
| Driver Version: 591.86        | Graphics API: Vulkan
|=============================================================================================|
| GPU | Name                             | Active | LDA | GPU Memory | Vendor-ID | LUID       |
|     |                                  |        |     |            | Device-ID | UUID       |
|     |                                  |        |     |            | Bus-ID    |            |
|---------------------------------------------------------------------------------------------|
| 0   | NVIDIA GeForce RTX 5070 Ti       | Yes: 0 |     | 15995   MB | 10de      | 99140100.. |
|     |                                  |        |     |            | 2c05      | a9dc7904.. |
|     |                                  |        |     |            | 1         |            |
|---------------------------------------------------------------------------------------------|
| 1   | AMD Radeon(TM) Graphics          |        |     | 32619   MB | 1002      | 67290100.. |
|     |                                  |        |     |            | 13c0      | 00000000.. |
|     |                                  |        |     |            | N/A       |            |
|=============================================================================================|
| OS: Windows 11 Pro, Version: 10.0 (25H2), Build: 26200, Kernel: 10.0.26100.9444
| Processor: AMD Ryzen 9 9950X 16-Core Processor            
| Cores: 16 | Logical Cores: 32
|---------------------------------------------------------------------------------------------|
| Total Memory (MB): 63136 | Free Memory: 21117
| Total Page/Swap (MB): 100000 | Free Page/Swap: 33887
|---------------------------------------------------------------------------------------------|
[1.870s] [ext: omni.kit.menu.utils-2.0.5] startup
[1.884s] [ext: omni.kit.context_menu-1.8.6] startup
[1.888s] [ext: omni.kit.widget.viewport-107.1.3] startup
[1.899s] [ext: omni.kit.viewport.registry-104.0.6] startup
[1.900s] [ext: omni.kit.window.file_importer-1.1.18] startup
[1.907s] [ext: omni.kit.raycast.query-1.1.0] startup
[1.914s] [ext: omni.kit.material.library-2.0.7] startup
[1.923s] [ext: omni.kit.window.drop_support-1.0.5] startup
[1.924s] [ext: omni.hydra.engine.stats-1.0.3] startup
[1.927s] [ext: omni.kit.viewport.window-107.2.0] startup
[2.152s] [ext: omni.kit.widget.zoombar-1.0.6] startup
[2.154s] [ext: omni.kit.widget.searchfield-1.1.8] startup
[2.156s] [ext: omni.kit.widget.filter-1.1.4] startup
[2.158s] [ext: omni.kit.window.file_exporter-1.0.33] startup
[2.159s] [ext: omni.kit.hotkeys.core-1.3.10] startup
[2.160s] [ext: omni.kit.browser.core-2.3.13] startup
[2.167s] [ext: omni.kit.stage_template.core-1.1.22] startup
[2.168s] [ext: omni.kit.widget.stage-3.1.4] startup
[2.190s] [ext: omni.kit.browser.folder.core-1.10.9] startup
DEBUG:AutoNode:Defining data type 'any' as 'Any'
DEBUG:AutoNode:Defining data type 'bool' as 'Bool' and array 'BoolArray
DEBUG:AutoNode:Defining data type 'bundle' as 'Bundle'
DEBUG:AutoNode:Defining data type 'colord[3]' as 'Color3d' and array 'Color3dArray
DEBUG:AutoNode:Defining data type 'colorf[3]' as 'Color3f' and array 'Color3fArray
DEBUG:AutoNode:Defining data type 'colorh[3]' as 'Color3h' and array 'Color3hArray
DEBUG:AutoNode:Defining data type 'colord[4]' as 'Color4d' and array 'Color4dArray
DEBUG:AutoNode:Defining data type 'colorf[4]' as 'Color4f' and array 'Color4fArray
DEBUG:AutoNode:Defining data type 'colorh[4]' as 'Color4h' and array 'Color4hArray
DEBUG:AutoNode:Defining data type 'double' as 'Double' and array 'DoubleArray
DEBUG:AutoNode:Defining data type 'double[2]' as 'Double2' and array 'Double2Array
DEBUG:AutoNode:Defining data type 'double[3]' as 'Double3' and array 'Double3Array
DEBUG:AutoNode:Defining data type 'double[4]' as 'Double4' and array 'Double4Array
DEBUG:AutoNode:Defining data type 'execution' as 'Execution'
DEBUG:AutoNode:Defining data type 'float' as 'Float' and array 'FloatArray
DEBUG:AutoNode:Defining data type 'float[2]' as 'Float2' and array 'Float2Array
DEBUG:AutoNode:Defining data type 'float[3]' as 'Float3' and array 'Float3Array
DEBUG:AutoNode:Defining data type 'float[4]' as 'Float4' and array 'Float4Array
DEBUG:AutoNode:Defining data type 'frame[4]' as 'Frame' and array 'FrameArray
DEBUG:AutoNode:Defining data type 'half' as 'Half' and array 'HalfArray
DEBUG:AutoNode:Defining data type 'half[2]' as 'Half2' and array 'Half2Array
DEBUG:AutoNode:Defining data type 'half[3]' as 'Half3' and array 'Half3Array
DEBUG:AutoNode:Defining data type 'half[4]' as 'Half4' and array 'Half4Array
DEBUG:AutoNode:Defining data type 'int' as 'Int' and array 'IntArray
DEBUG:AutoNode:Defining data type 'int[2]' as 'Int2' and array 'Int2Array
DEBUG:AutoNode:Defining data type 'int[3]' as 'Int3' and array 'Int3Array
DEBUG:AutoNode:Defining data type 'int[4]' as 'Int4' and array 'Int4Array
DEBUG:AutoNode:Defining data type 'int64' as 'Int64' and array 'Int64Array
DEBUG:AutoNode:Defining data type 'matrixd[2]' as 'Matrix2d' and array 'Matrix2dArray
DEBUG:AutoNode:Defining data type 'matrixd[3]' as 'Matrix3d' and array 'Matrix3dArray
DEBUG:AutoNode:Defining data type 'matrixd[4]' as 'Matrix4d' and array 'Matrix4dArray
DEBUG:AutoNode:Defining data type 'normald[3]' as 'Normal3d' and array 'Normal3dArray
DEBUG:AutoNode:Defining data type 'normalf[3]' as 'Normal3f' and array 'Normal3fArray
DEBUG:AutoNode:Defining data type 'normalh[3]' as 'Normal3h' and array 'Normal3hArray
DEBUG:AutoNode:Defining data type 'objectId' as 'ObjectId' and array 'ObjectIdArray
DEBUG:AutoNode:Defining data type 'path' as 'Path'
DEBUG:AutoNode:Defining data type 'pointd[3]' as 'Point3d' and array 'Point3dArray
DEBUG:AutoNode:Defining data type 'pointf[3]' as 'Point3f' and array 'Point3fArray
DEBUG:AutoNode:Defining data type 'pointh[3]' as 'Point3h' and array 'Point3hArray
DEBUG:AutoNode:Defining data type 'quatd[4]' as 'Quatd' and array 'QuatdArray
DEBUG:AutoNode:Defining data type 'quatf[4]' as 'Quatf' and array 'QuatfArray
DEBUG:AutoNode:Defining data type 'quath[4]' as 'Quath' and array 'QuathArray
DEBUG:AutoNode:Defining data type 'string' as 'String'
DEBUG:AutoNode:Defining data type 'target' as 'Target'
DEBUG:AutoNode:Defining data type 'texcoordd[2]' as 'TexCoord2d' and array 'TexCoord2dArray
DEBUG:AutoNode:Defining data type 'texcoordf[2]' as 'TexCoord2f' and array 'TexCoord2fArray
DEBUG:AutoNode:Defining data type 'texcoordh[2]' as 'TexCoord2h' and array 'TexCoord2hArray
DEBUG:AutoNode:Defining data type 'texcoordd[3]' as 'TexCoord3d' and array 'TexCoord3dArray
DEBUG:AutoNode:Defining data type 'texcoordf[3]' as 'TexCoord3f' and array 'TexCoord3fArray
DEBUG:AutoNode:Defining data type 'texcoordh[3]' as 'TexCoord3h' and array 'TexCoord3hArray
DEBUG:AutoNode:Defining data type 'timecode' as 'Timecode' and array 'TimecodeArray
DEBUG:AutoNode:Defining data type 'token' as 'Token' and array 'TokenArray
DEBUG:AutoNode:Defining data type 'uchar' as 'UChar' and array 'UCharArray
DEBUG:AutoNode:Defining data type 'uint' as 'UInt' and array 'UIntArray
DEBUG:AutoNode:Defining data type 'uint64' as 'UInt64' and array 'UInt64Array
DEBUG:AutoNode:Defining data type 'vectord[3]' as 'Vector3d' and array 'Vector3dArray
DEBUG:AutoNode:Defining data type 'vectorf[3]' as 'Vector3f' and array 'Vector3fArray
DEBUG:AutoNode:Defining data type 'vectorh[3]' as 'Vector3h' and array 'Vector3hArray
[2.199s] [ext: omni.kit.window.file-2.0.5] startup
[2.205s] [ext: omni.kit.window.content_browser_registry-0.0.6] startup
[2.206s] [ext: omni.kit.widget.prompt-1.0.7] startup
[2.208s] [ext: omni.kit.usd.collect-2.4.5] startup
[2.211s] [ext: omni.graph.tools-1.79.2] startup
[2.254s] [ext: omni.kit.window.content_browser-3.1.3] startup
[2.268s] [ext: omni.kit.usdz_export-1.0.9] startup
[2.271s] [ext: omni.graph.action_core-1.1.7] startup
[2.276s] [ext: omni.graph-1.141.2] startup
[2.334s] [ext: omni.kit.widget.stage_icons-1.0.8] startup
[2.336s] [ext: omni.kit.tool.asset_importer-4.3.2] startup
[2.348s] [ext: omni.graph.action_nodes-1.50.4] startup
[2.361s] [ext: omni.kit.window.stage-2.6.1] startup
[2.373s] [ext: omni.kit.widget.searchable_combobox-1.0.6] startup
[2.376s] [ext: omni.graph.action-1.130.0] startup
[2.377s] [ext: omni.kit.menu.stage-1.2.7] startup
[2.381s] [ext: omni.kit.widget.settings-1.2.6] startup
[2.385s] [ext: omni.kit.viewport.utility-1.1.2] startup
[2.386s] [ext: omni.kit.property.adapter.core-1.0.2] startup
[2.393s] [ext: omni.kit.window.preferences-1.8.0] startup
[2.406s] [ext: omni.kit.viewport.actions-107.0.2] startup
[2.412s] [ext: omni.kit.widget.highlight_label-1.0.3] startup
[2.414s] [ext: omni.kit.property.adapter.usd-1.0.2] startup
[2.417s] [ext: omni.kit.viewport.menubar.core-107.2.1] startup
[2.462s] [ext: omni.kit.property.adapter.fabric-1.0.3] startup
[2.466s] [ext: omni.kit.viewport.menubar.display-107.0.3] startup
[2.469s] [ext: omni.kit.window.property-1.12.1] startup
[2.475s] [ext: omni.ui_query-1.1.8] startup
[2.477s] [ext: omni.kit.property.usd-4.5.12] startup
[2.494s] [ext: omni.kit.menu.create-2.0.1] startup
[2.498s] [ext: isaacsim.core.version-2.0.6] startup
[2.500s] [ext: omni.kit.ui_test-1.3.7] startup
[2.503s] [ext: omni.kit.scripting-107.3.2] startup
[2.513s] [ext: omni.convexdecomposition-107.3.26] startup
[2.519s] [ext: isaacsim.storage.native-1.5.1] startup
[2.523s] [ext: omni.kit.widget.toolbar-2.0.1] startup
[2.540s] [ext: omni.kit.manipulator.transform-107.0.0] startup
[2.548s] [ext: omni.kvdb-107.3.26] startup
[2.554s] [ext: omni.usdphysics-107.3.26] startup
[2.558s] [ext: omni.physx.foundation-107.3.26] startup
[2.565s] [ext: omni.localcache-107.3.26] startup
[2.570s] [ext: omni.kit.window.extensions-1.4.27] startup
[2.581s] [ext: omni.physx.cooking-107.3.26] startup
[2.588s] [ext: omni.kit.manipulator.viewport-107.0.1] startup
[2.591s] [ext: omni.physx-107.3.26] startup
[2.606s] [ext: omni.graph.visualization.nodes-2.1.3] startup
[2.619s] [ext: isaacsim.replicator.behavior-1.1.16] startup
[2.622s] [ext: omni.kit.tool.collect-2.2.18] startup
[2.631s] [ext: omni.kit.manipulator.tool.snap-1.5.13] startup
[2.644s] [ext: omni.kit.manipulator.selector-1.1.3] startup
[2.650s] [ext: isaacsim.gui.components-1.2.1] startup
[2.657s] [ext: isaacsim.examples.browser-0.2.1] startup
[2.663s] [ext: isaacsim.asset.importer.urdf-2.4.30] startup
[2.772s] [ext: omni.kit.viewport.manipulator.transform-107.0.4] startup
[2.782s] [ext: omni.kit.primitive.mesh-1.0.17] startup
[2.790s] [ext: omni.kit.manipulator.prim.core-107.0.8] startup
[2.801s] [ext: omni.fabric.commands-1.1.6] startup
[2.808s] [ext: omni.kit.manipulator.prim.usd-107.0.3] startup
[2.810s] [ext: omni.kit.manipulator.prim.fabric-107.0.4] startup
[2.813s] [ext: omni.kit.widget.layers-1.8.6] startup
[2.837s] [ext: omni.kit.manipulator.selection-106.0.1] startup
[2.840s] [ext: omni.kit.manipulator.prim-107.0.0] startup
[2.841s] [ext: omni.debugdraw-0.1.4] startup
[2.846s] [ext: omni.physics-107.3.26] startup
[2.853s] [ext: omni.usdphysics.ui-107.3.26] startup
[2.878s] [ext: omni.physx.commands-107.3.26] startup
[2.885s] [ext: omni.physics.stageupdate-107.3.26] startup
[2.891s] [ext: omni.kit.window.toolbar-2.0.0] startup
[2.895s] [ext: omni.physx.ui-107.3.26] startup
[2.932s] [ext: omni.kit.widget.graph-2.0.0] startup
[2.943s] [ext: omni.physx.supportui-107.3.26] startup
[2.961s] [ext: omni.kit.graph.delegate.default-1.2.3] startup
[2.964s] [ext: omni.kit.numpy.common-0.1.3] startup
[2.967s] [ext: omni.usd.metrics.assembler-107.3.1] startup
[2.975s] [ext: omni.physics.physx-107.3.26] startup
2026-09-29T14:11:20Z [2,889ms] [Warning] [carb] Acquiring non optional plugin interface which is not listed as dependency: [omni::physx::IPhysxBenchmarks v1.0] (plugin: <default plugin>), by client: omni.physics.physx.plugin. Add it to CARB_PLUGIN_IMPL_DEPS() macro of a client.
[2.977s] [ext: omni.physics.tensors-107.3.26] startup
[2.986s] [ext: omni.warp.core-1.8.2] startup
2026-09-29T14:11:20Z [2,901ms] [Warning] [omni.ext._impl._internal] There is already a module 'warp' in 'C:\Users\user one\anaconda3\envs\behavior\Lib\site-packages\warp\__init__.py'. Can't import another module with the same name in public space from 'c:\users\user one\anaconda3\envs\behavior\lib\site-packages\isaacsim\extscache\omni.warp.core-1.8.2+wx64'.
[2.989s] [ext: omni.usd.metrics.assembler.physics-107.3.26] startup
[2.993s] [ext: omni.isaac.dynamic_control-2.0.7] startup
2026-09-29T14:11:20Z [2,914ms] [Warning] [omni.isaac.dynamic_control] omni.isaac.dynamic_control is deprecated as of Isaac Sim 4.5. No action is needed from end-users.
[3.002s] [ext: omni.physx.tensors-107.3.26] startup
[3.006s] [ext: isaacsim.core.utils-3.5.1] startup
[3.011s] [ext: omni.graph.image.core-0.6.1] startup
[3.014s] [ext: isaacsim.core.simulation_manager-1.4.4] startup
[3.097s] [ext: omni.graph.image.nodes-1.3.1] startup
[3.100s] [ext: omni.kit.stage_templates-2.0.0] startup
[3.104s] [ext: isaacsim.core.prims-0.6.1] startup
[3.132s] [ext: omni.syntheticdata-0.6.13] startup
[3.149s] [ext: isaacsim.core.api-4.8.0] startup
[3.187s] [ext: omni.videoencoding-0.1.2] startup
[3.193s] [ext: isaacsim.core.experimental.utils-0.3.0] startup
[3.197s] [ext: omni.kit.graph.editor.core-1.5.3] startup
[3.202s] [ext: omni.kit.graph.usd.commands-1.3.1] startup
[3.204s] [ext: isaacsim.simulation_app-2.12.2] startup
[3.205s] [ext: omni.graph.ui_nodes-1.50.5] startup
[3.211s] [ext: omni.graph.nodes-1.170.10] startup
[3.224s] [ext: omni.kit.widget.material_preview-1.0.16] startup
[3.230s] [ext: isaacsim.test.docstring-1.1.0] startup
[3.235s] [ext: omni.isaac.kit-2.0.6] startup
2026-09-29T14:11:20Z [3,149ms] [Warning] [omni.isaac.kit] omni.isaac.kit has been deprecated in favor of isaacsim.simulation_app. Please update your code accordingly.
[3.236s] [ext: isaacsim.robot_motion.lula-4.0.8] startup
[3.248s] [ext: omni.warp-1.8.2] startup
[3.261s] [ext: omni.kit.window.material_graph-1.9.1] startup
[3.284s] [ext: omni.graph.scriptnode-1.50.0] startup
[3.287s] [ext: isaacsim.robot_motion.motion_generation-8.0.26] startup
[3.317s] [ext: isaacsim.core.experimental.prims-0.8.1] startup
[3.380s] [ext: omni.replicator.core-1.12.27] startup
2026-09-29T14:11:20Z [3,318ms] [Warning] [pxr.Semantics] pxr.Semantics is deprecated - please use Semantics instead
2026-09-29T14:11:20Z [3,429ms] [Warning] [omni.graph.core.plugin] Found duplicate of category 'Replicator' - was 'Annotators', adding 'Fabric Reader'
2026-09-29T14:11:20Z [3,429ms] [Warning] [omni.graph.core.plugin] Category 'Replicator' not accepted on node type 'omni.replicator.core.FabricReader' in extension 'omni.replicator.core'
2026-09-29T14:11:20Z [3,431ms] [Warning] [omni.replicator.core.scripts.extension] No material configuration file, adding configuration to material settings directly.
[3.522s] [ext: isaacsim.robot_motion.lula_test_widget-1.0.12] startup
[3.529s] [ext: isaacsim.robot.surface_gripper-3.3.1] startup
[3.543s] [ext: isaacsim.core.nodes-3.4.3] startup
[3.556s] [ext: omni.isaac.lula_test_widget-1.0.6] startup
2026-09-29T14:11:20Z [3,472ms] [Warning] [omni.isaac.lula_test_widget] omni.isaac.lula_test_widget has been deprecated in favor of isaacsim.robot_motion.lula_test_widget. Please update your code accordingly.
[3.563s] [ext: isaacsim.robot.manipulators-3.3.6] startup
[3.573s] [ext: isaacsim.core.experimental.objects-0.4.0] startup
[3.600s] [ext: isaacsim.core.experimental.materials-0.4.0] startup
[3.614s] [ext: isaacsim.core.throttling-2.2.2] startup
[3.623s] [ext: isaacsim.robot.manipulators.examples-1.1.2] startup
[3.628s] [ext: omni.flowusd-107.1.8] startup
2026-09-29T14:11:21Z [3,548ms] [Warning] [omni.stageupdate.plugin] Deprecated: direct use of IStageUpdate callbacks is deprecated. Use IStageUpdate::getStageUpdate instead.
[3.646s] [ext: isaacsim.cortex.framework-1.0.12] startup
[3.649s] [ext: omni.isaac.core_nodes-2.0.6] startup
2026-09-29T14:11:21Z [3,576ms] [Warning] [omni.isaac.core_nodes] omni.isaac.core_nodes has been deprecated in favor of isaacsim.core.nodes. Please update your code accordingly.
[3.665s] [ext: omni.isaac.cortex-1.0.5] startup
2026-09-29T14:11:21Z [3,581ms] [Warning] [omni.isaac.cortex] omni.isaac.cortex has been deprecated in favor of isaacsim.cortex.framework. Please update your code accordingly.
[3.669s] [ext: omni.anim.curve.core-1.3.1] startup
[3.705s] [ext: omni.isaac.franka-1.0.7] startup
2026-09-29T14:11:21Z [3,620ms] [Warning] [omni.isaac.franka] omni.isaac.franka has been deprecated in favor of isaacsim.robot.manipulators.examples.franka. Please update your code accordingly.
2026-09-29T14:11:21Z [3,622ms] [Warning] [omni.isaac.franka.franka] omni.isaac.franka has been deprecated in favor of isaacsim.robot.manipulators.examples.franka. Please update your code accordingly.
2026-09-29T14:11:21Z [3,647ms] [Warning] [omni.isaac.franka.kinematics_solver] omni.isaac.franka has been deprecated in favor of isaacsim.robot.manipulators.examples.franka. Please update your code accordingly.
[3.735s] [ext: omni.kit.viewport.menubar.camera-107.0.6] startup
[3.758s] [ext: omni.isaac.lula-4.0.6] startup
2026-09-29T14:11:21Z [3,675ms] [Warning] [omni.isaac.lula] omni.isaac.lula has been deprecated in favor of isaacsim.robot_motion.lula. Please update your code accordingly.
[3.763s] [ext: omni.kit.selection-0.1.6] startup
[3.767s] [ext: omni.kit.viewport.menubar.settings-107.0.3] startup
[3.778s] [ext: omni.isaac.manipulators-3.0.7] startup
2026-09-29T14:11:21Z [3,692ms] [Warning] [omni.isaac.manipulators] omni.isaac.manipulators has been deprecated in favor of isaacsim.robot.manipulators. Please update your code accordingly.
2026-09-29T14:11:21Z [3,693ms] [Warning] [omni.isaac.manipulators.controllers] omni.isaac.manipulators has been deprecated in favor of isaacsim.robot.manipulators. Please update your code accordingly.
2026-09-29T14:11:21Z [3,694ms] [Warning] [omni.isaac.manipulators.controllers.pick_place_controller] omni.isaac.manipulators has been deprecated in favor of isaacsim.robot.manipulators. Please update your code accordingly.
2026-09-29T14:11:21Z [3,696ms] [Warning] [omni.isaac.manipulators.controllers.stacking_controller] omni.isaac.manipulators has been deprecated in favor of isaacsim.robot.manipulators. Please update your code accordingly.
2026-09-29T14:11:21Z [3,697ms] [Warning] [omni.isaac.manipulators.grippers] omni.isaac.manipulators has been deprecated in favor of isaacsim.robot.manipulators. Please update your code accordingly.
2026-09-29T14:11:21Z [3,698ms] [Warning] [omni.isaac.manipulators.grippers.gripper] omni.isaac.manipulators has been deprecated in favor of isaacsim.robot.manipulators. Please update your code accordingly.
2026-09-29T14:11:21Z [3,699ms] [Warning] [omni.isaac.manipulators.grippers.parallel_gripper] omni.isaac.manipulators has been deprecated in favor of isaacsim.robot.manipulators. Please update your code accordingly.
2026-09-29T14:11:21Z [3,700ms] [Warning] [omni.isaac.manipulators.grippers.surface_gripper] omni.isaac.manipulators has been deprecated in favor of isaacsim.robot.manipulators. Please update your code accordingly.
2026-09-29T14:11:21Z [3,702ms] [Warning] [omni.isaac.manipulators.manipulators] omni.isaac.manipulators has been deprecated in favor of isaacsim.robot.manipulators. Please update your code accordingly.
2026-09-29T14:11:21Z [3,704ms] [Warning] [omni.isaac.manipulators.manipulators.single_manipulator] omni.isaac.manipulators has been deprecated in favor of isaacsim.robot.manipulators. Please update your code accordingly.
[3.793s] [ext: isaacsim.gui.menu-2.4.4] startup
[3.835s] [ext: isaacsim.sensors.physics-0.4.3] startup
[3.855s] [ext: isaacsim.asset.browser-1.3.23] startup
[3.872s] [ext: omni.isaac.menu-1.0.6] startup
2026-09-29T14:11:21Z [3,788ms] [Warning] [omni.isaac.menu] omni.isaac.menu has been deprecated in favor of isaacsim.gui.menu. Please update your code accordingly.
[3.880s] [ext: isaacsim.robot.policy.examples-4.1.11] startup
[3.908s] [ext: omni.isaac.motion_generation-8.0.7] startup
2026-09-29T14:11:21Z [3,839ms] [Warning] [omni.isaac.motion_generation] omni.isaac.motion_generation has been deprecated in favor of isaacsim.robot_motion.motion_generation. Please update your code accordingly.
2026-09-29T14:11:21Z [3,840ms] [Warning] [omni.isaac.motion_generation.articulation_kinematics_solver] omni.isaac.motion_generation has been deprecated in favor of isaacsim.robot_motion.motion_generation. Please update your code accordingly.
2026-09-29T14:11:21Z [3,842ms] [Warning] [omni.isaac.motion_generation.articulation_motion_policy] omni.isaac.motion_generation has been deprecated in favor of isaacsim.robot_motion.motion_generation. Please update your code accordingly.
2026-09-29T14:11:21Z [3,844ms] [Warning] [omni.isaac.motion_generation.articulation_trajectory] omni.isaac.motion_generation has been deprecated in favor of isaacsim.robot_motion.motion_generation. Please update your code accordingly.
2026-09-29T14:11:21Z [3,857ms] [Warning] [omni.isaac.motion_generation.kinematics_interface] omni.isaac.motion_generation has been deprecated in favor of isaacsim.robot_motion.motion_generation. Please update your code accordingly.
2026-09-29T14:11:21Z [3,858ms] [Warning] [omni.isaac.motion_generation.lula] omni.isaac.motion_generation has been deprecated in favor of isaacsim.robot_motion.motion_generation. Please update your code accordingly.
2026-09-29T14:11:21Z [3,860ms] [Warning] [omni.isaac.motion_generation.lula.kinematics] omni.isaac.motion_generation has been deprecated in favor of isaacsim.robot_motion.motion_generation. Please update your code accordingly.
2026-09-29T14:11:21Z [3,863ms] [Warning] [omni.isaac.motion_generation.lula.motion_policies] omni.isaac.motion_generation has been deprecated in favor of isaacsim.robot_motion.motion_generation. Please update your code accordingly.
2026-09-29T14:11:21Z [3,864ms] [Warning] [omni.isaac.motion_generation.lula.path_planners] omni.isaac.motion_generation has been deprecated in favor of isaacsim.robot_motion.motion_generation. Please update your code accordingly.
2026-09-29T14:11:21Z [3,866ms] [Warning] [omni.isaac.motion_generation.lula.trajectory_generator] omni.isaac.motion_generation has been deprecated in favor of isaacsim.robot_motion.motion_generation. Please update your code accordingly.
2026-09-29T14:11:21Z [3,869ms] [Warning] [omni.isaac.motion_generation.motion_policy_controller] omni.isaac.motion_generation has been deprecated in favor of isaacsim.robot_motion.motion_generation. Please update your code accordingly.
2026-09-29T14:11:21Z [3,871ms] [Warning] [omni.isaac.motion_generation.motion_policy_interface] omni.isaac.motion_generation has been deprecated in favor of isaacsim.robot_motion.motion_generation. Please update your code accordingly.
2026-09-29T14:11:21Z [3,872ms] [Warning] [omni.isaac.motion_generation.path_planner_visualizer] omni.isaac.motion_generation has been deprecated in favor of isaacsim.robot_motion.motion_generation. Please update your code accordingly.
2026-09-29T14:11:21Z [3,873ms] [Warning] [omni.isaac.motion_generation.path_planning_interface] omni.isaac.motion_generation has been deprecated in favor of isaacsim.robot_motion.motion_generation. Please update your code accordingly.
2026-09-29T14:11:21Z [3,874ms] [Warning] [omni.isaac.motion_generation.trajectory] omni.isaac.motion_generation has been deprecated in favor of isaacsim.robot_motion.motion_generation. Please update your code accordingly.
2026-09-29T14:11:21Z [3,875ms] [Warning] [omni.isaac.motion_generation.world_interface] omni.isaac.motion_generation has been deprecated in favor of isaacsim.robot_motion.motion_generation. Please update your code accordingly.
[3.963s] [ext: omni.isaac.asset_browser-1.0.6] startup
2026-09-29T14:11:21Z [3,879ms] [Warning] [omni.isaac.asset_browser] omni.isaac.asset_browser has been deprecated in favor of isaacsim.asset.browser. Please update your code accordingly.
[3.970s] [ext: omni.isaac.nucleus-1.0.6] startup
2026-09-29T14:11:21Z [3,886ms] [Warning] [omni.isaac.nucleus] omni.isaac.nucleus has been deprecated in favor of isaacsim.storage.native. Please update your code accordingly.
2026-09-29T14:11:21Z [3,888ms] [Warning] [omni.isaac.nucleus.nucleus] omni.isaac.nucleus.nucleus has been deprecated in favor of isaacsim.storage.native. Please update your code accordingly.
2026-09-29T14:11:21Z [3,888ms] [Warning] [omni.ext._impl._internal] Found class `Extension` derived from `omni.ext.IExt` in module: 'omni.isaac.nucleus', but it was imported from other extension: 'c:/users/user one/anaconda3/envs/behavior/lib/site-packages/isaacsim/exts/isaacsim.storage.native/isaacsim/storage/native/impl/extension.py', which is not a subpath to: 'c:\users\user one\anaconda3\envs\behavior\lib\site-packages\isaacsim\extsdeprecated\omni.isaac.nucleus'. Do not import `IExt` derived class from other extension in your public namespace.
[3.976s] [ext: omni.isaac.quadruped-3.0.7] startup
2026-09-29T14:11:21Z [3,891ms] [Warning] [omni.isaac.quadruped] omni.isaac.quadruped has been deprecated in favor of isaacsim.robot.policy.examples. Please update your code accordingly.
[3.980s] [ext: omni.isaac.assets_check-0.3.13] startup
2026-09-29T14:11:21Z [3,896ms] [Warning] [omni.isaac.assets_check] omni.isaac.assets_check has been deprecated in favor of isaacsim.asset.browser. Please update your code accordingly.
[3.984s] [ext: isaacsim.gui.content_browser-0.1.11] startup
[4.031s] [ext: omni.isaac.utils-2.0.6] startup
[4.037s] [ext: isaacsim.robot.wheeled_robots-4.0.24] startup
[4.100s] [ext: isaacsim.app.about-2.0.11] startup
[4.112s] [ext: omni.isaac.version-2.0.7] startup
2026-09-29T14:11:21Z [4,027ms] [Warning] [omni.isaac.version] omni.isaac.version has been deprecated in favor of isaacsim.core.version. Please update your code accordingly.
[4.120s] [ext: isaacsim.cortex.behaviors-2.0.14] startup
[4.126s] [ext: omni.isaac.wheeled_robots-3.0.7] startup
2026-09-29T14:11:21Z [4,041ms] [Warning] [omni.isaac.wheeled_robots] omni.isaac.wheeled_robots has been deprecated in favor of isaacsim.robot.wheeled_robots. Please update your code accordingly.
2026-09-29T14:11:21Z [4,047ms] [Warning] [omni.isaac.wheeled_robots.controllers] omni.isaac.wheeled_robots has been deprecated in favor of isaacsim.robot.wheeled_robots. Please update your code accordingly.
2026-09-29T14:11:21Z [4,054ms] [Warning] [omni.isaac.wheeled_robots.controllers.ackermann_controller] omni.isaac.wheeled_robots has been deprecated in favor of isaacsim.robot.wheeled_robots. Please update your code accordingly.
2026-09-29T14:11:21Z [4,061ms] [Warning] [omni.isaac.wheeled_robots.controllers.differential_controller] omni.isaac.wheeled_robots has been deprecated in favor of isaacsim.robot.wheeled_robots. Please update your code accordingly.
2026-09-29T14:11:21Z [4,063ms] [Warning] [omni.isaac.wheeled_robots.controllers.holonomic_controller] omni.isaac.wheeled_robots has been deprecated in favor of isaacsim.robot.wheeled_robots. Please update your code accordingly.
2026-09-29T14:11:21Z [4,066ms] [Warning] [omni.isaac.wheeled_robots.controllers.quintic_path_planner] omni.isaac.wheeled_robots has been deprecated in favor of isaacsim.robot.wheeled_robots. Please update your code accordingly.
2026-09-29T14:11:21Z [4,067ms] [Warning] [omni.isaac.wheeled_robots.controllers.stanley_control] omni.isaac.wheeled_robots has been deprecated in favor of isaacsim.robot.wheeled_robots. Please update your code accordingly.
2026-09-29T14:11:21Z [4,072ms] [Warning] [omni.isaac.wheeled_robots.controllers.wheel_base_pose_controller] omni.isaac.wheeled_robots has been deprecated in favor of isaacsim.robot.wheeled_robots. Please update your code accordingly.
Windows fatal exception: code 0xc0000139
System.Management.Automation.RemoteException
Thread 0x0000c754 (most recent call first):
  File "C:\Users\user one\anaconda3\envs\behavior\Lib\concurrent\futures\thread.py", line 81 in _worker
  File "C:\Users\user one\anaconda3\envs\behavior\Lib\threading.py", line 982 in run
  File "C:\Users\user one\anaconda3\envs\behavior\Lib\threading.py", line 1045 in _bootstrap_inner
  File "C:\Users\user one\anaconda3\envs\behavior\Lib\threading.py", line 1002 in _bootstrap
System.Management.Automation.RemoteException
Thread 0x0000f9c0 (most recent call first):
  File "C:\Users\user one\anaconda3\envs\behavior\Lib\concurrent\futures\thread.py", line 81 in _worker
  File "C:\Users\user one\anaconda3\envs\behavior\Lib\threading.py", line 982 in run
  File "C:\Users\user one\anaconda3\envs\behavior\Lib\threading.py", line 1045 in _bootstrap_inner
  File "C:\Users\user one\anaconda3\envs\behavior\Lib\threading.py", line 1002 in _bootstrap
System.Management.Automation.RemoteException
Thread 0x0000f128 (most recent call first):
  File "C:\Users\user one\anaconda3\envs\behavior\Lib\concurrent\futures\thread.py", line 81 in _worker
  File "C:\Users\user one\anaconda3\envs\behavior\Lib\threading.py", line 982 in run
  File "C:\Users\user one\anaconda3\envs\behavior\Lib\threading.py", line 1045 in _bootstrap_inner
  File "C:\Users\user one\anaconda3\envs\behavior\Lib\threading.py", line 1002 in _bootstrap
System.Management.Automation.RemoteException
Thread 0x00001fdc (most recent call first):
  File "C:\Users\user one\anaconda3\envs\behavior\Lib\concurrent\futures\thread.py", line 81 in _worker
  File "C:\Users\user one\anaconda3\envs\behavior\Lib\threading.py", line 982 in run
  File "C:\Users\user one\anaconda3\envs\behavior\Lib\threading.py", line 1045 in _bootstrap_inner
  File "C:\Users\user one\anaconda3\envs\behavior\Lib\threading.py", line 1002 in _bootstrap
System.Management.Automation.RemoteException
Thread 0x000074d4 (most recent call first):
  File "C:\Users\user one\anaconda3\envs\behavior\Lib\concurrent\futures\thread.py", line 81 in _worker
  File "C:\Users\user one\anaconda3\envs\behavior\Lib\threading.py", line 982 in run
  File "C:\Users\user one\anaconda3\envs\behavior\Lib\threading.py", line 1045 in _bootstrap_inner
  File "C:\Users\user one\anaconda3\envs\behavior\Lib\threading.py", line 1002 in _bootstrap
System.Management.Automation.RemoteException
Thread 0x00009dd0 (most recent call first):
  File "C:\Users\user one\anaconda3\envs\behavior\Lib\site-packages\isaacsim\exts\isaacsim.simulation_app\isaacsim\simulation_app\simulation_app.py", line 534 in _start_app
  File "C:\Users\user one\anaconda3\envs\behavior\Lib\site-packages\isaacsim\exts\isaacsim.simulation_app\isaacsim\simulation_app\simulation_app.py", line 270 in __init__
  File "C:\behavior-2026\BEHAVIOR-1K\OmniGibson\omnigibson\simulator.py", line 293 in _launch_app
  File "C:\behavior-2026\BEHAVIOR-1K\OmniGibson\omnigibson\simulator.py", line 403 in _launch_simulator
  File "C:\behavior-2026\BEHAVIOR-1K\OmniGibson\omnigibson\envs\env_base.py", line 104 in __init__
  File "C:\behavior-2026\BEHAVIOR-1K\OmniGibson\omnigibson\utils\python_utils.py", line 92 in wrapper
  File "C:\behavior-2026\tools\og_black_repro.py", line 84 in <module>
2026-09-29T14:11:21Z [4,073ms] [Warning] [omni.isaac.wheeled_robots.impl] omni.isaac.wheeled_robots has been deprecated in favor of isaacsim.robot.wheeled_robots. Please update your code accordingly.
2026-09-29T14:11:21Z [4,074ms] [Warning] [omni.isaac.wheeled_robots.robots] omni.isaac.wheeled_robots has been deprecated in favor of isaacsim.robot.wheeled_robots. Please update your code accordingly.
2026-09-29T14:11:21Z [4,079ms] [Warning] [omni.isaac.wheeled_robots.robots.holonomic_robot_usd_setup] omni.isaac.wheeled_robots has been deprecated in favor of isaacsim.robot.wheeled_robots. Please update your code accordingly.
2026-09-29T14:11:21Z [4,089ms] [Warning] [omni.isaac.wheeled_robots.robots.wheeled_robot] omni.isaac.wheeled_robots has been deprecated in favor of isaacsim.robot.wheeled_robots. Please update your code accordingly.
[4.179s] [ext: omni.isaac.window.about-2.0.7] startup
2026-09-29T14:11:21Z [4,175ms] [Warning] [omni.isaac.window.about] omni.isaac.window.about has been deprecated in favor of isaacsim.app.about. Please update your code accordingly.
2026-09-29T14:11:21Z [4,176ms] [Warning] [omni.isaac.window.about.about] omni.isaac.window.about.about has been deprecated in favor of isaacsim.app.about.about. Please update your code accordingly.
[4.265s] [ext: omni.kit.manipulator.camera-106.0.4] startup
[4.282s] [ext: omni.isaac.cortex.sample_behaviors-2.0.5] startup
2026-09-29T14:11:21Z [4,196ms] [Warning] [omni.isaac.cortex.sample_behaviors] omni.isaac.cortex.sample_behaviors has been deprecated in favor of isaacsim.cortex.behaviors. Please update your code accordingly.
[4.283s] [ext: omni.sensors.nv.common-3.0.0] startup
[4.312s] [ext: omni.kit.property.audio-1.0.16] startup
[4.315s] [ext: omni.kit.property.camera-1.0.10] startup
[4.321s] [ext: omni.sensors.net-1.0.0] startup
[4.346s] [ext: omni.sensors.nv.materials-2.0.0] startup
[4.365s] [ext: omni.kit.property.geometry-2.0.4] startup
[4.372s] [ext: omni.kit.property.light-1.0.12] startup
[4.389s] [ext: omni.kit.property.material-1.11.9] startup
[4.403s] [ext: omni.sensors.nv.ids-2.0.0] startup
[4.410s] [ext: omni.sensors.nv.wpm-3.0.0] startup
[4.418s] [ext: omni.sensors.nv.lidar-3.0.0] startup
[4.433s] [ext: omni.hydra.scene_api-0.1.2] startup
[4.437s] [ext: isaacsim.util.debug_draw-3.1.0] startup
[4.446s] [ext: omni.sensors.nv.radar-3.0.0] startup
[4.466s] [ext: omni.kit.property.render-1.2.1] startup
[4.468s] [ext: omni.kit.property.transform-1.5.13] startup
[4.475s] [ext: isaacsim.gui.property-1.1.3] startup
[4.479s] [ext: isaacsim.sensors.physx-2.3.2] startup
[4.486s] [ext: isaacsim.sensors.camera-1.3.6] startup
[4.496s] [ext: isaacsim.sensors.rtx-15.8.4] startup
[4.509s] [ext: isaacsim.core.cloner-1.4.10] startup
[4.518s] [ext: omni.kit.property.bundle-1.4.1] startup
[4.522s] [ext: omni.kit.property.isaac-1.0.6] startup
2026-09-29T14:11:21Z [4,436ms] [Warning] [omni.kit.property.isaac] omni.kit.property.isaac has been deprecated in favor of isaacsim.gui.property. Please update your code accordingly.
2026-09-29T14:11:21Z [4,436ms] [Warning] [omni.kit.property.isaac.widgets] omni.kit.property.isaac.widgets has been deprecated in favor of isaacsim.gui.property.widgets. Please update your code accordingly.
[4.524s] [ext: omni.isaac.range_sensor-4.0.6] startup
2026-09-29T14:11:21Z [4,437ms] [Warning] [omni.isaac.range_sensor] omni.isaac.range_sensor has been deprecated in favor of isaacsim.sensors.physx. Please update your code accordingly.
2026-09-29T14:11:21Z [4,438ms] [Warning] [omni.isaac.range_sensor.commands] omni.isaac.range_sensor.commands has been deprecated in favor of isaacsim.sensors.physx.commands. Please update your code accordingly.
[4.526s] [ext: isaacsim.replicator.writers-1.0.17] startup
[4.557s] [ext: omni.isaac.sensor-13.0.7] startup
2026-09-29T14:11:21Z [4,472ms] [Warning] [omni.isaac.sensor] omni.isaac.sensor has been deprecated in favor of isaacsim.sensors.camera, isaacsim.sensors.physics, isaacsim.sensors.physx, and isaacsim.sensors.rtx. Please update your code accordingly.
2026-09-29T14:11:21Z [4,472ms] [Warning] [omni.isaac.sensor.camera] omni.isaac.sensor.camera has been deprecated in favor of isaacsim.sensors.camera.camera. Please update your code accordingly.
2026-09-29T14:11:22Z [4,473ms] [Warning] [omni.isaac.sensor.camera_view] omni.isaac.sensor.camera_view has been deprecated in favor of isaacsim.sensors.camera.camera_view. Please update your code accordingly.
2026-09-29T14:11:22Z [4,473ms] [Warning] [omni.isaac.sensor.commands] omni.isaac.sensor.commands has been deprecated in favor of isaacsim.sensors.physics.commands, isaacsim.sensors.physx.commands, and isaacsim.sensors.rtx.commands. Please update your code accordingly.
2026-09-29T14:11:22Z [4,474ms] [Warning] [omni.isaac.sensor.contact_sensor] omni.isaac.sensor.contact_sensor has been deprecated in favor of isaacsim.sensors.physics.contact_sensor. Please update your code accordingly.
2026-09-29T14:11:22Z [4,474ms] [Warning] [omni.isaac.sensor.imu_sensor] omni.isaac.sensor.imu_sensor has been deprecated in favor of isaacsim.sensors.physics.imu_sensor. Please update your code accordingly.
2026-09-29T14:11:22Z [4,475ms] [Warning] [omni.isaac.sensor.lidar_rtx] omni.isaac.sensor.lidar_rtx has been deprecated in favor of isaacsim.sensors.rtx.lidar_rtx. Please update your code accordingly.
2026-09-29T14:11:22Z [4,475ms] [Warning] [omni.isaac.sensor.rotating_lidar_physX] omni.isaac.sensor.imu_sensor has been deprecated in favor of isaacsim.sensors.physix.rotating_lidar_physX. Please update your code accordingly.
2026-09-29T14:11:22Z [4,477ms] [Warning] [omni.isaac.sensor.scripts.samples.contact_sensor] omni.isaac.sensor.scripts.samples.contact_sensor has been deprecated in favor of isaacsim.sensors.physics.scripts.samples.contact_sensor. Please update your code accordingly.
2026-09-29T14:11:22Z [4,479ms] [Warning] [omni.isaac.sensor.scripts.samples.imu_sensor] omni.isaac.sensor.scripts.samples.imu_sensor has been deprecated in favor of isaacsim.sensors.physics.scripts.samples.imu_sensor. Please update your code accordingly.
2026-09-29T14:11:22Z [4,479ms] [Warning] [omni.isaac.sensor.scripts.samples.lightbeam_sensor] omni.isaac.sensor.scripts.samples.lightbeam_sensor has been deprecated in favor of isaacsim.sensors.physx.scripts.samples.lightbeam_sensor. Please update your code accordingly.
[4.570s] [ext: omni.isaac.cloner-1.0.7] startup
2026-09-29T14:11:22Z [4,485ms] [Warning] [omni.isaac.cloner] omni.isaac.cloner has been deprecated in favor of isaacsim.core.cloner. Please update your code accordingly.
[4.576s] [ext: omni.kit.viewport.menubar.lighting-107.3.1] startup
[4.585s] [ext: omni.kit.viewport.menubar.render-107.0.10] startup
[4.592s] [ext: isaacsim.replicator.domain_randomization-1.0.16] startup
[4.599s] [ext: isaacsim.replicator.examples-1.3.6] startup
[4.603s] [ext: omni.ocio-0.1.1] startup
[4.609s] [ext: omni.rtx.window.settings-0.6.19] startup
[4.623s] [ext: omni.kit.window.console-1.1.4] startup
[4.632s] [ext: omni.kit.window.status_bar-0.1.9] startup
[4.638s] [ext: omni.replicator.isaac-2.0.8] startup
2026-09-29T14:11:22Z [4,553ms] [Warning] [omni.replicator.isaac] omni.replicator.isaac has been deprecated in favor of isaacsim.replicator.domain_randomization, isaacsim.replicator.examples, isaacsim.replicator.writers. Please update your code accordingly.
[4.642s] [ext: omni.replicator.replicator_yaml-2.0.11] startup
[4.658s] [ext: omni.rtx.settings.core-0.6.5] startup
[4.670s] [ext: omni.usd.metrics.assembler.ui-107.3.1] startup
[4.685s] [ext: omni.isaac.surface_gripper-2.0.6] startup
2026-09-29T14:11:22Z [4,600ms] [Warning] [omni.isaac.surface_gripper] omni.isaac.surface_gripper has been deprecated in favor of isaacsim.robot.surface_gripper. Please update your code accordingly.
2026-09-29T14:11:22Z [4,600ms] [Warning] [omni.ext._impl._internal] Found class `Extension` derived from `omni.ext.IExt` in module: 'omni.isaac.surface_gripper', but it was imported from other extension: 'c:/users/user one/anaconda3/envs/behavior/lib/site-packages/isaacsim/exts/isaacsim.robot.surface_gripper/isaacsim/robot/surface_gripper/impl/extension.py', which is not a subpath to: 'c:\users\user one\anaconda3\envs\behavior\lib\site-packages\isaacsim\extsdeprecated\omni.isaac.surface_gripper'. Do not import `IExt` derived class from other extension in your public namespace.
[4.688s] [ext: semantics.schema.editor-2.0.2] startup
[4.696s] [ext: omni.kit.ui.actions-1.0.5] startup
[4.699s] [ext: semantics.schema.property-2.0.1] startup
[4.703s] [ext: omni.isaac.universal_robots-1.0.6] startup
2026-09-29T14:11:22Z [4,617ms] [Warning] [omni.isaac.universal_robots] omni.isaac.universal_robots has been deprecated in favor of isaacsim.robot.manipulators.examples.universal_robots. Please update your code accordingly.
2026-09-29T14:11:22Z [4,618ms] [Warning] [omni.isaac.universal_robots.kinematics_solver] omni.isaac.franka has been deprecated in favor of isaacsim.robot.manipulators.examples.universal_robots. Please update your code accordingly.
2026-09-29T14:11:22Z [4,620ms] [Warning] [omni.isaac.universal_robots.ur10] omni.isaac.franka has been deprecated in favor of isaacsim.robot.manipulators.examples.universal_robots. Please update your code accordingly.
[4.708s] [ext: omni.isaac.core-4.0.7] startup
2026-09-29T14:11:22Z [4,624ms] [Warning] [omni.isaac.core.physics_context.physics_context] omni.isaac.core.physics_context.physics_context has been deprecated in favor of isaacsim.core.api.physics_context.physics_context. Please update your code accordingly.
2026-09-29T14:11:22Z [4,625ms] [Warning] [omni.isaac.core.simulation_context.simulation_context] omni.isaac.core.simulation_context.simulation_context has been deprecated in favor of isaacsim.core.api.simulation_context.simulation_context. Please update your code accordingly.
2026-09-29T14:11:22Z [4,626ms] [Warning] [omni.isaac.core.world.world] omni.isaac.core.world.world has been deprecated in favor of isaacsim.core.api.world.world. Please update your code accordingly.
2026-09-29T14:11:22Z [4,626ms] [Warning] [omni.isaac.core] omni.isaac.core has been deprecated in favor of isaacsim.core.api. Please update your code accordingly.
[4.713s] [ext: isaacsim.gui.sensors.icon-2.0.3] startup
[4.741s] [ext: isaacsim.asset.importer.mjcf-2.5.13] startup
[4.750s] [ext: omni.kit.menu.common-2.0.1] startup
[4.753s] [ext: isaacsim.exp.base-5.1.0] startup
[4.754s] [ext: omnigibson_5_1_0-3.9.3] startup
[4.757s] Simulation App Starting
2026-09-29T14:11:22Z [4,837ms] [Warning] [omni.fabric.plugin] Warning: attribute overrideClipRange not found for bucket id 9

[4.947s] app ready
[0m[00:00:12.838] [INFO] [omnigibson.simulator] ---------- Welcome to OmniGibson! ----------[0m
[7.384s] Simulation App Startup Complete
[7.588s] [ext: omni.physx.fabric-107.3.26] startup
2026-09-29T14:11:25Z [7,631ms] [Warning] [omni.fabric.plugin] Warning: attribute physics:filteredGroups not found for path /World/collision_groups/structural_doors

2026-09-29T14:12:55Z [97,850ms] [Warning] [omni.physx.tensors.plugin] DEPRECATED: Please use getDofFrictionProperties instead.
2026-09-29T14:12:55Z [97,850ms] [Warning] [omni.physx.tensors.plugin] DEPRECATED: Please use setDofFrictionProperties instead.
2026-09-29T14:12:55Z [97,895ms] [Warning] [omni.physx.tensors.plugin] DEPRECATED: Please use getDofFrictionProperties instead.
2026-09-29T14:12:55Z [97,895ms] [Warning] [omni.physx.tensors.plugin] DEPRECATED: Please use setDofFrictionProperties instead.
2026-09-29T14:12:55Z [97,939ms] [Warning] [omni.physx.tensors.plugin] DEPRECATED: Please use getDofFrictionProperties instead.
2026-09-29T14:12:55Z [97,939ms] [Warning] [omni.physx.tensors.plugin] DEPRECATED: Please use setDofFrictionProperties instead.
2026-09-29T14:12:55Z [97,939ms] [Warning] [omni.physx.tensors.plugin] DEPRECATED: Please use getDofFrictionProperties instead.
2026-09-29T14:12:55Z [97,940ms] [Warning] [omni.physx.tensors.plugin] DEPRECATED: Please use setDofFrictionProperties instead.
2026-09-29T14:12:55Z [97,940ms] [Warning] [omni.physx.tensors.plugin] DEPRECATED: Please use getDofFrictionProperties instead.
2026-09-29T14:12:55Z [97,940ms] [Warning] [omni.physx.tensors.plugin] DEPRECATED: Please use setDofFrictionProperties instead.
2026-09-29T14:12:55Z [97,976ms] [Warning] [omni.physx.tensors.plugin] DEPRECATED: Please use getDofFrictionProperties instead.
2026-09-29T14:12:55Z [97,976ms] [Warning] [omni.physx.tensors.plugin] DEPRECATED: Please use setDofFrictionProperties instead.
2026-09-29T14:12:55Z [97,977ms] [Warning] [omni.physx.tensors.plugin] DEPRECATED: Please use getDofFrictionProperties instead.
2026-09-29T14:12:55Z [97,977ms] [Warning] [omni.physx.tensors.plugin] DEPRECATED: Please use setDofFrictionProperties instead.
2026-09-29T14:12:55Z [98,013ms] [Warning] [omni.physx.tensors.plugin] DEPRECATED: Please use getDofFrictionProperties instead.
2026-09-29T14:12:55Z [98,013ms] [Warning] [omni.physx.tensors.plugin] DEPRECATED: Please use setDofFrictionProperties instead.
2026-09-29T14:12:55Z [98,052ms] [Warning] [omni.physx.tensors.plugin] DEPRECATED: Please use getDofFrictionProperties instead.
2026-09-29T14:12:55Z [98,052ms] [Warning] [omni.physx.tensors.plugin] DEPRECATED: Please use setDofFrictionProperties instead.
2026-09-29T14:12:55Z [98,053ms] [Warning] [omni.physx.tensors.plugin] DEPRECATED: Please use getDofFrictionProperties instead.
2026-09-29T14:12:55Z [98,053ms] [Warning] [omni.physx.tensors.plugin] DEPRECATED: Please use setDofFrictionProperties instead.
2026-09-29T14:12:55Z [98,054ms] [Warning] [omni.physx.tensors.plugin] DEPRECATED: Please use getDofFrictionProperties instead.
2026-09-29T14:12:55Z [98,054ms] [Warning] [omni.physx.tensors.plugin] DEPRECATED: Please use setDofFrictionProperties instead.
2026-09-29T14:12:56Z [98,791ms] [Warning] [omni.physx.tensors.plugin] DEPRECATED: Please use getDofFrictionProperties instead.
2026-09-29T14:12:56Z [98,791ms] [Warning] [omni.physx.tensors.plugin] DEPRECATED: Please use setDofFrictionProperties instead.
2026-09-29T14:12:56Z [98,792ms] [Warning] [omni.physx.tensors.plugin] DEPRECATED: Please use getDofFrictionProperties instead.
2026-09-29T14:12:56Z [98,792ms] [Warning] [omni.physx.tensors.plugin] DEPRECATED: Please use setDofFrictionProperties instead.
2026-09-29T14:12:56Z [98,818ms] [Warning] [omni.physx.tensors.plugin] DEPRECATED: Please use getDofFrictionProperties instead.
2026-09-29T14:12:56Z [98,818ms] [Warning] [omni.physx.tensors.plugin] DEPRECATED: Please use setDofFrictionProperties instead.
2026-09-29T14:12:56Z [98,825ms] [Warning] [omni.physx.tensors.plugin] DEPRECATED: Please use getDofFrictionProperties instead.
2026-09-29T14:12:56Z [98,825ms] [Warning] [omni.physx.tensors.plugin] DEPRECATED: Please use setDofFrictionProperties instead.
[0m[00:01:46.985] [INFO] [omnigibson.simulator] Imported scene 0.[0m
[33m[00:01:47.032] [WARNING] [omnigibson.robots.robot] r1pro is set to floating base but is not a non-holonomic locomotion robot[0m
2026-09-29T14:12:56Z [98,834mStarting kit application with the following args:  ['C:\\Users\\user one\\anaconda3\\envs\\behavior\\Lib\\site-packages\\isaacsim\\exts\\isaacsim.simulation_app\\isaacsim\\simulation_app\\simulation_app.py', 'C:\\Users\\user one\\anaconda3\\envs\\behavior\\Lib\\site-packages\\isaacsim\\apps\\omnigibson_5_1_0.kit', '--/app/tokens/exe-path=C:\\Users\\user one\\anaconda3\\envs\\behavior\\Lib\\site-packages\\isaacsim\\kit', '--/persistent/app/viewport/displayOptions=3094', '--/rtx/materialDb/syncLoads=True', '--/rtx/hydra/materialSyncLoads=True', '--/omni.kit.plugin/syncUsdLoads=True', '--/app/renderer/resolution/width=1280', '--/app/renderer/resolution/height=720', '--/app/window/width=1440', '--/app/window/height=900', '--/renderer/multiGpu/enabled=False', '--/app/fastShutdown=True', '--/app/installSignalHandlers=0', '--ext-folder', 'C:\\Users\\user one\\anaconda3\\envs\\behavior\\Lib\\site-packages\\isaacsim/exts', '--ext-folder', 'C:\\Users\\user one\\anaconda3\\envs\\behavior\\Lib\\site-packages\\isaacsim/apps', '--/physics/cudaDevice=0', '--/plugins/carb.tasking.plugin/threadCount=32', '--/plugins/omni.tbb.globalcontrol/maxThreadCount=32', '--no-window', '--/app/window/hideUi=1']
Passing the following args to the base kit application:  ['--portable-root', 'C:\\behavior-2026\\BEHAVIOR-1K\\OmniGibson\\appdata\\local', '--/app/tokens/omni_global_cache=C:\\behavior-2026\\BEHAVIOR-1K\\OmniGibson\\appdata\\global\\cache', '--/app/tokens/omni_global_data=C:\\behavior-2026\\BEHAVIOR-1K\\OmniGibson\\appdata\\global\\data']
Warp DeprecationWarning: The symbol `warp.types.array` will soon be removed from the public API. Use `warp.array` instead.
Warp DeprecationWarning: The symbol `warp.types.Array` will soon be removed from the public API. It can still be accessed from `warp._src.types.Array` but might be changed or removed without notice.
Warp DeprecationWarning: The symbol `warp.types.launch_bounds_t` will soon be removed from the public API. It can still be accessed from `warp._src.types.launch_bounds_t` but might be changed or removed without notice.
Warp DeprecationWarning: The symbol `warp.types.vector_types` will soon be removed from the public API. It can still be accessed from `warp._src.types.vector_types` but might be changed or removed without notice.
Warp DeprecationWarning: The symbol `warp.types.scalar_types` will soon be removed from the public API. It can still be accessed from `warp._src.types.scalar_types` but might be changed or removed without notice.
Warp DeprecationWarning: The symbol `warp.types.np_dtype_to_warp_type` will soon be removed from the public API. It can still be accessed from `warp._src.types.np_dtype_to_warp_type` but might be changed or removed without notice.
Warp 1.12.0 initialized:
   CUDA Toolkit 12.9, Driver 13.1
   Devices:
     "cpu"      : "AMD64 Family 26 Model 68 Stepping 0, AuthenticAMD"
     "cuda:0"   : "NVIDIA GeForce RTX 5070 Ti" (16 GiB, sm_120, mempool enabled)
   Kernel cache:
     C:\behavior-2026\BEHAVIOR-1K\OmniGibson\appdata\global\warp_cache
Warp DeprecationWarning: The symbol `warp.utils.warn` will soon be removed from the public API. It can still be accessed from `warp._src.utils.warn` but might be changed or removed without notice.
Warp DeprecationWarning: The symbol `warp.types.float32` will soon be removed from the public API. Use `warp.float32` instead.
Warp DeprecationWarning: The `warp.sim` module is deprecated and will be removed in v1.10. Please transition to using the forthcoming Newton library instead.

                   ____________
                  /          / \
                 /          / /__
                /          / /  /\
               /__________/ /__/  \
               \   _____  \ \__\  /
                \  \  / \  \ \_/ /
                 \  \/___\  \   /
                  \__________\_/  
       ___                  _  ____ _ _                     
      / _ \ _ __ ___  _ __ (_)/ ___(_) |__  ___  ___  _ __  
     | | | | '_ ` _ \| '_ \| | |  _| | '_ \/ __|/ _ \| '_ \ 
     | |_| | | | | | | | | | | |_| | | |_) \__ \ (_) | | | |
      \___/|_| |_| |_|_| |_|_|\____|_|_.__/|___/\___/|_| |_|

Module omnigibson.utils.usd_utils 57917a4 load on device 'cuda:0' took 1.72 ms  (cached)
Module omnigibson.object_states.aabb 4de578a load on device 'cuda:0' took 0.88 ms  (cached)
Module omnigibson.object_states.adjacency 6039c89 load on device 'cuda:0' took 1.11 ms  (cached)
Module omnigibson.object_states.under ae6dd9f load on device 'cuda:0' took 0.90 ms  (cached)
Module omnigibson.object_states.touching 3695b1b load on device 'cuda:0' took 1.16 ms  (cached)
Module omnigibson.object_states.open_state 9f3c76b load on device 'cuda:0' took 1.06 ms  (cached)
Module omnigibson.object_states.toggle 5172335 load on device 'cuda:0' took 1.48 ms  (cached)
Module omnigibson.object_states.inside c41ba8f load on device 'cuda:0' took 1.43 ms  (cached)
Module omnigibson.object_states.heat_source_or_sink 472acd8 load on device 'cuda:0' took 1.30 ms  (cached)
Module omnigibson.object_states.temperature 10db2b7 load on device 'cuda:0' took 1.67 ms  (cached)
Module omnigibson.object_states.on_top 52eaeb1 load on device 'cuda:0' took 1.06 ms  (cached)
Module omnigibson.object_states.on_fire 9bf5add load on device 'cuda:0' took 1.02 ms  (cached)
Module omnigibson.object_states.next_to f8c23b3 load on device 'cuda:0' took 1.03 ms  (cached)
[og-repro] 렌더 설정 /app/settings/fabricDefaultStageFrameHistoryCount=3 /app/settings/fabricStageFrameHistoryCount=None /app/gatherRenderResults=True /app/asyncRendering=False /app/hydraEngine/waitIdle=False /rtx/rendermode='RaytracedLighting' /rtx/post/aa/op=3 /rtx-transient/hydra/geometrystreaming/syncLoad=None /rtx/rendering/perViewTlas=True /rtx/raytracing/cached/enabled=True /rtx/raytracing/lightcache/spatialCache/enabled=True
s] [Warning] [omni.physx.tensors.plugin] DEPRECATED: Please use getDofFrictionProperties instead.
2026-09-29T14:12:56Z [98,834ms] [Warning] [omni.physx.tensors.plugin] DEPRECATED: Please use setDofFrictionProperties instead.
2026-09-29T14:12:56Z [98,842ms] [Warning] [omni.physx.tensors.plugin] DEPRECATED: Please use getDofFrictionProperties instead.
2026-09-29T14:12:56Z [98,842ms] [Warning] [omni.physx.tensors.plugin] DEPRECATED: Please use setDofFrictionProperties instead.
2026-09-29T14:12:56Z [98,850ms] [Warning] [omni.physx.tensors.plugin] DEPRECATED: Please use getDofFrictionProperties instead.
2026-09-29T14:12:56Z [98,850ms] [Warning] [omni.physx.tensors.plugin] DEPRECATED: Please use setDofFrictionProperties instead.
2026-09-29T14:12:56Z [98,857ms] [Warning] [omni.physx.tensors.plugin] DEPRECATED: Please use getDofFrictionProperties instead.
2026-09-29T14:12:56Z [98,857ms] [Warning] [omni.physx.tensors.plugin] DEPRECATED: Please use setDofFrictionProperties instead.
2026-09-29T14:12:56Z [99,320ms] [Warning] [omni.physx.tensors.plugin] DEPRECATED: Please use getDofFrictionProperties instead.
2026-09-29T14:12:56Z [99,320ms] [Warning] [omni.physx.tensors.plugin] DEPRECATED: Please use setDofFrictionProperties instead.
2026-09-29T14:12:56Z [99,321ms] [Warning] [omni.physx.tensors.plugin] DEPRECATED: Please use getDofFrictionProperties instead.
2026-09-29T14:12:56Z [99,321ms] [Warning] [omni.physx.tensors.plugin] DEPRECATED: Please use setDofFrictionProperties instead.
2026-09-29T14:12:56Z [99,349ms] [Warning] [omni.physx.tensors.plugin] DEPRECATED: Please use getDofFrictionProperties instead.
2026-09-29T14:12:56Z [99,349ms] [Warning] [omni.physx.tensors.plugin] DEPRECATED: Please use setDofFrictionProperties instead.
2026-09-29T14:12:56Z [99,350ms] [Warning] [omni.physx.tensors.plugin] DEPRECATED: Please use getDofFrictionProperties instead.
2026-09-29T14:12:56Z [99,350ms] [Warning] [omni.physx.tensors.plugin] DEPRECATED: Please use setDofFrictionProperties instead.
2026-09-29T14:13:18Z [120,786ms] [Warning] [rtx.postprocessing.plugin] DLSS increasing input dimensions: Render resolution of (112, 112) is below minimal input resolution of 300.
2026-09-29T14:13:19Z [122,240ms] [Warning] [carb] Plugin interface for a client: omni.hydratexture.plugin was already released.
2026-09-29T14:13:19Z [122,242ms] [Warning] [carb] Plugin interface for a client: omni.hydratexture.plugin was already released.
2026-09-29T14:13:20Z [123,105ms] [Warning] [omni.syntheticdata.plugin] OgnSdPostRenderVarToHost : rendervar copy from texture directly to host buffer is counter-performant. Please use copy from texture to device buffer first.
2026-09-29T14:13:20Z [123,220ms] [Warning] [omni.syntheticdata.plugin] SdRenderVarPtr missing valid input renderVar LdrColorSDhost
2026-09-29T14:13:25Z [127,993ms] [Error] [omni.kit.app._impl] [py stderr]: C:\Users\user one\anaconda3\envs\behavior\Lib\site-packages\gymnasium\spaces\box.py:415: UserWarning: [33mWARN: Casting input x to numpy array.[0m
  gym.logger.warn("Casting input x to numpy array.")
[og-repro] 스텝 150: rgb annotator 다시 붙임
[og-repro] scene=radio res=224 steps=300 (12.9 steps/s) set=[] kit=[]
[og-repro] robot_r1:left_realsense_link:Camera:0: RGB 검정 0/300 처음 []
[og-repro]   다시 붙이기 전 0/150 (나머지3 []) · 뒤 0/150 (처음 []) · 빈 데이터 스텝 []
[og-repro] robot_r1:right_realsense_link:Camera:0: RGB 검정 0/300 처음 []
[og-repro]   다시 붙이기 전 0/150 (나머지3 []) · 뒤 0/150 (처음 []) · 빈 데이터 스텝 []
[og-repro] robot_r1:zed_link:Camera:0: RGB 검정 0/300 처음 []
[og-repro]   다시 붙이기 전 0/150 (나머지3 []) · 뒤 0/150 (처음 []) · 빈 데이터 스텝 []
2026-09-29T14:13:30Z [132,854ms] [Warning] [carb] Client gpu.foundation.plugin has acquired [gpu::unstable::IMemoryBudgetManagerFactory v0.1] 100 times. Consider accessing this interface with carb::getCachedInterface() (Performance warning)
2026-09-29T14:13:51Z [153,597ms] [Warning] [carb] Plugin interface for a client: omni.hydratexture.plugin was already released.
2026-09-29T14:13:51Z [153,597ms] [Warning] [carb] Plugin interface for a client: omni.hydratexture.plugin was already released.
[153.835s] Simulation App Shutting Down
