[0m[00:00:05.134] [INFO] [omnigibson.simulator] ----- Starting OmniGibson. This will take 10-30 seconds... -----[0m
[og-repro] kit extra_args=['--/rtx-transient/hydra/geometrystreaming/syncLoad=true', '--/rtx/rendering/perViewTlas=false', '--/rtx/raytracing/cached/enabled=false', '--/rtx/raytracing/lightcache/spatialCache/enabled=false']
DEBUG:asyncio:Using proactor: IocpProactor
[Info] [carb] Logging to file: C:/behavior-2026/BEHAVIOR-1K/OmniGibson/appdata/local/logs/Kit/OmniGibson/3.9/kit_20260929_225906.log
[0.197s] [ext: omni.kit.async_engine-0.0.3] startup
[0.348s] [ext: omni.metrics.core-0.0.3] startup
[0.351s] [ext: omni.client.lib-1.1.0] startup
[0.368s] [ext: omni.blobkey-1.1.2] startup
[0.369s] [ext: omni.stats-1.0.1] startup
[0.373s] [ext: omni.datastore-0.0.0] startup
[0.377s] [ext: omni.client-1.3.0] startup
[0.388s] [ext: omni.ujitso.default-1.0.0] startup
[0.395s] [ext: omni.hsscclient-1.1.2] startup
[0.413s] [ext: omni.gpu_foundation.shadercache.vulkan-1.0.0] startup
[0.420s] [ext: omni.assets.plugins-0.0.0] startup
[0.427s] [ext: omni.gpu_foundation-0.0.0] startup
[0.464s] [ext: carb.windowing.plugins-1.0.0] startup
[0.788s] [ext: omni.kit.renderer.init-0.0.0] startup
[0.791s] [ext: omni.materialx.libs-1.0.7] startup
[0.819s] [ext: omni.kit.loop-isaac-1.3.7] startup
[0.823s] [ext: omni.kit.test-2.0.1] startup
[0.879s] [ext: omni.usd.config-1.0.6] startup
[0.902s] [ext: omni.gpucompute.plugins-0.0.0] startup
[0.906s] [ext: omni.usd.libs-1.0.1] startup
[1.048s] [ext: omni.kit.telemetry-0.5.2] startup
[1.062s] [ext: omni.mdl-56.0.3] startup
[1.096s] [ext: omni.iray.libs-0.0.0] startup
[1.132s] [ext: omni.mdl.neuraylib-0.2.12] startup
[1.141s] [ext: omni.kit.usd.mdl-1.1.5] startup
[1.305s] [ext: omni.kit.pipapi-0.0.0] startup
[1.306s] [ext: omni.appwindow-1.1.10] startup
[1.314s] [ext: omni.kit.renderer.core-1.1.0] startup
[1.329s] [ext: omni.kit.renderer.capture-0.0.0] startup
[1.358s] [ext: omni.kit.renderer.imgui-2.0.5] startup
[1.384s] [ext: omni.ui-2.27.1] startup
[1.401s] [ext: omni.kit.mainwindow-1.0.3] startup
[1.405s] [ext: carb.audio-0.1.0] startup
[1.407s] [ext: omni.uiaudio-1.0.0] startup
[1.412s] [ext: omni.kit.uiapp-0.0.0] startup
[1.412s] [ext: omni.usd.schema.metrics.assembler-107.3.1] startup
[1.425s] [ext: omni.usd.schema.audio-0.0.0] startup
[1.442s] [ext: omni.usd_resolver-1.0.0] startup
[1.465s] [ext: omni.usd.core-1.5.3] startup
[1.467s] [ext: omni.usd.schema.omni_lens_distortion-0.0.0] startup
[1.501s] [ext: omni.usd.schema.anim-0.0.0] startup
[1.549s] [ext: omni.usd.schema.geospatial-0.0.0] startup
[1.558s] [ext: omni.usd.schema.semantics-0.0.0] startup
[1.567s] [ext: omni.kit.actions.core-1.0.0] startup
[1.575s] [ext: omni.activity.core-1.0.3] startup
[1.581s] [ext: omni.kit.commands-1.4.10] startup
[1.595s] [ext: usdrt.scenegraph-7.6.1] startup
[1.694s] [ext: omni.resourcemonitor-107.0.1] startup
[1.702s] [ext: omni.kit.audiodeviceenum-1.0.2] startup
[1.708s] [ext: omni.hydra.usdrt_delegate-7.5.1] startup
[1.726s] [ext: omni.kit.usd_undo-0.1.8] startup
[1.727s] [ext: omni.kit.window.popup_dialog-2.0.24] startup
[1.736s] [ext: omni.graph.exec-0.9.6] startup
[1.738s] [ext: omni.timeline-1.0.14] startup
[1.744s] [ext: omni.kit.widget.nucleus_connector-2.0.1] startup
[1.748s] [ext: omni.kit.exec.core-0.13.4] startup
[1.757s] [ext: omni.hydra.scene_delegate-0.3.4] startup
[1.762s] [ext: omni.usd-1.13.10] startup
[1.823s] [ext: omni.kit.asset_converter-5.0.17] startup
[1.842s] [ext: omni.usd.schema.isaac-3.0.5] startup
[1.842s] [ext: omni.usd.schema.omnigraph-1.0.0] startup
[1.867s] [ext: isaacsim.robot.schema-3.6.0] startup
2026-09-29T13:59:08Z [1,776ms] [Warning] [gpu.foundation.plugin] Skipping unsupported non-NVIDIA GPU: AMD Radeon(TM) Graphics
2026-09-29T13:59:08Z [1,778ms] [Warning] [gpu.foundation.plugin] Skipping unsupported non-NVIDIA GPU: AMD Radeon(TM) Graphics
[1.905s] [ext: omni.usd.schema.omniscripting-1.0.0] startup
[1.941s] [ext: omni.usd.schema.flow-107.1.1] startup
[1.942s] [ext: omni.usd.schema.omni_sensors-0.0.0] startup
[1.944s] [ext: omni.usd.schema.physx-107.3.26] startup
[1.992s] [ext: omni.inspect-1.0.2] startup
[1.998s] [ext: omni.kit.notification_manager-1.0.10] startup
[2.003s] [ext: omni.graph.core-2.184.5] startup
[2.009s] [ext: isaacsim.core.deprecation_manager-0.2.7] startup
[2.011s] [ext: omni.usd.schema.render_settings.rtx-0.0.0] startup
[2.015s] [ext: omni.anim.graph.schema-107.3.3] startup
[2.028s] [ext: omni.anim.navigation.schema-107.3.3] startup
[2.039s] [ext: omni.kit.widget.path_field-2.0.11] startup
[2.042s] [ext: omni.kit.viewport.legacy_gizmos-1.0.19] startup
[2.047s] [ext: omni.kit.widget.browser_bar-2.0.10] startup
[2.050s] [ext: omni.kit.clipboard-1.0.5] startup
[2.055s] [ext: omni.kit.usd.layers-2.2.11] startup
[2.072s] [ext: omni.ui.scene-1.11.5] startup
[2.081s] [ext: omni.index.libs-380600.8087.0] startup
[2.081s] [ext: omni.kit.viewport.scene_camera_model-1.0.6] startup
[2.085s] [ext: omni.index-1.0.1] startup
[2.088s] [ext: omni.hydra.rtx.shadercache.vulkan-1.0.0] startup
[2.092s] [ext: omni.kit.widget.options_menu-1.1.6] startup
[2.101s] [ext: omni.volume-0.5.2] startup
[2.113s] [ext: omni.ujitso.client-0.0.0] startup
[2.115s] [ext: omni.kit.helper.file_utils-0.1.9] startup

|---------------------------------------------------------------------------------------------|
| Driver Version: 591.86        | Graphics API: Vulkan
|=============================================================================================|
| GPU | Name                             | Active | LDA | GPU Memory | Vendor-ID | LUID       |
|     |                                  |        |     |            | Device-ID | UUID       |
|     |                                  |        |     |            | Bus-ID    |            |
|---------------------------------------------------------------------------------------------|
| 0   | NVIDIA GeForce RTX 5070 Ti       | Yes: 0 |     | 15995   MB | 10de      | 99140100.. |
|     |                                  |        |     |            | 2c05      | a9dc7904.. |
|     |                                  |        |     |            | 1         |            |
|---------------------------------------------------------------------------------------------|
| 1   | AMD Radeon(TM) Graphics          |        |     | 32619   MB | 1002      | 67290100.. |
|     |                                  |        |     |            | 13c0      | 00000000.. |
|     |                                  |        |     |            | N/A       |            |
|=============================================================================================|
| OS: Windows 11 Pro, Version: 10.0 (25H2), Build: 26200, Kernel: 10.0.26100.9444
| Processor: AMD Ryzen 9 9950X 16-Core Processor            
| Cores: 16 | Logical Cores: 32
|---------------------------------------------------------------------------------------------|
| Total Memory (MB): 63136 | Free Memory: 23194
| Total Page/Swap (MB): 100000 | Free Page/Swap: 35693
|---------------------------------------------------------------------------------------------|
[2.119s] [ext: omni.kit.menu.core-1.1.2] startup
[2.121s] [ext: omni.hydra.rtx-1.0.0] startup
[2.192s] [ext: omni.kit.widget.options_button-1.0.3] startup
[2.194s] [ext: omni.kit.widget.filebrowser-2.12.3] startup
[2.207s] [ext: omni.kit.widget.context_menu-1.2.5] startup
[2.210s] [ext: omni.kit.hydra_texture-1.4.6] startup
[2.217s] [ext: omni.kit.window.filepicker-2.13.4] startup
[2.249s] [ext: omni.kit.menu.utils-2.0.5] startup
[2.267s] [ext: omni.kit.context_menu-1.8.6] startup
[2.273s] [ext: omni.kit.widget.viewport-107.1.3] startup
[2.284s] [ext: omni.kit.viewport.registry-104.0.6] startup
[2.285s] [ext: omni.kit.window.file_importer-1.1.18] startup
[2.291s] [ext: omni.kit.raycast.query-1.1.0] startup
[2.300s] [ext: omni.kit.material.library-2.0.7] startup
[2.312s] [ext: omni.kit.window.drop_support-1.0.5] startup
[2.313s] [ext: omni.hydra.engine.stats-1.0.3] startup
[2.316s] [ext: omni.kit.viewport.window-107.2.0] startup
[2.529s] [ext: omni.kit.widget.zoombar-1.0.6] startup
[2.532s] [ext: omni.kit.widget.searchfield-1.1.8] startup
[2.535s] [ext: omni.kit.widget.filter-1.1.4] startup
[2.537s] [ext: omni.kit.window.file_exporter-1.0.33] startup
[2.539s] [ext: omni.kit.hotkeys.core-1.3.10] startup
[2.540s] [ext: omni.kit.browser.core-2.3.13] startup
[2.550s] [ext: omni.kit.stage_template.core-1.1.22] startup
[2.552s] [ext: omni.kit.widget.stage-3.1.4] startup
[2.582s] [ext: omni.kit.browser.folder.core-1.10.9] startup
DEBUG:AutoNode:Defining data type 'any' as 'Any'
DEBUG:AutoNode:Defining data type 'bool' as 'Bool' and array 'BoolArray
DEBUG:AutoNode:Defining data type 'bundle' as 'Bundle'
DEBUG:AutoNode:Defining data type 'colord[3]' as 'Color3d' and array 'Color3dArray
DEBUG:AutoNode:Defining data type 'colorf[3]' as 'Color3f' and array 'Color3fArray
DEBUG:AutoNode:Defining data type 'colorh[3]' as 'Color3h' and array 'Color3hArray
DEBUG:AutoNode:Defining data type 'colord[4]' as 'Color4d' and array 'Color4dArray
DEBUG:AutoNode:Defining data type 'colorf[4]' as 'Color4f' and array 'Color4fArray
DEBUG:AutoNode:Defining data type 'colorh[4]' as 'Color4h' and array 'Color4hArray
DEBUG:AutoNode:Defining data type 'double' as 'Double' and array 'DoubleArray
DEBUG:AutoNode:Defining data type 'double[2]' as 'Double2' and array 'Double2Array
DEBUG:AutoNode:Defining data type 'double[3]' as 'Double3' and array 'Double3Array
DEBUG:AutoNode:Defining data type 'double[4]' as 'Double4' and array 'Double4Array
DEBUG:AutoNode:Defining data type 'execution' as 'Execution'
DEBUG:AutoNode:Defining data type 'float' as 'Float' and array 'FloatArray
DEBUG:AutoNode:Defining data type 'float[2]' as 'Float2' and array 'Float2Array
DEBUG:AutoNode:Defining data type 'float[3]' as 'Float3' and array 'Float3Array
DEBUG:AutoNode:Defining data type 'float[4]' as 'Float4' and array 'Float4Array
DEBUG:AutoNode:Defining data type 'frame[4]' as 'Frame' and array 'FrameArray
DEBUG:AutoNode:Defining data type 'half' as 'Half' and array 'HalfArray
DEBUG:AutoNode:Defining data type 'half[2]' as 'Half2' and array 'Half2Array
DEBUG:AutoNode:Defining data type 'half[3]' as 'Half3' and array 'Half3Array
DEBUG:AutoNode:Defining data type 'half[4]' as 'Half4' and array 'Half4Array
DEBUG:AutoNode:Defining data type 'int' as 'Int' and array 'IntArray
DEBUG:AutoNode:Defining data type 'int[2]' as 'Int2' and array 'Int2Array
DEBUG:AutoNode:Defining data type 'int[3]' as 'Int3' and array 'Int3Array
DEBUG:AutoNode:Defining data type 'int[4]' as 'Int4' and array 'Int4Array
DEBUG:AutoNode:Defining data type 'int64' as 'Int64' and array 'Int64Array
DEBUG:AutoNode:Defining data type 'matrixd[2]' as 'Matrix2d' and array 'Matrix2dArray
DEBUG:AutoNode:Defining data type 'matrixd[3]' as 'Matrix3d' and array 'Matrix3dArray
DEBUG:AutoNode:Defining data type 'matrixd[4]' as 'Matrix4d' and array 'Matrix4dArray
DEBUG:AutoNode:Defining data type 'normald[3]' as 'Normal3d' and array 'Normal3dArray
DEBUG:AutoNode:Defining data type 'normalf[3]' as 'Normal3f' and array 'Normal3fArray
DEBUG:AutoNode:Defining data type 'normalh[3]' as 'Normal3h' and array 'Normal3hArray
DEBUG:AutoNode:Defining data type 'objectId' as 'ObjectId' and array 'ObjectIdArray
DEBUG:AutoNode:Defining data type 'path' as 'Path'
DEBUG:AutoNode:Defining data type 'pointd[3]' as 'Point3d' and array 'Point3dArray
DEBUG:AutoNode:Defining data type 'pointf[3]' as 'Point3f' and array 'Point3fArray
DEBUG:AutoNode:Defining data type 'pointh[3]' as 'Point3h' and array 'Point3hArray
DEBUG:AutoNode:Defining data type 'quatd[4]' as 'Quatd' and array 'QuatdArray
DEBUG:AutoNode:Defining data type 'quatf[4]' as 'Quatf' and array 'QuatfArray
DEBUG:AutoNode:Defining data type 'quath[4]' as 'Quath' and array 'QuathArray
DEBUG:AutoNode:Defining data type 'string' as 'String'
DEBUG:AutoNode:Defining data type 'target' as 'Target'
DEBUG:AutoNode:Defining data type 'texcoordd[2]' as 'TexCoord2d' and array 'TexCoord2dArray
DEBUG:AutoNode:Defining data type 'texcoordf[2]' as 'TexCoord2f' and array 'TexCoord2fArray
DEBUG:AutoNode:Defining data type 'texcoordh[2]' as 'TexCoord2h' and array 'TexCoord2hArray
DEBUG:AutoNode:Defining data type 'texcoordd[3]' as 'TexCoord3d' and array 'TexCoord3dArray
DEBUG:AutoNode:Defining data type 'texcoordf[3]' as 'TexCoord3f' and array 'TexCoord3fArray
DEBUG:AutoNode:Defining data type 'texcoordh[3]' as 'TexCoord3h' and array 'TexCoord3hArray
DEBUG:AutoNode:Defining data type 'timecode' as 'Timecode' and array 'TimecodeArray
DEBUG:AutoNode:Defining data type 'token' as 'Token' and array 'TokenArray
DEBUG:AutoNode:Defining data type 'uchar' as 'UChar' and array 'UCharArray
DEBUG:AutoNode:Defining data type 'uint' as 'UInt' and array 'UIntArray
DEBUG:AutoNode:Defining data type 'uint64' as 'UInt64' and array 'UInt64Array
DEBUG:AutoNode:Defining data type 'vectord[3]' as 'Vector3d' and array 'Vector3dArray
DEBUG:AutoNode:Defining data type 'vectorf[3]' as 'Vector3f' and array 'Vector3fArray
DEBUG:AutoNode:Defining data type 'vectorh[3]' as 'Vector3h' and array 'Vector3hArray
[2.596s] [ext: omni.kit.window.file-2.0.5] startup
[2.606s] [ext: omni.kit.window.content_browser_registry-0.0.6] startup
[2.608s] [ext: omni.kit.widget.prompt-1.0.7] startup
[2.610s] [ext: omni.kit.usd.collect-2.4.5] startup
[2.615s] [ext: omni.graph.tools-1.79.2] startup
[2.676s] [ext: omni.kit.window.content_browser-3.1.3] startup
[2.697s] [ext: omni.kit.usdz_export-1.0.9] startup
[2.702s] [ext: omni.graph.action_core-1.1.7] startup
[2.710s] [ext: omni.graph-1.141.2] startup
[2.790s] [ext: omni.kit.widget.stage_icons-1.0.8] startup
[2.793s] [ext: omni.kit.tool.asset_importer-4.3.2] startup
[2.807s] [ext: omni.graph.action_nodes-1.50.4] startup
[2.821s] [ext: omni.kit.window.stage-2.6.1] startup
[2.837s] [ext: omni.kit.widget.searchable_combobox-1.0.6] startup
[2.846s] [ext: omni.graph.action-1.130.0] startup
[2.852s] [ext: omni.kit.menu.stage-1.2.7] startup
[2.856s] [ext: omni.kit.widget.settings-1.2.6] startup
[2.862s] [ext: omni.kit.viewport.utility-1.1.2] startup
[2.864s] [ext: omni.kit.property.adapter.core-1.0.2] startup
[2.873s] [ext: omni.kit.window.preferences-1.8.0] startup
[2.891s] [ext: omni.kit.viewport.actions-107.0.2] startup
[2.899s] [ext: omni.kit.widget.highlight_label-1.0.3] startup
[2.902s] [ext: omni.kit.property.adapter.usd-1.0.2] startup
[2.906s] [ext: omni.kit.viewport.menubar.core-107.2.1] startup
[2.967s] [ext: omni.kit.property.adapter.fabric-1.0.3] startup
[2.973s] [ext: omni.kit.viewport.menubar.display-107.0.3] startup
[2.977s] [ext: omni.kit.window.property-1.12.1] startup
[2.986s] [ext: omni.ui_query-1.1.8] startup
[2.989s] [ext: omni.kit.property.usd-4.5.12] startup
[3.012s] [ext: omni.kit.menu.create-2.0.1] startup
[3.016s] [ext: isaacsim.core.version-2.0.6] startup
[3.018s] [ext: omni.kit.ui_test-1.3.7] startup
[3.023s] [ext: omni.kit.scripting-107.3.2] startup
[3.035s] [ext: omni.convexdecomposition-107.3.26] startup
[3.043s] [ext: isaacsim.storage.native-1.5.1] startup
[3.049s] [ext: omni.kit.widget.toolbar-2.0.1] startup
[3.070s] [ext: omni.kit.manipulator.transform-107.0.0] startup
[3.081s] [ext: omni.kvdb-107.3.26] startup
[3.089s] [ext: omni.usdphysics-107.3.26] startup
[3.094s] [ext: omni.physx.foundation-107.3.26] startup
[3.103s] [ext: omni.localcache-107.3.26] startup
[3.109s] [ext: omni.kit.window.extensions-1.4.27] startup
[3.124s] [ext: omni.physx.cooking-107.3.26] startup
[3.132s] [ext: omni.kit.manipulator.viewport-107.0.1] startup
[3.136s] [ext: omni.physx-107.3.26] startup
[3.154s] [ext: omni.graph.visualization.nodes-2.1.3] startup
[3.169s] [ext: isaacsim.replicator.behavior-1.1.16] startup
[3.172s] [ext: omni.kit.tool.collect-2.2.18] startup
[3.182s] [ext: omni.kit.manipulator.tool.snap-1.5.13] startup
[3.198s] [ext: omni.kit.manipulator.selector-1.1.3] startup
[3.204s] [ext: isaacsim.gui.components-1.2.1] startup
[3.214s] [ext: isaacsim.examples.browser-0.2.1] startup
[3.223s] [ext: isaacsim.asset.importer.urdf-2.4.30] startup
[3.380s] [ext: omni.kit.viewport.manipulator.transform-107.0.4] startup
[3.396s] [ext: omni.kit.primitive.mesh-1.0.17] startup
[3.408s] [ext: omni.kit.manipulator.prim.core-107.0.8] startup
[3.425s] [ext: omni.fabric.commands-1.1.6] startup
[3.434s] [ext: omni.kit.manipulator.prim.usd-107.0.3] startup
[3.438s] [ext: omni.kit.manipulator.prim.fabric-107.0.4] startup
[3.443s] [ext: omni.kit.widget.layers-1.8.6] startup
[3.476s] [ext: omni.kit.manipulator.selection-106.0.1] startup
[3.481s] [ext: omni.kit.manipulator.prim-107.0.0] startup
[3.482s] [ext: omni.debugdraw-0.1.4] startup
[3.489s] [ext: omni.physics-107.3.26] startup
[3.499s] [ext: omni.usdphysics.ui-107.3.26] startup
[3.531s] [ext: omni.physx.commands-107.3.26] startup
[3.540s] [ext: omni.physics.stageupdate-107.3.26] startup
[3.549s] [ext: omni.kit.window.toolbar-2.0.0] startup
[3.554s] [ext: omni.physx.ui-107.3.26] startup
[3.603s] [ext: omni.kit.widget.graph-2.0.0] startup
[3.617s] [ext: omni.physx.supportui-107.3.26] startup
[3.639s] [ext: omni.kit.graph.delegate.default-1.2.3] startup
[3.643s] [ext: omni.kit.numpy.common-0.1.3] startup
[3.647s] [ext: omni.usd.metrics.assembler-107.3.1] startup
[3.656s] [ext: omni.physics.physx-107.3.26] startup
2026-09-29T13:59:10Z [3,548ms] [Warning] [carb] Acquiring non optional plugin interface which is not listed as dependency: [omni::physx::IPhysxBenchmarks v1.0] (plugin: <default plugin>), by client: omni.physics.physx.plugin. Add it to CARB_PLUGIN_IMPL_DEPS() macro of a client.
[3.659s] [ext: omni.physics.tensors-107.3.26] startup
[3.671s] [ext: omni.warp.core-1.8.2] startup
2026-09-29T13:59:10Z [3,564ms] [Warning] [omni.ext._impl._internal] There is already a module 'warp' in 'C:\Users\user one\anaconda3\envs\behavior\Lib\site-packages\warp\__init__.py'. Can't import another module with the same name in public space from 'c:\users\user one\anaconda3\envs\behavior\lib\site-packages\isaacsim\extscache\omni.warp.core-1.8.2+wx64'.
[3.675s] [ext: omni.usd.metrics.assembler.physics-107.3.26] startup
[3.681s] [ext: omni.isaac.dynamic_control-2.0.7] startup
2026-09-29T13:59:10Z [3,581ms] [Warning] [omni.isaac.dynamic_control] omni.isaac.dynamic_control is deprecated as of Isaac Sim 4.5. No action is needed from end-users.
[3.693s] [ext: omni.physx.tensors-107.3.26] startup
[3.699s] [ext: isaacsim.core.utils-3.5.1] startup
[3.705s] [ext: omni.graph.image.core-0.6.1] startup
[3.709s] [ext: isaacsim.core.simulation_manager-1.4.4] startup
[3.821s] [ext: omni.graph.image.nodes-1.3.1] startup
[3.825s] [ext: omni.kit.stage_templates-2.0.0] startup
[3.833s] [ext: isaacsim.core.prims-0.6.1] startup
[3.873s] [ext: omni.syntheticdata-0.6.13] startup
[3.892s] [ext: isaacsim.core.api-4.8.0] startup
[3.939s] [ext: omni.videoencoding-0.1.2] startup
[3.945s] [ext: isaacsim.core.experimental.utils-0.3.0] startup
[3.950s] [ext: omni.kit.graph.editor.core-1.5.3] startup
[3.956s] [ext: omni.kit.graph.usd.commands-1.3.1] startup
[3.958s] [ext: isaacsim.simulation_app-2.12.2] startup
[3.959s] [ext: omni.graph.ui_nodes-1.50.5] startup
[3.967s] [ext: omni.graph.nodes-1.170.10] startup
[3.981s] [ext: omni.kit.widget.material_preview-1.0.16] startup
[3.990s] [ext: isaacsim.test.docstring-1.1.0] startup
[3.996s] [ext: omni.isaac.kit-2.0.6] startup
2026-09-29T13:59:10Z [3,886ms] [Warning] [omni.isaac.kit] omni.isaac.kit has been deprecated in favor of isaacsim.simulation_app. Please update your code accordingly.
[3.998s] [ext: isaacsim.robot_motion.lula-4.0.8] startup
[4.011s] [ext: omni.warp-1.8.2] startup
[4.027s] [ext: omni.kit.window.material_graph-1.9.1] startup
[4.056s] [ext: omni.graph.scriptnode-1.50.0] startup
[4.061s] [ext: isaacsim.robot_motion.motion_generation-8.0.26] startup
[4.098s] [ext: isaacsim.core.experimental.prims-0.8.1] startup
[4.199s] [ext: omni.replicator.core-1.12.27] startup
2026-09-29T13:59:10Z [4,116ms] [Warning] [pxr.Semantics] pxr.Semantics is deprecated - please use Semantics instead
2026-09-29T13:59:11Z [4,249ms] [Warning] [omni.graph.core.plugin] Found duplicate of category 'Replicator' - was 'Annotators', adding 'Fabric Reader'
2026-09-29T13:59:11Z [4,249ms] [Warning] [omni.graph.core.plugin] Category 'Replicator' not accepted on node type 'omni.replicator.core.FabricReader' in extension 'omni.replicator.core'
2026-09-29T13:59:11Z [4,251ms] [Warning] [omni.replicator.core.scripts.extension] No material configuration file, adding configuration to material settings directly.
[4.366s] [ext: isaacsim.robot_motion.lula_test_widget-1.0.12] startup
[4.374s] [ext: isaacsim.robot.surface_gripper-3.3.1] startup
[4.391s] [ext: isaacsim.core.nodes-3.4.3] startup
[4.410s] [ext: omni.isaac.lula_test_widget-1.0.6] startup
2026-09-29T13:59:11Z [4,303ms] [Warning] [omni.isaac.lula_test_widget] omni.isaac.lula_test_widget has been deprecated in favor of isaacsim.robot_motion.lula_test_widget. Please update your code accordingly.
[4.420s] [ext: isaacsim.robot.manipulators-3.3.6] startup
[4.430s] [ext: isaacsim.core.experimental.objects-0.4.0] startup
[4.460s] [ext: isaacsim.core.experimental.materials-0.4.0] startup
[4.478s] [ext: isaacsim.core.throttling-2.2.2] startup
[4.488s] [ext: isaacsim.robot.manipulators.examples-1.1.2] startup
[4.492s] [ext: omni.flowusd-107.1.8] startup
2026-09-29T13:59:11Z [4,388ms] [Warning] [omni.stageupdate.plugin] Deprecated: direct use of IStageUpdate callbacks is deprecated. Use IStageUpdate::getStageUpdate instead.
[4.511s] [ext: isaacsim.cortex.framework-1.0.12] startup
[4.514s] [ext: omni.isaac.core_nodes-2.0.6] startup
2026-09-29T13:59:11Z [4,409ms] [Warning] [omni.isaac.core_nodes] omni.isaac.core_nodes has been deprecated in favor of isaacsim.core.nodes. Please update your code accordingly.
[4.521s] [ext: omni.isaac.cortex-1.0.5] startup
2026-09-29T13:59:11Z [4,414ms] [Warning] [omni.isaac.cortex] omni.isaac.cortex has been deprecated in favor of isaacsim.cortex.framework. Please update your code accordingly.
[4.526s] [ext: omni.anim.curve.core-1.3.1] startup
[4.572s] [ext: omni.isaac.franka-1.0.7] startup
2026-09-29T13:59:11Z [4,463ms] [Warning] [omni.isaac.franka] omni.isaac.franka has been deprecated in favor of isaacsim.robot.manipulators.examples.franka. Please update your code accordingly.
2026-09-29T13:59:11Z [4,464ms] [Warning] [omni.isaac.franka.franka] omni.isaac.franka has been deprecated in favor of isaacsim.robot.manipulators.examples.franka. Please update your code accordingly.
2026-09-29T13:59:11Z [4,505ms] [Warning] [omni.isaac.franka.kinematics_solver] omni.isaac.franka has been deprecated in favor of isaacsim.robot.manipulators.examples.franka. Please update your code accordingly.
[4.616s] [ext: omni.kit.viewport.menubar.camera-107.0.6] startup
[4.640s] [ext: omni.isaac.lula-4.0.6] startup
2026-09-29T13:59:11Z [4,530ms] [Warning] [omni.isaac.lula] omni.isaac.lula has been deprecated in favor of isaacsim.robot_motion.lula. Please update your code accordingly.
[4.642s] [ext: omni.kit.selection-0.1.6] startup
[4.648s] [ext: omni.kit.viewport.menubar.settings-107.0.3] startup
[4.673s] [ext: omni.isaac.manipulators-3.0.7] startup
2026-09-29T13:59:11Z [4,563ms] [Warning] [omni.isaac.manipulators] omni.isaac.manipulators has been deprecated in favor of isaacsim.robot.manipulators. Please update your code accordingly.
2026-09-29T13:59:11Z [4,564ms] [Warning] [omni.isaac.manipulators.controllers] omni.isaac.manipulators has been deprecated in favor of isaacsim.robot.manipulators. Please update your code accordingly.
2026-09-29T13:59:11Z [4,565ms] [Warning] [omni.isaac.manipulators.controllers.pick_place_controller] omni.isaac.manipulators has been deprecated in favor of isaacsim.robot.manipulators. Please update your code accordingly.
2026-09-29T13:59:11Z [4,568ms] [Warning] [omni.isaac.manipulators.controllers.stacking_controller] omni.isaac.manipulators has been deprecated in favor of isaacsim.robot.manipulators. Please update your code accordingly.
2026-09-29T13:59:11Z [4,569ms] [Warning] [omni.isaac.manipulators.grippers] omni.isaac.manipulators has been deprecated in favor of isaacsim.robot.manipulators. Please update your code accordingly.
2026-09-29T13:59:11Z [4,570ms] [Warning] [omni.isaac.manipulators.grippers.gripper] omni.isaac.manipulators has been deprecated in favor of isaacsim.robot.manipulators. Please update your code accordingly.
2026-09-29T13:59:11Z [4,571ms] [Warning] [omni.isaac.manipulators.grippers.parallel_gripper] omni.isaac.manipulators has been deprecated in favor of isaacsim.robot.manipulators. Please update your code accordingly.
2026-09-29T13:59:11Z [4,572ms] [Warning] [omni.isaac.manipulators.grippers.surface_gripper] omni.isaac.manipulators has been deprecated in favor of isaacsim.robot.manipulators. Please update your code accordingly.
2026-09-29T13:59:11Z [4,573ms] [Warning] [omni.isaac.manipulators.manipulators] omni.isaac.manipulators has been deprecated in favor of isaacsim.robot.manipulators. Please update your code accordingly.
2026-09-29T13:59:11Z [4,574ms] [Warning] [omni.isaac.manipulators.manipulators.single_manipulator] omni.isaac.manipulators has been deprecated in favor of isaacsim.robot.manipulators. Please update your code accordingly.
[4.686s] [ext: isaacsim.gui.menu-2.4.4] startup
[4.714s] [ext: isaacsim.sensors.physics-0.4.3] startup
[4.733s] [ext: isaacsim.asset.browser-1.3.23] startup
[4.776s] [ext: omni.isaac.menu-1.0.6] startup
2026-09-29T13:59:11Z [4,669ms] [Warning] [omni.isaac.menu] omni.isaac.menu has been deprecated in favor of isaacsim.gui.menu. Please update your code accordingly.
[4.782s] [ext: isaacsim.robot.policy.examples-4.1.11] startup
[4.796s] [ext: omni.isaac.motion_generation-8.0.7] startup
2026-09-29T13:59:11Z [4,692ms] [Warning] [omni.isaac.motion_generation] omni.isaac.motion_generation has been deprecated in favor of isaacsim.robot_motion.motion_generation. Please update your code accordingly.
2026-09-29T13:59:11Z [4,693ms] [Warning] [omni.isaac.motion_generation.articulation_kinematics_solver] omni.isaac.motion_generation has been deprecated in favor of isaacsim.robot_motion.motion_generation. Please update your code accordingly.
2026-09-29T13:59:11Z [4,698ms] [Warning] [omni.isaac.motion_generation.articulation_motion_policy] omni.isaac.motion_generation has been deprecated in favor of isaacsim.robot_motion.motion_generation. Please update your code accordingly.
2026-09-29T13:59:11Z [4,701ms] [Warning] [omni.isaac.motion_generation.articulation_trajectory] omni.isaac.motion_generation has been deprecated in favor of isaacsim.robot_motion.motion_generation. Please update your code accordingly.
2026-09-29T13:59:11Z [4,704ms] [Warning] [omni.isaac.motion_generation.kinematics_interface] omni.isaac.motion_generation has been deprecated in favor of isaacsim.robot_motion.motion_generation. Please update your code accordingly.
2026-09-29T13:59:11Z [4,707ms] [Warning] [omni.isaac.motion_generation.lula] omni.isaac.motion_generation has been deprecated in favor of isaacsim.robot_motion.motion_generation. Please update your code accordingly.
2026-09-29T13:59:11Z [4,710ms] [Warning] [omni.isaac.motion_generation.lula.kinematics] omni.isaac.motion_generation has been deprecated in favor of isaacsim.robot_motion.motion_generation. Please update your code accordingly.
2026-09-29T13:59:11Z [4,711ms] [Warning] [omni.isaac.motion_generation.lula.motion_policies] omni.isaac.motion_generation has been deprecated in favor of isaacsim.robot_motion.motion_generation. Please update your code accordingly.
2026-09-29T13:59:11Z [4,715ms] [Warning] [omni.isaac.motion_generation.lula.path_planners] omni.isaac.motion_generation has been deprecated in favor of isaacsim.robot_motion.motion_generation. Please update your code accordingly.
2026-09-29T13:59:11Z [4,716ms] [Warning] [omni.isaac.motion_generation.lula.trajectory_generator] omni.isaac.motion_generation has been deprecated in favor of isaacsim.robot_motion.motion_generation. Please update your code accordingly.
2026-09-29T13:59:11Z [4,717ms] [Warning] [omni.isaac.motion_generation.motion_policy_controller] omni.isaac.motion_generation has been deprecated in favor of isaacsim.robot_motion.motion_generation. Please update your code accordingly.
2026-09-29T13:59:11Z [4,720ms] [Warning] [omni.isaac.motion_generation.motion_policy_interface] omni.isaac.motion_generation has been deprecated in favor of isaacsim.robot_motion.motion_generation. Please update your code accordingly.
2026-09-29T13:59:11Z [4,721ms] [Warning] [omni.isaac.motion_generation.path_planner_visualizer] omni.isaac.motion_generation has been deprecated in favor of isaacsim.robot_motion.motion_generation. Please update your code accordingly.
2026-09-29T13:59:11Z [4,723ms] [Warning] [omni.isaac.motion_generation.path_planning_interface] omni.isaac.motion_generation has been deprecated in favor of isaacsim.robot_motion.motion_generation. Please update your code accordingly.
2026-09-29T13:59:11Z [4,724ms] [Warning] [omni.isaac.motion_generation.trajectory] omni.isaac.motion_generation has been deprecated in favor of isaacsim.robot_motion.motion_generation. Please update your code accordingly.
2026-09-29T13:59:11Z [4,726ms] [Warning] [omni.isaac.motion_generation.world_interface] omni.isaac.motion_generation has been deprecated in favor of isaacsim.robot_motion.motion_generation. Please update your code accordingly.
[4.839s] [ext: omni.isaac.asset_browser-1.0.6] startup
2026-09-29T13:59:11Z [4,733ms] [Warning] [omni.isaac.asset_browser] omni.isaac.asset_browser has been deprecated in favor of isaacsim.asset.browser. Please update your code accordingly.
[4.845s] [ext: omni.isaac.nucleus-1.0.6] startup
2026-09-29T13:59:11Z [4,742ms] [Warning] [omni.isaac.nucleus] omni.isaac.nucleus has been deprecated in favor of isaacsim.storage.native. Please update your code accordingly.
2026-09-29T13:59:11Z [4,743ms] [Warning] [omni.isaac.nucleus.nucleus] omni.isaac.nucleus.nucleus has been deprecated in favor of isaacsim.storage.native. Please update your code accordingly.
2026-09-29T13:59:11Z [4,743ms] [Warning] [omni.ext._impl._internal] Found class `Extension` derived from `omni.ext.IExt` in module: 'omni.isaac.nucleus', but it was imported from other extension: 'c:/users/user one/anaconda3/envs/behavior/lib/site-packages/isaacsim/exts/isaacsim.storage.native/isaacsim/storage/native/impl/extension.py', which is not a subpath to: 'c:\users\user one\anaconda3\envs\behavior\lib\site-packages\isaacsim\extsdeprecated\omni.isaac.nucleus'. Do not import `IExt` derived class from other extension in your public namespace.
[4.854s] [ext: omni.isaac.quadruped-3.0.7] startup
2026-09-29T13:59:11Z [4,745ms] [Warning] [omni.isaac.quadruped] omni.isaac.quadruped has been deprecated in favor of isaacsim.robot.policy.examples. Please update your code accordingly.
[4.857s] [ext: omni.isaac.assets_check-0.3.13] startup
2026-09-29T13:59:11Z [4,748ms] [Warning] [omni.isaac.assets_check] omni.isaac.assets_check has been deprecated in favor of isaacsim.asset.browser. Please update your code accordingly.
[4.861s] [ext: isaacsim.gui.content_browser-0.1.11] startup
[4.913s] [ext: omni.isaac.utils-2.0.6] startup
[4.929s] [ext: isaacsim.robot.wheeled_robots-4.0.24] startup
[4.982s] [ext: isaacsim.app.about-2.0.11] startup
[5.016s] [ext: omni.isaac.version-2.0.7] startup
2026-09-29T13:59:11Z [4,908ms] [Warning] [omni.isaac.version] omni.isaac.version has been deprecated in favor of isaacsim.core.version. Please update your code accordingly.
[5.021s] [ext: isaacsim.cortex.behaviors-2.0.14] startup
[5.024s] [ext: omni.isaac.wheeled_robots-3.0.7] startup
2026-09-29T13:59:11Z [4,922ms] [Warning] [omni.isaac.wheeled_robots] omni.isaac.wheeled_robots has been deprecated in favor of isaacsim.robot.wheeled_robots. Please update your code accordingly.
2026-09-29T13:59:11Z [4,929ms] [Warning] [omni.isaac.wheeled_robots.controllers] omni.isaac.wheeled_robots has been deprecated in favor of isaacsim.robot.wheeled_robots. Please update your code accordingly.
2026-09-29T13:59:11Z [4,938ms] [Warning] [omni.isaac.wheeled_robots.controllers.ackermann_controller] omni.isaac.wheeled_robots has been deprecated in favor of isaacsim.robot.wheeled_robots. Please update your code accordingly.
2026-09-29T13:59:11Z [4,943ms] [Warning] [omni.isaac.wheeled_robots.controllers.differential_controller] omni.isaac.wheeled_robots has been deprecated in favor of isaacsim.robot.wheeled_robots. Please update your code accordingly.
2026-09-29T13:59:11Z [4,948ms] [Warning] [omni.isaac.wheeled_robots.controllers.holonomic_controller] omni.isaac.wheeled_robots has been deprecated in favor of isaacsim.robot.wheeled_robots. Please update your code accordingly.
2026-09-29T13:59:11Z [4,951ms] [Warning] [omni.isaac.wheeled_robots.controllers.quintic_path_planner] omni.isaac.wheeled_robots has been deprecated in favor of isaacsim.robot.wheeled_robots. Please update your code accordingly.
2026-09-29T13:59:11Z [4,953ms] [Warning] [omni.isaac.wheeled_robots.controllers.stanley_control] omni.isaac.wheeled_robots has been deprecated in favor of isaacsim.robot.wheeled_robots. Please update your code accordingly.
2026-09-29T13:59:11Z [4,955ms] [Warning] [omni.isaac.wheeled_robots.controllers.wheel_base_pose_controller] omni.isaac.wheeled_robots has been deprecated in favor of isaacsim.robot.wheeled_robots. Please update your code accordingly.
Windows fatal exception: code 0xc0000139
System.Management.Automation.RemoteException
Thread 0x0000c038 (most recent call first):
  File "C:\Users\user one\anaconda3\envs\behavior\Lib\concurrent\futures\thread.py", line 81 in _worker
  File "C:\Users\user one\anaconda3\envs\behavior\Lib\threading.py", line 982 in run
  File "C:\Users\user one\anaconda3\envs\behavior\Lib\threading.py", line 1045 in _bootstrap_inner
  File "C:\Users\user one\anaconda3\envs\behavior\Lib\threading.py", line 1002 in _bootstrap
System.Management.Automation.RemoteException
Thread 0x00003ab0 (most recent call first):
  File "C:\Users\user one\anaconda3\envs\behavior\Lib\concurrent\futures\thread.py", line 81 in _worker
  File "C:\Users\user one\anaconda3\envs\behavior\Lib\threading.py", line 982 in run
  File "C:\Users\user one\anaconda3\envs\behavior\Lib\threading.py", line 1045 in _bootstrap_inner
  File "C:\Users\user one\anaconda3\envs\behavior\Lib\threading.py", line 1002 in _bootstrap
System.Management.Automation.RemoteException
Thread 0x00002e68 (most recent call first):
  File "C:\behavior-2026\BEHAVIOR-1K\OmniGibson\appdata\local\cache\ogn_generated\1.79.2\omni.replicator.core-1.12.27\omni.replicator.core\ogn\tests\TestOgnMeshDecal.py", line 11 in <module>
  File "<frozen importlib._bootstrap>", line 241 in _call_with_frames_removed
  File "carb.profiler._profiler", line 935179008 in ???
  File Windows fatal exception: access violation
System.Management.Automation.RemoteException
2026-09-29T13:59:11Z [4,958ms] [Warning] [omni.isaac.wheeled_robots.impl] omni.isaac.wheeled_robots has been deprecated in favor of isaacsim.robot.wheeled_robots. Please update your code accordingly.
2026-09-29T13:59:11Z [4,960ms] [Warning] [omni.isaac.wheeled_robots.robots] omni.isaac.wheeled_robots has been deprecated in favor of isaacsim.robot.wheeled_robots. Please update your code accordingly.
2026-09-29T13:59:11Z [4,962ms] [Warning] [omni.isaac.wheeled_robots.robots.holonomic_robot_usd_setup] omni.isaac.wheeled_robots has been deprecated in favor of isaacsim.robot.wheeled_robots. Please update your code accordingly.
2026-09-29T13:59:11Z [4,968ms] [Warning] [omni.isaac.wheeled_robots.robots.wheeled_robot] omni.isaac.wheeled_robots has been deprecated in favor of isaacsim.robot.wheeled_robots. Please update your code accordingly.
[5.082s] [ext: omni.isaac.window.about-2.0.7] startup
2026-09-29T13:59:11Z [4,997ms] [Warning] [omni.isaac.window.about] omni.isaac.window.about has been deprecated in favor of isaacsim.app.about. Please update your code accordingly.
2026-09-29T13:59:11Z [4,998ms] [Warning] [omni.isaac.window.about.about] omni.isaac.window.about.about has been deprecated in favor of isaacsim.app.about.about. Please update your code accordingly.
[5.111s] [ext: omni.kit.manipulator.camera-106.0.4] startup
[5.134s] [ext: omni.isaac.cortex.sample_behaviors-2.0.5] startup
2026-09-29T13:59:11Z [5,032ms] [Warning] [omni.isaac.cortex.sample_behaviors] omni.isaac.cortex.sample_behaviors has been deprecated in favor of isaacsim.cortex.behaviors. Please update your code accordingly.
[5.143s] [ext: omni.sensors.nv.common-3.0.0] startup
[5.220s] [ext: omni.kit.property.audio-1.0.16] startup
[5.229s] [ext: omni.kit.property.camera-1.0.10] startup
[5.239s] [ext: omni.sensors.net-1.0.0] startup
[5.272s] [ext: omni.sensors.nv.materials-2.0.0] startup
[5.303s] [ext: omni.kit.property.geometry-2.0.4] startup
[5.352s] [ext: omni.kit.property.light-1.0.12] startup
[5.375s] [ext: omni.kit.property.material-1.11.9] startup
[5.401s] [ext: omni.sensors.nv.ids-2.0.0] startup
[5.414s] [ext: omni.sensors.nv.wpm-3.0.0] startup
[5.423s] [ext: omni.sensors.nv.lidar-3.0.0] startup
[5.442s] [ext: omni.hydra.scene_api-0.1.2] startup
[5.449s] [ext: isaacsim.util.debug_draw-3.1.0] startup
[5.458s] [ext: omni.sensors.nv.radar-3.0.0] startup
[5.483s] [ext: omni.kit.property.render-1.2.1] startup
[5.487s] [ext: omni.kit.property.transform-1.5.13] startup
[5.504s] [ext: isaacsim.gui.property-1.1.3] startup
[5.510s] [ext: isaacsim.sensors.physx-2.3.2] startup
[5.521s] [ext: isaacsim.sensors.camera-1.3.6] startup
[5.535s] [ext: isaacsim.sensors.rtx-15.8.4] startup
[5.555s] [ext: isaacsim.core.cloner-1.4.10] startup
[5.570s] [ext: omni.kit.property.bundle-1.4.1] startup
[5.575s] [ext: omni.kit.property.isaac-1.0.6] startup
2026-09-29T13:59:12Z [5,466ms] [Warning] [omni.kit.property.isaac] omni.kit.property.isaac has been deprecated in favor of isaacsim.gui.property. Please update your code accordingly.
2026-09-29T13:59:12Z [5,466ms] [Warning] [omni.kit.property.isaac.widgets] omni.kit.property.isaac.widgets has been deprecated in favor of isaacsim.gui.property.widgets. Please update your code accordingly.
[5.578s] [ext: omni.isaac.range_sensor-4.0.6] startup
2026-09-29T13:59:12Z [5,468ms] [Warning] [omni.isaac.range_sensor] omni.isaac.range_sensor has been deprecated in favor of isaacsim.sensors.physx. Please update your code accordingly.
2026-09-29T13:59:12Z [5,469ms] [Warning] [omni.isaac.range_sensor.commands] omni.isaac.range_sensor.commands has been deprecated in favor of isaacsim.sensors.physx.commands. Please update your code accordingly.
[5.580s] [ext: isaacsim.replicator.writers-1.0.17] startup
[5.624s] [ext: omni.isaac.sensor-13.0.7] startup
2026-09-29T13:59:12Z [5,517ms] [Warning] [omni.isaac.sensor] omni.isaac.sensor has been deprecated in favor of isaacsim.sensors.camera, isaacsim.sensors.physics, isaacsim.sensors.physx, and isaacsim.sensors.rtx. Please update your code accordingly.
2026-09-29T13:59:12Z [5,517ms] [Warning] [omni.isaac.sensor.camera] omni.isaac.sensor.camera has been deprecated in favor of isaacsim.sensors.camera.camera. Please update your code accordingly.
2026-09-29T13:59:12Z [5,518ms] [Warning] [omni.isaac.sensor.camera_view] omni.isaac.sensor.camera_view has been deprecated in favor of isaacsim.sensors.camera.camera_view. Please update your code accordingly.
2026-09-29T13:59:12Z [5,519ms] [Warning] [omni.isaac.sensor.commands] omni.isaac.sensor.commands has been deprecated in favor of isaacsim.sensors.physics.commands, isaacsim.sensors.physx.commands, and isaacsim.sensors.rtx.commands. Please update your code accordingly.
2026-09-29T13:59:12Z [5,519ms] [Warning] [omni.isaac.sensor.contact_sensor] omni.isaac.sensor.contact_sensor has been deprecated in favor of isaacsim.sensors.physics.contact_sensor. Please update your code accordingly.
2026-09-29T13:59:12Z [5,520ms] [Warning] [omni.isaac.sensor.imu_sensor] omni.isaac.sensor.imu_sensor has been deprecated in favor of isaacsim.sensors.physics.imu_sensor. Please update your code accordingly.
2026-09-29T13:59:12Z [5,520ms] [Warning] [omni.isaac.sensor.lidar_rtx] omni.isaac.sensor.lidar_rtx has been deprecated in favor of isaacsim.sensors.rtx.lidar_rtx. Please update your code accordingly.
2026-09-29T13:59:12Z [5,521ms] [Warning] [omni.isaac.sensor.rotating_lidar_physX] omni.isaac.sensor.imu_sensor has been deprecated in favor of isaacsim.sensors.physix.rotating_lidar_physX. Please update your code accordingly.
2026-09-29T13:59:12Z [5,524ms] [Warning] [omni.isaac.sensor.scripts.samples.contact_sensor] omni.isaac.sensor.scripts.samples.contact_sensor has been deprecated in favor of isaacsim.sensors.physics.scripts.samples.contact_sensor. Please update your code accordingly.
2026-09-29T13:59:12Z [5,525ms] [Warning] [omni.isaac.sensor.scripts.samples.imu_sensor] omni.isaac.sensor.scripts.samples.imu_sensor has been deprecated in favor of isaacsim.sensors.physics.scripts.samples.imu_sensor. Please update your code accordingly.
2026-09-29T13:59:12Z [5,527ms] [Warning] [omni.isaac.sensor.scripts.samples.lightbeam_sensor] omni.isaac.sensor.scripts.samples.lightbeam_sensor has been deprecated in favor of isaacsim.sensors.physx.scripts.samples.lightbeam_sensor. Please update your code accordingly.
[5.643s] [ext: omni.isaac.cloner-1.0.7] startup
2026-09-29T13:59:12Z [5,536ms] [Warning] [omni.isaac.cloner] omni.isaac.cloner has been deprecated in favor of isaacsim.core.cloner. Please update your code accordingly.
[5.653s] [ext: omni.kit.viewport.menubar.lighting-107.3.1] startup
[5.664s] [ext: omni.kit.viewport.menubar.render-107.0.10] startup
[5.673s] [ext: isaacsim.replicator.domain_randomization-1.0.16] startup
[5.684s] [ext: isaacsim.replicator.examples-1.3.6] startup
[5.691s] [ext: omni.ocio-0.1.1] startup
[5.698s] [ext: omni.rtx.window.settings-0.6.19] startup
[5.720s] [ext: omni.kit.window.console-1.1.4] startup
[5.734s] [ext: omni.kit.window.status_bar-0.1.9] startup
[5.743s] [ext: omni.replicator.isaac-2.0.8] startup
2026-09-29T13:59:12Z [5,635ms] [Warning] [omni.replicator.isaac] omni.replicator.isaac has been deprecated in favor of isaacsim.replicator.domain_randomization, isaacsim.replicator.examples, isaacsim.replicator.writers. Please update your code accordingly.
[5.751s] [ext: omni.replicator.replicator_yaml-2.0.11] startup
[5.773s] [ext: omni.rtx.settings.core-0.6.5] startup
[5.787s] [ext: omni.usd.metrics.assembler.ui-107.3.1] startup
[5.809s] [ext: omni.isaac.surface_gripper-2.0.6] startup
2026-09-29T13:59:12Z [5,701ms] [Warning] [omni.isaac.surface_gripper] omni.isaac.surface_gripper has been deprecated in favor of isaacsim.robot.surface_gripper. Please update your code accordingly.
2026-09-29T13:59:12Z [5,701ms] [Warning] [omni.ext._impl._internal] Found class `Extension` derived from `omni.ext.IExt` in module: 'omni.isaac.surface_gripper', but it was imported from other extension: 'c:/users/user one/anaconda3/envs/behavior/lib/site-packages/isaacsim/exts/isaacsim.robot.surface_gripper/isaacsim/robot/surface_gripper/impl/extension.py', which is not a subpath to: 'c:\users\user one\anaconda3\envs\behavior\lib\site-packages\isaacsim\extsdeprecated\omni.isaac.surface_gripper'. Do not import `IExt` derived class from other extension in your public namespace.
[5.815s] [ext: semantics.schema.editor-2.0.2] startup
[5.830s] [ext: omni.kit.ui.actions-1.0.5] startup
[5.834s] [ext: semantics.schema.property-2.0.1] startup
[5.839s] [ext: omni.isaac.universal_robots-1.0.6] startup
2026-09-29T13:59:12Z [5,730ms] [Warning] [omni.isaac.universal_robots] omni.isaac.universal_robots has been deprecated in favor of isaacsim.robot.manipulators.examples.universal_robots. Please update your code accordingly.
2026-09-29T13:59:12Z [5,730ms] [Warning] [omni.isaac.universal_robots.kinematics_solver] omni.isaac.franka has been deprecated in favor of isaacsim.robot.manipulators.examples.universal_robots. Please update your code accordingly.
2026-09-29T13:59:12Z [5,733ms] [Warning] [omni.isaac.universal_robots.ur10] omni.isaac.franka has been deprecated in favor of isaacsim.robot.manipulators.examples.universal_robots. Please update your code accordingly.
[5.845s] [ext: omni.isaac.core-4.0.7] startup
2026-09-29T13:59:12Z [5,738ms] [Warning] [omni.isaac.core.physics_context.physics_context] omni.isaac.core.physics_context.physics_context has been deprecated in favor of isaacsim.core.api.physics_context.physics_context. Please update your code accordingly.
2026-09-29T13:59:12Z [5,739ms] [Warning] [omni.isaac.core.simulation_context.simulation_context] omni.isaac.core.simulation_context.simulation_context has been deprecated in favor of isaacsim.core.api.simulation_context.simulation_context. Please update your code accordingly.
2026-09-29T13:59:12Z [5,740ms] [Warning] [omni.isaac.core.world.world] omni.isaac.core.world.world has been deprecated in favor of isaacsim.core.api.world.world. Please update your code accordingly.
2026-09-29T13:59:12Z [5,740ms] [Warning] [omni.isaac.core] omni.isaac.core has been deprecated in favor of isaacsim.core.api. Please update your code accordingly.
[5.852s] [ext: isaacsim.gui.sensors.icon-2.0.3] startup
[5.890s] [ext: isaacsim.asset.importer.mjcf-2.5.13] startup
[5.902s] [ext: omni.kit.menu.common-2.0.1] startup
[5.906s] [ext: isaacsim.exp.base-5.1.0] startup
[5.907s] [ext: omnigibson_5_1_0-3.9.3] startup
[5.910s] Simulation App Starting
2026-09-29T13:59:12Z [5,995ms] [Warning] [omni.fabric.plugin] Warning: attribute overrideClipRange not found for bucket id 9

[6.128s] app ready
[0m[00:00:14.838] [INFO] [omnigibson.simulator] ---------- Welcome to OmniGibson! ----------[0m
