behavior-1k-assets-3.9.0.zip: 파일 141,485개, 풀면 34.74 GB -> C:\behavior-2026\BEHAVIOR-1K\datasets\behavior-1k-assets.partial

  0.50 / 34.74 GB  (2,654/141,485)   17.4 MB/s  남은 약   33분   
  1.00 / 34.74 GB  (5,245/141,485)   15.0 MB/s  남은 약   38분   
  1.50 / 34.74 GB  (8,845/141,485)   14.8 MB/s  남은 약   37분   
  2.00 / 34.74 GB  (12,072/141,485)   13.6 MB/s  남은 약   40분   
  2.50 / 34.74 GB  (15,414/141,485)   13.6 MB/s  남은 약   40분   
  3.00 / 34.74 GB  (17,954/141,485)   12.7 MB/s  남은 약   42분   
  3.50 / 34.74 GB  (21,727/141,485)   12.8 MB/s  남은 약   41분   
 17.62 / 34.74 GB  (55,590/141,485)    7.4 MB/s  남은 약   38분   
 18.12 / 34.74 GB  (59,559/141,485)    7.0 MB/s  남은 약   40분   
 18.62 / 34.74 GB  (62,515/141,485)    7.0 MB/s  남은 약   38분   
HTTP Error 429 thrown while requesting GET https://huggingface.co/datasets/behavior-1k/zipped-datasets/resolve/main/behavior-1k-assets-3.9.0.zip
Rate limited. Waiting 153.0s before retry [Retry 1/5].
 19.12 / 34.74 GB  (63,958/141,485)    7.1 MB/s  남은 약   37분   
 19.62 / 34.74 GB  (66,680/141,485)    6.8 MB/s  남은 약   37분   
 20.12 / 34.74 GB  (70,163/141,485)    6.8 MB/s  남은 약   36분   
HTTP Error 429 thrown while requesting GET https://huggingface.co/datasets/behavior-1k/zipped-datasets/resolve/main/behavior-1k-assets-3.9.0.zip
Rate limited. Waiting 130.0s before retry [Retry 1/5].
 20.62 / 34.74 GB  (73,097/141,485)    6.7 MB/s  남은 약   35분   
 21.12 / 34.74 GB  (77,184/141,485)    6.5 MB/s  남은 약   35분   
 21.62 / 34.74 GB  (80,377/141,485)    6.6 MB/s  남은 약   33분   
 22.13 / 34.74 GB  (83,423/141,485)    6.7 MB/s  남은 약   32분   
 22.63 / 34.74 GB  (84,850/141,485)    6.7 MB/s  남은 약   30분   
 23.13 / 34.74 GB  (87,086/141,485)    6.8 MB/s  남은 약   28분   
 23.63 / 34.74 GB  (89,963/141,485)    6.9 MB/s  남은 약   27분   
 24.13 / 34.74 GB  (92,247/141,485)    6.9 MB/s  남은 약   26분   
 24.63 / 34.74 GB  (94,891/141,485)    7.0 MB/s  남은 약   24분   
 25.13 / 34.74 GB  (96,672/141,485)    7.0 MB/s  남은 약   23분   
 25.63 / 34.74 GB  (98,663/141,485)    7.1 MB/s  남은 약   21분   
 26.13 / 34.74 GB  (101,593/141,485)    7.2 MB/s  남은 약   20분   
 26.63 / 34.74 GB  (103,635/141,485)    7.2 MB/s  남은 약   19분   
 27.14 / 34.74 GB  (106,079/141,485)    7.3 MB/s  남은 약   17분   
 27.64 / 34.74 GB  (107,613/141,485)    7.4 MB/s  남은 약   16분   
 28.17 / 34.74 GB  (109,029/141,485)    7.4 MB/s  남은 약   15분   
 28.68 / 34.74 GB  (110,677/141,485)    7.5 MB/s  남은 약   13분   
 29.18 / 34.74 GB  (112,113/141,485)    7.5 MB/s  남은 약   12분   
 29.69 / 34.74 GB  (113,490/141,485)    7.6 MB/s  남은 약   11분   
 30.20 / 34.74 GB  (114,771/141,485)    7.7 MB/s  남은 약   10분   
 30.70 / 34.74 GB  (116,195/141,485)    7.7 MB/s  남은 약    9분   
 31.20 / 34.74 GB  (117,787/141,485)    7.8 MB/s  남은 약    8분   
 31.70 / 34.74 GB  (119,344/141,485)    7.8 MB/s  남은 약    6분   
 32.21 / 34.74 GB  (120,743/141,485)    7.9 MB/s  남은 약    5분   
 32.71 / 34.74 GB  (122,024/141,485)    8.0 MB/s  남은 약    4분   
 33.21 / 34.74 GB  (123,825/141,485)    8.0 MB/s  남은 약    3분   
 33.71 / 34.74 GB  (125,727/141,485)    8.1 MB/s  남은 약    2분   
 34.21 / 34.74 GB  (135,441/141,485)    8.1 MB/s  남은 약    1분   
 34.72 / 34.74 GB  (141,258/141,485)    8.1 MB/s  남은 약    0분   
 34.74 / 34.74 GB  (141,485/141,485)    8.1 MB/s  남은 약    0분   
끝: C:\behavior-2026\BEHAVIOR-1K\datasets\behavior-1k-assets  (71.4분)
=== stream exit 0 ===
