
=== [17:11:58] torch 2.7.0 cu128 ===
Looking in indexes: https://download.pytorch.org/whl/cu128
Collecting torch==2.7.0
  Downloading torch-2.7.0%2Bcu128-cp311-cp311-win_amd64.whl.metadata (29 kB)
Collecting torchvision==0.22.0
  Downloading torchvision-0.22.0%2Bcu128-cp311-cp311-win_amd64.whl.metadata (6.3 kB)
Collecting torchaudio==2.7.0
  Downloading torchaudio-2.7.0%2Bcu128-cp311-cp311-win_amd64.whl.metadata (6.8 kB)
Downloading torch-2.7.0%2Bcu128-cp311-cp311-win_amd64.whl (3338.3 MB)
   ---------------------------------------- 3.3/3.3 GB 11.7 MB/s  0:01:19
Downloading torchvision-0.22.0%2Bcu128-cp311-cp311-win_amd64.whl (7.6 MB)
   ---------------------------------------- 7.6/7.6 MB 47.3 MB/s  0:00:00
Downloading torchaudio-2.7.0%2Bcu128-cp311-cp311-win_amd64.whl (4.7 MB)
   ---------------------------------------- 4.7/4.7 MB 9.1 MB/s  0:00:00
Installing collected packages: torchaudio, torchvision, torch
  Attempting uninstall: torchaudio
    Found existing installation: torchaudio 2.7.0
    Uninstalling torchaudio-2.7.0:
      Successfully uninstalled torchaudio-2.7.0
  Attempting uninstall: torchvision
    Found existing installation: torchvision 0.22.0
    Uninstalling torchvision-0.22.0:
      Successfully uninstalled torchvision-0.22.0
  Attempting uninstall: torch
    Found existing installation: torch 2.7.0
    Uninstalling torch-2.7.0:
      Successfully uninstalled torch-2.7.0
  WARNING: The scripts torchfrtrace.exe and torchrun.exe are installed in 'C:\Users\user one\anaconda3\envs\behavior\Scripts' which is not on PATH.
  Consider adding this directory to PATH or, if you prefer to suppress this warning, use --no-warn-script-location.

Successfully installed torch-2.7.0+cu128 torchaudio-2.7.0+cu128 torchvision-0.22.0+cu128
2.7.0+cu128 12.8 True NVIDIA GeForce RTX 5070 Ti

=== [17:14:29] torch-cluster (torch 2.7.0+cu128 용) ===
Looking in links: https://data.pyg.org/whl/torch-2.7.0+cu128.html
Collecting torch-cluster
  Downloading torch_cluster-1.6.3%2Bpt27cu128-cp311-cp311-win_amd64.whl (1.6 MB)
     ---------------------------------------- 1.6/1.6 MB 9.6 MB/s  0:00:00
Installing collected packages: torch-cluster
  Attempting uninstall: torch-cluster
    Found existing installation: torch_cluster 1.6.3+pt27cpu
    Uninstalling torch_cluster-1.6.3+pt27cpu:
      Successfully uninstalled torch_cluster-1.6.3+pt27cpu
Successfully installed torch-cluster-1.6.3+pt27cu128

=== [17:14:37] bddl3 ===
Obtaining file:///C:/behavior-2026/BEHAVIOR-1K/bddl3
  Installing build dependencies: started
  Installing build dependencies: finished with status 'done'
  Checking if build backend supports build_editable: started
  Checking if build backend supports build_editable: finished with status 'done'
  Getting requirements to build editable: started
  Getting requirements to build editable: finished with status 'done'
  Preparing editable metadata (pyproject.toml): started
  Preparing editable metadata (pyproject.toml): finished with status 'done'
Collecting pytest (from bddl==3.7.0)
  Downloading pytest-9.1.1-py3-none-any.whl.metadata (7.6 kB)
Requirement already satisfied: numpy in .\anaconda3\envs\behavior\Lib\site-packages (from bddl==3.7.0) (1.26.0)
Requirement already satisfied: networkx in .\anaconda3\envs\behavior\Lib\site-packages (from bddl==3.7.0) (3.3)
Collecting jupytext (from bddl==3.7.0)
  Downloading jupytext-1.19.5-py3-none-any.whl.metadata (15 kB)
Collecting future (from bddl==3.7.0)
  Using cached future-1.0.0-py3-none-any.whl.metadata (4.0 kB)
Collecting nltk~=3.7 (from bddl==3.7.0)
  Downloading nltk-3.10.3-py3-none-any.whl.metadata (3.2 kB)
Collecting defusedxml (from nltk~=3.7->bddl==3.7.0)
  Downloading defusedxml-0.7.1-py2.py3-none-any.whl.metadata (32 kB)
Requirement already satisfied: click in .\anaconda3\envs\behavior\Lib\site-packages (from nltk~=3.7->bddl==3.7.0) (8.1.7)
Collecting joblib (from nltk~=3.7->bddl==3.7.0)
  Downloading joblib-1.6.0-py3-none-any.whl.metadata (6.5 kB)
Collecting regex>=2021.8.3 (from nltk~=3.7->bddl==3.7.0)
  Downloading regex-2026.9.29-cp311-cp311-win_amd64.whl.metadata (41 kB)
Collecting tqdm (from nltk~=3.7->bddl==3.7.0)
  Downloading tqdm-4.70.1-py3-none-any.whl.metadata (57 kB)
Requirement already satisfied: colorama in .\anaconda3\envs\behavior\Lib\site-packages (from click->nltk~=3.7->bddl==3.7.0) (0.4.6)
Collecting cloudpickle>=3.0 (from joblib->nltk~=3.7->bddl==3.7.0)
  Downloading cloudpickle-3.1.2-py3-none-any.whl.metadata (7.1 kB)
Collecting markdown-it-py>=1.0 (from jupytext->bddl==3.7.0)
  Using cached markdown_it_py-4.2.0-py3-none-any.whl.metadata (7.4 kB)
Collecting mdit-py-plugins (from jupytext->bddl==3.7.0)
  Downloading mdit_py_plugins-0.6.1-py3-none-any.whl.metadata (2.9 kB)
Collecting nbformat (from jupytext->bddl==3.7.0)
  Downloading nbformat-5.11.1-py3-none-any.whl.metadata (3.7 kB)
Requirement already satisfied: packaging in .\anaconda3\envs\behavior\Lib\site-packages (from jupytext->bddl==3.7.0) (23.0)
Requirement already satisfied: pyyaml in .\anaconda3\envs\behavior\Lib\site-packages (from jupytext->bddl==3.7.0) (6.0.2)
Collecting mdurl~=0.1 (from markdown-it-py>=1.0->jupytext->bddl==3.7.0)
  Using cached mdurl-0.1.2-py3-none-any.whl.metadata (1.6 kB)
Collecting fastjsonschema>=2.15 (from nbformat->jupytext->bddl==3.7.0)
  Downloading fastjsonschema-2.22.2-py3-none-any.whl.metadata (2.1 kB)
Collecting jsonschema>=2.6 (from nbformat->jupytext->bddl==3.7.0)
  Using cached jsonschema-4.26.0-py3-none-any.whl.metadata (7.6 kB)
Collecting jupyter-core!=5.0.*,>=4.12 (from nbformat->jupytext->bddl==3.7.0)
  Downloading jupyter_core-5.9.1-py3-none-any.whl.metadata (1.5 kB)
Collecting traitlets>=5.1 (from nbformat->jupytext->bddl==3.7.0)
  Downloading traitlets-5.16.1-py3-none-any.whl.metadata (10 kB)
Requirement already satisfied: attrs>=22.2.0 in .\anaconda3\envs\behavior\Lib\site-packages (from jsonschema>=2.6->nbformat->jupytext->bddl==3.7.0) (25.1.0)
Collecting jsonschema-specifications>=2023.03.6 (from jsonschema>=2.6->nbformat->jupytext->bddl==3.7.0)
  Using cached jsonschema_specifications-2025.9.1-py3-none-any.whl.metadata (2.9 kB)
Collecting referencing>=0.28.4 (from jsonschema>=2.6->nbformat->jupytext->bddl==3.7.0)
  Using cached referencing-0.37.0-py3-none-any.whl.metadata (2.8 kB)
Collecting rpds-py>=0.25.0 (from jsonschema>=2.6->nbformat->jupytext->bddl==3.7.0)
  Using cached rpds_py-2026.6.3-cp311-cp311-win_amd64.whl.metadata (4.2 kB)
Collecting platformdirs>=2.5 (from jupyter-core!=5.0.*,>=4.12->nbformat->jupytext->bddl==3.7.0)
  Downloading platformdirs-4.12.1-py3-none-any.whl.metadata (5.5 kB)
Requirement already satisfied: typing-extensions>=4.4.0 in .\anaconda3\envs\behavior\Lib\site-packages (from referencing>=0.28.4->jsonschema>=2.6->nbformat->jupytext->bddl==3.7.0) (4.16.0)
Collecting iniconfig>=1.0.1 (from pytest->bddl==3.7.0)
  Downloading iniconfig-2.3.0-py3-none-any.whl.metadata (2.5 kB)
Collecting pluggy<2,>=1.5 (from pytest->bddl==3.7.0)
  Downloading pluggy-1.6.0-py3-none-any.whl.metadata (4.8 kB)
Collecting pygments>=2.7.2 (from pytest->bddl==3.7.0)
  Using cached pygments-2.21.0-py3-none-any.whl.metadata (2.5 kB)
Downloading nltk-3.10.3-py3-none-any.whl (1.8 MB)
   ---------------------------------------- 1.8/1.8 MB 48.0 MB/s  0:00:00
Downloading regex-2026.9.29-cp311-cp311-win_amd64.whl (280 kB)
Downloading defusedxml-0.7.1-py2.py3-none-any.whl (25 kB)
Using cached future-1.0.0-py3-none-any.whl (491 kB)
Downloading joblib-1.6.0-py3-none-any.whl (306 kB)
Downloading cloudpickle-3.1.2-py3-none-any.whl (22 kB)
Downloading jupytext-1.19.5-py3-none-any.whl (229 kB)
Using cached markdown_it_py-4.2.0-py3-none-any.whl (91 kB)
Using cached mdurl-0.1.2-py3-none-any.whl (10.0 kB)
Downloading mdit_py_plugins-0.6.1-py3-none-any.whl (66 kB)
Downloading nbformat-5.11.1-py3-none-any.whl (79 kB)
Downloading fastjsonschema-2.22.2-py3-none-any.whl (27 kB)
Using cached jsonschema-4.26.0-py3-none-any.whl (90 kB)
Using cached jsonschema_specifications-2025.9.1-py3-none-any.whl (18 kB)
Downloading jupyter_core-5.9.1-py3-none-any.whl (29 kB)
Downloading platformdirs-4.12.1-py3-none-any.whl (33 kB)
Using cached referencing-0.37.0-py3-none-any.whl (26 kB)
Using cached rpds_py-2026.6.3-cp311-cp311-win_amd64.whl (223 kB)
Downloading traitlets-5.16.1-py3-none-any.whl (86 kB)
Downloading pytest-9.1.1-py3-none-any.whl (386 kB)
Downloading pluggy-1.6.0-py3-none-any.whl (20 kB)
Downloading iniconfig-2.3.0-py3-none-any.whl (7.5 kB)
Using cached pygments-2.21.0-py3-none-any.whl (1.3 MB)
Downloading tqdm-4.70.1-py3-none-any.whl (80 kB)
Building wheels for collected packages: bddl
  Building editable for bddl (pyproject.toml): started
  Building editable for bddl (pyproject.toml): finished with status 'done'
  Created wheel for bddl: filename=bddl-3.7.0-0.editable-py3-none-any.whl size=7510 sha256=b5cffce07caefe107201526f846a45a26cf3504511320a96406836bc435c193e
  Stored in directory: C:\Users\user one\AppData\Local\Temp\pip-ephem-wheel-cache-sumlh0xa\wheels\29\e4\e5\1c35cb129d063d749a423942dbd4cb950399f111ab0dcc6246
Successfully built bddl
Installing collected packages: traitlets, tqdm, rpds-py, regex, pygments, pluggy, platformdirs, mdurl, iniconfig, future, fastjsonschema, defusedxml, cloudpickle, referencing, pytest, markdown-it-py, jupyter-core, joblib, nltk, mdit-py-plugins, jsonschema-specifications, jsonschema, nbformat, jupytext, bddl
  WARNING: The script tqdm.exe is installed in 'C:\Users\user one\anaconda3\envs\behavior\Scripts' which is not on PATH.
  Consider adding this directory to PATH or, if you prefer to suppress this warning, use --no-warn-script-location.
  WARNING: The script pygmentize.exe is installed in 'C:\Users\user one\anaconda3\envs\behavior\Scripts' which is not on PATH.
  Consider adding this directory to PATH or, if you prefer to suppress this warning, use --no-warn-script-location.
  WARNING: The scripts futurize.exe and pasteurize.exe are installed in 'C:\Users\user one\anaconda3\envs\behavior\Scripts' which is not on PATH.
  Consider adding this directory to PATH or, if you prefer to suppress this warning, use --no-warn-script-location.
  WARNING: The scripts py.test.exe and pytest.exe are installed in 'C:\Users\user one\anaconda3\envs\behavior\Scripts' which is not on PATH.
  Consider adding this directory to PATH or, if you prefer to suppress this warning, use --no-warn-script-location.
  WARNING: The script markdown-it.exe is installed in 'C:\Users\user one\anaconda3\envs\behavior\Scripts' which is not on PATH.
  Consider adding this directory to PATH or, if you prefer to suppress this warning, use --no-warn-script-location.
  WARNING: The scripts jupyter-migrate.exe, jupyter-troubleshoot.exe and jupyter.exe are installed in 'C:\Users\user one\anaconda3\envs\behavior\Scripts' which is not on PATH.
  Consider adding this directory to PATH or, if you prefer to suppress this warning, use --no-warn-script-location.
  WARNING: The script nltk.exe is installed in 'C:\Users\user one\anaconda3\envs\behavior\Scripts' which is not on PATH.
  Consider adding this directory to PATH or, if you prefer to suppress this warning, use --no-warn-script-location.
  WARNING: The script jsonschema.exe is installed in 'C:\Users\user one\anaconda3\envs\behavior\Scripts' which is not on PATH.
  Consider adding this directory to PATH or, if you prefer to suppress this warning, use --no-warn-script-location.
  WARNING: The script jupyter-trust.exe is installed in 'C:\Users\user one\anaconda3\envs\behavior\Scripts' which is not on PATH.
  Consider adding this directory to PATH or, if you prefer to suppress this warning, use --no-warn-script-location.
  WARNING: The scripts jupytext-config.exe and jupytext.exe are installed in 'C:\Users\user one\anaconda3\envs\behavior\Scripts' which is not on PATH.
  Consider adding this directory to PATH or, if you prefer to suppress this warning, use --no-warn-script-location.

Successfully installed bddl-3.7.0 cloudpickle-3.1.2 defusedxml-0.7.1 fastjsonschema-2.22.2 future-1.0.0 iniconfig-2.3.0 joblib-1.6.0 jsonschema-4.26.0 jsonschema-specifications-2025.9.1 jupyter-core-5.9.1 jupytext-1.19.5 markdown-it-py-4.2.0 mdit-py-plugins-0.6.1 mdurl-0.1.2 nbformat-5.11.1 nltk-3.10.3 platformdirs-4.12.1 pluggy-1.6.0 pygments-2.21.0 pytest-9.1.1 referencing-0.37.0 regex-2026.9.29 rpds-py-2026.6.3 tqdm-4.70.1 traitlets-5.16.1

=== [17:14:59] OmniGibson[eval] ===
ERROR: /c/behavior-2026/BEHAVIOR-1K/OmniGibson[eval] is not a valid editable requirement. It should either be a path to a local project or a VCS URL (beginning with bzr+http, bzr+https, bzr+ssh, bzr+sftp, bzr+ftp, bzr+lp, bzr+file, git+http, git+https, git+ssh, git+git, git+file, hg+file, hg+http, hg+https, hg+ssh, hg+static-http, svn+ssh, svn+http, svn+https, svn+svn, svn+file).
=== OmniGibson[eval] retry 17:15:39 ===
Obtaining file:///C:/behavior-2026/BEHAVIOR-1K/OmniGibson
  Installing build dependencies: started
  Installing build dependencies: finished with status 'done'
  Checking if build backend supports build_editable: started
  Checking if build backend supports build_editable: finished with status 'done'
  Getting requirements to build editable: started
  Getting requirements to build editable: finished with status 'done'
  Preparing editable metadata (pyproject.toml): started
  Preparing editable metadata (pyproject.toml): finished with status 'done'
Collecting huggingface-hub>=0.34.4 (from huggingface-hub[cli]>=0.34.4->omnigibson==3.9.3)
  Downloading huggingface_hub-2.0.0-py3-none-any.whl.metadata (16 kB)
Collecting gymnasium>=0.28.1 (from omnigibson==3.9.3)
  Using cached gymnasium-1.3.0-py3-none-any.whl.metadata (10 kB)
Requirement already satisfied: numpy<2.0.0,>=1.23.5 in .\anaconda3\envs\behavior\Lib\site-packages (from omnigibson==3.9.3) (1.26.0)
Requirement already satisfied: scipy>=1.10.1 in .\anaconda3\envs\behavior\Lib\site-packages (from omnigibson==3.9.3) (1.15.3)
Collecting GitPython>=3.1.40 (from omnigibson==3.9.3)
  Downloading gitpython-3.1.62-py3-none-any.whl.metadata (13 kB)
Collecting transforms3d>=0.4.1 (from omnigibson==3.9.3)
  Downloading transforms3d-0.4.2-py3-none-any.whl.metadata (2.8 kB)
Requirement already satisfied: networkx>=3.2.1 in .\anaconda3\envs\behavior\Lib\site-packages (from omnigibson==3.9.3) (3.3)
Requirement already satisfied: PyYAML>=6.0.1 in .\anaconda3\envs\behavior\Lib\site-packages (from omnigibson==3.9.3) (6.0.2)
Collecting addict>=2.4.0 (from omnigibson==3.9.3)
  Downloading addict-2.4.0-py3-none-any.whl.metadata (1.0 kB)
Collecting ipython>=8.20.0 (from omnigibson==3.9.3)
  Downloading ipython-9.17.1-py3-none-any.whl.metadata (4.6 kB)
Requirement already satisfied: future>=0.18.3 in .\anaconda3\envs\behavior\Lib\site-packages (from omnigibson==3.9.3) (1.0.0)
Requirement already satisfied: trimesh>=4.0.8 in .\anaconda3\envs\behavior\Lib\site-packages (from omnigibson==3.9.3) (4.5.1)
Collecting h5py>=3.10.0 (from omnigibson==3.9.3)
  Downloading h5py-3.16.0-cp311-cp311-win_amd64.whl.metadata (3.1 kB)
Requirement already satisfied: cryptography>=41.0.7 in .\anaconda3\envs\behavior\Lib\site-packages (from omnigibson==3.9.3) (44.0.0)
Requirement already satisfied: bddl~=3.7.0 in .\anaconda3\envs\behavior\Lib\site-packages (from omnigibson==3.9.3) (3.7.0)
Collecting opencv-python>=4.8.1 (from omnigibson==3.9.3)
  Downloading opencv_python-5.0.0.93-cp37-abi3-win_amd64.whl.metadata (20 kB)
Requirement already satisfied: nest_asyncio>=1.5.6 in .\anaconda3\envs\behavior\Lib\site-packages (from omnigibson==3.9.3) (1.5.6)
Requirement already satisfied: imageio>=2.33.1 in .\anaconda3\envs\behavior\Lib\site-packages (from omnigibson==3.9.3) (2.37.0)
Collecting imageio-ffmpeg>=0.4.9 (from omnigibson==3.9.3)
  Downloading imageio_ffmpeg-0.6.0-py3-none-win_amd64.whl.metadata (1.5 kB)
Requirement already satisfied: termcolor>=2.4.0 in .\anaconda3\envs\behavior\Lib\site-packages (from omnigibson==3.9.3) (3.3.0)
Collecting progressbar>=2.5 (from omnigibson==3.9.3)
  Downloading progressbar-2.5.tar.gz (10 kB)
  Installing build dependencies: started
  Installing build dependencies: finished with status 'done'
  Getting requirements to build wheel: started
  Getting requirements to build wheel: finished with status 'done'
  Preparing metadata (pyproject.toml): started
  Preparing metadata (pyproject.toml): finished with status 'done'
Collecting pymeshlab~=2022.2 (from omnigibson==3.9.3)
  Downloading pymeshlab-2022.2.post4-cp311-cp311-win_amd64.whl.metadata (3.6 kB)
Requirement already satisfied: click>=8.1.3 in .\anaconda3\envs\behavior\Lib\site-packages (from omnigibson==3.9.3) (8.1.7)
Collecting aenum>=3.1.15 (from omnigibson==3.9.3)
  Downloading aenum-3.1.17-py3-none-any.whl.metadata (3.8 kB)
Requirement already satisfied: rtree>=1.2.0 in .\anaconda3\envs\behavior\Lib\site-packages (from omnigibson==3.9.3) (1.3.0)
Collecting graphviz>=0.20 (from omnigibson==3.9.3)
  Downloading graphviz-0.21-py3-none-any.whl.metadata (12 kB)
Requirement already satisfied: matplotlib>=3.0.0 in .\anaconda3\envs\behavior\Lib\site-packages (from omnigibson==3.9.3) (3.10.3)
Collecting lxml>=5.2.2 (from omnigibson==3.9.3)
  Downloading lxml-6.1.3-cp311-cp311-win_amd64.whl.metadata (3.4 kB)
Requirement already satisfied: numba>=0.59.1 in .\anaconda3\envs\behavior\Lib\site-packages (from omnigibson==3.9.3) (0.59.1)
Requirement already satisfied: cffi==1.17.1 in .\anaconda3\envs\behavior\Lib\site-packages (from omnigibson==3.9.3) (1.17.1)
Collecting pillow~=11.0.0 (from omnigibson==3.9.3)
  Downloading pillow-11.0.0-cp311-cp311-win_amd64.whl.metadata (9.3 kB)
Collecting websockets>=15.0.1 (from omnigibson==3.9.3)
  Downloading websockets-17.1-cp311-cp311-win_amd64.whl.metadata (6.5 kB)
Collecting omegaconf>=2.3.0 (from omnigibson==3.9.3)
  Downloading omegaconf-2.3.1-py3-none-any.whl.metadata (4.5 kB)
Collecting lerobot @ git+https://github.com/wensi-ai/lerobot@release/b1k (from lerobot[dataset] @ git+https://github.com/wensi-ai/lerobot@release/b1k->omnigibson==3.9.3)
  Cloning https://github.com/wensi-ai/lerobot (to revision release/b1k) to .\AppData\Local\Temp\pip-install-u84lp8lf\lerobot_5117606f3fa44125883f50e65844632f
  Running command git clone --filter=blob:none --quiet https://github.com/wensi-ai/lerobot 'C:\Users\user one\AppData\Local\Temp\pip-install-u84lp8lf\lerobot_5117606f3fa44125883f50e65844632f'
  Running command git checkout -b release/b1k --track origin/release/b1k
  Switched to a new branch 'release/b1k'
  branch 'release/b1k' set up to track 'origin/release/b1k'.
  Resolved https://github.com/wensi-ai/lerobot to commit 436812bd8ee39b768c645c248c91f1330834e687
  Installing build dependencies: started
  Installing build dependencies: finished with status 'done'
  Getting requirements to build wheel: started
  Getting requirements to build wheel: finished with status 'done'
  Preparing metadata (pyproject.toml): started
  Preparing metadata (pyproject.toml): finished with status 'done'
Requirement already satisfied: torch<2.12.0,>=2.7 in .\anaconda3\envs\behavior\Lib\site-packages (from lerobot @ git+https://github.com/wensi-ai/lerobot@release/b1k->lerobot[dataset] @ git+https://github.com/wensi-ai/lerobot@release/b1k->omnigibson==3.9.3) (2.7.0+cu128)
Requirement already satisfied: torchvision<0.27.0,>=0.22.0 in .\anaconda3\envs\behavior\Lib\site-packages (from lerobot @ git+https://github.com/wensi-ai/lerobot@release/b1k->lerobot[dataset] @ git+https://github.com/wensi-ai/lerobot@release/b1k->omnigibson==3.9.3) (0.22.0+cu128)
Requirement already satisfied: opencv-python-headless<4.14.0,>=4.9.0 in .\anaconda3\envs\behavior\Lib\site-packages (from lerobot @ git+https://github.com/wensi-ai/lerobot@release/b1k->lerobot[dataset] @ git+https://github.com/wensi-ai/lerobot@release/b1k->omnigibson==3.9.3) (4.11.0.86)
Collecting einops<0.9.0,>=0.8.0 (from lerobot @ git+https://github.com/wensi-ai/lerobot@release/b1k->lerobot[dataset] @ git+https://github.com/wensi-ai/lerobot@release/b1k->omnigibson==3.9.3)
  Downloading einops-0.8.2-py3-none-any.whl.metadata (13 kB)
Collecting draccus==0.10.0 (from lerobot @ git+https://github.com/wensi-ai/lerobot@release/b1k->lerobot[dataset] @ git+https://github.com/wensi-ai/lerobot@release/b1k->omnigibson==3.9.3)
  Downloading draccus-0.10.0-py3-none-any.whl.metadata (24 kB)
Collecting huggingface-hub>=0.34.4 (from huggingface-hub[cli]>=0.34.4->omnigibson==3.9.3)
  Downloading huggingface_hub-1.33.0-py3-none-any.whl.metadata (16 kB)
Requirement already satisfied: requests<3.0.0,>=2.32.0 in .\anaconda3\envs\behavior\Lib\site-packages (from lerobot @ git+https://github.com/wensi-ai/lerobot@release/b1k->lerobot[dataset] @ git+https://github.com/wensi-ai/lerobot@release/b1k->omnigibson==3.9.3) (2.32.3)
Collecting safetensors<1.0.0,>=0.4.3 (from lerobot @ git+https://github.com/wensi-ai/lerobot@release/b1k->lerobot[dataset] @ git+https://github.com/wensi-ai/lerobot@release/b1k->omnigibson==3.9.3)
  Downloading safetensors-0.8.0-cp310-abi3-win_amd64.whl.metadata (4.2 kB)
Collecting packaging<26.0,>=24.2 (from lerobot @ git+https://github.com/wensi-ai/lerobot@release/b1k->lerobot[dataset] @ git+https://github.com/wensi-ai/lerobot@release/b1k->omnigibson==3.9.3)
  Downloading packaging-25.0-py3-none-any.whl.metadata (3.3 kB)
Requirement already satisfied: tqdm<5.0.0,>=4.66.0 in .\anaconda3\envs\behavior\Lib\site-packages (from lerobot @ git+https://github.com/wensi-ai/lerobot@release/b1k->lerobot[dataset] @ git+https://github.com/wensi-ai/lerobot@release/b1k->omnigibson==3.9.3) (4.70.1)
Collecting cmake<4.2.0,>=3.29.0.1 (from lerobot @ git+https://github.com/wensi-ai/lerobot@release/b1k->lerobot[dataset] @ git+https://github.com/wensi-ai/lerobot@release/b1k->omnigibson==3.9.3)
  Downloading cmake-4.1.3-py3-none-win_amd64.whl.metadata (6.5 kB)
Collecting setuptools<81.0.0,>=71.0.0 (from lerobot @ git+https://github.com/wensi-ai/lerobot@release/b1k->lerobot[dataset] @ git+https://github.com/wensi-ai/lerobot@release/b1k->omnigibson==3.9.3)
  Downloading setuptools-80.10.2-py3-none-any.whl.metadata (6.6 kB)
Collecting datasets<5.0.0,>=4.0.0 (from lerobot @ git+https://github.com/wensi-ai/lerobot@release/b1k->lerobot[dataset] @ git+https://github.com/wensi-ai/lerobot@release/b1k->omnigibson==3.9.3)
  Downloading datasets-4.8.5-py3-none-any.whl.metadata (19 kB)
Collecting pandas<3.0.0,>=2.0.0 (from lerobot @ git+https://github.com/wensi-ai/lerobot@release/b1k->lerobot[dataset] @ git+https://github.com/wensi-ai/lerobot@release/b1k->omnigibson==3.9.3)
  Downloading pandas-2.3.3-cp311-cp311-win_amd64.whl.metadata (19 kB)
Collecting pyarrow<30.0.0,>=21.0.0 (from lerobot @ git+https://github.com/wensi-ai/lerobot@release/b1k->lerobot[dataset] @ git+https://github.com/wensi-ai/lerobot@release/b1k->omnigibson==3.9.3)
  Using cached pyarrow-25.0.1-cp311-cp311-win_amd64.whl.metadata (3.0 kB)
Collecting torchcodec<0.12.0,>=0.7.0 (from lerobot @ git+https://github.com/wensi-ai/lerobot@release/b1k->lerobot[dataset] @ git+https://github.com/wensi-ai/lerobot@release/b1k->omnigibson==3.9.3)
  Downloading torchcodec-0.11.1-cp311-cp311-win_amd64.whl.metadata (11 kB)
Collecting jsonlines<5.0.0,>=4.0.0 (from lerobot @ git+https://github.com/wensi-ai/lerobot@release/b1k->lerobot[dataset] @ git+https://github.com/wensi-ai/lerobot@release/b1k->omnigibson==3.9.3)
  Downloading jsonlines-4.0.0-py3-none-any.whl.metadata (1.6 kB)
Collecting dm_tree>=0.1.9 (from omnigibson==3.9.3)
  Using cached dm_tree-0.1.10-cp311-cp311-win_amd64.whl.metadata (2.6 kB)
Collecting hydra-core>=1.3.2 (from omnigibson==3.9.3)
  Downloading hydra_core-1.3.7-py3-none-any.whl.metadata (5.7 kB)
Collecting msgpack>=1.1.0 (from omnigibson==3.9.3)
  Downloading msgpack-1.2.3-cp311-cp311-win_amd64.whl.metadata (8.5 kB)
Collecting gspread>=6.2.1 (from omnigibson==3.9.3)
  Downloading gspread-6.2.1-py3-none-any.whl.metadata (11 kB)
Collecting open3d>=0.19.0 (from omnigibson==3.9.3)
  Downloading open3d-0.20.0-cp311-cp311-win_amd64.whl.metadata (4.8 kB)
Requirement already satisfied: pycparser in .\anaconda3\envs\behavior\Lib\site-packages (from cffi==1.17.1->omnigibson==3.9.3) (3.0)
Collecting mergedeep~=1.3 (from draccus==0.10.0->lerobot @ git+https://github.com/wensi-ai/lerobot@release/b1k->lerobot[dataset] @ git+https://github.com/wensi-ai/lerobot@release/b1k->omnigibson==3.9.3)
  Downloading mergedeep-1.3.4-py3-none-any.whl.metadata (4.3 kB)
Collecting pyyaml-include~=1.4 (from draccus==0.10.0->lerobot @ git+https://github.com/wensi-ai/lerobot@release/b1k->lerobot[dataset] @ git+https://github.com/wensi-ai/lerobot@release/b1k->omnigibson==3.9.3)
  Downloading pyyaml_include-1.4.1-py3-none-any.whl.metadata (1.3 kB)
Requirement already satisfied: toml~=0.10 in .\anaconda3\envs\behavior\Lib\site-packages (from draccus==0.10.0->lerobot @ git+https://github.com/wensi-ai/lerobot@release/b1k->lerobot[dataset] @ git+https://github.com/wensi-ai/lerobot@release/b1k->omnigibson==3.9.3) (0.10.2)
Collecting typing-inspect~=0.9.0 (from draccus==0.10.0->lerobot @ git+https://github.com/wensi-ai/lerobot@release/b1k->lerobot[dataset] @ git+https://github.com/wensi-ai/lerobot@release/b1k->omnigibson==3.9.3)
  Downloading typing_inspect-0.9.0-py3-none-any.whl.metadata (1.5 kB)
Requirement already satisfied: pytest in .\anaconda3\envs\behavior\Lib\site-packages (from bddl~=3.7.0->omnigibson==3.9.3) (9.1.1)
Requirement already satisfied: jupytext in .\anaconda3\envs\behavior\Lib\site-packages (from bddl~=3.7.0->omnigibson==3.9.3) (1.19.5)
Requirement already satisfied: nltk~=3.7 in .\anaconda3\envs\behavior\Lib\site-packages (from bddl~=3.7.0->omnigibson==3.9.3) (3.10.3)
Requirement already satisfied: filelock in .\anaconda3\envs\behavior\Lib\site-packages (from datasets<5.0.0,>=4.0.0->lerobot @ git+https://github.com/wensi-ai/lerobot@release/b1k->lerobot[dataset] @ git+https://github.com/wensi-ai/lerobot@release/b1k->omnigibson==3.9.3) (3.13.1)
Collecting dill<0.4.2,>=0.3.0 (from datasets<5.0.0,>=4.0.0->lerobot @ git+https://github.com/wensi-ai/lerobot@release/b1k->lerobot[dataset] @ git+https://github.com/wensi-ai/lerobot@release/b1k->omnigibson==3.9.3)
  Downloading dill-0.4.1-py3-none-any.whl.metadata (10 kB)
Collecting httpx<1.0.0 (from datasets<5.0.0,>=4.0.0->lerobot @ git+https://github.com/wensi-ai/lerobot@release/b1k->lerobot[dataset] @ git+https://github.com/wensi-ai/lerobot@release/b1k->omnigibson==3.9.3)
  Downloading httpx-0.28.1-py3-none-any.whl.metadata (7.1 kB)
Collecting xxhash (from datasets<5.0.0,>=4.0.0->lerobot @ git+https://github.com/wensi-ai/lerobot@release/b1k->lerobot[dataset] @ git+https://github.com/wensi-ai/lerobot@release/b1k->omnigibson==3.9.3)
  Downloading xxhash-4.0.1-cp311-cp311-win_amd64.whl.metadata (18 kB)
Collecting multiprocess<0.70.20 (from datasets<5.0.0,>=4.0.0->lerobot @ git+https://github.com/wensi-ai/lerobot@release/b1k->lerobot[dataset] @ git+https://github.com/wensi-ai/lerobot@release/b1k->omnigibson==3.9.3)
  Downloading multiprocess-0.70.19-py311-none-any.whl.metadata (7.5 kB)
Requirement already satisfied: fsspec<=2026.2.0,>=2023.1.0 in .\anaconda3\envs\behavior\Lib\site-packages (from fsspec[http]<=2026.2.0,>=2023.1.0->datasets<5.0.0,>=4.0.0->lerobot @ git+https://github.com/wensi-ai/lerobot@release/b1k->lerobot[dataset] @ git+https://github.com/wensi-ai/lerobot@release/b1k->omnigibson==3.9.3) (2024.6.1)
Requirement already satisfied: aiohttp!=4.0.0a0,!=4.0.0a1 in .\anaconda3\envs\behavior\Lib\site-packages (from fsspec[http]<=2026.2.0,>=2023.1.0->datasets<5.0.0,>=4.0.0->lerobot @ git+https://github.com/wensi-ai/lerobot@release/b1k->lerobot[dataset] @ git+https://github.com/wensi-ai/lerobot@release/b1k->omnigibson==3.9.3) (3.11.11)
Requirement already satisfied: cloudpickle>=1.2.0 in .\anaconda3\envs\behavior\Lib\site-packages (from gymnasium>=0.28.1->omnigibson==3.9.3) (3.1.2)
Requirement already satisfied: typing-extensions>=4.3.0 in .\anaconda3\envs\behavior\Lib\site-packages (from gymnasium>=0.28.1->omnigibson==3.9.3) (4.16.0)
Collecting farama-notifications>=0.0.1 (from gymnasium>=0.28.1->omnigibson==3.9.3)
  Using cached farama_notifications-0.0.6-py3-none-any.whl.metadata (729 bytes)
Requirement already satisfied: anyio in .\anaconda3\envs\behavior\Lib\site-packages (from httpx<1.0.0->datasets<5.0.0,>=4.0.0->lerobot @ git+https://github.com/wensi-ai/lerobot@release/b1k->lerobot[dataset] @ git+https://github.com/wensi-ai/lerobot@release/b1k->omnigibson==3.9.3) (4.14.2)
Requirement already satisfied: certifi in .\anaconda3\envs\behavior\Lib\site-packages (from httpx<1.0.0->datasets<5.0.0,>=4.0.0->lerobot @ git+https://github.com/wensi-ai/lerobot@release/b1k->lerobot[dataset] @ git+https://github.com/wensi-ai/lerobot@release/b1k->omnigibson==3.9.3) (2026.7.22)
Collecting httpcore==1.* (from httpx<1.0.0->datasets<5.0.0,>=4.0.0->lerobot @ git+https://github.com/wensi-ai/lerobot@release/b1k->lerobot[dataset] @ git+https://github.com/wensi-ai/lerobot@release/b1k->omnigibson==3.9.3)
  Downloading httpcore-1.0.9-py3-none-any.whl.metadata (21 kB)
Requirement already satisfied: idna in .\anaconda3\envs\behavior\Lib\site-packages (from httpx<1.0.0->datasets<5.0.0,>=4.0.0->lerobot @ git+https://github.com/wensi-ai/lerobot@release/b1k->lerobot[dataset] @ git+https://github.com/wensi-ai/lerobot@release/b1k->omnigibson==3.9.3) (3.10)
Requirement already satisfied: h11>=0.16 in .\anaconda3\envs\behavior\Lib\site-packages (from httpcore==1.*->httpx<1.0.0->datasets<5.0.0,>=4.0.0->lerobot @ git+https://github.com/wensi-ai/lerobot@release/b1k->lerobot[dataset] @ git+https://github.com/wensi-ai/lerobot@release/b1k->omnigibson==3.9.3) (0.16.0)
Collecting click>=8.1.3 (from omnigibson==3.9.3)
  Using cached click-8.5.0-py3-none-any.whl.metadata (2.6 kB)
Collecting hf-xet<2.0.0,>=1.6.0 (from huggingface-hub>=0.34.4->huggingface-hub[cli]>=0.34.4->omnigibson==3.9.3)
  Downloading hf_xet-1.6.0-cp38-abi3-win_amd64.whl.metadata (4.9 kB)
Requirement already satisfied: attrs>=19.2.0 in .\anaconda3\envs\behavior\Lib\site-packages (from jsonlines<5.0.0,>=4.0.0->lerobot @ git+https://github.com/wensi-ai/lerobot@release/b1k->lerobot[dataset] @ git+https://github.com/wensi-ai/lerobot@release/b1k->omnigibson==3.9.3) (25.1.0)
Requirement already satisfied: defusedxml in .\anaconda3\envs\behavior\Lib\site-packages (from nltk~=3.7->bddl~=3.7.0->omnigibson==3.9.3) (0.7.1)
Requirement already satisfied: joblib in .\anaconda3\envs\behavior\Lib\site-packages (from nltk~=3.7->bddl~=3.7.0->omnigibson==3.9.3) (1.6.0)
Requirement already satisfied: regex>=2021.8.3 in .\anaconda3\envs\behavior\Lib\site-packages (from nltk~=3.7->bddl~=3.7.0->omnigibson==3.9.3) (2026.9.29)
Requirement already satisfied: python-dateutil>=2.8.2 in .\anaconda3\envs\behavior\Lib\site-packages (from pandas<3.0.0,>=2.0.0->lerobot @ git+https://github.com/wensi-ai/lerobot@release/b1k->lerobot[dataset] @ git+https://github.com/wensi-ai/lerobot@release/b1k->omnigibson==3.9.3) (2.9.0.post0)
Requirement already satisfied: pytz>=2020.1 in .\anaconda3\envs\behavior\Lib\site-packages (from pandas<3.0.0,>=2.0.0->lerobot @ git+https://github.com/wensi-ai/lerobot@release/b1k->lerobot[dataset] @ git+https://github.com/wensi-ai/lerobot@release/b1k->omnigibson==3.9.3) (2024.1)
Collecting tzdata>=2022.7 (from pandas<3.0.0,>=2.0.0->lerobot @ git+https://github.com/wensi-ai/lerobot@release/b1k->lerobot[dataset] @ git+https://github.com/wensi-ai/lerobot@release/b1k->omnigibson==3.9.3)
  Using cached tzdata-2026.4-py2.py3-none-any.whl.metadata (1.4 kB)
Collecting msvc-runtime (from pymeshlab~=2022.2->omnigibson==3.9.3)
  Downloading msvc_runtime-14.44.35112-cp311-cp311-win_amd64.whl.metadata (584 bytes)
Requirement already satisfied: charset-normalizer<4,>=2 in .\anaconda3\envs\behavior\Lib\site-packages (from requests<3.0.0,>=2.32.0->lerobot @ git+https://github.com/wensi-ai/lerobot@release/b1k->lerobot[dataset] @ git+https://github.com/wensi-ai/lerobot@release/b1k->omnigibson==3.9.3) (3.3.2)
Requirement already satisfied: urllib3<3,>=1.21.1 in .\anaconda3\envs\behavior\Lib\site-packages (from requests<3.0.0,>=2.32.0->lerobot @ git+https://github.com/wensi-ai/lerobot@release/b1k->lerobot[dataset] @ git+https://github.com/wensi-ai/lerobot@release/b1k->omnigibson==3.9.3) (2.8.0)
Requirement already satisfied: sympy>=1.13.3 in .\anaconda3\envs\behavior\Lib\site-packages (from torch<2.12.0,>=2.7->lerobot @ git+https://github.com/wensi-ai/lerobot@release/b1k->lerobot[dataset] @ git+https://github.com/wensi-ai/lerobot@release/b1k->omnigibson==3.9.3) (1.13.3)
Requirement already satisfied: jinja2 in .\anaconda3\envs\behavior\Lib\site-packages (from torch<2.12.0,>=2.7->lerobot @ git+https://github.com/wensi-ai/lerobot@release/b1k->lerobot[dataset] @ git+https://github.com/wensi-ai/lerobot@release/b1k->omnigibson==3.9.3) (3.1.6)
Requirement already satisfied: colorama in .\anaconda3\envs\behavior\Lib\site-packages (from tqdm<5.0.0,>=4.66.0->lerobot @ git+https://github.com/wensi-ai/lerobot@release/b1k->lerobot[dataset] @ git+https://github.com/wensi-ai/lerobot@release/b1k->omnigibson==3.9.3) (0.4.6)
Collecting mypy-extensions>=0.3.0 (from typing-inspect~=0.9.0->draccus==0.10.0->lerobot @ git+https://github.com/wensi-ai/lerobot@release/b1k->lerobot[dataset] @ git+https://github.com/wensi-ai/lerobot@release/b1k->omnigibson==3.9.3)
  Downloading mypy_extensions-1.1.0-py3-none-any.whl.metadata (1.1 kB)
Requirement already satisfied: aiohappyeyeballs>=2.3.0 in .\anaconda3\envs\behavior\Lib\site-packages (from aiohttp!=4.0.0a0,!=4.0.0a1->fsspec[http]<=2026.2.0,>=2023.1.0->datasets<5.0.0,>=4.0.0->lerobot @ git+https://github.com/wensi-ai/lerobot@release/b1k->lerobot[dataset] @ git+https://github.com/wensi-ai/lerobot@release/b1k->omnigibson==3.9.3) (2.4.4)
Requirement already satisfied: aiosignal>=1.1.2 in .\anaconda3\envs\behavior\Lib\site-packages (from aiohttp!=4.0.0a0,!=4.0.0a1->fsspec[http]<=2026.2.0,>=2023.1.0->datasets<5.0.0,>=4.0.0->lerobot @ git+https://github.com/wensi-ai/lerobot@release/b1k->lerobot[dataset] @ git+https://github.com/wensi-ai/lerobot@release/b1k->omnigibson==3.9.3) (1.3.2)
Requirement already satisfied: frozenlist>=1.1.1 in .\anaconda3\envs\behavior\Lib\site-packages (from aiohttp!=4.0.0a0,!=4.0.0a1->fsspec[http]<=2026.2.0,>=2023.1.0->datasets<5.0.0,>=4.0.0->lerobot @ git+https://github.com/wensi-ai/lerobot@release/b1k->lerobot[dataset] @ git+https://github.com/wensi-ai/lerobot@release/b1k->omnigibson==3.9.3) (1.5.0)
Requirement already satisfied: multidict<7.0,>=4.5 in .\anaconda3\envs\behavior\Lib\site-packages (from aiohttp!=4.0.0a0,!=4.0.0a1->fsspec[http]<=2026.2.0,>=2023.1.0->datasets<5.0.0,>=4.0.0->lerobot @ git+https://github.com/wensi-ai/lerobot@release/b1k->lerobot[dataset] @ git+https://github.com/wensi-ai/lerobot@release/b1k->omnigibson==3.9.3) (6.1.0)
Requirement already satisfied: propcache>=0.2.0 in .\anaconda3\envs\behavior\Lib\site-packages (from aiohttp!=4.0.0a0,!=4.0.0a1->fsspec[http]<=2026.2.0,>=2023.1.0->datasets<5.0.0,>=4.0.0->lerobot @ git+https://github.com/wensi-ai/lerobot@release/b1k->lerobot[dataset] @ git+https://github.com/wensi-ai/lerobot@release/b1k->omnigibson==3.9.3) (0.2.1)
Requirement already satisfied: yarl<2.0,>=1.17.0 in .\anaconda3\envs\behavior\Lib\site-packages (from aiohttp!=4.0.0a0,!=4.0.0a1->fsspec[http]<=2026.2.0,>=2023.1.0->datasets<5.0.0,>=4.0.0->lerobot @ git+https://github.com/wensi-ai/lerobot@release/b1k->lerobot[dataset] @ git+https://github.com/wensi-ai/lerobot@release/b1k->omnigibson==3.9.3) (1.18.3)
Collecting absl-py>=0.6.1 (from dm_tree>=0.1.9->omnigibson==3.9.3)
  Using cached absl_py-2.5.0-py3-none-any.whl.metadata (3.3 kB)
Requirement already satisfied: wrapt>=1.11.2 in .\anaconda3\envs\behavior\Lib\site-packages (from dm_tree>=0.1.9->omnigibson==3.9.3) (1.16.0)
Collecting gitdb<5,>=4.0.1 (from GitPython>=3.1.40->omnigibson==3.9.3)
  Using cached gitdb-4.0.12-py3-none-any.whl.metadata (1.2 kB)
Collecting smmap<6,>=3.0.1 (from gitdb<5,>=4.0.1->GitPython>=3.1.40->omnigibson==3.9.3)
  Using cached smmap-5.0.3-py3-none-any.whl.metadata (4.6 kB)
Collecting google-auth>=1.12.0 (from gspread>=6.2.1->omnigibson==3.9.3)
  Downloading google_auth-2.59.0-py3-none-any.whl.metadata (6.0 kB)
Collecting google-auth-oauthlib>=0.4.1 (from gspread>=6.2.1->omnigibson==3.9.3)
  Downloading google_auth_oauthlib-1.4.1-py3-none-any.whl.metadata (2.6 kB)
Collecting pyasn1-modules>=0.2.1 (from google-auth>=1.12.0->gspread>=6.2.1->omnigibson==3.9.3)
  Downloading pyasn1_modules-0.4.2-py3-none-any.whl.metadata (3.5 kB)
Requirement already satisfied: requests-oauthlib>=0.7.0 in .\anaconda3\envs\behavior\Lib\site-packages (from google-auth-oauthlib>=0.4.1->gspread>=6.2.1->omnigibson==3.9.3) (1.3.1)
WARNING: huggingface-hub 1.33.0 does not provide the extra 'cli'
Collecting antlr4-python3-runtime==4.9.* (from hydra-core>=1.3.2->omnigibson==3.9.3)
  Downloading antlr4-python3-runtime-4.9.3.tar.gz (117 kB)
  Installing build dependencies: started
  Installing build dependencies: finished with status 'done'
  Getting requirements to build wheel: started
  Getting requirements to build wheel: finished with status 'done'
  Preparing metadata (pyproject.toml): started
  Preparing metadata (pyproject.toml): finished with status 'done'
Collecting ipython-pygments-lexers>=1.0.0 (from ipython>=8.20.0->omnigibson==3.9.3)
  Downloading ipython_pygments_lexers-1.1.1-py3-none-any.whl.metadata (1.1 kB)
Collecting jedi>=0.18.2 (from ipython>=8.20.0->omnigibson==3.9.3)
  Downloading jedi-0.20.0-py2.py3-none-any.whl.metadata (23 kB)
Collecting matplotlib-inline>=0.1.6 (from ipython>=8.20.0->omnigibson==3.9.3)
  Downloading matplotlib_inline-0.2.2-py3-none-any.whl.metadata (2.4 kB)
Collecting prompt_toolkit<3.1.0,>=3.0.41 (from ipython>=8.20.0->omnigibson==3.9.3)
  Downloading prompt_toolkit-3.0.53-py3-none-any.whl.metadata (6.4 kB)
Collecting psutil>=7 (from ipython>=8.20.0->omnigibson==3.9.3)
  Using cached psutil-7.2.2-cp37-abi3-win_amd64.whl.metadata (22 kB)
Requirement already satisfied: pygments>=2.14.0 in .\anaconda3\envs\behavior\Lib\site-packages (from ipython>=8.20.0->omnigibson==3.9.3) (2.21.0)
Collecting stack_data>=0.6.0 (from ipython>=8.20.0->omnigibson==3.9.3)
  Downloading stack_data-0.6.3-py3-none-any.whl.metadata (18 kB)
Requirement already satisfied: traitlets>=5.13.0 in .\anaconda3\envs\behavior\Lib\site-packages (from ipython>=8.20.0->omnigibson==3.9.3) (5.16.1)
Collecting wcwidth>=0.1.4 (from prompt_toolkit<3.1.0,>=3.0.41->ipython>=8.20.0->omnigibson==3.9.3)
  Downloading wcwidth-0.9.1-cp310-abi3-win_amd64.whl.metadata (24 kB)
Collecting parso<0.9.0,>=0.8.6 (from jedi>=0.18.2->ipython>=8.20.0->omnigibson==3.9.3)
  Downloading parso-0.8.7-py2.py3-none-any.whl.metadata (8.2 kB)
Requirement already satisfied: contourpy>=1.0.1 in .\anaconda3\envs\behavior\Lib\site-packages (from matplotlib>=3.0.0->omnigibson==3.9.3) (1.3.1)
Requirement already satisfied: cycler>=0.10 in .\anaconda3\envs\behavior\Lib\site-packages (from matplotlib>=3.0.0->omnigibson==3.9.3) (0.11.0)
Requirement already satisfied: fonttools>=4.22.0 in .\anaconda3\envs\behavior\Lib\site-packages (from matplotlib>=3.0.0->omnigibson==3.9.3) (4.55.3)
Requirement already satisfied: kiwisolver>=1.3.1 in .\anaconda3\envs\behavior\Lib\site-packages (from matplotlib>=3.0.0->omnigibson==3.9.3) (1.4.4)
Requirement already satisfied: pyparsing>=2.3.1 in .\anaconda3\envs\behavior\Lib\site-packages (from matplotlib>=3.0.0->omnigibson==3.9.3) (3.0.9)
Requirement already satisfied: llvmlite<0.43,>=0.42.0dev0 in .\anaconda3\envs\behavior\Lib\site-packages (from numba>=0.59.1->omnigibson==3.9.3) (0.42.0)
Collecting dash>=2.6.0 (from open3d>=0.19.0->omnigibson==3.9.3)
  Downloading dash-4.4.1-py3-none-any.whl.metadata (11 kB)
Collecting werkzeug>=3.0.0 (from open3d>=0.19.0->omnigibson==3.9.3)
  Using cached werkzeug-3.1.9-py3-none-any.whl.metadata (4.1 kB)
Collecting flask>=3.0.0 (from open3d>=0.19.0->omnigibson==3.9.3)
  Using cached flask-3.1.3-py3-none-any.whl.metadata (3.2 kB)
Requirement already satisfied: nbformat>=5.7.0 in .\anaconda3\envs\behavior\Lib\site-packages (from open3d>=0.19.0->omnigibson==3.9.3) (5.11.1)
Collecting configargparse (from open3d>=0.19.0->omnigibson==3.9.3)
  Downloading configargparse-1.8.0-py3-none-any.whl.metadata (23 kB)
Collecting ipywidgets>=8.0.4 (from open3d>=0.19.0->omnigibson==3.9.3)
  Downloading ipywidgets-8.1.9-py3-none-any.whl.metadata (2.4 kB)
Collecting plotly>=5.0.0 (from dash>=2.6.0->open3d>=0.19.0->omnigibson==3.9.3)
  Downloading plotly-7.1.0-py3-none-any.whl.metadata (8.8 kB)
Collecting importlib-metadata (from dash>=2.6.0->open3d>=0.19.0->omnigibson==3.9.3)
  Downloading importlib_metadata-9.0.1-py3-none-any.whl.metadata (4.5 kB)
Collecting retrying (from dash>=2.6.0->open3d>=0.19.0->omnigibson==3.9.3)
  Downloading retrying-1.4.2-py3-none-any.whl.metadata (5.5 kB)
Collecting janus>=1.0.0 (from dash>=2.6.0->open3d>=0.19.0->omnigibson==3.9.3)
  Downloading janus-2.0.0-py3-none-any.whl.metadata (5.3 kB)
Requirement already satisfied: pydantic>=2.10 in .\anaconda3\envs\behavior\Lib\site-packages (from dash>=2.6.0->open3d>=0.19.0->omnigibson==3.9.3) (2.11.10)
Collecting comm (from dash>=2.6.0->open3d>=0.19.0->omnigibson==3.9.3)
  Downloading comm-0.2.3-py3-none-any.whl.metadata (3.7 kB)
Collecting blinker>=1.9.0 (from flask>=3.0.0->open3d>=0.19.0->omnigibson==3.9.3)
  Using cached blinker-1.9.0-py3-none-any.whl.metadata (1.6 kB)
Collecting itsdangerous>=2.2.0 (from flask>=3.0.0->open3d>=0.19.0->omnigibson==3.9.3)
  Using cached itsdangerous-2.2.0-py3-none-any.whl.metadata (1.9 kB)
Requirement already satisfied: markupsafe>=2.1.1 in .\anaconda3\envs\behavior\Lib\site-packages (from flask>=3.0.0->open3d>=0.19.0->omnigibson==3.9.3) (2.1.3)
Collecting widgetsnbextension~=4.0.16 (from ipywidgets>=8.0.4->open3d>=0.19.0->omnigibson==3.9.3)
  Downloading widgetsnbextension-4.0.16-py3-none-any.whl.metadata (1.6 kB)
Collecting jupyterlab_widgets~=3.0.17 (from ipywidgets>=8.0.4->open3d>=0.19.0->omnigibson==3.9.3)
  Downloading jupyterlab_widgets-3.0.17-py3-none-any.whl.metadata (20 kB)
Requirement already satisfied: fastjsonschema>=2.15 in .\anaconda3\envs\behavior\Lib\site-packages (from nbformat>=5.7.0->open3d>=0.19.0->omnigibson==3.9.3) (2.22.2)
Requirement already satisfied: jsonschema>=2.6 in .\anaconda3\envs\behavior\Lib\site-packages (from nbformat>=5.7.0->open3d>=0.19.0->omnigibson==3.9.3) (4.26.0)
Requirement already satisfied: jupyter-core!=5.0.*,>=4.12 in .\anaconda3\envs\behavior\Lib\site-packages (from nbformat>=5.7.0->open3d>=0.19.0->omnigibson==3.9.3) (5.9.1)
Requirement already satisfied: jsonschema-specifications>=2023.03.6 in .\anaconda3\envs\behavior\Lib\site-packages (from jsonschema>=2.6->nbformat>=5.7.0->open3d>=0.19.0->omnigibson==3.9.3) (2025.9.1)
Requirement already satisfied: referencing>=0.28.4 in .\anaconda3\envs\behavior\Lib\site-packages (from jsonschema>=2.6->nbformat>=5.7.0->open3d>=0.19.0->omnigibson==3.9.3) (0.37.0)
Requirement already satisfied: rpds-py>=0.25.0 in .\anaconda3\envs\behavior\Lib\site-packages (from jsonschema>=2.6->nbformat>=5.7.0->open3d>=0.19.0->omnigibson==3.9.3) (2026.6.3)
Requirement already satisfied: platformdirs>=2.5 in .\anaconda3\envs\behavior\Lib\site-packages (from jupyter-core!=5.0.*,>=4.12->nbformat>=5.7.0->open3d>=0.19.0->omnigibson==3.9.3) (4.12.1)
INFO: pip is looking at multiple versions of opencv-python to determine which version is compatible with other requirements. This could take a while.
Collecting opencv-python>=4.8.1 (from omnigibson==3.9.3)
  Downloading opencv_python-4.14.0.94-cp37-abi3-win_amd64.whl.metadata (20 kB)
  Downloading opencv_python-4.13.0.92-cp37-abi3-win_amd64.whl.metadata (20 kB)
  Downloading opencv_python-4.13.0.90-cp37-abi3-win_amd64.whl.metadata (20 kB)
  Downloading opencv_python-4.12.0.88-cp37-abi3-win_amd64.whl.metadata (19 kB)
  Downloading opencv_python-4.11.0.86-cp37-abi3-win_amd64.whl.metadata (20 kB)
Collecting narwhals>=1.15.1 (from plotly>=5.0.0->dash>=2.6.0->open3d>=0.19.0->omnigibson==3.9.3)
  Downloading narwhals-2.26.0-py3-none-any.whl.metadata (15 kB)
Collecting pyasn1<0.7.0,>=0.6.1 (from pyasn1-modules>=0.2.1->google-auth>=1.12.0->gspread>=6.2.1->omnigibson==3.9.3)
  Downloading pyasn1-0.6.4-py3-none-any.whl.metadata (8.4 kB)
Requirement already satisfied: annotated-types>=0.6.0 in .\anaconda3\envs\behavior\Lib\site-packages (from pydantic>=2.10->dash>=2.6.0->open3d>=0.19.0->omnigibson==3.9.3) (0.8.0)
Requirement already satisfied: pydantic-core==2.33.2 in .\anaconda3\envs\behavior\Lib\site-packages (from pydantic>=2.10->dash>=2.6.0->open3d>=0.19.0->omnigibson==3.9.3) (2.33.2)
Requirement already satisfied: typing-inspection>=0.4.0 in .\anaconda3\envs\behavior\Lib\site-packages (from pydantic>=2.10->dash>=2.6.0->open3d>=0.19.0->omnigibson==3.9.3) (0.4.2)
Requirement already satisfied: six>=1.5 in .\anaconda3\envs\behavior\Lib\site-packages (from python-dateutil>=2.8.2->pandas<3.0.0,>=2.0.0->lerobot @ git+https://github.com/wensi-ai/lerobot@release/b1k->lerobot[dataset] @ git+https://github.com/wensi-ai/lerobot@release/b1k->omnigibson==3.9.3) (1.17.0)
Requirement already satisfied: oauthlib>=3.0.0 in .\anaconda3\envs\behavior\Lib\site-packages (from requests-oauthlib>=0.7.0->google-auth-oauthlib>=0.4.1->gspread>=6.2.1->omnigibson==3.9.3) (3.2.2)
Collecting executing>=1.2.0 (from stack_data>=0.6.0->ipython>=8.20.0->omnigibson==3.9.3)
  Downloading executing-2.2.1-py2.py3-none-any.whl.metadata (8.9 kB)
Collecting asttokens>=2.1.0 (from stack_data>=0.6.0->ipython>=8.20.0->omnigibson==3.9.3)
  Downloading asttokens-3.0.2-py3-none-any.whl.metadata (5.7 kB)
Collecting pure-eval (from stack_data>=0.6.0->ipython>=8.20.0->omnigibson==3.9.3)
  Downloading pure_eval-0.2.4-py3-none-any.whl.metadata (6.4 kB)
Requirement already satisfied: mpmath<1.4,>=1.1.0 in .\anaconda3\envs\behavior\Lib\site-packages (from sympy>=1.13.3->torch<2.12.0,>=2.7->lerobot @ git+https://github.com/wensi-ai/lerobot@release/b1k->lerobot[dataset] @ git+https://github.com/wensi-ai/lerobot@release/b1k->omnigibson==3.9.3) (1.3.0)
Collecting zipp>=3.20 (from importlib-metadata->dash>=2.6.0->open3d>=0.19.0->omnigibson==3.9.3)
  Downloading zipp-4.1.0-py3-none-any.whl.metadata (3.6 kB)
Requirement already satisfied: markdown-it-py>=1.0 in .\anaconda3\envs\behavior\Lib\site-packages (from jupytext->bddl~=3.7.0->omnigibson==3.9.3) (4.2.0)
Requirement already satisfied: mdit-py-plugins in .\anaconda3\envs\behavior\Lib\site-packages (from jupytext->bddl~=3.7.0->omnigibson==3.9.3) (0.6.1)
Requirement already satisfied: mdurl~=0.1 in .\anaconda3\envs\behavior\Lib\site-packages (from markdown-it-py>=1.0->jupytext->bddl~=3.7.0->omnigibson==3.9.3) (0.1.2)
Collecting av<16.0.0,>=15.0.0 (from lerobot @ git+https://github.com/wensi-ai/lerobot@release/b1k->lerobot[dataset] @ git+https://github.com/wensi-ai/lerobot@release/b1k->omnigibson==3.9.3)
  Downloading av-15.1.0-cp311-cp311-win_amd64.whl.metadata (4.7 kB)
Requirement already satisfied: iniconfig>=1.0.1 in .\anaconda3\envs\behavior\Lib\site-packages (from pytest->bddl~=3.7.0->omnigibson==3.9.3) (2.3.0)
Requirement already satisfied: pluggy<2,>=1.5 in .\anaconda3\envs\behavior\Lib\site-packages (from pytest->bddl~=3.7.0->omnigibson==3.9.3) (1.6.0)
Downloading draccus-0.10.0-py3-none-any.whl (71 kB)
Downloading cmake-4.1.3-py3-none-win_amd64.whl (37.5 MB)
   ---------------------------------------- 37.5/37.5 MB 44.2 MB/s  0:00:00
Downloading datasets-4.8.5-py3-none-any.whl (528 kB)
   ---------------------------------------- 529.0/529.0 kB 17.8 MB/s  0:00:00
Downloading dill-0.4.1-py3-none-any.whl (120 kB)
Downloading einops-0.8.2-py3-none-any.whl (65 kB)
Downloading gymnasium-1.3.0-py3-none-any.whl (953 kB)
   ---------------------------------------- 953.9/953.9 kB 43.2 MB/s  0:00:00
Downloading httpx-0.28.1-py3-none-any.whl (73 kB)
Downloading httpcore-1.0.9-py3-none-any.whl (78 kB)
Downloading huggingface_hub-1.33.0-py3-none-any.whl (846 kB)
   ---------------------------------------- 846.4/846.4 kB 6.2 MB/s  0:00:00
Using cached click-8.5.0-py3-none-any.whl (125 kB)
Downloading hf_xet-1.6.0-cp38-abi3-win_amd64.whl (4.0 MB)
   ---------------------------------------- 4.0/4.0 MB 34.6 MB/s  0:00:00
Downloading jsonlines-4.0.0-py3-none-any.whl (8.7 kB)
Downloading mergedeep-1.3.4-py3-none-any.whl (6.4 kB)
Downloading multiprocess-0.70.19-py311-none-any.whl (144 kB)
Downloading packaging-25.0-py3-none-any.whl (66 kB)
Downloading pandas-2.3.3-cp311-cp311-win_amd64.whl (11.3 MB)
   ---------------------------------------- 11.3/11.3 MB 44.3 MB/s  0:00:00
Downloading pillow-11.0.0-cp311-cp311-win_amd64.whl (2.6 MB)
   ---------------------------------------- 2.6/2.6 MB 37.2 MB/s  0:00:00
Using cached pyarrow-25.0.1-cp311-cp311-win_amd64.whl (27.9 MB)
Downloading pymeshlab-2022.2.post4-cp311-cp311-win_amd64.whl (37.3 MB)
   ---------------------------------------- 37.3/37.3 MB 13.0 MB/s  0:00:02
Downloading pyyaml_include-1.4.1-py3-none-any.whl (19 kB)
Downloading safetensors-0.8.0-cp310-abi3-win_amd64.whl (355 kB)
Downloading setuptools-80.10.2-py3-none-any.whl (1.1 MB)
   ---------------------------------------- 1.1/1.1 MB 25.9 MB/s  0:00:00
Downloading torchcodec-0.11.1-cp311-cp311-win_amd64.whl (1.9 MB)
   ---------------------------------------- 1.9/1.9 MB 53.3 MB/s  0:00:00
Downloading typing_inspect-0.9.0-py3-none-any.whl (8.8 kB)
Downloading addict-2.4.0-py3-none-any.whl (3.8 kB)
Downloading aenum-3.1.17-py3-none-any.whl (165 kB)
Using cached dm_tree-0.1.10-cp311-cp311-win_amd64.whl (111 kB)
Using cached absl_py-2.5.0-py3-none-any.whl (137 kB)
Using cached farama_notifications-0.0.6-py3-none-any.whl (2.9 kB)
Downloading gitpython-3.1.62-py3-none-any.whl (222 kB)
Using cached gitdb-4.0.12-py3-none-any.whl (62 kB)
Using cached smmap-5.0.3-py3-none-any.whl (24 kB)
Downloading graphviz-0.21-py3-none-any.whl (47 kB)
Downloading gspread-6.2.1-py3-none-any.whl (59 kB)
Downloading google_auth-2.59.0-py3-none-any.whl (262 kB)
Downloading google_auth_oauthlib-1.4.1-py3-none-any.whl (19 kB)
Downloading h5py-3.16.0-cp311-cp311-win_amd64.whl (3.2 MB)
   ---------------------------------------- 3.2/3.2 MB 37.6 MB/s  0:00:00
Downloading hydra_core-1.3.7-py3-none-any.whl (168 kB)
Downloading omegaconf-2.3.1-py3-none-any.whl (79 kB)
Downloading imageio_ffmpeg-0.6.0-py3-none-win_amd64.whl (31.2 MB)
   ---------------------------------------- 31.2/31.2 MB 27.9 MB/s  0:00:01
Downloading ipython-9.17.1-py3-none-any.whl (639 kB)
   ---------------------------------------- 639.0/639.0 kB 8.0 MB/s  0:00:00
Downloading prompt_toolkit-3.0.53-py3-none-any.whl (392 kB)
Downloading ipython_pygments_lexers-1.1.1-py3-none-any.whl (8.1 kB)
Downloading jedi-0.20.0-py2.py3-none-any.whl (4.9 MB)
   ---------------------------------------- 4.9/4.9 MB 37.0 MB/s  0:00:00
Downloading parso-0.8.7-py2.py3-none-any.whl (107 kB)
Downloading lxml-6.1.3-cp311-cp311-win_amd64.whl (4.0 MB)
   ---------------------------------------- 4.0/4.0 MB 26.7 MB/s  0:00:00
Downloading matplotlib_inline-0.2.2-py3-none-any.whl (9.5 kB)
Downloading msgpack-1.2.3-cp311-cp311-win_amd64.whl (75 kB)
Downloading mypy_extensions-1.1.0-py3-none-any.whl (5.0 kB)
Downloading open3d-0.20.0-cp311-cp311-win_amd64.whl (77.5 MB)
   ---------------------------------------- 77.5/77.5 MB 36.6 MB/s  0:00:02
Downloading dash-4.4.1-py3-none-any.whl (8.9 MB)
   ---------------------------------------- 8.9/8.9 MB 46.2 MB/s  0:00:00
Using cached flask-3.1.3-py3-none-any.whl (103 kB)
Using cached werkzeug-3.1.9-py3-none-any.whl (228 kB)
Using cached blinker-1.9.0-py3-none-any.whl (8.5 kB)
Downloading ipywidgets-8.1.9-py3-none-any.whl (140 kB)
Downloading jupyterlab_widgets-3.0.17-py3-none-any.whl (217 kB)
Downloading widgetsnbextension-4.0.16-py3-none-any.whl (2.2 MB)
   ---------------------------------------- 2.2/2.2 MB 41.8 MB/s  0:00:00
Downloading comm-0.2.3-py3-none-any.whl (7.3 kB)
Using cached itsdangerous-2.2.0-py3-none-any.whl (16 kB)
Downloading janus-2.0.0-py3-none-any.whl (12 kB)
Downloading opencv_python-4.11.0.86-cp37-abi3-win_amd64.whl (39.5 MB)
   ---------------------------------------- 39.5/39.5 MB 44.8 MB/s  0:00:00
Downloading plotly-7.1.0-py3-none-any.whl (9.7 MB)
   ---------------------------------------- 9.7/9.7 MB 43.3 MB/s  0:00:00
Downloading narwhals-2.26.0-py3-none-any.whl (474 kB)
Using cached psutil-7.2.2-cp37-abi3-win_amd64.whl (137 kB)
Downloading pyasn1_modules-0.4.2-py3-none-any.whl (181 kB)
Downloading pyasn1-0.6.4-py3-none-any.whl (84 kB)
Downloading stack_data-0.6.3-py3-none-any.whl (24 kB)
Downloading asttokens-3.0.2-py3-none-any.whl (28 kB)
Downloading executing-2.2.1-py2.py3-none-any.whl (28 kB)
Downloading transforms3d-0.4.2-py3-none-any.whl (1.4 MB)
   ---------------------------------------- 1.4/1.4 MB 34.8 MB/s  0:00:00
Using cached tzdata-2026.4-py2.py3-none-any.whl (347 kB)
Downloading wcwidth-0.9.1-cp310-abi3-win_amd64.whl (596 kB)
   ---------------------------------------- 596.7/596.7 kB 20.9 MB/s  0:00:00
Downloading websockets-17.1-cp311-cp311-win_amd64.whl (217 kB)
Downloading configargparse-1.8.0-py3-none-any.whl (34 kB)
Downloading importlib_metadata-9.0.1-py3-none-any.whl (27 kB)
Downloading zipp-4.1.0-py3-none-any.whl (10 kB)
Downloading av-15.1.0-cp311-cp311-win_amd64.whl (31.3 MB)
   ---------------------------------------- 31.3/31.3 MB 39.8 MB/s  0:00:00
Downloading msvc_runtime-14.44.35112-cp311-cp311-win_amd64.whl (1.9 MB)
   ---------------------------------------- 1.9/1.9 MB 35.3 MB/s  0:00:00
Downloading pure_eval-0.2.4-py3-none-any.whl (11 kB)
Downloading retrying-1.4.2-py3-none-any.whl (10 kB)
Downloading xxhash-4.0.1-cp311-cp311-win_amd64.whl (36 kB)
Building wheels for collected packages: omnigibson, lerobot, antlr4-python3-runtime, progressbar
  Building editable for omnigibson (pyproject.toml): started
  Building editable for omnigibson (pyproject.toml): finished with status 'done'
  Created wheel for omnigibson: filename=omnigibson-3.9.3-0.editable-py3-none-any.whl size=5940 sha256=ef8b7fd7419a24b3f39c7eff3e810b4dfd37c76288e487b1cd2eca27d99a61a1
  Stored in directory: C:\Users\user one\AppData\Local\Temp\pip-ephem-wheel-cache-jpcpmw09\wheels\2f\8a\5b\e20877b192ae7c0ea7dcd7621dd790ca1a70d806bda84b6864
  Building wheel for lerobot (pyproject.toml): started
  Building wheel for lerobot (pyproject.toml): finished with status 'done'
  Created wheel for lerobot: filename=lerobot-0.5.2-py3-none-any.whl size=1302749 sha256=b757b4dd61960c08336f42850b0b269db1b6674e92354cb017942205935da469
  Stored in directory: C:\Users\user one\AppData\Local\Temp\pip-ephem-wheel-cache-jpcpmw09\wheels\55\ab\4c\c575cbf13397597b8f9879e8e7315e991359f04e037ae118c9
  Building wheel for antlr4-python3-runtime (pyproject.toml): started
  Building wheel for antlr4-python3-runtime (pyproject.toml): finished with status 'done'
  Created wheel for antlr4-python3-runtime: filename=antlr4_python3_runtime-4.9.3-py3-none-any.whl size=144613 sha256=5ad35e72d85c73737601ce38af4ff5371faf325712a1ec87f9415daa97a8c5c5
  Stored in directory: c:\users\user one\appdata\local\pip\cache\wheels\1a\97\32\461f837398029ad76911109f07047fde1d7b661a147c7c56d1
  Building wheel for progressbar (pyproject.toml): started
  Building wheel for progressbar (pyproject.toml): finished with status 'done'
  Created wheel for progressbar: filename=progressbar-2.5-py3-none-any.whl size=12164 sha256=6290a8f1de66ab8daac2f0a7d58a72d3f7a755fce6c4bc33b4c6da03b953f845
  Stored in directory: c:\users\user one\appdata\local\pip\cache\wheels\8d\bb\b2\5353b966ac6f3c5e1000629a9a5f6aed41794487f551e32efc
Successfully built omnigibson lerobot antlr4-python3-runtime progressbar
Installing collected packages: pure-eval, progressbar, farama-notifications, antlr4-python3-runtime, aenum, addict, zipp, xxhash, widgetsnbextension, werkzeug, websockets, wcwidth, tzdata, transforms3d, torchcodec, smmap, setuptools, safetensors, retrying, pyyaml-include, pyasn1, pyarrow, psutil, pillow, parso, packaging, opencv-python, omegaconf, narwhals, mypy-extensions, msvc-runtime, msgpack, mergedeep, matplotlib-inline, lxml, jupyterlab_widgets, jsonlines, janus, itsdangerous, ipython-pygments-lexers, imageio-ffmpeg, httpcore, hf-xet, h5py, gymnasium, graphviz, executing, einops, dill, configargparse, comm, cmake, click, blinker, av, asttokens, absl-py, typing-inspect, stack_data, pymeshlab, pyasn1-modules, prompt_toolkit, plotly, pandas, multiprocess, jedi, importlib-metadata, hydra-core, httpx, gitdb, flask, dm_tree, ipython, huggingface-hub, google-auth, GitPython, draccus, dash, lerobot, ipywidgets, google-auth-oauthlib, datasets, open3d, gspread, omnigibson
  Attempting uninstall: websockets
    Found existing installation: websockets 12.0
    Uninstalling websockets-12.0:
      Successfully uninstalled websockets-12.0
  WARNING: The script websockets.exe is installed in 'C:\Users\user one\anaconda3\envs\behavior\Scripts' which is not on PATH.
  Consider adding this directory to PATH or, if you prefer to suppress this warning, use --no-warn-script-location.
  Attempting uninstall: setuptools
    Found existing installation: setuptools 84.0.0
    Uninstalling setuptools-84.0.0:
      Successfully uninstalled setuptools-84.0.0
  Attempting uninstall: psutil
    Found existing installation: psutil 5.9.8
    Uninstalling psutil-5.9.8:
      Successfully uninstalled psutil-5.9.8
  Attempting uninstall: pillow
    Found existing installation: pillow 11.3.0
    Uninstalling pillow-11.3.0:
      Successfully uninstalled pillow-11.3.0
  Attempting uninstall: packaging
    Found existing installation: packaging 23.0
    Uninstalling packaging-23.0:
      Successfully uninstalled packaging-23.0
  WARNING: The scripts ccmake.exe, cmake.exe, cpack.exe and ctest.exe are installed in 'C:\Users\user one\anaconda3\envs\behavior\Scripts' which is not on PATH.
  Consider adding this directory to PATH or, if you prefer to suppress this warning, use --no-warn-script-location.
  Attempting uninstall: click
    Found existing installation: click 8.1.7
    Uninstalling click-8.1.7:
      Successfully uninstalled click-8.1.7
  Attempting uninstall: av
    Found existing installation: av 18.1.0
    Uninstalling av-18.1.0:
      Successfully uninstalled av-18.1.0
  WARNING: The script pyav.exe is installed in 'C:\Users\user one\anaconda3\envs\behavior\Scripts' which is not on PATH.
  Consider adding this directory to PATH or, if you prefer to suppress this warning, use --no-warn-script-location.
  WARNING: The script plotly_get_chrome.exe is installed in 'C:\Users\user one\anaconda3\envs\behavior\Scripts' which is not on PATH.
  Consider adding this directory to PATH or, if you prefer to suppress this warning, use --no-warn-script-location.
  WARNING: The script httpx.exe is installed in 'C:\Users\user one\anaconda3\envs\behavior\Scripts' which is not on PATH.
  Consider adding this directory to PATH or, if you prefer to suppress this warning, use --no-warn-script-location.
  WARNING: The script flask.exe is installed in 'C:\Users\user one\anaconda3\envs\behavior\Scripts' which is not on PATH.
  Consider adding this directory to PATH or, if you prefer to suppress this warning, use --no-warn-script-location.
  WARNING: The scripts ipython.exe and ipython3.exe are installed in 'C:\Users\user one\anaconda3\envs\behavior\Scripts' which is not on PATH.
  Consider adding this directory to PATH or, if you prefer to suppress this warning, use --no-warn-script-location.
  WARNING: The scripts hf.exe, huggingface-cli.exe and tiny-agents.exe are installed in 'C:\Users\user one\anaconda3\envs\behavior\Scripts' which is not on PATH.
  Consider adding this directory to PATH or, if you prefer to suppress this warning, use --no-warn-script-location.
  WARNING: The scripts dash-generate-components.exe, dash-update-components.exe, plotly.exe and renderer.exe are installed in 'C:\Users\user one\anaconda3\envs\behavior\Scripts' which is not on PATH.
  Consider adding this directory to PATH or, if you prefer to suppress this warning, use --no-warn-script-location.
  WARNING: The scripts lerobot-calibrate.exe, lerobot-dataset-viz.exe, lerobot-edit-dataset.exe, lerobot-eval.exe, lerobot-find-cameras.exe, lerobot-find-joint-limits.exe, lerobot-find-port.exe, lerobot-imgtransform-viz.exe, lerobot-info.exe, lerobot-record.exe, lerobot-replay.exe, lerobot-rollout.exe, lerobot-setup-can.exe, lerobot-setup-motors.exe, lerobot-teleoperate.exe, lerobot-train-tokenizer.exe and lerobot-train.exe are installed in 'C:\Users\user one\anaconda3\envs\behavior\Scripts' which is not on PATH.
  Consider adding this directory to PATH or, if you prefer to suppress this warning, use --no-warn-script-location.
  WARNING: The script google-oauthlib-tool.exe is installed in 'C:\Users\user one\anaconda3\envs\behavior\Scripts' which is not on PATH.
  Consider adding this directory to PATH or, if you prefer to suppress this warning, use --no-warn-script-location.
  WARNING: The script datasets-cli.exe is installed in 'C:\Users\user one\anaconda3\envs\behavior\Scripts' which is not on PATH.
  Consider adding this directory to PATH or, if you prefer to suppress this warning, use --no-warn-script-location.
  WARNING: The script open3d.exe is installed in 'C:\Users\user one\anaconda3\envs\behavior\Scripts' which is not on PATH.
  Consider adding this directory to PATH or, if you prefer to suppress this warning, use --no-warn-script-location.

ERROR: pip's dependency resolver does not currently take into account all the packages that are installed. This behaviour is the source of the following dependency conflicts.
isaacsim-core 5.1.0.0 requires packaging==23.0, but you have packaging 25.0 which is incompatible.
isaacsim-kernel 5.1.0.0 requires click==8.1.7, but you have click 8.5.0 which is incompatible.
isaacsim-kernel 5.1.0.0 requires Pillow==11.3.0, but you have pillow 11.0.0 which is incompatible.
isaacsim-kernel 5.1.0.0 requires psutil==5.9.8, but you have psutil 7.2.2 which is incompatible.
isaacsim-kernel 5.1.0.0 requires typing_extensions==4.12.2, but you have typing-extensions 4.16.0 which is incompatible.
isaacsim-kernel 5.1.0.0 requires websockets==12.0, but you have websockets 17.1 which is incompatible.
Successfully installed GitPython-3.1.62 absl-py-2.5.0 addict-2.4.0 aenum-3.1.17 antlr4-python3-runtime-4.9.3 asttokens-3.0.2 av-15.1.0 blinker-1.9.0 click-8.5.0 cmake-4.1.3 comm-0.2.3 configargparse-1.8.0 dash-4.4.1 datasets-4.8.5 dill-0.4.1 dm_tree-0.1.10 draccus-0.10.0 einops-0.8.2 executing-2.2.1 farama-notifications-0.0.6 flask-3.1.3 gitdb-4.0.12 google-auth-2.59.0 google-auth-oauthlib-1.4.1 graphviz-0.21 gspread-6.2.1 gymnasium-1.3.0 h5py-3.16.0 hf-xet-1.6.0 httpcore-1.0.9 httpx-0.28.1 huggingface-hub-1.33.0 hydra-core-1.3.7 imageio-ffmpeg-0.6.0 importlib-metadata-9.0.1 ipython-9.17.1 ipython-pygments-lexers-1.1.1 ipywidgets-8.1.9 itsdangerous-2.2.0 janus-2.0.0 jedi-0.20.0 jsonlines-4.0.0 jupyterlab_widgets-3.0.17 lerobot-0.5.2 lxml-6.1.3 matplotlib-inline-0.2.2 mergedeep-1.3.4 msgpack-1.2.3 msvc-runtime-14.44.35112 multiprocess-0.70.19 mypy-extensions-1.1.0 narwhals-2.26.0 omegaconf-2.3.1 omnigibson-3.9.3 open3d-0.20.0 opencv-python-4.11.0.86 packaging-25.0 pandas-2.3.3 parso-0.8.7 pillow-11.0.0 plotly-7.1.0 progressbar-2.5 prompt_toolkit-3.0.53 psutil-7.2.2 pure-eval-0.2.4 pyarrow-25.0.1 pyasn1-0.6.4 pyasn1-modules-0.4.2 pymeshlab-2022.2.post4 pyyaml-include-1.4.1 retrying-1.4.2 safetensors-0.8.0 setuptools-80.10.2 smmap-5.0.3 stack_data-0.6.3 torchcodec-0.11.1 transforms3d-0.4.2 typing-inspect-0.9.0 tzdata-2026.4 wcwidth-0.9.1 websockets-17.1 werkzeug-3.1.9 widgetsnbextension-4.0.16 xxhash-4.0.1 zipp-4.1.0
pip exit 0
torch 2.7.0+cu128 True
Traceback (most recent call last):
  File "<string>", line 1, in <module>
  File "C:\behavior-2026\BEHAVIOR-1K\OmniGibson\omnigibson\__init__.py", line 8, in <module>
    from omnigibson.controllers import REGISTERED_CONTROLLERS
  File "C:\behavior-2026\BEHAVIOR-1K\OmniGibson\omnigibson\controllers\__init__.py", line 3, in <module>
    from omnigibson.controllers.controller_base import (
  File "C:\behavior-2026\BEHAVIOR-1K\OmniGibson\omnigibson\controllers\controller_base.py", line 10, in <module>
    from omnigibson.utils.usd_utils import ControllableObjectViewAPI
  File "C:\behavior-2026\BEHAVIOR-1K\OmniGibson\omnigibson\utils\usd_utils.py", line 10, in <module>
    import warp as wp
ModuleNotFoundError: No module named 'warp'
=== FIX DONE ===
=== warp-lang 17:20:34 ===
Collecting warp-lang==1.12.0
  Downloading warp_lang-1.12.0-py3-none-win_amd64.whl.metadata (22 kB)
Requirement already satisfied: numpy in .\anaconda3\envs\behavior\Lib\site-packages (from warp-lang==1.12.0) (1.26.0)
Downloading warp_lang-1.12.0-py3-none-win_amd64.whl (119.8 MB)
   ---------------------------------------- 119.8/119.8 MB 15.3 MB/s  0:00:07
Installing collected packages: warp-lang
Successfully installed warp-lang-1.12.0
torch 2.7.0+cu128 True
omnigibson import OK
