INFO:root:Using robot: b1k/R1Pro, prompt: Turn on the radio receiver that's on the table in the living room.
INFO:root:Using norm stats for repo: turning_on_radio
INFO:root:Loading model...
INFO:2026-09-29 18:09:21,219:jax._src.xla_bridge:925: Unable to initialize backend 'rocm': module 'jaxlib.xla_extension' has no attribute 'GpuAllocatorConfig'
INFO:jax._src.xla_bridge:Unable to initialize backend 'rocm': module 'jaxlib.xla_extension' has no attribute 'GpuAllocatorConfig'
INFO:2026-09-29 18:09:21,227:jax._src.xla_bridge:925: Unable to initialize backend 'tpu': INTERNAL: Failed to open libtpu.so: libtpu.so: cannot open shared object file: No such file or directory
INFO:jax._src.xla_bridge:Unable to initialize backend 'tpu': INTERNAL: Failed to open libtpu.so: libtpu.so: cannot open shared object file: No such file or directory
INFO:absl:orbax-checkpoint version: 0.11.13
INFO:absl:Created BasePyTreeCheckpointHandler: use_ocdbt=True, use_zarr3=False, pytree_metadata_options=PyTreeMetadataOptions(support_rich_types=False), array_metadata_store=<orbax.checkpoint._src.metadata.array_metadata_store.Store object at 0x73551fbd7a50>
INFO:absl:Restoring checkpoint from /home/juyoung/checkpoints/pi05_turning_on_radio/pi05_turn_on_the_radio/params.
INFO:absl:[thread=MainThread] Failed to get flag value for EXPERIMENTAL_ORBAX_USE_DISTRIBUTED_PROCESS_ID.
INFO:absl:[process=0] /jax/checkpoint/read/bytes_per_sec: 696.3 MiB/s (total bytes: 6.2 GiB) (time elapsed: 9 seconds) (per-host)
INFO:absl:Finished restoring checkpoint in 9.19 seconds from /home/juyoung/checkpoints/pi05_turning_on_radio/pi05_turn_on_the_radio/params.
INFO:openpi.shared.download:Downloading gs://big_vision/paligemma_tokenizer.model to /home/juyoung/.cache/openpi/big_vision/paligemma_tokenizer.model
INFO:tqdm_loggable.tqdm_logging:Progress on: -/4264023 rate:- remaining:? elapsed:00:00 postfix:-
INFO:tqdm_loggable.tqdm_logging:Progress on: 4.07MiB/4.07MiB rate:4,258,531.2iB/s remaining:00:00 elapsed:00:01 postfix:-
INFO:root:Norm stats not found in /home/juyoung/openpi/outputs/assets/pi05_b1k/turning_on_radio, skipping.
INFO:root:Loaded norm stats from /home/juyoung/checkpoints/pi05_turning_on_radio/pi05_turn_on_the_radio/assets/turning_on_radio
INFO:root:Creating server (host: juyoung, ip: 127.0.1.1)
INFO:openpi.serving.websocket_b1k_server:Starting websocket server on 0.0.0.0:8000...
INFO:websockets.server:server listening on 0.0.0.0:8000
ERROR:websockets.server:opening handshake failed
Traceback (most recent call last):
  File "/home/juyoung/openpi/.venv/lib/python3.11/site-packages/websockets/http11.py", line 138, in parse
    request_line = yield from parse_line(read_line)
                   ^^^^^^^^^^^^^^^^^^^^^^^^^^^^^^^^
  File "/home/juyoung/openpi/.venv/lib/python3.11/site-packages/websockets/http11.py", line 309, in parse_line
    line = yield from read_line(MAX_LINE_LENGTH)
           ^^^^^^^^^^^^^^^^^^^^^^^^^^^^^^^^^^^^^
  File "/home/juyoung/openpi/.venv/lib/python3.11/site-packages/websockets/streams.py", line 46, in read_line
    raise EOFError(f"stream ends after {p} bytes, before end of line")
EOFError: stream ends after 0 bytes, before end of line

The above exception was the direct cause of the following exception:

Traceback (most recent call last):
  File "/home/juyoung/openpi/.venv/lib/python3.11/site-packages/websockets/server.py", line 545, in parse
    request = yield from Request.parse(
              ^^^^^^^^^^^^^^^^^^^^^^^^^
  File "/home/juyoung/openpi/.venv/lib/python3.11/site-packages/websockets/http11.py", line 140, in parse
    raise EOFError("connection closed while reading HTTP request line") from exc
EOFError: connection closed while reading HTTP request line

The above exception was the direct cause of the following exception:

Traceback (most recent call last):
  File "/home/juyoung/openpi/.venv/lib/python3.11/site-packages/websockets/asyncio/server.py", line 356, in conn_handler
    await connection.handshake(
  File "/home/juyoung/openpi/.venv/lib/python3.11/site-packages/websockets/asyncio/server.py", line 207, in handshake
    raise self.protocol.handshake_exc
websockets.exceptions.InvalidMessage: did not receive a valid HTTP request
INFO:websockets.server:connection rejected (200 OK)
INFO:websockets.server:connection open
INFO:openpi.serving.websocket_b1k_server:Connection from ('127.0.0.1', 55792) opened
ERROR:openpi.serving.websocket_b1k_server:Error in connection from ('127.0.0.1', 55792):
Traceback (most recent call last):
  File "/home/juyoung/openpi/src/openpi/serving/websocket_b1k_server.py", line 73, in _handler
    action = self._policy.act(obs)
             ^^^^^^^^^^^^^^^^^^^^^
  File "/home/juyoung/openpi/src/openpi/shared/eval_b1k_wrapper.py", line 361, in act
    return self.act_receding_horizon(input_obs)
           ^^^^^^^^^^^^^^^^^^^^^^^^^^^^^^^^^^^^
  File "/home/juyoung/openpi/src/openpi/shared/eval_b1k_wrapper.py", line 123, in act_receding_horizon
    batched = input_obs[f"{self.robot.name}::proprio"].ndim != 1
              ~~~~~~~~~^^^^^^^^^^^^^^^^^^^^^^^^^^^^^^^
KeyError: 'robot::proprio'

ERROR:websockets.server:connection handler failed
Traceback (most recent call last):
  File "/home/juyoung/openpi/.venv/lib/python3.11/site-packages/websockets/asyncio/server.py", line 376, in conn_handler
    await self.handler(connection)
  File "/home/juyoung/openpi/src/openpi/serving/websocket_b1k_server.py", line 73, in _handler
    action = self._policy.act(obs)
             ^^^^^^^^^^^^^^^^^^^^^
  File "/home/juyoung/openpi/src/openpi/shared/eval_b1k_wrapper.py", line 361, in act
    return self.act_receding_horizon(input_obs)
           ^^^^^^^^^^^^^^^^^^^^^^^^^^^^^^^^^^^^
  File "/home/juyoung/openpi/src/openpi/shared/eval_b1k_wrapper.py", line 123, in act_receding_horizon
    batched = input_obs[f"{self.robot.name}::proprio"].ndim != 1
              ~~~~~~~~~^^^^^^^^^^^^^^^^^^^^^^^^^^^^^^^
KeyError: 'robot::proprio'
INFO:websockets.server:connection rejected (200 OK)
INFO:websockets.server:connection open
INFO:openpi.serving.websocket_b1k_server:Connection from ('127.0.0.1', 39092) opened
INFO:openpi.serving.websocket_b1k_server:Connection from ('127.0.0.1', 39092) closed
ERROR:websockets.server:opening handshake failed
Traceback (most recent call last):
  File "/home/juyoung/openpi/.venv/lib/python3.11/site-packages/websockets/http11.py", line 138, in parse
    request_line = yield from parse_line(read_line)
                   ^^^^^^^^^^^^^^^^^^^^^^^^^^^^^^^^
  File "/home/juyoung/openpi/.venv/lib/python3.11/site-packages/websockets/http11.py", line 309, in parse_line
    line = yield from read_line(MAX_LINE_LENGTH)
           ^^^^^^^^^^^^^^^^^^^^^^^^^^^^^^^^^^^^^
  File "/home/juyoung/openpi/.venv/lib/python3.11/site-packages/websockets/streams.py", line 46, in read_line
    raise EOFError(f"stream ends after {p} bytes, before end of line")
EOFError: stream ends after 0 bytes, before end of line

The above exception was the direct cause of the following exception:

Traceback (most recent call last):
  File "/home/juyoung/openpi/.venv/lib/python3.11/site-packages/websockets/server.py", line 545, in parse
    request = yield from Request.parse(
              ^^^^^^^^^^^^^^^^^^^^^^^^^
  File "/home/juyoung/openpi/.venv/lib/python3.11/site-packages/websockets/http11.py", line 140, in parse
    raise EOFError("connection closed while reading HTTP request line") from exc
EOFError: connection closed while reading HTTP request line

The above exception was the direct cause of the following exception:

Traceback (most recent call last):
  File "/home/juyoung/openpi/.venv/lib/python3.11/site-packages/websockets/asyncio/server.py", line 356, in conn_handler
    await connection.handshake(
  File "/home/juyoung/openpi/.venv/lib/python3.11/site-packages/websockets/asyncio/server.py", line 207, in handshake
    raise self.protocol.handshake_exc
websockets.exceptions.InvalidMessage: did not receive a valid HTTP request
INFO:websockets.server:connection rejected (200 OK)
INFO:websockets.server:connection open
INFO:openpi.serving.websocket_b1k_server:Connection from ('127.0.0.1', 58856) opened
INFO:openpi.serving.websocket_b1k_server:Connection from ('127.0.0.1', 58856) closed
