2026-09-29 22:07:51.725420: E external/xla/xla/service/slow_operation_alarm.cc:73] Trying algorithm [probe] 0/1120 32388 ms
[probe] 100/1120 123 ms
[probe] 200/1120 114 ms
[probe] 300/1120 114 ms
[probe] 400/1120 118 ms
[probe] 500/1120 114 ms
[probe] 600/1120 115 ms
[probe] 700/1120 114 ms
[probe] 800/1120 115 ms
[probe] 900/1120 115 ms
[probe] 1000/1120 116 ms
[probe] 1100/1120 114 ms
[probe] {"policy_config": "pi05_b1k-pt50_cs32_bs64_lr2.5e-5_step50k", "policy_dir": "/home/juyoung/checkpoints/openpi_comet/pi05-b1kpt50-cs32", "rows": 1120, "samples": 160, "horizon": 32, "load_s": 36.8, "infer_first_s": 32.39, "infer_ms_median": 114.2, "infer_ms_p90": 116.6, "jax_bytes_in_use_gib": 6.43, "jax_peak_bytes_gib": 6.61}
결과: logs/probe_pt50_20260929_220652.md
liest_schedule":false} is taking a while...
2026-09-29 22:07:54.234004: E external/xla/xla/service/slow_operation_alarm.cc:140] The operation took 3.508704844s
Trying algorithm eng11{k2=4,k3=0} for conv %cudnn-conv-bias-activation.9 = (f32[1,16,16,1152]{3,2,1,0}, u8[0]{0}) custom-call(%bitcast.10205, %bitcast.10442, %bitcast.10444), window={size=14x14 stride=14x14}, dim_labels=b01f_o01i->b01f, custom_call_target="__cudnn$convBiasActivationForward", metadata={op_name="jit(fun)/jit(main)/_Module/embedding/conv_general_dilated" source_file="/home/juyoung/openpi-comet/.venv/lib/python3.11/site-packages/flax/linen/linear.py" source_line=658}, backend_config={"operation_queue_id":"0","wait_on_operation_queues":[],"cudnn_conv_backend_config":{"conv_result_scale":1,"activation_mode":"kNone","side_input_scale":0,"leakyrelu_alpha":0},"force_earliest_schedule":false} is taking a while...
2026-09-29 22:07:55.234297: E external/xla/xla/service/slow_operation_alarm.cc:73] Trying algorithm eng35{k2=4,k3=0} for conv %cudnn-conv-bias-activation.9 = (f32[1,16,16,1152]{3,2,1,0}, u8[0]{0}) custom-call(%bitcast.10205, %bitcast.10442, %bitcast.10444), window={size=14x14 stride=14x14}, dim_labels=b01f_o01i->b01f, custom_call_target="__cudnn$convBiasActivationForward", metadata={op_name="jit(fun)/jit(main)/_Module/embedding/conv_general_dilated" source_file="/home/juyoung/openpi-comet/.venv/lib/python3.11/site-packages/flax/linen/linear.py" source_line=658}, backend_config={"operation_queue_id":"0","wait_on_operation_queues":[],"cudnn_conv_backend_config":{"conv_result_scale":1,"activation_mode":"kNone","side_input_scale":0,"leakyrelu_alpha":0},"force_earliest_schedule":false} is taking a while...
2026-09-29 22:08:03.760078: E external/xla/xla/service/slow_operation_alarm.cc:140] The operation took 9.525935082s
Trying algorithm eng35{k2=4,k3=0} for conv %cudnn-conv-bias-activation.9 = (f32[1,16,16,1152]{3,2,1,0}, u8[0]{0}) custom-call(%bitcast.10205, %bitcast.10442, %bitcast.10444), window={size=14x14 stride=14x14}, dim_labels=b01f_o01i->b01f, custom_call_target="__cudnn$convBiasActivationForward", metadata={op_name="jit(fun)/jit(main)/_Module/embedding/conv_general_dilated" source_file="/home/juyoung/openpi-comet/.venv/lib/python3.11/site-packages/flax/linen/linear.py" source_line=658}, backend_config={"operation_queue_id":"0","wait_on_operation_queues":[],"cudnn_conv_backend_config":{"conv_result_scale":1,"activation_mode":"kNone","side_input_scale":0,"leakyrelu_alpha":0},"force_earliest_schedule":false} is taking a while...
2026-09-29 22:08:04.831142: E external/xla/xla/service/slow_operation_alarm.cc:73] Trying algorithm eng0{} for conv %cudnn-conv-bias-activation.9 = (f32[1,16,16,1152]{3,2,1,0}, u8[0]{0}) custom-call(%bitcast.10205, %bitcast.10442, %bitcast.10444), window={size=14x14 stride=14x14}, dim_labels=b01f_o01i->b01f, custom_call_target="__cudnn$convBiasActivationForward", metadata={op_name="jit(fun)/jit(main)/_Module/embedding/conv_general_dilated" source_file="/home/juyoung/openpi-comet/.venv/lib/python3.11/site-packages/flax/linen/linear.py" source_line=658}, backend_config={"operation_queue_id":"0","wait_on_operation_queues":[],"cudnn_conv_backend_config":{"conv_result_scale":1,"activation_mode":"kNone","side_input_scale":0,"leakyrelu_alpha":0},"force_earliest_schedule":false} is taking a while...
2026-09-29 22:08:08.158400: E external/xla/xla/service/slow_operation_alarm.cc:140] The operation took 4.327398355s
Trying algorithm eng0{} for conv %cudnn-conv-bias-activation.9 = (f32[1,16,16,1152]{3,2,1,0}, u8[0]{0}) custom-call(%bitcast.10205, %bitcast.10442, %bitcast.10444), window={size=14x14 stride=14x14}, dim_labels=b01f_o01i->b01f, custom_call_target="__cudnn$convBiasActivationForward", metadata={op_name="jit(fun)/jit(main)/_Module/embedding/conv_general_dilated" source_file="/home/juyoung/openpi-comet/.venv/lib/python3.11/site-packages/flax/linen/linear.py" source_line=658}, backend_config={"operation_queue_id":"0","wait_on_operation_queues":[],"cudnn_conv_backend_config":{"conv_result_scale":1,"activation_mode":"kNone","side_input_scale":0,"leakyrelu_alpha":0},"force_earliest_schedule":false} is taking a while...
