1100 MiB, 16303 MiB
== 합성
합성 장면: 인스턴스 2000, 기하 3, 삼각형 1166, BLAS 노드 364, 조명 4 | 판 64, 해상도 720,480,480, spp 1, 튕김 1
층 2: 판 64 × 카메라 3 = 277.410 ms (TLAS 짓기 0.261 ms) -> 판·프레임 231/초, 광선(1차) 0.23 G/초
  판 0 카메라 0: 맞은 픽셀 64.2%, 평균 밝기 58.9/255
층 1 = 층 2 (판 4 개): depth 3916800 개 중 비트 다름 0, RGB 11750400 개 중 다름 2 | 첫 다름 판 0 카메라 0 픽셀 348344 | 층 1 CPU 0.51 s (판 4 × 3 카메라, 32 스레드)
  trace b0 t       층1 5.70049334 (40b66a71)  층2 5.70049334 (40b66a71) 
  trace b0 inst    층1 597 (44154000)  층2 597 (44154000) 
  trace b0 tri     층1 758 (443d8000)  층2 758 (443d8000) 
  trace b1 t       층1 0.324243575 (3ea60341)  층2 0.324243575 (3ea60341) 
  trace b1 inst    층1 1294 (44a1c000)  층2 1294 (44a1c000) 
  trace b1 tri     층1 11 (41300000)  층2 11 (41300000) 
  trace b1 alb.r   층1 0.0890839323 (3db671a3)  층2 0.0890839249 (3db671a2) <- 다름
  trace b1 acc.r   층1 0.0372911617 (3d18be9e)  층2 0.037291158 (3d18be9d) <- 다름
  trace b2 t       층1 0 (00000000)  층2 0 (00000000) 
  trace b2 inst    층1 0 (00000000)  층2 0 (00000000) 
  trace b2 tri     층1 0 (00000000)  층2 0 (00000000) 
  trace b1 tx.lin0 층1 0.351532668 (3eb3fc17)  층2 0.351532638 (3eb3fc16) <- 다름
== 합성 (AO 0.5 m, ACES 맞춤, spp 2, 튕김 2)
합성 장면: 인스턴스 2000, 기하 3, 삼각형 1166, BLAS 노드 364, 조명 4 | 판 16, 해상도 720,480,480, spp 2, 튕김 2
층 2: 판 16 × 카메라 3 = 271.508 ms (TLAS 짓기 0.203 ms) -> 판·프레임 59/초, 광선(1차) 0.06 G/초
  판 0 카메라 0: 맞은 픽셀 64.2%, 평균 밝기 48.1/255
층 1 = 층 2 (판 2 개): depth 1958400 개 중 비트 다름 0, RGB 5875200 개 중 다름 1 | 첫 다름 판 0 카메라 1 픽셀 91397 | 층 1 CPU 0.65 s (판 2 × 3 카메라, 32 스레드)
  trace b0 t       층1 3.08225679 (404543b2)  층2 3.08225679 (404543b2) 
  trace b0 inst    층1 1622 (44cac000)  층2 1622 (44cac000) 
  trace b0 tri     층1 3 (40400000)  층2 3 (40400000) 
  trace b1 t       층1 0 (00000000)  층2 0 (00000000) 
  trace b1 inst    층1 0 (00000000)  층2 0 (00000000) 
  trace b1 tri     층1 0 (00000000)  층2 0 (00000000) 
  trace b2 t       층1 0 (00000000)  층2 0 (00000000) 
  trace b2 inst    층1 0 (00000000)  층2 0 (00000000) 
  trace b2 tri     층1 0 (00000000)  층2 0 (00000000) 
== 합성 (인스턴스 6000, 224², 판 512)
합성 장면: 인스턴스 6000, 기하 3, 삼각형 1166, BLAS 노드 364, 조명 4 | 판 512, 해상도 224,224,224, spp 1, 튕김 1
층 2: 판 512 × 카메라 3 = 369.542 ms (TLAS 짓기 6.148 ms) -> 판·프레임 1385/초, 광선(1차) 0.21 G/초
  판 0 카메라 0: 맞은 픽셀 65.0%, 평균 밝기 63.1/255
층 1 = 층 2 (판 2 개): depth 301056 개 중 비트 다름 0, RGB 903168 개 중 다름 0 | 첫 다름 판 -1 카메라 -1 픽셀 -1 | 층 1 CPU 0.09 s (판 2 × 3 카메라, 32 스레드)
== 장면 (원 해상도)
== 층 2 (판 32) ==
GPU 메모리: 정적 장면 988 MiB, 출력 209 MiB, 남음 13797 MiB / 16303 MiB
처리량: 판 32 × 카메라 3 (720x720, 480x480, 480x480) = 678.41 ms (TLAS 0.286 ms) -> 판·프레임 47/초, 1차 광선 0.05 G/초
층 1 = 층 2 (판 3 개 × 카메라 3): depth 2937600 개 중 비트 다름 0, RGB 8812800 개 중 다름 7 | 첫 다름 판 0 카메라 0 픽셀 109718
카메라 head        붙은 기준 prim 348 (프레임 사이 rel 최대 흔들림 1.48e-07), rel 로 만든 카메라와 뜬 카메라 행렬 최대 차 1.19e-07
카메라 left_wrist  붙은 기준 prim 335 (프레임 사이 rel 최대 흔들림 1.96e-07), rel 로 만든 카메라와 뜬 카메라 행렬 최대 차 5.96e-08
카메라 right_wrist 붙은 기준 prim 347 (프레임 사이 rel 최대 흔들림 1.63e-07), rel 로 만든 카메라와 뜬 카메라 행렬 최대 차 5.96e-08
RenderBatch(링크에 붙은 카메라): 판 32 × 카메라 3 = 678.33 ms/프레임 (판·프레임 47/초) | 층 1 과 비교 11750400 개 중 다름 7
== 장면 (224)
== 층 2 (판 256) ==
GPU 메모리: 정적 장면 988 MiB, 출력 257 MiB, 남음 13717 MiB / 16303 MiB
처리량: 판 256 × 카메라 3 (224x224, 224x224, 224x224) = 933.25 ms (TLAS 0.204 ms) -> 판·프레임 274/초, 1차 광선 0.04 G/초
층 1 = 층 2 (판 3 개 × 카메라 3): depth 451584 개 중 비트 다름 0, RGB 1354752 개 중 다름 0 | 첫 다름 판 -1 카메라 -1 픽셀 -1
카메라 head        붙은 기준 prim 348 (프레임 사이 rel 최대 흔들림 1.48e-07), rel 로 만든 카메라와 뜬 카메라 행렬 최대 차 1.19e-07
카메라 left_wrist  붙은 기준 prim 335 (프레임 사이 rel 최대 흔들림 1.96e-07), rel 로 만든 카메라와 뜬 카메라 행렬 최대 차 5.96e-08
카메라 right_wrist 붙은 기준 prim 347 (프레임 사이 rel 최대 흔들림 1.63e-07), rel 로 만든 카메라와 뜬 카메라 행렬 최대 차 5.96e-08
RenderBatch(링크에 붙은 카메라): 판 256 × 카메라 3 = 933.79 ms/프레임 (판·프레임 274/초) | 층 1 과 비교 1806336 개 중 다름 0
[gpu_session] 잠금 풀림
