**********************
Windows PowerShell 기록 시작
시작 시간: 20260929161915
사용자 이름: JUYOUNG\user one
RunAs 사용자: JUYOUNG\user one
구성 이름: 
Machine: JUYOUNG (Microsoft Windows NT 10.0.26200.0)
호스트 응용 프로그램: C:\WINDOWS\System32\WindowsPowerShell\v1.0\powershell.exe -NoExit -ExecutionPolicy Bypass -Command $host.UI.RawUI.WindowTitle='BEHAVIOR setup'; Set-Location C:\behavior-2026\BEHAVIOR-1K; Start-Transcript -Path 'C:\behavior-2026\logs\setup_20260929_1619.log'; .\setup.ps1 -NewEnv -OmniGibson -BDDL -JoyLo -Eval -AcceptCondaTos -AcceptNvidiaEula; Write-Host '=== SETUP EXIT ===' $LASTEXITCODE; Stop-Transcript
프로세스 ID: 60924
PSVersion: 5.1.26100.9444
PSEdition: Desktop
PSCompatibleVersions: 1.0, 2.0, 3.0, 4.0, 5.0, 5.1.26100.9444
BuildVersion: 10.0.26100.9444
CLRVersion: 4.0.30319.42000
WSManStackVersion: 3.0
PSRemotingProtocolVersion: 2.3
SerializationVersion: 1.1.0.1
**********************
기록이 시작되었습니다. 출력 파일은 C:\behavior-2026\logs\setup_20260929_1619.log입니다.

=== TERMS OF SERVICE AND LICENSING AGREEMENTS ===

Creating conda environment 'behavior'...
Conda TOS auto-acceptance enabled
# To deactivate an active environment, use
#
#     $ conda deactivate
Installing PyTorch with CUDA 12.8 support...
Installing numpy...
Unable to create process using 'C:\Users\user one\anaconda3\envs\behavior\python.exe "C:\Users\user one\anaconda3\envs\b
ehavior\Scripts\pip-script.py" install numpy<2'
Unable to create process using 'C:\Users\user one\anaconda3\envs\behavior\python.exe "C:\Users\user one\anaconda3\envs\b
ehavior\Scripts\pip-script.py" install torch==2.7.0 torchvision==0.22.0 torchaudio==2.7.0 --index-url https://download.p
ytorch.org/whl/cu128'
PyTorch installation completed
Installing BDDL...
Unable to create process using 'C:\Users\user one\anaconda3\envs\behavior\python.exe "C:\Users\user one\anaconda3\envs\b
ehavior\Scripts\pip-script.py" install -e C:\behavior-2026\BEHAVIOR-1K\bddl3'
Installing OmniGibson...
Unable to create process using 'C:\Users\user one\anaconda3\envs\behavior\python.exe "C:\Users\user one\anaconda3\envs\b
ehavior\Scripts\pip-script.py" install -e C:\behavior-2026\BEHAVIOR-1K\OmniGibson[eval]'
PS>종료 오류(python.exe): "기본 설정 변수 "ErrorActionPreference" 또는 일반 매개 변수가 Stop으로 설정되어 있으므로 실행 중인 명령이 중지되었습니다. Traceback (most recent call last):"
Installing Isaac Sim via pip...
Downloading omniverse_kit-107.3.1.206797...
Downloading isaacsim_kernel-5.1.0.0...
Downloading isaacsim_app-5.1.0.0...
Downloading isaacsim_core-5.1.0.0...
Downloading isaacsim_gui-5.1.0.0...
Downloading isaacsim_utils-5.1.0.0...
Downloading isaacsim_storage-5.1.0.0...
Downloading isaacsim_asset-5.1.0.0...
Downloading isaacsim_sensor-5.1.0.0...
Downloading isaacsim_robot_motion-5.1.0.0...
Downloading isaacsim_robot-5.1.0.0...
Downloading isaacsim_benchmark-5.1.0.0...
Downloading isaacsim_code_editor-5.1.0.0...
Downloading isaacsim_ros1-5.1.0.0...
Downloading isaacsim_cortex-5.1.0.0...
Downloading isaacsim_example-5.1.0.0...
Downloading isaacsim_replicator-5.1.0.0...
Downloading isaacsim_rl-5.1.0.0...
Downloading isaacsim_robot_setup-5.1.0.0...
Downloading isaacsim_ros2-5.1.0.0...
Downloading isaacsim_template-5.1.0.0...
Downloading isaacsim_test-5.1.0.0...
Downloading isaacsim-5.1.0.0...
Downloading isaacsim_extscache_physics-5.1.0.0...
Downloading isaacsim_extscache_kit-5.1.0.0...
Downloading isaacsim_extscache_kit_sdk-5.1.0.0...
Installing Isaac Sim packages...

PS>종료 오류(python.exe): "기본 설정 변수 "ErrorActionPreference" 또는 일반 매개 변수가 Stop으로 설정되어 있으므로 실행 중인 명령이 중지되었습니다. Traceback (most recent call last):"
>> 종료 오류(setup.ps1): "기본 설정 변수 "ErrorActionPreference" 또는 일반 매개 변수가 Stop으로 설정되어 있으므로 실행 중인 명령이 중지되었습니다. ERROR: Isaac Sim installation verification failed"
PS>종료 오류(setup.ps1): "기본 설정 변수 "ErrorActionPreference" 또는 일반 매개 변수가 Stop으로 설정되어 있으므로 실행 중인 명령이 중지되었습니다. ERROR: Isaac Sim installation verification failed"
>> 종료 오류(setup.ps1): "기본 설정 변수 "ErrorActionPreference" 또는 일반 매개 변수가 Stop으로 설정되어 있으므로 실행 중인 명령이 중지되었습니다. ERROR: Isaac Sim installation verification failed"
기본 설정 변수 "ErrorActionPreference" 또는 일반 매개 변수가 Stop으로 설정되어 있으므로 실행 중인 명령이 중지되었습니다. ERROR: Isaac Sim installation verification failed
C:\behavior-2026\BEHAVIOR-1K\setup.ps1 : ERROR: Isaac Sim installation verification failed
위치 줄:1 문자:161
+ ... _1619.log'; .\setup.ps1 -NewEnv -OmniGibson -BDDL -JoyLo -Eval -Accep ...
+                 ~~~~~~~~~~~~~~~~~~~~~~~~~~~~~~~~~~~~~~~~~~~~~~~~~~~~~~~~~
    + CategoryInfo          : NotSpecified: (:) [Write-Error], WriteErrorException
    + FullyQualifiedErrorId : Microsoft.PowerShell.Commands.WriteErrorException,setup.ps1

PS C:\behavior-2026\BEHAVIOR-1K>
