[0m[00:00:05.325] [INFO] [omnigibson.eval.eval] Seeded Python, NumPy, and Torch with seed=0[0m
[0m[00:00:05.325] [INFO] [omnigibson.eval.eval] Resolved public_test instance ids for turning_on_radio: [301][0m
[0m[00:00:05.330] [INFO] [omnigibson.eval.eval] Loaded robot config from /home/juyoung/behavior-2026/src/configs/r1pro_openpi.yaml[0m
[0m[00:00:05.417] [INFO] [omnigibson.eval.evaluator] Setting timeout to be 150 steps through config.[0m
[0m[00:00:05.417] [INFO] [omnigibson.simulator] ----- Starting OmniGibson. This will take 10-30 seconds... -----[0m
DEBUG:asyncio:Using selector: EpollSelector
[Info] [carb] Logging to file: /home/juyoung/robot-agent/src/behavior-2026/BEHAVIOR-1K/OmniGibson/appdata/local/logs/Kit/OmniGibson/3.9/kit_20261003_012328.log
[0.053s] [ext: omni.kit.async_engine-0.0.3] startup
[0.107s] [ext: omni.metrics.core-0.0.3] startup
[0.108s] [ext: omni.client.lib-1.1.0] startup
[0.148s] [ext: omni.blobkey-1.1.2] startup
[0.149s] [ext: omni.stats-1.0.1] startup
[0.151s] [ext: omni.datastore-0.0.0] startup
[0.171s] [ext: omni.client-1.3.0] startup
[0.185s] [ext: omni.ujitso.default-1.0.0] startup
[0.188s] [ext: omni.hsscclient-1.1.2] startup
[0.194s] [ext: omni.gpu_foundation.shadercache.vulkan-1.0.0] startup
[0.196s] [ext: omni.assets.plugins-0.0.0] startup
[0.201s] [ext: omni.gpu_foundation-0.0.0] startup
[0.247s] [ext: carb.windowing.plugins-1.0.0] startup
[0.254s] [ext: omni.kit.renderer.init-0.0.0] startup
2026-10-02T16:23:29Z [533ms] [Warning] [gpu.foundation.plugin] Skipping unsupported non-NVIDIA GPU: AMD Unknown (RADV RAPHAEL_MENDOCINO)
2026-10-02T16:23:29Z [533ms] [Warning] [gpu.foundation.plugin] Skipping unsupported non-NVIDIA GPU: AMD Unknown (RADV RAPHAEL_MENDOCINO)

|---------------------------------------------------------------------------------------------|
| Driver Version: 595.91.07     | Graphics API: Vulkan
|=============================================================================================|
| GPU | Name                             | Active | LDA | GPU Memory | Vendor-ID | LUID       |
|     |                                  |        |     |            | Device-ID | UUID       |
|     |                                  |        |     |            | Bus-ID    |            |
|---------------------------------------------------------------------------------------------|
| 0   | NVIDIA GeForce RTX 5070 Ti       | Yes: 0 |     | 16303   MB | 10de      | 0          |
|     |                                  |        |     |            | 2c05      | a9dc7904.. |
|     |                                  |        |     |            | 1         |            |
|---------------------------------------------------------------------------------------------|
| 1   | AMD Unknown (RADV RAPHAEL_MEND.. |        |     | 22008   MB | 1002      | 0          |
|     |                                  |        |     |            | 13c0      | 00000000.. |
|     |                                  |        |     |            | c         |            |
|=============================================================================================|
| OS: 22.04.5 LTS (Jammy Jellyfish) ubuntu, Version: 22.04.5, Kernel: 6.8.0-138-generic
| XServer Vendor: The X.Org Foundation, XServer Version: 12101004 (1.21.1.4)
| Processor: AMD Ryzen 9 9950X 16-Core Processor
| Cores: 16 | Logical Cores: 32
|---------------------------------------------------------------------------------------------|
| Total Memory (MB): 61928 | Free Memory: 54925
| Total Page/Swap (MB): 0 | Free Page/Swap: 0
|---------------------------------------------------------------------------------------------|
2026-10-02T16:23:29Z [837ms] [Warning] [gpu.foundation.plugin] CPU performance profile is set to powersave. This profile sets the CPU to the lowest frequency reducing performance.
2026-10-02T16:23:29Z [839ms] [Warning] [gpu.foundation.plugin] IOMMU is enabled.
2026-10-02T16:23:29Z [839ms] [Warning] [gpu.foundation.plugin] Detected IOMMU is enabled. Running CUDA peer-to-peer bandwidth and latency validation.
Unidirectional P2P=Enabled Bandwidth (P2P Writes) Matrix (GB/s)
   D\D     0 
     0 770.46 
P2P=Enabled Latency (P2P Writes) Matrix (us)
   GPU     0 
     0   0.80 

   CPU     0 
     0   1.64 
[1.238s] [ext: omni.materialx.libs-1.0.7] startup
[1.251s] [ext: omni.kit.loop-isaac-1.3.7] startup
[1.253s] [ext: omni.kit.test-2.0.1] startup
[1.275s] [ext: omni.usd.config-1.0.6] startup
[1.277s] [ext: omni.gpucompute.plugins-0.0.0] startup
[1.278s] [ext: omni.usd.libs-1.0.1] startup
[1.508s] [ext: omni.kit.telemetry-0.5.2] startup
[1.615s] [ext: omni.mdl-56.0.3] startup
[1.638s] [ext: omni.iray.libs-0.0.0] startup
[1.697s] [ext: omni.mdl.neuraylib-0.2.12] startup
[1.701s] [ext: omni.kit.usd.mdl-1.1.5] startup
[1.850s] [ext: omni.kit.pipapi-0.0.0] startup
[1.851s] [ext: omni.appwindow-1.1.10] startup
[1.854s] [ext: omni.kit.renderer.core-1.1.0] startup
[2.896s] [ext: omni.kit.renderer.capture-0.0.0] startup
[2.900s] [ext: omni.kit.renderer.imgui-2.0.5] startup
[3.218s] [ext: omni.ui-2.27.1] startup
[3.236s] [ext: omni.kit.mainwindow-1.0.3] startup
[3.237s] [ext: carb.audio-0.1.0] startup
[3.246s] [ext: omni.uiaudio-1.0.0] startup
[3.247s] [ext: omni.kit.uiapp-0.0.0] startup
[3.247s] [ext: omni.usd.schema.metrics.assembler-107.3.1] startup
[3.250s] [ext: omni.usd.schema.audio-0.0.0] startup
[3.254s] [ext: omni.usd_resolver-1.0.0] startup
[3.260s] [ext: omni.usd.core-1.5.3] startup
[3.266s] [ext: omni.usd.schema.omni_lens_distortion-0.0.0] startup
[3.285s] [ext: omni.usd.schema.anim-0.0.0] startup
[3.312s] [ext: omni.usd.schema.geospatial-0.0.0] startup
[3.316s] [ext: omni.usd.schema.semantics-0.0.0] startup
[3.319s] [ext: omni.kit.actions.core-1.0.0] startup
[3.323s] [ext: omni.activity.core-1.0.3] startup
[3.325s] [ext: omni.kit.commands-1.4.10] startup
[3.330s] [ext: usdrt.scenegraph-7.6.1] startup
[3.388s] [ext: omni.resourcemonitor-107.0.1] startup
[3.390s] [ext: omni.kit.audiodeviceenum-1.0.2] startup
[3.393s] [ext: omni.hydra.usdrt_delegate-7.5.1] startup
[3.405s] [ext: omni.kit.usd_undo-0.1.8] startup
[3.406s] [ext: omni.kit.window.popup_dialog-2.0.24] startup
[3.410s] [ext: omni.graph.exec-0.9.6] startup
[3.411s] [ext: omni.timeline-1.0.14] startup
[3.413s] [ext: omni.kit.widget.nucleus_connector-2.0.1] startup
[3.415s] [ext: omni.kit.exec.core-0.13.4] startup
[3.417s] [ext: omni.hydra.scene_delegate-0.3.4] startup
[3.425s] [ext: omni.usd-1.13.10] startup
[3.451s] [ext: omni.kit.asset_converter-5.0.17] startup
[3.479s] [ext: omni.usd.schema.isaac-3.0.5] startup
[3.479s] [ext: omni.usd.schema.omnigraph-1.0.0] startup
[3.487s] [ext: isaacsim.robot.schema-3.6.0] startup
[3.497s] [ext: omni.usd.schema.omniscripting-1.0.0] startup
[3.503s] [ext: omni.usd.schema.flow-107.1.1] startup
[3.503s] [ext: omni.usd.schema.omni_sensors-0.0.0] startup
[3.504s] [ext: omni.usd.schema.physx-107.3.26] startup
[3.550s] [ext: omni.inspect-1.0.2] startup
[3.552s] [ext: omni.kit.notification_manager-1.0.10] startup
[3.553s] [ext: omni.graph.core-2.184.5] startup
[3.561s] [ext: isaacsim.core.deprecation_manager-0.2.7] startup
[3.562s] [ext: omni.usd.schema.render_settings.rtx-0.0.0] startup
[3.563s] [ext: omni.anim.graph.schema-107.3.3] startup
[3.571s] [ext: omni.anim.navigation.schema-107.3.3] startup
[3.575s] [ext: omni.kit.widget.path_field-2.0.11] startup
[3.576s] [ext: omni.kit.viewport.legacy_gizmos-1.0.19] startup
[3.579s] [ext: omni.kit.widget.browser_bar-2.0.10] startup
[3.580s] [ext: omni.kit.clipboard-1.0.5] startup
[3.581s] [ext: omni.kit.usd.layers-2.2.11] startup
[3.591s] [ext: omni.ui.scene-1.11.5] startup
[3.599s] [ext: omni.index.libs-380600.8087.0] startup
[3.599s] [ext: omni.kit.viewport.scene_camera_model-1.0.6] startup
[3.605s] [ext: omni.index-1.0.1] startup
[3.606s] [ext: omni.hydra.rtx.shadercache.vulkan-1.0.0] startup
[3.607s] [ext: omni.kit.widget.options_menu-1.1.6] startup
[3.610s] [ext: omni.volume-0.5.2] startup
[3.621s] [ext: omni.ujitso.client-0.0.0] startup
[3.621s] [ext: omni.kit.helper.file_utils-0.1.9] startup
[3.622s] [ext: omni.kit.menu.core-1.1.2] startup
[3.623s] [ext: omni.hydra.rtx-1.0.0] startup
2026-10-02T16:23:32Z [3,674ms] [Warning] [omni.log] Source: omni.hydra was already registered.
[3.751s] [ext: omni.kit.widget.options_button-1.0.3] startup
[3.752s] [ext: omni.kit.widget.filebrowser-2.12.3] startup
[3.756s] [ext: omni.kit.widget.context_menu-1.2.5] startup
[3.757s] [ext: omni.kit.hydra_texture-1.4.6] startup
[3.762s] [ext: omni.kit.window.filepicker-2.13.4] startup
[3.773s] [ext: omni.kit.menu.utils-2.0.5] startup
[3.779s] [ext: omni.kit.context_menu-1.8.6] startup
[3.781s] [ext: omni.kit.widget.viewport-107.1.3] startup
[3.785s] [ext: omni.kit.viewport.registry-104.0.6] startup
[3.785s] [ext: omni.kit.window.DEBUG:AutoNode:Defining data type 'any' as 'Any'
DEBUG:AutoNode:Defining data type 'bool' as 'Bool' and array 'BoolArray
DEBUG:AutoNode:Defining data type 'bundle' as 'Bundle'
DEBUG:AutoNode:Defining data type 'colord[3]' as 'Color3d' and array 'Color3dArray
DEBUG:AutoNode:Defining data type 'colorf[3]' as 'Color3f' and array 'Color3fArray
DEBUG:AutoNode:Defining data type 'colorh[3]' as 'Color3h' and array 'Color3hArray
DEBUG:AutoNode:Defining data type 'colord[4]' as 'Color4d' and array 'Color4dArray
DEBUG:AutoNode:Defining data type 'colorf[4]' as 'Color4f' and array 'Color4fArray
DEBUG:AutoNode:Defining data type 'colorh[4]' as 'Color4h' and array 'Color4hArray
DEBUG:AutoNode:Defining data type 'double' as 'Double' and array 'DoubleArray
DEBUG:AutoNode:Defining data type 'double[2]' as 'Double2' and array 'Double2Array
DEBUG:AutoNode:Defining data type 'double[3]' as 'Double3' and array 'Double3Array
DEBUG:AutoNode:Defining data type 'double[4]' as 'Double4' and array 'Double4Array
DEBUG:AutoNode:Defining data type 'execution' as 'Execution'
DEBUG:AutoNode:Defining data type 'float' as 'Float' and array 'FloatArray
DEBUG:AutoNode:Defining data type 'float[2]' as 'Float2' and array 'Float2Array
DEBUG:AutoNode:Defining data type 'float[3]' as 'Float3' and array 'Float3Array
DEBUG:AutoNode:Defining data type 'float[4]' as 'Float4' and array 'Float4Array
DEBUG:AutoNode:Defining data type 'frame[4]' as 'Frame' and array 'FrameArray
DEBUG:AutoNode:Defining data type 'half' as 'Half' and array 'HalfArray
DEBUG:AutoNode:Defining data type 'half[2]' as 'Half2' and array 'Half2Array
DEBUG:AutoNode:Defining data type 'half[3]' as 'Half3' and array 'Half3Array
DEBUG:AutoNode:Defining data type 'half[4]' as 'Half4' and array 'Half4Array
DEBUG:AutoNode:Defining data type 'int' as 'Int' and array 'IntArray
DEBUG:AutoNode:Defining data type 'int[2]' as 'Int2' and array 'Int2Array
DEBUG:AutoNode:Defining data type 'int[3]' as 'Int3' and array 'Int3Array
DEBUG:AutoNode:Defining data type 'int[4]' as 'Int4' and array 'Int4Array
DEBUG:AutoNode:Defining data type 'int64' as 'Int64' and array 'Int64Array
DEBUG:AutoNode:Defining data type 'matrixd[2]' as 'Matrix2d' and array 'Matrix2dArray
DEBUG:AutoNode:Defining data type 'matrixd[3]' as 'Matrix3d' and array 'Matrix3dArray
DEBUG:AutoNode:Defining data type 'matrixd[4]' as 'Matrix4d' and array 'Matrix4dArray
DEBUG:AutoNode:Defining data type 'normald[3]' as 'Normal3d' and array 'Normal3dArray
DEBUG:AutoNode:Defining data type 'normalf[3]' as 'Normal3f' and array 'Normal3fArray
DEBUG:AutoNode:Defining data type 'normalh[3]' as 'Normal3h' and array 'Normal3hArray
DEBUG:AutoNode:Defining data type 'objectId' as 'ObjectId' and array 'ObjectIdArray
DEBUG:AutoNode:Defining data type 'path' as 'Path'
DEBUG:AutoNode:Defining data type 'pointd[3]' as 'Point3d' and array 'Point3dArray
DEBUG:AutoNode:Defining data type 'pointf[3]' as 'Point3f' and array 'Point3fArray
DEBUG:AutoNode:Defining data type 'pointh[3]' as 'Point3h' and array 'Point3hArray
DEBUG:AutoNode:Defining data type 'quatd[4]' as 'Quatd' and array 'QuatdArray
DEBUG:AutoNode:Defining data type 'quatf[4]' as 'Quatf' and array 'QuatfArray
DEBUG:AutoNode:Defining data type 'quath[4]' as 'Quath' and array 'QuathArray
DEBUG:AutoNode:Defining data type 'string' as 'String'
DEBUG:AutoNode:Defining data type 'target' as 'Target'
DEBUG:AutoNode:Defining data type 'texcoordd[2]' as 'TexCoord2d' and array 'TexCoord2dArray
DEBUG:AutoNode:Defining data type 'texcoordf[2]' as 'TexCoord2f' and array 'TexCoord2fArray
DEBUG:AutoNode:Defining data type 'texcoordh[2]' as 'TexCoord2h' and array 'TexCoord2hArray
DEBUG:AutoNode:Defining data type 'texcoordd[3]' as 'TexCoord3d' and array 'TexCoord3dArray
DEBUG:AutoNode:Defining data type 'texcoordf[3]' as 'TexCoord3f' and array 'TexCoord3fArray
DEBUG:AutoNode:Defining data type 'texcoordh[3]' as 'TexCoord3h' and array 'TexCoord3hArray
DEBUG:AutoNode:Defining data type 'timecode' as 'Timecode' and array 'TimecodeArray
DEBUG:AutoNode:Defining data type 'token' as 'Token' and array 'TokenArray
DEBUG:AutoNode:Defining data type 'uchar' as 'UChar' and array 'UCharArray
DEBUG:AutoNode:Defining data type 'uint' as 'UInt' and array 'UIntArray
DEBUG:AutoNode:Defining data type 'uint64' as 'UInt64' and array 'UInt64Array
DEBUG:AutoNode:Defining data type 'vectord[3]' as 'Vector3d' and array 'Vector3dArray
DEBUG:AutoNode:Defining data type 'vectorf[3]' as 'Vector3f' and array 'Vector3fArray
DEBUG:AutoNode:Defining data type 'vectorh[3]' as 'Vector3h' and array 'Vector3hArray
file_importer-1.1.18] startup
[3.788s] [ext: omni.kit.raycast.query-1.1.0] startup
[3.794s] [ext: omni.kit.material.library-2.0.7] startup
[3.799s] [ext: omni.kit.window.drop_support-1.0.5] startup
[3.800s] [ext: omni.hydra.engine.stats-1.0.3] startup
[3.803s] [ext: omni.kit.viewport.window-107.2.0] startup
[3.818s] [ext: omni.kit.widget.zoombar-1.0.6] startup
[3.819s] [ext: omni.kit.widget.searchfield-1.1.8] startup
[3.820s] [ext: omni.kit.widget.filter-1.1.4] startup
[3.820s] [ext: omni.kit.window.file_exporter-1.0.33] startup
[3.821s] [ext: omni.kit.hotkeys.core-1.3.10] startup
[3.821s] [ext: omni.kit.browser.core-2.3.13] startup
[3.825s] [ext: omni.kit.stage_template.core-1.1.22] startup
[3.826s] [ext: omni.kit.widget.stage-3.1.4] startup
[3.836s] [ext: omni.kit.browser.folder.core-1.10.9] startup
[3.841s] [ext: omni.kit.window.file-2.0.5] startup
[3.843s] [ext: omni.kit.window.content_browser_registry-0.0.6] startup
[3.844s] [ext: omni.kit.widget.prompt-1.0.7] startup
[3.845s] [ext: omni.kit.usd.collect-2.4.5] startup
[3.847s] [ext: omni.graph.tools-1.79.2] startup
[3.869s] [ext: omni.kit.window.content_browser-3.1.3] startup
[3.876s] [ext: omni.kit.usdz_export-1.0.9] startup
[3.878s] [ext: omni.graph.action_core-1.1.7] startup
[3.881s] [ext: omni.graph-1.141.2] startup
[3.917s] [ext: omni.kit.widget.stage_icons-1.0.8] startup
[3.918s] [ext: omni.kit.tool.asset_importer-4.3.2] startup
[3.923s] [ext: omni.graph.action_nodes-1.50.4] startup
[3.931s] [ext: omni.kit.window.stage-2.6.1] startup
[3.937s] [ext: omni.kit.widget.searchable_combobox-1.0.6] startup
[3.949s] [ext: omni.graph.action-1.130.0] startup
[3.950s] [ext: omni.kit.menu.stage-1.2.7] startup
[3.953s] [ext: omni.kit.widget.settings-1.2.6] startup
[3.957s] [ext: omni.kit.viewport.utility-1.1.2] startup
[3.959s] [ext: omni.kit.property.adapter.core-1.0.2] startup
[3.982s] [ext: omni.kit.window.preferences-1.8.0] startup
[4.005s] [ext: omni.kit.viewport.actions-107.0.2] startup
[4.008s] [ext: omni.kit.widget.highlight_label-1.0.3] startup
[4.009s] [ext: omni.kit.property.adapter.usd-1.0.2] startup
[4.011s] [ext: omni.kit.viewport.menubar.core-107.2.1] startup
[4.022s] [ext: omni.kit.property.adapter.fabric-1.0.3] startup
[4.023s] [ext: omni.kit.viewport.menubar.display-107.0.3] startup
[4.025s] [ext: omni.kit.window.property-1.12.1] startup
[4.028s] [ext: omni.ui_query-1.1.8] startup
[4.028s] [ext: omni.kit.property.usd-4.5.12] startup
[4.039s] [ext: omni.kit.menu.create-2.0.1] startup
[4.041s] [ext: isaacsim.core.version-2.0.6] startup
[4.042s] [ext: omni.kit.ui_test-1.3.7] startup
[4.044s] [ext: omni.kit.scripting-107.3.2] startup
[4.048s] [ext: omni.convexdecomposition-107.3.26] startup
[4.053s] [ext: isaacsim.storage.native-1.5.1] startup
[4.055s] [ext: omni.kit.widget.toolbar-2.0.1] startup
[4.061s] [ext: omni.kit.manipulator.transform-107.0.0] startup
[4.066s] [ext: omni.kvdb-107.3.26] startup
[4.068s] [ext: omni.usdphysics-107.3.26] startup
[4.071s] [ext: omni.physx.foundation-107.3.26] startup
[4.076s] [ext: omni.localcache-107.3.26] startup
[4.079s] [ext: omni.kit.window.extensions-1.4.27] startup
[4.084s] [ext: omni.physx.cooking-107.3.26] startup
[4.090s] [ext: omni.kit.manipulator.viewport-107.0.1] startup
[4.091s] [ext: omni.physx-107.3.26] startup
[4.110s] [ext: omni.graph.visualization.nodes-2.1.3] startup
[4.115s] [ext: isaacsim.replicator.behavior-1.1.16] startup
[4.117s] [ext: omni.kit.tool.collect-2.2.18] startup
[4.122s] [ext: omni.kit.manipulator.tool.snap-1.5.13] startup
[4.127s] [ext: omni.kit.manipulator.selector-1.1.3] startup
[4.128s] [ext: isaacsim.gui.components-1.2.1] startup
[4.132s] [ext: isaacsim.examples.browser-0.2.1] startup
[4.135s] [ext: isaacsim.asset.importer.urdf-2.4.30] startup
[4.358s] [ext: omni.kit.viewport.manipulator.transform-107.0.4] startup
[4.364s] [ext: omni.kit.primitive.mesh-1.0.17] startup
[4.369s] [ext: omni.kit.manipulator.prim.core-107.0.8] startup
[4.375s] [ext: omni.fabric.commands-1.1.6] startup
[4.378s] [ext: omni.kit.manipulator.prim.usd-107.0.3] startup
[4.379s] [ext: omni.kit.manipulator.prim.fabric-107.0.4] startup
[4.381s] [ext: omni.kit.widget.layers-1.8.6] startup
[4.392s] [ext: omni.kit.manipulator.selection-106.0.1] startup
[4.394s] [ext: omni.kit.manipulator.prim-107.0.0] startup
[4.394s] [ext: omni.debugdraw-0.1.4] startup
[4.399s] [ext: omni.physics-107.3.26] startup
[4.403s] [ext: omni.usdphysics.ui-107.3.26] startup
[4.422s] [ext: omni.physx.commands-107.3.26] startup
[4.427s] [ext: omni.physics.stageupdate-107.3.26] startup
[4.430s] [ext: omni.kit.window.toolbar-2.0.0] startup
[4.432s] [ext: omni.physx.ui-107.3.26] startup
[4.463s] [ext: omni.kit.widget.graph-2.0.0] startup
[4.469s] [ext: omni.physx.supportui-107.3.26] startup
[4.482s] [ext: omni.kit.graph.delegate.default-1.2.3] startup
[4.484s] [ext: omni.kit.numpy.common-0.1.3] startup
[4.486s] [ext: omni.usd.metrics.assembler-107.3.1] startup
[4.491s] [ext: omni.physics.physx-107.3.26] startup
2026-10-02T16:23:33Z [4,471ms] [Warning] [carb] Acquiring non optional plugin interface which is not listed as dependency: [omni::physx::IPhysxBenchmarks v1.0] (plugin: <default plugin>), by client: omni.physics.physx.plugin. Add it to CARB_PLUGIN_IMPL_DEPS() macro of a client.
[4.493s] [ext: omni.physics.tensors-107.3.26] startup
[4.500s] [ext: omni.warp.core-1.8.2] startup
[4.501s] [ext: omni.usd.metrics.assembler.physics-107.3.26] startup
[4.503s] [ext: omni.isaac.dynamic_control-2.0.7] startup
2026-10-02T16:23:33Z [4,489ms] [Warning] [omni.isaac.dynamic_control] omni.isaac.dynamic_control is deprecated as of Isaac Sim 4.5. No action is needed from end-users.
[4.511s] [ext: omni.physx.tensors-107.3.26] startup
[4.643s] [ext: isaacsim.core.utils-3.5.1] startup
[4.764s] [ext: omni.graph.image.core-0.6.1] startup
[4.766s] [ext: isaacsim.core.simulation_manager-1.4.4] startup
[4.910s] [ext: omni.graph.image.nodes-1.3.1] startup
[4.913s] [ext: omni.kit.stage_templates-2.0.0] startup
[4.915s] [ext: isaacsim.core.prims-0.6.1] startup
[5.043s] [ext: omni.syntheticdata-0.6.13] startup
[5.062s] [ext: isaacsim.core.api-4.8.0] startup
[5.079s] [ext: omni.videoencoding-0.1.2] startup
[5.082s] [ext: isaacsim.core.experimental.utils-0.3.0] startup
[5.083s] [ext: omni.kit.graph.editor.core-1.5.3] startup
[5.086s] [ext: omni.kit.graph.usd.commands-1.3.1] startup
[5.087s] [ext: isaacsim.simulation_app-2.12.2] startup
[5.087s] [ext: omni.graph.ui_nodes-1.50.5] startup
[5.093s] [ext: omni.graph.nodes-1.170.10] startup
[5.135s] [ext: omni.kit.widget.material_preview-1.0.16] startup
[5.141s] [ext: isaacsim.test.docstring-1.1.0] startup
[5.147s] [ext: omni.isaac.kit-2.0.6] startup
2026-10-02T16:23:33Z [5,126ms] [Warning] [omni.isaac.kit] omni.isaac.kit has been deprecated in favor of isaacsim.simulation_app. Please update your code accordingly.
[5.148s] [ext: isaacsim.robot_motion.lula-4.0.8] startup
[5.175s] [ext: omni.warp-1.8.2] startup
[5.194s] [ext: omni.kit.window.material_graph-1.9.1] startup
[5.224s] [ext: omni.graph.scriptnode-1.50.0] startup
[5.228s] [ext: isaacsim.robot_motion.motion_generation-8.0.26] startup
[5.263s] [ext: isaacsim.core.experimental.prims-0.8.1] startup
[5.305s] [ext: omni.replicator.core-1.12.27] startup
2026-10-02T16:23:33Z [5,305ms] [Warning] [pxr.Semantics] pxr.Semantics is deprecated - please use Semantics instead
2026-10-02T16:23:33Z [5,354ms] [Warning] [omni.graph.core.plugin] Found duplicate of category 'Replicator' - was 'Annotators', adding 'Fabric Reader'
2026-10-02T16:23:33Z [5,354ms] [Warning] [omni.graph.core.plugin] Category 'Replicator' not accepted on node type 'omni.replicator.core.FabricReader' in extension 'omni.replicator.core'
2026-10-02T16:23:33Z [5,356ms] [Warning] [omni.replicator.core.scripts.extension] No material configuration file, adding configuration to material settings directly.
[5.380s] [ext: isaacsim.robot_motion.lula_test_widget-1.0.12] startup
[5.385s] [ext: isaacsim.robot.surface_gripper-3.3.1] startup
[5.391s] [ext: isaacsim.core.nodes-3.4.3] startup
[5.404s] [ext: omni.isaac.lula_test_widget-1.0.6] startup
2026-10-02T16:23:33Z [5,384ms] [Warning] [omni.isaac.lula_test_widget] omni.isaac.lula_test_widget has been deprecated in favor of isaacsim.robot_motion.lula_test_widget. Please update your code accordingly.
[5.407s] [ext: isaacsim.robot.manipulators-3.3.6] startup
[5.414s] [ext: isaacsim.core.experimental.objects-0.4.0] startup
[5.435s] [ext: isaacsim.core.experimental.materials-0.4.0] startup
[5.444s] [ext: isaacsim.core.throttling-2.2.2] startup
[5.448s] [ext: isaacsim.robot.manipulators.examples-1.1.2] startup
[5.451s] [ext: omni.flowusd-107.1.8] startup
2026-10-02T16:23:34Z [5,436ms] [Warning] [omni.stageupdate.plugin] Deprecated: direct use of IStageUpdate callbacks is deprecated. Use IStageUpdate::getStageUpdate instead.
[5.462s] [ext: isaacsim.cortex.framework-1.0.12] startup
[5.463s] [ext: omni.isaac.core_nodes-2.0.6] startup
2026-10-02T16:23:34Z [5,443ms] [Warning] [omni.isaac.core_nodes] omni.isaac.core_nodes has been deprecated in favor of isaacsim.core.nodes. Please update your code accordingly.
[5.465s] [ext: omni.isaac.cortex-1.0.5] startup
2026-10-02T16:23:34Z [5,445ms] [Warning] [omni.isaac.cortex] omni.isaac.cortex has been deprecated in favor of isaacsim.cortex.framework. Please update your code accordingly.
[5.467s] [ext: omni.anim.curve.core-1.3.1] startup
[5.480s] [ext: omni.isaac.franka-1.0.7] startup
2026-10-02T16:23:34Z [5,459ms] [Warning] [omni.isaac.franka] omni.isaac.franka has been deprecated in favor of isaacsim.robot.manipulators.examples.franka. Please update your code accordingly.
2026-10-02T16:23:34Z [5,459ms] [Warning] [omni.isaac.franka.franka] omni.isaac.franka has been deprecated in favor of isaacsim.robot.manipulators.examples.franka. Please update your code accordingly.
2026-10-02T16:23:34Z [5,479ms] [Warning] [omni.isaac.franka.kinematics_solver] omni.isaac.franka has been deprecated in favor of isaacsim.robot.manipulators.examples.franka. Please update your code accordingly.
[5.504s] [ext: omni.kit.viewport.menubar.camera-107.0.6] startup
[5.531s] [ext: omni.isaac.lula-4.0.6] startup
2026-10-02T16:23:34Z [5,513ms] [Warning] [omni.isaac.lula] omni.isaac.lula has been deprecated in favor of isaacsim.robot_motion.lula. Please update your code accordingly.
[5.539s] [ext: omni.kit.selection-0.1.6] startup
[5.568s] [ext: omni.kit.viewport.menubar.settings-107.0.3] startup
[5.580s] [ext: omni.isaac.manipulators-3.0.7] startup
2026-10-02T16:23:34Z [5,559ms] [Warning] [omni.isaac.manipulators] omni.isaac.manipulators has been deprecated in favor of isaacsim.robot.manipulators. Please update your code accordingly.
2026-10-02T16:23:34Z [5,559ms] [Warning] [omni.isaac.manipulators.controllers] omni.isaac.manipulators has been deprecated in favor of isaacsim.robot.manipulators. Please update your code accordingly.
2026-10-02T16:23:34Z [5,559ms] [Warning] [omni.isaac.manipulators.controllers.pick_place_controller] omni.isaac.manipulators has been deprecated in favor of isaacsim.robot.manipulators. Please update your code accordingly.
2026-10-02T16:23:34Z [5,571ms] [Warning] [omni.isaac.manipulators.controllers.stacking_controller] omni.isaac.manipulators has been deprecated in favor of isaacsim.robot.manipulators. Please update your code accordingly.
2026-10-02T16:23:34Z [5,585ms] [Warning] [omni.isaac.manipulators.grippers] omni.isaac.manipulators has been deprecated in favor of isaacsim.robot.manipulators. Please update your code accordingly.
2026-10-02T16:23:34Z [5,586ms] [Warning] [omni.isaac.manipulators.grippers.gripper] omni.isaac.manipulators has been deprecated in favor of isaacsim.robot.manipulators. Please update your code accordingly.
2026-10-02T16:23:34Z [5,586ms] [Warning] [omni.isaac.manipulators.grippers.parallel_gripper] omni.isaac.manipulators has been deprecated in favor of isaacsim.robot.manipulators. Please update your code accordingly.
2026-10-02T16:23:34Z [5,586ms] [Warning] [omni.isaac.manipulators.grippers.surface_gripper] omni.isaac.manipulators has been deprecated in favor of isaacsim.robot.manipulators. Please update your code accordingly.
2026-10-02T16:23:34Z [5,587ms] [Warning] [omni.isaac.manipulators.manipulators] omni.isaac.manipulators has been deprecated in favor of isaacsim.robot.manipulators. Please update your code accordingly.
2026-10-02T16:23:34Z [5,587ms] [Warning] [omni.isaac.manipulators.manipulators.single_manipulator] omni.isaac.manipulators has been deprecated in favor of isaacsim.robot.manipulators. Please update your code accordingly.
[5.610s] [ext: isaacsim.gui.menu-2.4.4] startup
[5.745s] [ext: isaacsim.sensors.physics-0.4.3] startup
[5.759s] [ext: isaacsim.asset.browser-1.3.23] startup
[5.767s] [ext: omni.isaac.menu-1.0.6] startup
2026-10-02T16:23:34Z [5,746ms] [Warning] [omni.isaac.menu] omni.isaac.menu has been deprecated in favor of isaacsim.gui.menu. Please update your code accordingly.
[5.770s] [ext: isaacsim.robot.policy.examples-4.1.11] startup
[5.773s] [ext: omni.isaac.motion_generation-8.0.7] startup
2026-10-02T16:23:34Z [5,752ms] [Warning] [omni.isaac.motion_generation] omni.isaac.motion_generation has been deprecated in favor of isaacsim.robot_motion.motion_generation. Please update your code accordingly.
2026-10-02T16:23:34Z [5,753ms] [Warning] [omni.isaac.motion_generation.articulation_kinematics_solver] omni.isaac.motion_generation has been deprecated in favor of isaacsim.robot_motion.motion_generation. Please update your code accordingly.
2026-10-02T16:23:34Z [5,754ms] [Warning] [omni.isaac.motion_generation.articulation_motion_policy] omni.isaac.motion_generation has been deprecated in favor of isaacsim.robot_motion.motion_generation. Please update your code accordingly.
2026-10-02T16:23:34Z [5,754ms] [Warning] [omni.isaac.motion_generation.articulation_trajectory] omni.isaac.motion_generation has been deprecated in favor of isaacsim.robot_motion.motion_generation. Please update your code accordingly.
2026-10-02T16:23:34Z [5,754ms] [Warning] [omni.isaac.motion_generation.kinematics_interface] omni.isaac.motion_generation has been deprecated in favor of isaacsim.robot_motion.motion_generation. Please update your code accordingly.
2026-10-02T16:23:34Z [5,754ms] [Warning] [omni.isaac.motion_generation.lula] omni.isaac.motion_generation has been deprecated in favor of isaacsim.robot_motion.motion_generation. Please update your code accordingly.
2026-10-02T16:23:34Z [5,755ms] [Warning] [omni.isaac.motion_generation.lula.kinematics] omni.isaac.motion_generation has been deprecated in favor of isaacsim.robot_motion.motion_generation. Please update your code accordingly.
2026-10-02T16:23:34Z [5,755ms] [Warning] [omni.isaac.motion_generation.lula.motion_policies] omni.isaac.motion_generation has been deprecated in favor of isaacsim.robot_motion.motion_generation. Please update your code accordingly.
2026-10-02T16:23:34Z [5,755ms] [Warning] [omni.isaac.motion_generation.lula.path_planners] omni.isaac.motion_generation has been deprecated in favor of isaacsim.robot_motion.motion_generation. Please update your code accordingly.
2026-10-02T16:23:34Z [5,756ms] [Warning] [omni.isaac.motion_generation.lula.trajectory_generator] omni.isaac.motion_generation has been deprecated in favor of isaacsim.robot_motion.motion_generation. Please update your code accordingly.
2026-10-02T16:23:34Z [5,757ms] [Warning] [omni.isaac.motion_generation.motion_policy_controller] omni.isaac.motion_generation has been deprecated in favor of isaacsim.robot_motion.motion_generation. Please update your code accordingly.
2026-10-02T16:23:34Z [5,757ms] [Warning] [omni.isaac.motion_generation.motion_policy_interface] omni.isaac.motion_generation has been deprecated in favor of isaacsim.robot_motion.motion_generation. Please update your code accordingly.
2026-10-02T16:23:34Z [5,757ms] [Warning] [omni.isaac.motion_generation.path_planner_visualizer] omni.isaac.motion_generation has been deprecated in favor of isaacsim.robot_motion.motion_generation. Please update your code accordingly.
2026-10-02T16:23:34Z [5,757ms] [Warning] [omni.isaac.motion_generation.path_planning_interface] omni.isaac.motion_generation has been deprecated in favor of isaacsim.robot_motion.motion_generation. Please update your code accordingly.
2026-10-02T16:23:34Z [5,758ms] [Warning] [omni.isaac.motion_generation.trajectory] omni.isaac.motion_generation has been deprecated in favor of isaacsim.robot_motion.motion_generation. Please update your code accordingly.
2026-10-02T16:23:34Z [5,758ms] [Warning] [omni.isaac.motion_generation.world_interface] omni.isaac.motion_generation has been deprecated in favor of isaacsim.robot_motion.motion_generation. Please update your code accordingly.
[5.780s] [ext: omni.isaac.asset_browser-1.0.6] startup
2026-10-02T16:23:34Z [5,760ms] [Warning] [omni.isaac.asset_browser] omni.isaac.asset_browser has been deprecated in favor of isaacsim.asset.browser. Please update your code accordingly.
[5.784s] [ext: omni.isaac.nucleus-1.0.6] startup
2026-10-02T16:23:34Z [5,763ms] [Warning] [omni.isaac.nucleus] omni.isaac.nucleus has been deprecated in favor of isaacsim.storage.native. Please update your code accordingly.
2026-10-02T16:23:34Z [5,763ms] [Warning] [omni.isaac.nucleus.nucleus] omni.isaac.nucleus.nucleus has been deprecated in favor of isaacsim.storage.native. Please update your code accordingly.
[5.786s] [ext: omni.isaac.quadruped-3.0.7] startup
2026-10-02T16:23:34Z [5,764ms] [Warning] [omni.isaac.quadruped] omni.isaac.quadruped has been deprecated in favor of isaacsim.robot.policy.examples. Please update your code accordingly.
[5.786s] [ext: omni.isaac.assets_check-0.3.13] startup
2026-10-02T16:23:34Z [5,766ms] [Warning] [omni.isaac.assets_check] omni.isaac.assets_check has been deprecated in favor of isaacsim.asset.browser. Please update your code accordingly.
[5.788s] [ext: isaacsim.gui.content_browser-0.1.11] startup
[5.792s] [ext: omni.isaac.utils-2.0.6] startup
[5.794s] [ext: isaacsim.robot.wheeled_robots-4.0.24] startup
[5.810s] [ext: isaacsim.app.about-2.0.11] startup
[5.813s] [ext: omni.isaac.version-2.0.7] startup
2026-10-02T16:23:34Z [5,792ms] [Warning] [omni.isaac.version] omni.isaac.version has been deprecated in favor of isaacsim.core.version. Please update your code accordingly.
[5.814s] [ext: isaacsim.cortex.behaviors-2.0.14] startup
[5.815s] [ext: omni.isaac.wheeled_robots-3.0.7] startup
2026-10-02T16:23:34Z [5,794ms] [Warning] [omni.isaac.wheeled_robots] omni.isaac.wheeled_robots has been deprecated in favor of isaacsim.robot.wheeled_robots. Please update your code accordingly.
2026-10-02T16:23:34Z [5,794ms] [Warning] [omni.isaac.wheeled_robots.controllers] omni.isaac.wheeled_robots has been deprecated in favor of isaacsim.robot.wheeled_robots. Please update your code accordingly.
2026-10-02T16:23:34Z [5,798ms] [Warning] [omni.isaac.wheeled_robots.controllers.ackermann_controller] omni.isaac.wheeled_robots has been deprecated in favor of isaacsim.robot.wheeled_robots. Please update your code accordingly.
2026-10-02T16:23:34Z [5,799ms] [Warning] [omni.isaac.wheeled_robots.controllers.differential_controller] omni.isaac.wheeled_robots has been deprecated in favor of isaacsim.robot.wheeled_robots. Please update your code accordingly.
2026-10-02T16:23:34Z [5,799ms] [Warning] [omni.isaac.wheeled_robots.controllers.holonomic_controller] omni.isaac.wheeled_robots has been deprecated in favor of isaacsim.robot.wheeled_robots. Please update your code accordingly.
2026-10-02T16:23:34Z [5,799ms] [Warning] [omni.isaac.wheeled_robots.controllers.quintic_path_planner] omni.isaac.wheeled_robots has been deprecated in favor of isaacsim.robot.wheeled_robots. Please update your code accordingly.
2026-10-02T16:23:34Z [5,799ms] [Warning] [omni.isaac.wheeled_robots.controllers.stanley_control] omni.isaac.wheeled_robots has been deprecated in favor of isaacsim.robot.wheeled_robots. Please update your code accordingly.
2026-10-02T16:23:34Z [5,800ms] [Warning] [omni.isaac.wheeled_robots.controllers.wheel_base_pose_controller] omni.isaac.wheeled_robots has been deprecated in favor of isaacsim.robot.wheeled_robots. Please update your code accordingly.
2026-10-02T16:23:34Z [5,800ms] [Warning] [omni.isaac.wheeled_robots.impl] omni.isaac.wheeled_robots has been deprecated in favor of isaacsim.robot.wheeled_robots. Please update your code accordingly.
2026-10-02T16:23:34Z [5,800ms] [Warning] [omni.isaac.wheeled_robots.robots] omni.isaac.wheeled_robots has been deprecated in favor of isaacsim.robot.wheeled_robots. Please update your code accordingly.
2026-10-02T16:23:34Z [5,800ms] [Warning] [omni.isaac.wheeled_robots.robots.holonomic_robot_usd_setup] omni.isaac.wheeled_robots has been deprecated in favor of isaacsim.robot.wheeled_robots. Please update your code accordingly.
2026-10-02T16:23:34Z [5,802ms] [Warning] [omni.isaac.wheeled_robots.robots.wheeled_robot] omni.isaac.wheeled_robots has been deprecated in favor of isaacsim.robot.wheeled_robots. Please update your code accordingly.
[5.824s] [ext: omni.isaac.window.about-2.0.7] startup
2026-10-02T16:23:34Z [5,805ms] [Warning] [omni.isaac.window.about] omni.isaac.window.about has been deprecated in favor of isaacsim.app.about. Please update your code accordingly.
2026-10-02T16:23:34Z [5,805ms] [Warning] [omni.isaac.window.about.about] omni.isaac.window.about.about has been deprecated in favor of isaacsim.app.about.about. Please update your code accordingly.
[5.827s] [ext: omni.kit.manipulator.camera-106.0.4] startup
[5.834s] [ext: omni.isaac.cortex.sample_behaviors-2.0.5] startup
2026-10-02T16:23:34Z [5,812ms] [Warning] [omni.isaac.cortex.sample_behaviors] omni.isaac.cortex.sample_behaviors has been deprecated in favor of isaacsim.cortex.behaviors. Please update your code accordingly.
[5.834s] [ext: omni.sensors.nv.common-3.0.0] startup
[5.886s] [ext: omni.kit.property.audio-1.0.16] startup
[5.887s] [ext: omni.kit.property.camera-1.0.10] startup
[5.889s] [ext: omni.sensors.net-1.0.0] startup
[5.896s] [ext: omni.sensors.nv.materials-2.0.0] startup
[5.906s] [ext: omni.kit.property.geometry-2.0.4] startup
[5.909s] [ext: omni.kit.property.light-1.0.12] startup
[5.919s] [ext: omni.kit.property.material-1.11.9] startup
[5.925s] [ext: omni.sensors.nv.ids-2.0.0] startup
[5.929s] [ext: omni.sensors.nv.wpm-3.0.0] startup
[5.935s] [ext: omni.sensors.nv.lidar-3.0.0] startup
[5.955s] [ext: omni.hydra.scene_api-0.1.2] startup
[5.962s] [ext: isaacsim.util.debug_draw-3.1.0] startup
[5.967s] [ext: omni.sensors.nv.radar-3.0.0] startup
[5.975s] [ext: omni.kit.property.render-1.2.1] startup
[5.977s] [ext: omni.kit.property.transform-1.5.13] startup
[5.980s] [ext: isaacsim.gui.property-1.1.3] startup
[5.982s] [ext: isaacsim.sensors.physx-2.3.2] startup
[5.989s] [ext: isaacsim.sensors.camera-1.3.6] startup
[5.995s] [ext: isaacsim.sensors.rtx-15.8.4] startup
[6.004s] [ext: isaacsim.core.cloner-1.4.10] startup
[6.010s] [ext: omni.kit.property.bundle-1.4.1] startup
[6.012s] [ext: omni.kit.property.isaac-1.0.6] startup
2026-10-02T16:23:34Z [5,991ms] [Warning] [omni.kit.property.isaac] omni.kit.property.isaac has been deprecated in favor of isaacsim.gui.property. Please update your code accordingly.
2026-10-02T16:23:34Z [5,991ms] [Warning] [omni.kit.property.isaac.widgets] omni.kit.property.isaac.widgets has been deprecated in favor of isaacsim.gui.property.widgets. Please update your code accordingly.
[6.013s] [ext: omni.isaac.range_sensor-4.0.6] startup
2026-10-02T16:23:34Z [5,991ms] [Warning] [omni.isaac.range_sensor] omni.isaac.range_sensor has been deprecated in favor of isaacsim.sensors.physx. Please update your code accordingly.
2026-10-02T16:23:34Z [5,992ms] [Warning] [omni.isaac.range_sensor.commands] omni.isaac.range_sensor.commands has been deprecated in favor of isaacsim.sensors.physx.commands. Please update your code accordingly.
[6.014s] [ext: isaacsim.replicator.writers-1.0.17] startup
[6.030s] [ext: omni.isaac.sensor-13.0.7] startup
2026-10-02T16:23:34Z [6,010ms] [Warning] [omni.isaac.sensor] omni.isaac.sensor has been deprecated in favor of isaacsim.sensors.camera, isaacsim.sensors.physics, isaacsim.sensors.physx, and isaacsim.sensors.rtx. Please update your code accordingly.
2026-10-02T16:23:34Z [6,010ms] [Warning] [omni.isaac.sensor.camera] omni.isaac.sensor.camera has been deprecated in favor of isaacsim.sensors.camera.camera. Please update your code accordingly.
2026-10-02T16:23:34Z [6,010ms] [Warning] [omni.isaac.sensor.camera_view] omni.isaac.sensor.camera_view has been deprecated in favor of isaacsim.sensors.camera.camera_view. Please update your code accordingly.
2026-10-02T16:23:34Z [6,010ms] [Warning] [omni.isaac.sensor.commands] omni.isaac.sensor.commands has been deprecated in favor of isaacsim.sensors.physics.commands, isaacsim.sensors.physx.commands, and isaacsim.sensors.rtx.commands. Please update your code accordingly.
2026-10-02T16:23:34Z [6,010ms] [Warning] [omni.isaac.sensor.contact_sensor] omni.isaac.sensor.contact_sensor has been deprecated in favor of isaacsim.sensors.physics.contact_sensor. Please update your code accordingly.
2026-10-02T16:23:34Z [6,010ms] [Warning] [omni.isaac.sensor.imu_sensor] omni.isaac.sensor.imu_sensor has been deprecated in favor of isaacsim.sensors.physics.imu_sensor. Please update your code accordingly.
2026-10-02T16:23:34Z [6,011ms] [Warning] [omni.isaac.sensor.lidar_rtx] omni.isaac.sensor.lidar_rtx has been deprecated in favor of isaacsim.sensors.rtx.lidar_rtx. Please update your code accordingly.
2026-10-02T16:23:34Z [6,011ms] [Warning] [omni.isaac.sensor.rotating_lidar_physX] omni.isaac.sensor.imu_sensor has been deprecated in favor of isaacsim.sensors.physix.rotating_lidar_physX. Please update your code accordingly.
2026-10-02T16:23:34Z [6,012ms] [Warning] [omni.isaac.sensor.scripts.samples.contact_sensor] omni.isaac.sensor.scripts.samples.contact_sensor has been deprecated in favor of isaacsim.sensors.physics.scripts.samples.contact_sensor. Please update your code accordingly.
2026-10-02T16:23:34Z [6,013ms] [Warning] [omni.isaac.sensor.scripts.samples.imu_sensor] omni.isaac.sensor.scripts.samples.imu_sensor has been deprecated in favor of isaacsim.sensors.physics.scripts.samples.imu_sensor. Please update your code accordingly.
2026-10-02T16:23:34Z [6,013ms] [Warning] [omni.isaac.sensor.scripts.samples.lightbeam_sensor] omni.isaac.sensor.scripts.samples.lightbeam_sensor has been deprecated in favor of isaacsim.sensors.physx.scripts.samples.lightbeam_sensor. Please update your code accordingly.
[6.035s] [ext: omni.isaac.cloner-1.0.7] startup
2026-10-02T16:23:34Z [6,015ms] [Warning] [omni.isaac.cloner] omni.isaac.cloner has been deprecated in favor of isaacsim.core.cloner. Please update your code accordingly.
[6.038s] [ext: omni.kit.viewport.menubar.lighting-107.3.1] startup
[6.045s] [ext: omni.kit.viewport.menubar.render-107.0.10] startup
[6.048s] [ext: isaacsim.replicator.domain_randomization-1.0.16] startup
[6.050s] [ext: isaacsim.replicator.examples-1.3.6] startup
[6.053s] [ext: omni.ocio-0.1.1] startup
[6.056s] [ext: omni.rtx.window.settings-0.6.19] startup
[6.067s] [ext: omni.kit.window.console-1.1.4] startup
[6.073s] [ext: omni.kit.window.status_bar-0.1.9] startup
[6.077s] [ext: omni.replicator.isaac-2.0.8] startup
2026-10-02T16:23:34Z [6,055ms] [Warning] [omni.replicator.isaac] omni.replicator.isaac has been deprecated in favor of isaacsim.replicator.domain_randomization, isaacsim.replicator.examples, isaacsim.replicator.writers. Please update your code accordingly.
[6.079s] [ext: omni.replicator.replicator_yaml-2.0.11] startup
[6.082s] [ext: omni.rtx.settings.core-0.6.5] startup
[6.088s] [ext: omni.usd.metrics.assembler.ui-107.3.1] startup
[6.095s] [ext: omni.isaac.surface_gripper-2.0.6] startup
2026-10-02T16:23:34Z [6,074ms] [Warning] [omni.isaac.surface_gripper] omni.isaac.surface_gripper has been deprecated in favor of isaacsim.robot.surface_gripper. Please update your code accordingly.
[6.096s] [ext: semantics.schema.editor-2.0.2] startup
[6.100s] [ext: omni.kit.ui.actions-1.0.5] startup
[6.101s] [ext: semantics.schema.property-2.0.1] startup
[6.103s] [ext: omni.isaac.universal_robots-1.0.6] startup
2026-10-02T16:23:34Z [6,082ms] [Warning] [omni.isaac.universal_robots] omni.isaac.universal_robots has been deprecated in favor of isaacsim.robot.manipulators.examples.universal_robots. Please update your code accordingly.
2026-10-02T16:23:34Z [6,082ms] [Warning] [omni.isaac.universal_robots.kinematics_solver] omni.isaac.franka has been deprecated in favor of isaacsim.robot.manipulators.examples.universal_robots. Please update your code accordingly.
2026-10-02T16:23:34Z [6,083ms] [Warning] [omni.isaac.universal_robots.ur10] omni.isaac.franka has been deprecated in favor of isaacsim.robot.manipulators.examples.universal_robots. Please update your code accordingly.
[6.105s] [ext: omni.isaac.core-4.0.7] startup
2026-10-02T16:23:34Z [6,084ms] [Warning] [omni.isaac.core.physics_context.physics_context] omni.isaac.core.physics_context.physics_context has been deprecated in favor of isaacsim.core.api.physics_context.physics_context. Please update your code accordingly.
2026-10-02T16:23:34Z [6,084ms] [Warning] [omni.isaac.core.simulation_context.simulation_context] omni.isaac.core.simulation_context.simulation_context has been deprecated in favor of isaacsim.core.api.simulation_context.simulation_context. Please update your code accordingly.
2026-10-02T16:23:34Z [6,085ms] [Warning] [omni.isaac.core.world.world] omni.isaac.core.world.world has been deprecated in favor of isaacsim.core.api.world.world. Please update your code accordingly.
2026-10-02T16:23:34Z [6,085ms] [Warning] [omni.isaac.core] omni.isaac.core has been deprecated in favor of isaacsim.core.api. Please update your code accordingly.
[6.107s] [ext: isaacsim.gui.sensors.icon-2.0.3] startup
[6.128s] [ext: isaacsim.asset.importer.mjcf-2.5.13] startup
[6.136s] [ext: omni.kit.menu.common-2.0.1] startup
[6.139s] [ext: isaacsim.exp.base-5.1.0] startup
[6.139s] [ext: omnigibson_5_1_0-3.9.3] startup
[6.141s] Simulation App Starting
2026-10-02T16:23:35Z [6,714ms] [Warning] [omni.fabric.plugin] Warning: attribute viewportHandle not found for bucket id 9

[6.751s] app ready
Fatal Python error: Segmentation fault

Thread 0x000077c9123fd640 (most recent call first):
  File "/home/juyoung/miniconda3/envs/behavior/lib/python3.11/concurrent/futures/thread.py", line 58 in run
  File "/home/juyoung/miniconda3/envs/behavior/lib/python3.11/concurrent/futures/thread.py", line 83 in _worker
  File "/home/juyoung/miniconda3/envs/behavior/lib/python3.11/threading.py", line 982 in run
  File "/home/juyoung/miniconda3/envs/behavior/lib/python3.11/threading.py", line 1045 in _bootstrap_inner
  File "/home/juyoung/miniconda3/envs/behavior/lib/python3.11/threading.py", line 1002 in _bootstrap

Thread 0x000077c977dec640 (most recent call first):
  File "/home/juyoung/miniconda3/envs/behavior/lib/python3.11/concurrent/futures/thread.py", line 81 in _worker
  File "/home/juyoung/miniconda3/envs/behavior/lib/python3.11/threading.py", line 982 in run
  File "/home/juyoung/miniconda3/envs/behavior/lib/python3.11/threading.py", line 1045 in _bootstrap_inner
  File "/home/juyoung/miniconda3/envs/behavior/lib/python3.11/threading.py", line 1002 in _bootstrap

Thread 0x000077ca25db0640 (most recent call first):
  File "/home/juyoung/miniconda3/envs/behavior/lib/python3.11/concurrent/futures/thread.py", line 81 in _worker
  File "/home/juyoung/miniconda3/envs/behavior/lib/python3.11/threading.py", line 982 in run
  File "/home/juyoung/miniconda3/envs/behavior/lib/python3.11/threading.py", line 1045 in _bootstrap_inner
  File "/home/juyoung/miniconda3/envs/behavior/lib/python3.11/threading.py", line 1002 in _bootstrap

Thread 0x000077ca27bff640 (most recent call first):
  File "/home/juyoung/miniconda3/envs/behavior/lib/python3.11/concurrent/futures/thread.py", line 81 in _worker
  File "/home/juyoung/miniconda3/envs/behavior/lib/python3.11/threading.py", line 982 in run
  File "/home/juyoung/miniconda3/envs/behavior/lib/python3.11/threading.py", line 1045 in _bootstrap_inner
  File "/home/juyoung/miniconda3/envs/behavior/lib/python3.11/threading.py", line 1002 in _bootstrap

Thread 0x000077cd045ff640 (most recent call first):
  File "/home/juyoung/miniconda3/envs/behavior/lib/python3.11/threading.py", line 331 in wait
  File "/home/juyoung/miniconda3/envs/behavior/lib/python3.11/threading.py", line 629 in wait
  File "/home/juyoung/miniconda3/envs/behavior/lib/python3.11/site-packages/tqdm/_monitor.py", line 69 in run
  File "/home/juyoung/miniconda3/envs/behavior/lib/python3.11/threading.py", line 1045 in _bootstrap_inner
  File "/home/juyoung/miniconda3/envs/behavior/lib/python3.11/threading.py", line 1002 in _bootstrap

Thread 0x000077cf7e954640 (most recent call first):
  File "/home/juyoung/miniconda3/envs/behavior/lib/python3.11/site-packages/torch/_inductor/compile_worker/subproc_pool.py", line 55 in _recv_msg
  File "/home/juyoung/miniconda3/envs/behavior/lib/python3.11/site-packages/torch/_inductor/compile_worker/subproc_pool.py", line 191 in _read_thread
  File "/home/juyoung/miniconda3/envs/behavior/lib/python3.11/threading.py", line 982 in run
  File "/home/juyoung/miniconda3/envs/behavior/lib/python3.11/threading.py", line 1045 in _bootstrap_inner
  File "/home/juyoung/miniconda3/envs/behavior/lib/python3.11/threading.py", line 1002 in _bootstrap

Thread 0x000077d0e29a8740 (most recent call first):
  File "/home/juyoung/miniconda3/envs/behavior/lib/python3.11/site-packages/isaacsim/exts/isaacsim.simulation_app/isaacsim/simulation_app/simulation_app.py", line 639 in _wait_for_viewport
  File "/home/juyoung/miniconda3/envs/behavior/lib/python3.11/site-packages/isaacsim/exts/isaacsim.simulation_app/isaacsim/simulation_app/simulation_app.py", line 326 in __init__
  File "/home/juyoung/robot-agent/src/behavior-2026/BEHAVIOR-1K/OmniGibson/omnigibson/simulator.py", line 293 in _launch_app
  File "/home/juyoung/robot-agent/src/behavior-2026/BEHAVIOR-1K/OmniGibson/omnigibson/simulator.py", line 403 in _launch_simulator
  File "/home/juyoung/robot-agent/src/behavior-2026/BEHAVIOR-1K/OmniGibson/omnigibson/envs/env_base.py", line 104 in __init__
  File "/home/juyoung/robot-agent/src/behavior-2026/BEHAVIOR-1K/OmniGibson/omnigibson/utils/python_utils.py", line 92 in wrapper
  File "/home/juyoung/robot-agent/src/behavior-2026/BEHAVIOR-1K/OmniGibson/omnigibson/eval/evaluator.py", line 293 in load_env
  File "/home/juyoung/robot-agent/src/behavior-2026/BEHAVIOR-1K/OmniGibson/omnigibson/eval/evaluator.py", line 207 in __init__
  File "/home/juyoung/behavior-2026/tools/eval_instrumented.py", line 601 in ev_init
  File "/home/juyoung/robot-agent/src/behavior-2026/BEHAVIOR-1K/OmniGibson/omnigibson/eval/eval.py", line 178 in main
  File "/home/juyoung/behavior-2026/tools/eval_instrumented.py", line 1029 in main
  File "/home/juyoung/behavior-2026/tools/eval_instrumented.py", line 1033 in <module>

Extension modules: numpy.core._multiarray_umath, numpy.core._multiarray_tests, numpy.linalg._umath_linalg, numpy.fft._pocketfft_internal, numpy.random._common, numpy.random.bit_generator, numpy.random._bounded_integers, numpy.random._mt19937, numpy.random.mtrand, numpy.random._philox, numpy.random._pcg64, numpy.random._sfc64, numpy.random._generator, torch._C, torch._C._dynamo.autograd_compiler, torch._C._dynamo.eval_frame, torch._C._dynamo.guards, torch._C._dynamo.utils, torch._C._fft, torch._C._linalg, torch._C._nested, torch._C._nn, torch._C._sparse, torch._C._special, h5py._errors, h5py.defs, h5py._objects, h5py.h5, h5py.utils, h5py.h5t, h5py.h5s, h5py.h5ac, h5py.h5p, h5py.h5r, h5py._proxy, h5py._conv, h5py.h5z, h5py.h5a, h5py.h5d, h5py.h5ds, h5py.h5g, h5py.h5i, h5py.h5o, h5py.h5f, h5py.h5fd, h5py.h5pl, h5py.h5l, h5py._selector, markupsafe._speedups, scipy._lib._ccallback_c, yaml._yaml, numba.core.typeconv._typeconv, numba._helperlib, numba._dynfunc, numba._dispatcher, numba.core.runtime._nrt_python, numba.np.ufunc._internal, numba.experimental.jitclass._box, scipy.sparse._sparsetools, _csparsetools, scipy.sparse._csparsetools, scipy.linalg._fblas, scipy.linalg._flapack, scipy.linalg.cython_lapack, scipy.linalg._cythonized_array_utils, scipy.linalg._solve_toeplitz, scipy.linalg._decomp_lu_cython, scipy.linalg._matfuncs_sqrtm_triu, scipy.linalg._matfuncs_expm, scipy.linalg._linalg_pythran, scipy.linalg.cython_blas, scipy.linalg._decomp_update, scipy.sparse.linalg._dsolve._superlu, scipy.sparse.linalg._eigen.arpack._arpack, scipy.sparse.linalg._propack._spropack, scipy.sparse.linalg._propack._dpropack, scipy.sparse.linalg._propack._cpropack, scipy.sparse.linalg._propack._zpropack, scipy.sparse.csgraph._tools, scipy.sparse.csgraph._shortest_path, scipy.sparse.csgraph._traversal, scipy.sparse.csgraph._min_spanning_tree, scipy.sparse.csgraph._flow, scipy.sparse.csgraph._matching, scipy.sparse.csgraph._reordering, scipy.spatial._ckdtree, scipy._lib.messagestream, scipy.spatial._qhull, scipy.spatial._voronoi, scipy.spatial._distance_wrap, scipy.spatial._hausdorff, scipy.special._ufuncs_cxx, scipy.special._ufuncs, scipy.special._specfun, scipy.special._comb, scipy.special._ellip_harm_2, scipy.spatial.transform._rotation, xxhash._xxhash, PIL._imaging, scipy.optimize._group_columns, scipy.optimize._trlib._trlib, scipy.optimize._lbfgsb, _moduleTNC, scipy.optimize._moduleTNC, scipy.optimize._cobyla, scipy.optimize._slsqp, scipy.optimize._minpack, scipy.optimize._lsq.givens_elimination, scipy.optimize._zeros, scipy.optimize._cython_nnls, scipy._lib._uarray._uarray, scipy.linalg._decomp_interpolative, scipy.optimize._bglu_dense, scipy.optimize._lsap, scipy.optimize._direct, psutil._psutil_linux, psutil._psutil_posix, lxml._elementpath, lxml.etree, scipy.ndimage._nd_image, scipy.ndimage._rank_filter_1d, _ni_label, scipy.ndimage._ni_label, _cffi_backend, kiwisolver._cext, wcwidth._wcwidth_c, scipy.integrate._odepack, scipy.integrate._quadpack, scipy.integrate._vode, scipy.integrate._dop, scipy.integrate._lsoda, scipy.interpolate._fitpack, scipy.interpolate._dfitpack, scipy.interpolate._dierckx, scipy.interpolate._ppoly, scipy.interpolate._interpnd, scipy.interpolate._rbfinterp_pythran, scipy.interpolate._rgi_cython, scipy.interpolate._bspl, cemmmpvsqd3wu3zw4ooso3vs3te5mrorzc6n4kcjedt5sud3txgd.kernel, cuda_utils, scipy.special.cython_special, scipy.stats._stats, scipy.stats._sobol, scipy.stats._qmc_cy, scipy.stats._biasedurn, scipy.stats._stats_pythran, scipy.stats._levy_stable.levyst, scipy.stats._ansari_swilk_statistics, scipy.stats._mvn, scipy.stats._rcont.rcont, av._core, av.logging, av.bytesource, av.buffer, av.audio.format, av.error, av.dictionary, av.container.pyio, av.utils, av.option, av.descriptor, av.format, av.stream, av.container.streams, av.sidedata.motionvectors, av.sidedata.sidedata, av.opaque, av.packet, av.container.input, av.container.output, av.container.core, av.codec.context, av.video.format, av.video.reformatter, av.plane, av.video.plane, av.video.frame, av.video.stream, av.codec.hwaccel, av.codec.codec, av.frame, av.audio.layout, av.audio.plane, av.audio.frame, av.audio.stream, av.filter.link, av.filter.context, av.filter.graph, av.filter.filter, av.filter.loudnorm, av.audio.resampler, av.audio.codeccontext, av.audio.fifo, av.bitstream, av.video.codeccontext, scipy.cluster._vq, scipy.cluster._hierarchy, scipy.cluster._optimal_leaf_ordering, pyarrow.lib, pandas._libs.tslibs.ccalendar, pandas._libs.tslibs.np_datetime, pandas._libs.tslibs.dtypes, pandas._libs.tslibs.base, pandas._libs.tslibs.nattype, pandas._libs.tslibs.timezones, pandas._libs.tslibs.fields, pandas._libs.tslibs.timedeltas, pandas._libs.tslibs.tzconversion, pandas._libs.tslibs.timestamps, pandas._libs.properties, pandas._libs.tslibs.offsets, pandas._libs.tslibs.strptime, pandas._libs.tslibs.parsing, pandas._libs.tslibs.conversion, pandas._libs.tslibs.period, pandas._libs.tslibs.vectorized, pandas._libs.ops_dispatch, pandas._libs.missing, pandas._libs.hashtable, pandas._libs.algos, pandas._libs.interval, pandas._libs.lib, pyarrow._compute, pandas._libs.ops, pandas._libs.hashing, pandas._libs.arrays, pandas._libs.tslib, pandas._libs.sparse, pandas._libs.internals, pandas._libs.indexing, pandas._libs.index, pandas._libs.writers, pandas._libs.join, pandas._libs.window.aggregations, pandas._libs.window.indexers, pandas._libs.reshape, pandas._libs.groupby, pandas._libs.json, pandas._libs.parsers, pandas._libs.testing, pyarrow._acero, pyarrow._fs, pyarrow._csv, pyarrow._json, pyarrow._substrait, pyarrow._dataset, pyarrow._dataset_orc, pyarrow._parquet, pyarrow._azurefs, pyarrow._hdfs, pyarrow._gcsfs, pyarrow._s3fs, pyarrow._parquet_encryption, pyarrow._dataset_parquet_encryption, pyarrow._dataset_parquet, charset_normalizer.md, requests.packages.charset_normalizer.md, requests.packages.chardet.md, multidict._multidict, yarl._quoting_c, propcache._helpers_c, aiohttp._http_writer, aiohttp._http_parser, aiohttp._websocket.mask, aiohttp._websocket.reader_c, frozenlist._frozenlist, msgpack._cmsgpack, websockets.speedups, omni.mdl.pymdlsdk._pymdlsdk, osqp._osqp, scipy.io.matlab._mio_utils, scipy.io.matlab._streams, scipy.io.matlab._mio5_utils, PIL._imagingft (total: 275)
