INFO:__main__:Seeded Python, NumPy, and Torch with seed=0
INFO:__main__:Resolved public_test instance ids for bringing_water: [301]
INFO:__main__:Loaded robot config from ../../src/sim/configs/r1pro_openpi.yaml
[0m[00:00:05.400] [INFO] [omnigibson.eval.evaluator] Setting timeout to be 1.5x the average length of human demos: 14157[0m
[0m[00:00:05.401] [INFO] [omnigibson.simulator] ----- Starting OmniGibson. This will take 10-30 seconds... -----[0m
DEBUG:asyncio:Using selector: EpollSelector
[Info] [carb] Logging to file: /home/juyoung/robot-agent/src/behavior-2026/BEHAVIOR-1K/OmniGibson/appdata/local/logs/Kit/OmniGibson/3.9/kit_20261003_032806.log
[0.048s] [ext: omni.kit.async_engine-0.0.3] startup
[0.108s] [ext: omni.metrics.core-0.0.3] startup
[0.109s] [ext: omni.client.lib-1.1.0] startup
[0.117s] [ext: omni.blobkey-1.1.2] startup
[0.118s] [ext: omni.stats-1.0.1] startup
[0.119s] [ext: omni.datastore-0.0.0] startup
[0.123s] [ext: omni.client-1.3.0] startup
[0.126s] [ext: omni.ujitso.default-1.0.0] startup
[0.127s] [ext: omni.hsscclient-1.1.2] startup
[0.138s] [ext: omni.gpu_foundation.shadercache.vulkan-1.0.0] startup
[0.140s] [ext: omni.assets.plugins-0.0.0] startup
[0.141s] [ext: omni.gpu_foundation-0.0.0] startup
[0.148s] [ext: carb.windowing.plugins-1.0.0] startup
[0.153s] [ext: omni.kit.renderer.init-0.0.0] startup
2026-10-02T18:28:06Z [346ms] [Warning] [gpu.foundation.plugin] Skipping unsupported non-NVIDIA GPU: AMD Unknown (RADV RAPHAEL_MENDOCINO)
2026-10-02T18:28:06Z [346ms] [Warning] [gpu.foundation.plugin] Skipping unsupported non-NVIDIA GPU: AMD Unknown (RADV RAPHAEL_MENDOCINO)

|---------------------------------------------------------------------------------------------|
| Driver Version: 580.178.04    | Graphics API: Vulkan
|=============================================================================================|
| GPU | Name                             | Active | LDA | GPU Memory | Vendor-ID | LUID       |
|     |                                  |        |     |            | Device-ID | UUID       |
|     |                                  |        |     |            | Bus-ID    |            |
|---------------------------------------------------------------------------------------------|
| 0   | NVIDIA GeForce RTX 5070 Ti       | Yes: 0 |     | 16303   MB | 10de      | 0          |
|     |                                  |        |     |            | 2c05      | a9dc7904.. |
|     |                                  |        |     |            | 1         |            |
|---------------------------------------------------------------------------------------------|
| 1   | AMD Unknown (RADV RAPHAEL_MEND.. |        |     | 22008   MB | 1002      | 0          |
|     |                                  |        |     |            | 13c0      | 00000000.. |
|     |                                  |        |     |            | c         |            |
|=============================================================================================|
| OS: 22.04.5 LTS (Jammy Jellyfish) ubuntu, Version: 22.04.5, Kernel: 6.8.0-138-generic
| XServer Vendor: The X.Org Foundation, XServer Version: 12101004 (1.21.1.4)
| Processor: AMD Ryzen 9 9950X 16-Core Processor
| Cores: 16 | Logical Cores: 32
|---------------------------------------------------------------------------------------------|
| Total Memory (MB): 61928 | Free Memory: 56153
| Total Page/Swap (MB): 0 | Free Page/Swap: 0
|---------------------------------------------------------------------------------------------|
2026-10-02T18:28:07Z [537ms] [Warning] [gpu.foundation.plugin] CPU performance profile is set to powersave. This profile sets the CPU to the lowest frequency reducing performance.
2026-10-02T18:28:07Z [539ms] [Warning] [gpu.foundation.plugin] IOMMU is enabled.
2026-10-02T18:28:07Z [539ms] [Warning] [gpu.foundation.plugin] Detected IOMMU is enabled. Running CUDA peer-to-peer bandwidth and latency validation.
Unidirectional P2P=Enabled Bandwidth (P2P Writes) Matrix (GB/s)
   D\D     0 
     0 767.81 
P2P=Enabled Latency (P2P Writes) Matrix (us)
   GPU     0 
     0   2.07 

   CPU     0 
     0   1.75 
[0.699s] [ext: omni.materialx.libs-1.0.7] startup
[0.706s] [ext: omni.kit.loop-isaac-1.3.7] startup
[0.707s] [ext: omni.kit.test-2.0.1] startup
[0.728s] [ext: omni.usd.config-1.0.6] startup
[0.731s] [ext: omni.gpucompute.plugins-0.0.0] startup
[0.731s] [ext: omni.usd.libs-1.0.1] startup
[0.825s] [ext: omni.kit.telemetry-0.5.2] startup
[0.854s] [ext: omni.mdl-56.0.3] startup
[0.870s] [ext: omni.iray.libs-0.0.0] startup
[0.874s] [ext: omni.mdl.neuraylib-0.2.12] startup
[0.877s] [ext: omni.kit.usd.mdl-1.1.5] startup
[0.944s] [ext: omni.kit.pipapi-0.0.0] startup
[0.945s] [ext: omni.appwindow-1.1.10] startup
[1.761s] [ext: omni.kit.renderer.core-1.1.0] startup
[4.953s] [ext: omni.kit.renderer.capture-0.0.0] startup
[4.956s] [ext: omni.kit.renderer.imgui-2.0.5] startup
[4.988s] [ext: omni.ui-2.27.1] startup
[4.995s] [ext: omni.kit.mainwindow-1.0.3] startup
[4.996s] [ext: carb.audio-0.1.0] startup
[5.000s] [ext: omni.uiaudio-1.0.0] startup
[5.001s] [ext: omni.kit.uiapp-0.0.0] startup
[5.001s] [ext: omni.usd.schema.metrics.assembler-107.3.1] startup
[5.003s] [ext: omni.usd.schema.audio-0.0.0] startup
[5.007s] [ext: omni.usd_resolver-1.0.0] startup
[5.012s] [ext: omni.usd.core-1.5.3] startup
[5.014s] [ext: omni.usd.schema.omni_lens_distortion-0.0.0] startup
[5.028s] [ext: omni.usd.schema.anim-0.0.0] startup
[5.046s] [ext: omni.usd.schema.geospatial-0.0.0] startup
[5.048s] [ext: omni.usd.schema.semantics-0.0.0] startup
[5.051s] [ext: omni.kit.actions.core-1.0.0] startup
[5.053s] [ext: omni.activity.core-1.0.3] startup
[5.055s] [ext: omni.kit.commands-1.4.10] startup
[5.059s] [ext: usdrt.scenegraph-7.6.1] startup
[5.086s] [ext: omni.resourcemonitor-107.0.1] startup
[5.088s] [ext: omni.kit.audiodeviceenum-1.0.2] startup
[5.090s] [ext: omni.hydra.usdrt_delegate-7.5.1] startup
[5.097s] [ext: omni.kit.usd_undo-0.1.8] startup
[5.097s] [ext: omni.kit.window.popup_dialog-2.0.24] startup
[5.100s] [ext: omni.graph.exec-0.9.6] startup
[5.101s] [ext: omni.timeline-1.0.14] startup
[5.102s] [ext: omni.kit.widget.nucleus_connector-2.0.1] startup
[5.104s] [ext: omni.kit.exec.core-0.13.4] startup
[5.105s] [ext: omni.hydra.scene_delegate-0.3.4] startup
[5.110s] [ext: omni.usd-1.13.10] startup
[5.129s] [ext: omni.kit.asset_converter-5.0.17] startup
[5.140s] [ext: omni.usd.schema.isaac-3.0.5] startup
[5.140s] [ext: omni.usd.schema.omnigraph-1.0.0] startup
[5.145s] [ext: isaacsim.robot.schema-3.6.0] startup
[5.153s] [ext: omni.usd.schema.omniscripting-1.0.0] startup
[5.158s] [ext: omni.usd.schema.flow-107.1.1] startup
[5.158s] [ext: omni.usd.schema.omni_sensors-0.0.0] startup
[5.159s] [ext: omni.usd.schema.physx-107.3.26] startup
[5.183s] [ext: omni.inspect-1.0.2] startup
[5.184s] [ext: omni.kit.notification_manager-1.0.10] startup
[5.186s] [ext: omni.graph.core-2.184.5] startup
[5.188s] [ext: isaacsim.core.deprecation_manager-0.2.7] startup
[5.189s] [ext: omni.usd.schema.render_settings.rtx-0.0.0] startup
[5.190s] [ext: omni.anim.graph.schema-107.3.3] startup
[5.196s] [ext: omni.anim.navigation.schema-107.3.3] startup
[5.200s] [ext: omni.kit.widget.path_field-2.0.11] startup
[5.200s] [ext: omni.kit.viewport.legacy_gizmos-1.0.19] startup
[5.203s] [ext: omni.kit.widget.browser_bar-2.0.10] startup
[5.204s] [ext: omni.kit.clipboard-1.0.5] startup
[5.205s] [ext: omni.kit.usd.layers-2.2.11] startup
[5.212s] [ext: omni.ui.scene-1.11.5] startup
[5.215s] [ext: omni.index.libs-380600.8087.0] startup
[5.215s] [ext: omni.kit.viewport.scene_camera_model-1.0.6] startup
[5.220s] [ext: omni.index-1.0.1] startup
[5.221s] [ext: omni.hydra.rtx.shadercache.vulkan-1.0.0] startup
[5.222s] [ext: omni.kit.widget.options_menu-1.1.6] startup
[5.224s] [ext: omni.volume-0.5.2] startup
[5.227s] [ext: omni.ujitso.client-0.0.0] startup
[5.227s] [ext: omni.kit.helper.file_utils-0.1.9] startup
[5.228s] [ext: omni.kit.menu.core-1.1.2] startup
[5.229s] [ext: omni.hydra.rtx-1.0.0] startup
2026-10-02T18:28:11Z [5,231ms] [Warning] [omni.log] Source: omni.hydra was already registered.
[5.261s] [ext: omni.kit.widget.options_button-1.0.3] startup
[5.262s] [ext: omni.kit.widget.filebrowser-2.12.3] startup
[5.266s] [ext: omni.kit.widget.context_menu-1.2.5] startup
[5.267s] [ext: omni.kit.hydra_texture-1.4.6] startup
[5.271s] [ext: omni.kit.window.filepicker-2.13.4] startup
[5.282s] [ext: omni.kit.menu.utils-2.0.5] startup
[5.288s] [ext: omni.kit.context_menu-1.8.6] startup
[5.290s] [ext: omni.kit.widget.viewport-107.1.3] startup
[5.293s] [ext: omni.kit.viewport.registry-104.0.6] startup
[5.294s] [ext: omni.kit.window.DEBUG:AutoNode:Defining data type 'any' as 'Any'
DEBUG:AutoNode:Defining data type 'bool' as 'Bool' and array 'BoolArray
DEBUG:AutoNode:Defining data type 'bundle' as 'Bundle'
DEBUG:AutoNode:Defining data type 'colord[3]' as 'Color3d' and array 'Color3dArray
DEBUG:AutoNode:Defining data type 'colorf[3]' as 'Color3f' and array 'Color3fArray
DEBUG:AutoNode:Defining data type 'colorh[3]' as 'Color3h' and array 'Color3hArray
DEBUG:AutoNode:Defining data type 'colord[4]' as 'Color4d' and array 'Color4dArray
DEBUG:AutoNode:Defining data type 'colorf[4]' as 'Color4f' and array 'Color4fArray
DEBUG:AutoNode:Defining data type 'colorh[4]' as 'Color4h' and array 'Color4hArray
DEBUG:AutoNode:Defining data type 'double' as 'Double' and array 'DoubleArray
DEBUG:AutoNode:Defining data type 'double[2]' as 'Double2' and array 'Double2Array
DEBUG:AutoNode:Defining data type 'double[3]' as 'Double3' and array 'Double3Array
DEBUG:AutoNode:Defining data type 'double[4]' as 'Double4' and array 'Double4Array
DEBUG:AutoNode:Defining data type 'execution' as 'Execution'
DEBUG:AutoNode:Defining data type 'float' as 'Float' and array 'FloatArray
DEBUG:AutoNode:Defining data type 'float[2]' as 'Float2' and array 'Float2Array
DEBUG:AutoNode:Defining data type 'float[3]' as 'Float3' and array 'Float3Array
DEBUG:AutoNode:Defining data type 'float[4]' as 'Float4' and array 'Float4Array
DEBUG:AutoNode:Defining data type 'frame[4]' as 'Frame' and array 'FrameArray
DEBUG:AutoNode:Defining data type 'half' as 'Half' and array 'HalfArray
DEBUG:AutoNode:Defining data type 'half[2]' as 'Half2' and array 'Half2Array
DEBUG:AutoNode:Defining data type 'half[3]' as 'Half3' and array 'Half3Array
DEBUG:AutoNode:Defining data type 'half[4]' as 'Half4' and array 'Half4Array
DEBUG:AutoNode:Defining data type 'int' as 'Int' and array 'IntArray
DEBUG:AutoNode:Defining data type 'int[2]' as 'Int2' and array 'Int2Array
DEBUG:AutoNode:Defining data type 'int[3]' as 'Int3' and array 'Int3Array
DEBUG:AutoNode:Defining data type 'int[4]' as 'Int4' and array 'Int4Array
DEBUG:AutoNode:Defining data type 'int64' as 'Int64' and array 'Int64Array
DEBUG:AutoNode:Defining data type 'matrixd[2]' as 'Matrix2d' and array 'Matrix2dArray
DEBUG:AutoNode:Defining data type 'matrixd[3]' as 'Matrix3d' and array 'Matrix3dArray
DEBUG:AutoNode:Defining data type 'matrixd[4]' as 'Matrix4d' and array 'Matrix4dArray
DEBUG:AutoNode:Defining data type 'normald[3]' as 'Normal3d' and array 'Normal3dArray
DEBUG:AutoNode:Defining data type 'normalf[3]' as 'Normal3f' and array 'Normal3fArray
DEBUG:AutoNode:Defining data type 'normalh[3]' as 'Normal3h' and array 'Normal3hArray
DEBUG:AutoNode:Defining data type 'objectId' as 'ObjectId' and array 'ObjectIdArray
DEBUG:AutoNode:Defining data type 'path' as 'Path'
DEBUG:AutoNode:Defining data type 'pointd[3]' as 'Point3d' and array 'Point3dArray
DEBUG:AutoNode:Defining data type 'pointf[3]' as 'Point3f' and array 'Point3fArray
DEBUG:AutoNode:Defining data type 'pointh[3]' as 'Point3h' and array 'Point3hArray
DEBUG:AutoNode:Defining data type 'quatd[4]' as 'Quatd' and array 'QuatdArray
DEBUG:AutoNode:Defining data type 'quatf[4]' as 'Quatf' and array 'QuatfArray
DEBUG:AutoNode:Defining data type 'quath[4]' as 'Quath' and array 'QuathArray
DEBUG:AutoNode:Defining data type 'string' as 'String'
DEBUG:AutoNode:Defining data type 'target' as 'Target'
DEBUG:AutoNode:Defining data type 'texcoordd[2]' as 'TexCoord2d' and array 'TexCoord2dArray
DEBUG:AutoNode:Defining data type 'texcoordf[2]' as 'TexCoord2f' and array 'TexCoord2fArray
DEBUG:AutoNode:Defining data type 'texcoordh[2]' as 'TexCoord2h' and array 'TexCoord2hArray
DEBUG:AutoNode:Defining data type 'texcoordd[3]' as 'TexCoord3d' and array 'TexCoord3dArray
DEBUG:AutoNode:Defining data type 'texcoordf[3]' as 'TexCoord3f' and array 'TexCoord3fArray
DEBUG:AutoNode:Defining data type 'texcoordh[3]' as 'TexCoord3h' and array 'TexCoord3hArray
DEBUG:AutoNode:Defining data type 'timecode' as 'Timecode' and array 'TimecodeArray
DEBUG:AutoNode:Defining data type 'token' as 'Token' and array 'TokenArray
DEBUG:AutoNode:Defining data type 'uchar' as 'UChar' and array 'UCharArray
DEBUG:AutoNode:Defining data type 'uint' as 'UInt' and array 'UIntArray
DEBUG:AutoNode:Defining data type 'uint64' as 'UInt64' and array 'UInt64Array
DEBUG:AutoNode:Defining data type 'vectord[3]' as 'Vector3d' and array 'Vector3dArray
DEBUG:AutoNode:Defining data type 'vectorf[3]' as 'Vector3f' and array 'Vector3fArray
DEBUG:AutoNode:Defining data type 'vectorh[3]' as 'Vector3h' and array 'Vector3hArray
file_importer-1.1.18] startup
[5.295s] [ext: omni.kit.raycast.query-1.1.0] startup
[5.301s] [ext: omni.kit.material.library-2.0.7] startup
[5.306s] [ext: omni.kit.window.drop_support-1.0.5] startup
[5.306s] [ext: omni.hydra.engine.stats-1.0.3] startup
[5.308s] [ext: omni.kit.viewport.window-107.2.0] startup
[5.322s] [ext: omni.kit.widget.zoombar-1.0.6] startup
[5.323s] [ext: omni.kit.widget.searchfield-1.1.8] startup
[5.324s] [ext: omni.kit.widget.filter-1.1.4] startup
[5.325s] [ext: omni.kit.window.file_exporter-1.0.33] startup
[5.326s] [ext: omni.kit.hotkeys.core-1.3.10] startup
[5.326s] [ext: omni.kit.browser.core-2.3.13] startup
[5.330s] [ext: omni.kit.stage_template.core-1.1.22] startup
[5.330s] [ext: omni.kit.widget.stage-3.1.4] startup
[5.340s] [ext: omni.kit.browser.folder.core-1.10.9] startup
[5.345s] [ext: omni.kit.window.file-2.0.5] startup
[5.348s] [ext: omni.kit.window.content_browser_registry-0.0.6] startup
[5.348s] [ext: omni.kit.widget.prompt-1.0.7] startup
[5.349s] [ext: omni.kit.usd.collect-2.4.5] startup
[5.351s] [ext: omni.graph.tools-1.79.2] startup
[5.373s] [ext: omni.kit.window.content_browser-3.1.3] startup
[5.380s] [ext: omni.kit.usdz_export-1.0.9] startup
[5.382s] [ext: omni.graph.action_core-1.1.7] startup
[5.384s] [ext: omni.graph-1.141.2] startup
[5.414s] [ext: omni.kit.widget.stage_icons-1.0.8] startup
[5.415s] [ext: omni.kit.tool.asset_importer-4.3.2] startup
[5.420s] [ext: omni.graph.action_nodes-1.50.4] startup
[5.425s] [ext: omni.kit.window.stage-2.6.1] startup
[5.431s] [ext: omni.kit.widget.searchable_combobox-1.0.6] startup
[5.432s] [ext: omni.graph.action-1.130.0] startup
[5.433s] [ext: omni.kit.menu.stage-1.2.7] startup
[5.435s] [ext: omni.kit.widget.settings-1.2.6] startup
[5.438s] [ext: omni.kit.viewport.utility-1.1.2] startup
[5.439s] [ext: omni.kit.property.adapter.core-1.0.2] startup
[5.451s] [ext: omni.kit.window.preferences-1.8.0] startup
[5.457s] [ext: omni.kit.viewport.actions-107.0.2] startup
[5.460s] [ext: omni.kit.widget.highlight_label-1.0.3] startup
[5.461s] [ext: omni.kit.property.adapter.usd-1.0.2] startup
[5.462s] [ext: omni.kit.viewport.menubar.core-107.2.1] startup
[5.473s] [ext: omni.kit.property.adapter.fabric-1.0.3] startup
[5.474s] [ext: omni.kit.viewport.menubar.display-107.0.3] startup
[5.476s] [ext: omni.kit.window.property-1.12.1] startup
[5.479s] [ext: omni.ui_query-1.1.8] startup
[5.480s] [ext: omni.kit.property.usd-4.5.12] startup
[5.489s] [ext: omni.kit.menu.create-2.0.1] startup
[5.491s] [ext: isaacsim.core.version-2.0.6] startup
[5.493s] [ext: omni.kit.ui_test-1.3.7] startup
[5.495s] [ext: omni.kit.scripting-107.3.2] startup
[5.499s] [ext: omni.convexdecomposition-107.3.26] startup
[5.502s] [ext: isaacsim.storage.native-1.5.1] startup
[5.504s] [ext: omni.kit.widget.toolbar-2.0.1] startup
[5.512s] [ext: omni.kit.manipulator.transform-107.0.0] startup
[5.516s] [ext: omni.kvdb-107.3.26] startup
[5.518s] [ext: omni.usdphysics-107.3.26] startup
[5.520s] [ext: omni.physx.foundation-107.3.26] startup
[5.523s] [ext: omni.localcache-107.3.26] startup
[5.524s] [ext: omni.kit.window.extensions-1.4.27] startup
[5.530s] [ext: omni.physx.cooking-107.3.26] startup
[5.533s] [ext: omni.kit.manipulator.viewport-107.0.1] startup
[5.535s] [ext: omni.physx-107.3.26] startup
[5.542s] [ext: omni.graph.visualization.nodes-2.1.3] startup
[5.547s] [ext: isaacsim.replicator.behavior-1.1.16] startup
[5.548s] [ext: omni.kit.tool.collect-2.2.18] startup
[5.553s] [ext: omni.kit.manipulator.tool.snap-1.5.13] startup
[5.557s] [ext: omni.kit.manipulator.selector-1.1.3] startup
[5.558s] [ext: isaacsim.gui.components-1.2.1] startup
[5.562s] [ext: isaacsim.examples.browser-0.2.1] startup
[5.566s] [ext: isaacsim.asset.importer.urdf-2.4.30] startup
[5.627s] [ext: omni.kit.viewport.manipulator.transform-107.0.4] startup
[5.633s] [ext: omni.kit.primitive.mesh-1.0.17] startup
[5.637s] [ext: omni.kit.manipulator.prim.core-107.0.8] startup
[5.644s] [ext: omni.fabric.commands-1.1.6] startup
[5.647s] [ext: omni.kit.manipulator.prim.usd-107.0.3] startup
[5.648s] [ext: omni.kit.manipulator.prim.fabric-107.0.4] startup
[5.649s] [ext: omni.kit.widget.layers-1.8.6] startup
[5.659s] [ext: omni.kit.manipulator.selection-106.0.1] startup
[5.661s] [ext: omni.kit.manipulator.prim-107.0.0] startup
[5.661s] [ext: omni.debugdraw-0.1.4] startup
[5.665s] [ext: omni.physics-107.3.26] startup
[5.668s] [ext: omni.usdphysics.ui-107.3.26] startup
[5.685s] [ext: omni.physx.commands-107.3.26] startup
[5.690s] [ext: omni.physics.stageupdate-107.3.26] startup
[5.692s] [ext: omni.kit.window.toolbar-2.0.0] startup
[5.694s] [ext: omni.physx.ui-107.3.26] startup
[5.717s] [ext: omni.kit.widget.graph-2.0.0] startup
[5.724s] [ext: omni.physx.supportui-107.3.26] startup
[5.734s] [ext: omni.kit.graph.delegate.default-1.2.3] startup
[5.736s] [ext: omni.kit.numpy.common-0.1.3] startup
[5.737s] [ext: omni.usd.metrics.assembler-107.3.1] startup
[5.741s] [ext: omni.physics.physx-107.3.26] startup
2026-10-02T18:28:12Z [5,729ms] [Warning] [carb] Acquiring non optional plugin interface which is not listed as dependency: [omni::physx::IPhysxBenchmarks v1.0] (plugin: <default plugin>), by client: omni.physics.physx.plugin. Add it to CARB_PLUGIN_IMPL_DEPS() macro of a client.
[5.743s] [ext: omni.physics.tensors-107.3.26] startup
[5.747s] [ext: omni.warp.core-1.8.2] startup
[5.748s] [ext: omni.usd.metrics.assembler.physics-107.3.26] startup
[5.750s] [ext: omni.isaac.dynamic_control-2.0.7] startup
2026-10-02T18:28:12Z [5,741ms] [Warning] [omni.isaac.dynamic_control] omni.isaac.dynamic_control is deprecated as of Isaac Sim 4.5. No action is needed from end-users.
[5.755s] [ext: omni.physx.tensors-107.3.26] startup
[5.759s] [ext: isaacsim.core.utils-3.5.1] startup
[5.763s] [ext: omni.graph.image.core-0.6.1] startup
[5.764s] [ext: isaacsim.core.simulation_manager-1.4.4] startup
[5.837s] [ext: omni.graph.image.nodes-1.3.1] startup
[5.838s] [ext: omni.kit.stage_templates-2.0.0] startup
[5.841s] [ext: isaacsim.core.prims-0.6.1] startup
[5.859s] [ext: omni.syntheticdata-0.6.13] startup
[5.869s] [ext: isaacsim.core.api-4.8.0] startup
[5.886s] [ext: omni.videoencoding-0.1.2] startup
[5.889s] [ext: isaacsim.core.experimental.utils-0.3.0] startup
[5.890s] [ext: omni.kit.graph.editor.core-1.5.3] startup
[5.893s] [ext: omni.kit.graph.usd.commands-1.3.1] startup
[5.894s] [ext: isaacsim.simulation_app-2.12.2] startup
[5.894s] [ext: omni.graph.ui_nodes-1.50.5] startup
[5.898s] [ext: omni.graph.nodes-1.170.10] startup
[5.906s] [ext: omni.kit.widget.material_preview-1.0.16] startup
[5.910s] [ext: isaacsim.test.docstring-1.1.0] startup
[5.914s] [ext: omni.isaac.kit-2.0.6] startup
2026-10-02T18:28:12Z [5,901ms] [Warning] [omni.isaac.kit] omni.isaac.kit has been deprecated in favor of isaacsim.simulation_app. Please update your code accordingly.
[5.914s] [ext: isaacsim.robot_motion.lula-4.0.8] startup
[5.922s] [ext: omni.warp-1.8.2] startup
[5.933s] [ext: omni.kit.window.material_graph-1.9.1] startup
[5.953s] [ext: omni.graph.scriptnode-1.50.0] startup
[5.957s] [ext: isaacsim.robot_motion.motion_generation-8.0.26] startup
[5.975s] [ext: isaacsim.core.experimental.prims-0.8.1] startup
[6.008s] [ext: omni.replicator.core-1.12.27] startup
2026-10-02T18:28:12Z [6,004ms] [Warning] [pxr.Semantics] pxr.Semantics is deprecated - please use Semantics instead
2026-10-02T18:28:12Z [6,050ms] [Warning] [omni.graph.core.plugin] Found duplicate of category 'Replicator' - was 'Annotators', adding 'Fabric Reader'
2026-10-02T18:28:12Z [6,050ms] [Warning] [omni.graph.core.plugin] Category 'Replicator' not accepted on node type 'omni.replicator.core.FabricReader' in extension 'omni.replicator.core'
2026-10-02T18:28:12Z [6,050ms] [Warning] [omni.replicator.core.scripts.extension] No material configuration file, adding configuration to material settings directly.
[6.066s] [ext: isaacsim.robot_motion.lula_test_widget-1.0.12] startup
[6.071s] [ext: isaacsim.robot.surface_gripper-3.3.1] startup
[6.076s] [ext: isaacsim.core.nodes-3.4.3] startup
[6.086s] [ext: omni.isaac.lula_test_widget-1.0.6] startup
2026-10-02T18:28:12Z [6,074ms] [Warning] [omni.isaac.lula_test_widget] omni.isaac.lula_test_widget has been deprecated in favor of isaacsim.robot_motion.lula_test_widget. Please update your code accordingly.
[6.090s] [ext: isaacsim.robot.manipulators-3.3.6] startup
[6.099s] [ext: isaacsim.core.experimental.objects-0.4.0] startup
[6.118s] [ext: isaacsim.core.experimental.materials-0.4.0] startup
[6.129s] [ext: isaacsim.core.throttling-2.2.2] startup
[6.132s] [ext: isaacsim.robot.manipulators.examples-1.1.2] startup
[6.134s] [ext: omni.flowusd-107.1.8] startup
2026-10-02T18:28:12Z [6,124ms] [Warning] [omni.stageupdate.plugin] Deprecated: direct use of IStageUpdate callbacks is deprecated. Use IStageUpdate::getStageUpdate instead.
[6.142s] [ext: isaacsim.cortex.framework-1.0.12] startup
[6.144s] [ext: omni.isaac.core_nodes-2.0.6] startup
2026-10-02T18:28:12Z [6,132ms] [Warning] [omni.isaac.core_nodes] omni.isaac.core_nodes has been deprecated in favor of isaacsim.core.nodes. Please update your code accordingly.
[6.146s] [ext: omni.isaac.cortex-1.0.5] startup
2026-10-02T18:28:12Z [6,134ms] [Warning] [omni.isaac.cortex] omni.isaac.cortex has been deprecated in favor of isaacsim.cortex.framework. Please update your code accordingly.
[6.148s] [ext: omni.anim.curve.core-1.3.1] startup
[6.160s] [ext: omni.isaac.franka-1.0.7] startup
2026-10-02T18:28:12Z [6,148ms] [Warning] [omni.isaac.franka] omni.isaac.franka has been deprecated in favor of isaacsim.robot.manipulators.examples.franka. Please update your code accordingly.
2026-10-02T18:28:12Z [6,148ms] [Warning] [omni.isaac.franka.franka] omni.isaac.franka has been deprecated in favor of isaacsim.robot.manipulators.examples.franka. Please update your code accordingly.
2026-10-02T18:28:12Z [6,161ms] [Warning] [omni.isaac.franka.kinematics_solver] omni.isaac.franka has been deprecated in favor of isaacsim.robot.manipulators.examples.franka. Please update your code accordingly.
[6.174s] [ext: omni.kit.viewport.menubar.camera-107.0.6] startup
[6.184s] [ext: omni.isaac.lula-4.0.6] startup
2026-10-02T18:28:12Z [6,172ms] [Warning] [omni.isaac.lula] omni.isaac.lula has been deprecated in favor of isaacsim.robot_motion.lula. Please update your code accordingly.
[6.186s] [ext: omni.kit.selection-0.1.6] startup
[6.188s] [ext: omni.kit.viewport.menubar.settings-107.0.3] startup
[6.194s] [ext: omni.isaac.manipulators-3.0.7] startup
2026-10-02T18:28:12Z [6,181ms] [Warning] [omni.isaac.manipulators] omni.isaac.manipulators has been deprecated in favor of isaacsim.robot.manipulators. Please update your code accordingly.
2026-10-02T18:28:12Z [6,181ms] [Warning] [omni.isaac.manipulators.controllers] omni.isaac.manipulators has been deprecated in favor of isaacsim.robot.manipulators. Please update your code accordingly.
2026-10-02T18:28:12Z [6,182ms] [Warning] [omni.isaac.manipulators.controllers.pick_place_controller] omni.isaac.manipulators has been deprecated in favor of isaacsim.robot.manipulators. Please update your code accordingly.
2026-10-02T18:28:12Z [6,183ms] [Warning] [omni.isaac.manipulators.controllers.stacking_controller] omni.isaac.manipulators has been deprecated in favor of isaacsim.robot.manipulators. Please update your code accordingly.
2026-10-02T18:28:12Z [6,184ms] [Warning] [omni.isaac.manipulators.grippers] omni.isaac.manipulators has been deprecated in favor of isaacsim.robot.manipulators. Please update your code accordingly.
2026-10-02T18:28:12Z [6,184ms] [Warning] [omni.isaac.manipulators.grippers.gripper] omni.isaac.manipulators has been deprecated in favor of isaacsim.robot.manipulators. Please update your code accordingly.
2026-10-02T18:28:12Z [6,184ms] [Warning] [omni.isaac.manipulators.grippers.parallel_gripper] omni.isaac.manipulators has been deprecated in favor of isaacsim.robot.manipulators. Please update your code accordingly.
2026-10-02T18:28:12Z [6,184ms] [Warning] [omni.isaac.manipulators.grippers.surface_gripper] omni.isaac.manipulators has been deprecated in favor of isaacsim.robot.manipulators. Please update your code accordingly.
2026-10-02T18:28:12Z [6,185ms] [Warning] [omni.isaac.manipulators.manipulators] omni.isaac.manipulators has been deprecated in favor of isaacsim.robot.manipulators. Please update your code accordingly.
2026-10-02T18:28:12Z [6,185ms] [Warning] [omni.isaac.manipulators.manipulators.single_manipulator] omni.isaac.manipulators has been deprecated in favor of isaacsim.robot.manipulators. Please update your code accordingly.
[6.198s] [ext: isaacsim.gui.menu-2.4.4] startup
[6.278s] [ext: isaacsim.sensors.physics-0.4.3] startup
[6.313s] [ext: isaacsim.asset.browser-1.3.23] startup
[6.391s] [ext: omni.isaac.menu-1.0.6] startup
2026-10-02T18:28:12Z [6,381ms] [Warning] [omni.isaac.menu] omni.isaac.menu has been deprecated in favor of isaacsim.gui.menu. Please update your code accordingly.
[6.401s] [ext: isaacsim.robot.policy.examples-4.1.11] startup
[6.448s] [ext: omni.isaac.motion_generation-8.0.7] startup
2026-10-02T18:28:12Z [6,440ms] [Warning] [omni.isaac.motion_generation] omni.isaac.motion_generation has been deprecated in favor of isaacsim.robot_motion.motion_generation. Please update your code accordingly.
2026-10-02T18:28:12Z [6,441ms] [Warning] [omni.isaac.motion_generation.articulation_kinematics_solver] omni.isaac.motion_generation has been deprecated in favor of isaacsim.robot_motion.motion_generation. Please update your code accordingly.
2026-10-02T18:28:12Z [6,441ms] [Warning] [omni.isaac.motion_generation.articulation_motion_policy] omni.isaac.motion_generation has been deprecated in favor of isaacsim.robot_motion.motion_generation. Please update your code accordingly.
2026-10-02T18:28:12Z [6,442ms] [Warning] [omni.isaac.motion_generation.articulation_trajectory] omni.isaac.motion_generation has been deprecated in favor of isaacsim.robot_motion.motion_generation. Please update your code accordingly.
2026-10-02T18:28:12Z [6,442ms] [Warning] [omni.isaac.motion_generation.kinematics_interface] omni.isaac.motion_generation has been deprecated in favor of isaacsim.robot_motion.motion_generation. Please update your code accordingly.
2026-10-02T18:28:12Z [6,442ms] [Warning] [omni.isaac.motion_generation.lula] omni.isaac.motion_generation has been deprecated in favor of isaacsim.robot_motion.motion_generation. Please update your code accordingly.
2026-10-02T18:28:12Z [6,442ms] [Warning] [omni.isaac.motion_generation.lula.kinematics] omni.isaac.motion_generation has been deprecated in favor of isaacsim.robot_motion.motion_generation. Please update your code accordingly.
2026-10-02T18:28:12Z [6,443ms] [Warning] [omni.isaac.motion_generation.lula.motion_policies] omni.isaac.motion_generation has been deprecated in favor of isaacsim.robot_motion.motion_generation. Please update your code accordingly.
2026-10-02T18:28:12Z [6,443ms] [Warning] [omni.isaac.motion_generation.lula.path_planners] omni.isaac.motion_generation has been deprecated in favor of isaacsim.robot_motion.motion_generation. Please update your code accordingly.
2026-10-02T18:28:12Z [6,443ms] [Warning] [omni.isaac.motion_generation.lula.trajectory_generator] omni.isaac.motion_generation has been deprecated in favor of isaacsim.robot_motion.motion_generation. Please update your code accordingly.
2026-10-02T18:28:12Z [6,443ms] [Warning] [omni.isaac.motion_generation.motion_policy_controller] omni.isaac.motion_generation has been deprecated in favor of isaacsim.robot_motion.motion_generation. Please update your code accordingly.
2026-10-02T18:28:12Z [6,443ms] [Warning] [omni.isaac.motion_generation.motion_policy_interface] omni.isaac.motion_generation has been deprecated in favor of isaacsim.robot_motion.motion_generation. Please update your code accordingly.
2026-10-02T18:28:12Z [6,444ms] [Warning] [omni.isaac.motion_generation.path_planner_visualizer] omni.isaac.motion_generation has been deprecated in favor of isaacsim.robot_motion.motion_generation. Please update your code accordingly.
2026-10-02T18:28:12Z [6,444ms] [Warning] [omni.isaac.motion_generation.path_planning_interface] omni.isaac.motion_generation has been deprecated in favor of isaacsim.robot_motion.motion_generation. Please update your code accordingly.
2026-10-02T18:28:12Z [6,444ms] [Warning] [omni.isaac.motion_generation.trajectory] omni.isaac.motion_generation has been deprecated in favor of isaacsim.robot_motion.motion_generation. Please update your code accordingly.
2026-10-02T18:28:12Z [6,444ms] [Warning] [omni.isaac.motion_generation.world_interface] omni.isaac.motion_generation has been deprecated in favor of isaacsim.robot_motion.motion_generation. Please update your code accordingly.
[6.458s] [ext: omni.isaac.asset_browser-1.0.6] startup
2026-10-02T18:28:12Z [6,446ms] [Warning] [omni.isaac.asset_browser] omni.isaac.asset_browser has been deprecated in favor of isaacsim.asset.browser. Please update your code accordingly.
[6.461s] [ext: omni.isaac.nucleus-1.0.6] startup
2026-10-02T18:28:12Z [6,451ms] [Warning] [omni.isaac.nucleus] omni.isaac.nucleus has been deprecated in favor of isaacsim.storage.native. Please update your code accordingly.
2026-10-02T18:28:12Z [6,451ms] [Warning] [omni.isaac.nucleus.nucleus] omni.isaac.nucleus.nucleus has been deprecated in favor of isaacsim.storage.native. Please update your code accordingly.
[6.465s] [ext: omni.isaac.quadruped-3.0.7] startup
2026-10-02T18:28:12Z [6,452ms] [Warning] [omni.isaac.quadruped] omni.isaac.quadruped has been deprecated in favor of isaacsim.robot.policy.examples. Please update your code accordingly.
[6.467s] [ext: omni.isaac.assets_check-0.3.13] startup
2026-10-02T18:28:12Z [6,456ms] [Warning] [omni.isaac.assets_check] omni.isaac.assets_check has been deprecated in favor of isaacsim.asset.browser. Please update your code accordingly.
[6.471s] [ext: isaacsim.gui.content_browser-0.1.11] startup
[6.475s] [ext: omni.isaac.utils-2.0.6] startup
[6.482s] [ext: isaacsim.robot.wheeled_robots-4.0.24] startup
[6.494s] [ext: isaacsim.app.about-2.0.11] startup
[6.496s] [ext: omni.isaac.version-2.0.7] startup
2026-10-02T18:28:13Z [6,484ms] [Warning] [omni.isaac.version] omni.isaac.version has been deprecated in favor of isaacsim.core.version. Please update your code accordingly.
[6.498s] [ext: isaacsim.cortex.behaviors-2.0.14] startup
[6.499s] [ext: omni.isaac.wheeled_robots-3.0.7] startup
2026-10-02T18:28:13Z [6,487ms] [Warning] [omni.isaac.wheeled_robots] omni.isaac.wheeled_robots has been deprecated in favor of isaacsim.robot.wheeled_robots. Please update your code accordingly.
2026-10-02T18:28:13Z [6,488ms] [Warning] [omni.isaac.wheeled_robots.controllers] omni.isaac.wheeled_robots has been deprecated in favor of isaacsim.robot.wheeled_robots. Please update your code accordingly.
2026-10-02T18:28:13Z [6,488ms] [Warning] [omni.isaac.wheeled_robots.controllers.ackermann_controller] omni.isaac.wheeled_robots has been deprecated in favor of isaacsim.robot.wheeled_robots. Please update your code accordingly.
2026-10-02T18:28:13Z [6,488ms] [Warning] [omni.isaac.wheeled_robots.controllers.differential_controller] omni.isaac.wheeled_robots has been deprecated in favor of isaacsim.robot.wheeled_robots. Please update your code accordingly.
2026-10-02T18:28:13Z [6,489ms] [Warning] [omni.isaac.wheeled_robots.controllers.holonomic_controller] omni.isaac.wheeled_robots has been deprecated in favor of isaacsim.robot.wheeled_robots. Please update your code accordingly.
2026-10-02T18:28:13Z [6,489ms] [Warning] [omni.isaac.wheeled_robots.controllers.quintic_path_planner] omni.isaac.wheeled_robots has been deprecated in favor of isaacsim.robot.wheeled_robots. Please update your code accordingly.
2026-10-02T18:28:13Z [6,489ms] [Warning] [omni.isaac.wheeled_robots.controllers.stanley_control] omni.isaac.wheeled_robots has been deprecated in favor of isaacsim.robot.wheeled_robots. Please update your code accordingly.
2026-10-02T18:28:13Z [6,489ms] [Warning] [omni.isaac.wheeled_robots.controllers.wheel_base_pose_controller] omni.isaac.wheeled_robots has been deprecated in favor of isaacsim.robot.wheeled_robots. Please update your code accordingly.
2026-10-02T18:28:13Z [6,489ms] [Warning] [omni.isaac.wheeled_robots.impl] omni.isaac.wheeled_robots has been deprecated in favor of isaacsim.robot.wheeled_robots. Please update your code accordingly.
2026-10-02T18:28:13Z [6,489ms] [Warning] [omni.isaac.wheeled_robots.robots] omni.isaac.wheeled_robots has been deprecated in favor of isaacsim.robot.wheeled_robots. Please update your code accordingly.
2026-10-02T18:28:13Z [6,490ms] [Warning] [omni.isaac.wheeled_robots.robots.holonomic_robot_usd_setup] omni.isaac.wheeled_robots has been deprecated in favor of isaacsim.robot.wheeled_robots. Please update your code accordingly.
2026-10-02T18:28:13Z [6,491ms] [Warning] [omni.isaac.wheeled_robots.robots.wheeled_robot] omni.isaac.wheeled_robots has been deprecated in favor of isaacsim.robot.wheeled_robots. Please update your code accordingly.
[6.505s] [ext: omni.isaac.window.about-2.0.7] startup
2026-10-02T18:28:13Z [6,496ms] [Warning] [omni.isaac.window.about] omni.isaac.window.about has been deprecated in favor of isaacsim.app.about. Please update your code accordingly.
2026-10-02T18:28:13Z [6,496ms] [Warning] [omni.isaac.window.about.about] omni.isaac.window.about.about has been deprecated in favor of isaacsim.app.about.about. Please update your code accordingly.
[6.510s] [ext: omni.kit.manipulator.camera-106.0.4] startup
[6.517s] [ext: omni.isaac.cortex.sample_behaviors-2.0.5] startup
2026-10-02T18:28:13Z [6,504ms] [Warning] [omni.isaac.cortex.sample_behaviors] omni.isaac.cortex.sample_behaviors has been deprecated in favor of isaacsim.cortex.behaviors. Please update your code accordingly.
[6.517s] [ext: omni.sensors.nv.common-3.0.0] startup
[6.524s] [ext: omni.kit.property.audio-1.0.16] startup
[6.526s] [ext: omni.kit.property.camera-1.0.10] startup
[6.528s] [ext: omni.sensors.net-1.0.0] startup
[6.531s] [ext: omni.sensors.nv.materials-2.0.0] startup
[6.535s] [ext: omni.kit.property.geometry-2.0.4] startup
[6.538s] [ext: omni.kit.property.light-1.0.12] startup
[6.567s] [ext: omni.kit.property.material-1.11.9] startup
[6.574s] [ext: omni.sensors.nv.ids-2.0.0] startup
[6.575s] [ext: omni.sensors.nv.wpm-3.0.0] startup
[6.577s] [ext: omni.sensors.nv.lidar-3.0.0] startup
[6.583s] [ext: omni.hydra.scene_api-0.1.2] startup
[6.588s] [ext: isaacsim.util.debug_draw-3.1.0] startup
[6.592s] [ext: omni.sensors.nv.radar-3.0.0] startup
[6.595s] [ext: omni.kit.property.render-1.2.1] startup
[6.596s] [ext: omni.kit.property.transform-1.5.13] startup
[6.600s] [ext: isaacsim.gui.property-1.1.3] startup
[6.602s] [ext: isaacsim.sensors.physx-2.3.2] startup
[6.607s] [ext: isaacsim.sensors.camera-1.3.6] startup
[6.613s] [ext: isaacsim.sensors.rtx-15.8.4] startup
[6.621s] [ext: isaacsim.core.cloner-1.4.10] startup
[6.625s] [ext: omni.kit.property.bundle-1.4.1] startup
[6.627s] [ext: omni.kit.property.isaac-1.0.6] startup
2026-10-02T18:28:13Z [6,615ms] [Warning] [omni.kit.property.isaac] omni.kit.property.isaac has been deprecated in favor of isaacsim.gui.property. Please update your code accordingly.
2026-10-02T18:28:13Z [6,615ms] [Warning] [omni.kit.property.isaac.widgets] omni.kit.property.isaac.widgets has been deprecated in favor of isaacsim.gui.property.widgets. Please update your code accordingly.
[6.628s] [ext: omni.isaac.range_sensor-4.0.6] startup
2026-10-02T18:28:13Z [6,615ms] [Warning] [omni.isaac.range_sensor] omni.isaac.range_sensor has been deprecated in favor of isaacsim.sensors.physx. Please update your code accordingly.
2026-10-02T18:28:13Z [6,616ms] [Warning] [omni.isaac.range_sensor.commands] omni.isaac.range_sensor.commands has been deprecated in favor of isaacsim.sensors.physx.commands. Please update your code accordingly.
[6.629s] [ext: isaacsim.replicator.writers-1.0.17] startup
[6.644s] [ext: omni.isaac.sensor-13.0.7] startup
2026-10-02T18:28:13Z [6,633ms] [Warning] [omni.isaac.sensor] omni.isaac.sensor has been deprecated in favor of isaacsim.sensors.camera, isaacsim.sensors.physics, isaacsim.sensors.physx, and isaacsim.sensors.rtx. Please update your code accordingly.
2026-10-02T18:28:13Z [6,633ms] [Warning] [omni.isaac.sensor.camera] omni.isaac.sensor.camera has been deprecated in favor of isaacsim.sensors.camera.camera. Please update your code accordingly.
2026-10-02T18:28:13Z [6,633ms] [Warning] [omni.isaac.sensor.camera_view] omni.isaac.sensor.camera_view has been deprecated in favor of isaacsim.sensors.camera.camera_view. Please update your code accordingly.
2026-10-02T18:28:13Z [6,634ms] [Warning] [omni.isaac.sensor.commands] omni.isaac.sensor.commands has been deprecated in favor of isaacsim.sensors.physics.commands, isaacsim.sensors.physx.commands, and isaacsim.sensors.rtx.commands. Please update your code accordingly.
2026-10-02T18:28:13Z [6,634ms] [Warning] [omni.isaac.sensor.contact_sensor] omni.isaac.sensor.contact_sensor has been deprecated in favor of isaacsim.sensors.physics.contact_sensor. Please update your code accordingly.
2026-10-02T18:28:13Z [6,634ms] [Warning] [omni.isaac.sensor.imu_sensor] omni.isaac.sensor.imu_sensor has been deprecated in favor of isaacsim.sensors.physics.imu_sensor. Please update your code accordingly.
2026-10-02T18:28:13Z [6,634ms] [Warning] [omni.isaac.sensor.lidar_rtx] omni.isaac.sensor.lidar_rtx has been deprecated in favor of isaacsim.sensors.rtx.lidar_rtx. Please update your code accordingly.
2026-10-02T18:28:13Z [6,635ms] [Warning] [omni.isaac.sensor.rotating_lidar_physX] omni.isaac.sensor.imu_sensor has been deprecated in favor of isaacsim.sensors.physix.rotating_lidar_physX. Please update your code accordingly.
2026-10-02T18:28:13Z [6,636ms] [Warning] [omni.isaac.sensor.scripts.samples.contact_sensor] omni.isaac.sensor.scripts.samples.contact_sensor has been deprecated in favor of isaacsim.sensors.physics.scripts.samples.contact_sensor. Please update your code accordingly.
2026-10-02T18:28:13Z [6,636ms] [Warning] [omni.isaac.sensor.scripts.samples.imu_sensor] omni.isaac.sensor.scripts.samples.imu_sensor has been deprecated in favor of isaacsim.sensors.physics.scripts.samples.imu_sensor. Please update your code accordingly.
2026-10-02T18:28:13Z [6,637ms] [Warning] [omni.isaac.sensor.scripts.samples.lightbeam_sensor] omni.isaac.sensor.scripts.samples.lightbeam_sensor has been deprecated in favor of isaacsim.sensors.physx.scripts.samples.lightbeam_sensor. Please update your code accordingly.
[6.651s] [ext: omni.isaac.cloner-1.0.7] startup
2026-10-02T18:28:13Z [6,639ms] [Warning] [omni.isaac.cloner] omni.isaac.cloner has been deprecated in favor of isaacsim.core.cloner. Please update your code accordingly.
[6.654s] [ext: omni.kit.viewport.menubar.lighting-107.3.1] startup
[6.661s] [ext: omni.kit.viewport.menubar.render-107.0.10] startup
[6.664s] [ext: isaacsim.replicator.domain_randomization-1.0.16] startup
[6.666s] [ext: isaacsim.replicator.examples-1.3.6] startup
[6.668s] [ext: omni.ocio-0.1.1] startup
[6.671s] [ext: omni.rtx.window.settings-0.6.19] startup
[6.681s] [ext: omni.kit.window.console-1.1.4] startup
[6.686s] [ext: omni.kit.window.status_bar-0.1.9] startup
[6.689s] [ext: omni.replicator.isaac-2.0.8] startup
2026-10-02T18:28:13Z [6,677ms] [Warning] [omni.replicator.isaac] omni.replicator.isaac has been deprecated in favor of isaacsim.replicator.domain_randomization, isaacsim.replicator.examples, isaacsim.replicator.writers. Please update your code accordingly.
[6.690s] [ext: omni.replicator.replicator_yaml-2.0.11] startup
[6.695s] [ext: omni.rtx.settings.core-0.6.5] startup
[6.701s] [ext: omni.usd.metrics.assembler.ui-107.3.1] startup
[6.709s] [ext: omni.isaac.surface_gripper-2.0.6] startup
2026-10-02T18:28:13Z [6,696ms] [Warning] [omni.isaac.surface_gripper] omni.isaac.surface_gripper has been deprecated in favor of isaacsim.robot.surface_gripper. Please update your code accordingly.
[6.710s] [ext: semantics.schema.editor-2.0.2] startup
[6.714s] [ext: omni.kit.ui.actions-1.0.5] startup
[6.715s] [ext: semantics.schema.property-2.0.1] startup
[6.717s] [ext: omni.isaac.universal_robots-1.0.6] startup
2026-10-02T18:28:13Z [6,704ms] [Warning] [omni.isaac.universal_robots] omni.isaac.universal_robots has been deprecated in favor of isaacsim.robot.manipulators.examples.universal_robots. Please update your code accordingly.
2026-10-02T18:28:13Z [6,704ms] [Warning] [omni.isaac.universal_robots.kinematics_solver] omni.isaac.franka has been deprecated in favor of isaacsim.robot.manipulators.examples.universal_robots. Please update your code accordingly.
2026-10-02T18:28:13Z [6,705ms] [Warning] [omni.isaac.universal_robots.ur10] omni.isaac.franka has been deprecated in favor of isaacsim.robot.manipulators.examples.universal_robots. Please update your code accordingly.
[6.719s] [ext: omni.isaac.core-4.0.7] startup
2026-10-02T18:28:13Z [6,707ms] [Warning] [omni.isaac.core.physics_context.physics_context] omni.isaac.core.physics_context.physics_context has been deprecated in favor of isaacsim.core.api.physics_context.physics_context. Please update your code accordingly.
2026-10-02T18:28:13Z [6,707ms] [Warning] [omni.isaac.core.simulation_context.simulation_context] omni.isaac.core.simulation_context.simulation_context has been deprecated in favor of isaacsim.core.api.simulation_context.simulation_context. Please update your code accordingly.
2026-10-02T18:28:13Z [6,708ms] [Warning] [omni.isaac.core.world.world] omni.isaac.core.world.world has been deprecated in favor of isaacsim.core.api.world.world. Please update your code accordingly.
2026-10-02T18:28:13Z [6,708ms] [Warning] [omni.isaac.core] omni.isaac.core has been deprecated in favor of isaacsim.core.api. Please update your code accordingly.
[6.721s] [ext: isaacsim.gui.sensors.icon-2.0.3] startup
[6.736s] [ext: isaacsim.asset.importer.mjcf-2.5.13] startup
[6.742s] [ext: omni.kit.menu.common-2.0.1] startup
[6.744s] [ext: isaacsim.exp.base-5.1.0] startup
[6.745s] [ext: omnigibson_5_1_0-3.9.3] startup
[6.746s] Simulation App Starting
2026-10-02T18:28:13Z [7,169ms] [Warning] [omni.fabric.plugin] Warning: attribute viewportHandle not found for bucket id 9

[7.252s] app ready
[0m[00:00:15.979] [INFO] [omnigibson.simulator] ---------- Welcome to OmniGibson! ----------[0m
[33m[00:00:16.277] [WARNING] [omnigibson.scenes.scene_base] Scene file does not contain version information; skipping version compatibility check.[0m
[8.855s] Simulation App Startup Complete
[9.510s] [ext: omni.physx.fabric-107.3.26] startup
2026-10-02T18:28:16Z [9,660ms] [Warning] [omni.fabric.plugin] Warning: attribute physics:filteredGroups not found for path /World/collision_groups/structural_doors

2026-10-02T18:28:17Z [10,513ms] [Warning] [omni.syntheticdata.plugin] OgnSdPostRenderVarToHost : rendervar copy from texture directly to host buffer is counter-performant. Please use copy from texture to device buffer first.
2026-10-02T18:29:36Z [90,327ms] [Warning] [carb] Plugin interface for a client: omni.hydratexture.plugin was already released.
2026-10-02T18:29:41Z [94,737ms] [Warning] [omni.physx.tensors.plugin] DEPRECATED: Please use getDofFrictionProperties instead.
2026-10-02T18:29:41Z [94,738ms] [Warning] [omni.physx.tensors.plugin] DEPRECATED: Please use setDofFrictionProperties instead.
2026-10-02T18:29:41Z [94,738ms] [Warning] [omni.physx.tensors.plugin] DEPRECATED: Please use getDofFrictionProperties instead.
2026-10-02T18:29:41Z [94,738ms] [Warning] [omni.physx.tensors.plugin] DEPRECATED: Please use setDofFrictionProperties instead.
2026-10-02T18:29:41Z [94,764ms] [Warning] [omni.physx.tensors.plugin] DEPRECATED: Please use getDofFrictionProperties instead.
2026-10-02T18:29:41Z [94,764ms] [Warning] [omni.physx.tensors.plugin] DEPRECATED: Please use setDofFrictionProperties instead.
2026-10-02T18:29:41Z [94,765ms] [Warning] [omni.physx.tensors.plugin] DEPRECATED: Please use getDofFrictionProperties instead.
2026-10-02T18:29:41Z [94,765ms] [Warning] [omni.physx.tensors.plugin] DEPRECATED: Please use setDofFrictionProperties instead.
2026-10-02T18:29:41Z [94,828ms] [Warning] [omni.physx.tensors.plugin] DEPRECATED: Please use getDofFrictionProperties instead.
2026-10-02T18:29:41Z [94,828ms] [Warning] [omni.physx.tensors.plugin] DEPRECATED: Please use setDofFrictionProperties instead.
2026-10-02T18:29:41Z [94,862ms] [Warning] [omni.physx.tensors.plugin] DEPRECATED: Please use getDofFrictionProperties instead.
2026-10-02T18:29:41Z [94,862ms] [Warning] [omni.physx.tensors.plugin] DEPRECATED: Please use setDofFrictionProperties instead.
2026-10-02T18:29:41Z [94,899ms] [Warning] [omni.physx.tensors.plugin] DEPRECATED: Please use getDofFrictionProperties instead.
2026-10-02T18:29:41Z [94,899ms] [Warning] [omni.physx.tensors.plugin] DEPRECATED: Please use setDofFrictionProperties instead.
2026-10-02T18:29:41Z [94,899ms] [Warning] [omni.physx.tensors.plugin] DEPRECATED: Please use getDofFrictionProperties instead.
2026-10-02T18:29:41Z [94,899ms] [Warning] [omni.physx.tensors.plugin] DEPRECATED: Please use setDofFrictionProperties instead.
2026-10-02T18:29:41Z [94,900ms] [Warning] [omni.physx.tensors.plugin] DEPRECATED: Please use getDofFrictionProperties instead.
2026-10-02T18:29:41Z [94,900ms] [Warning] [omni.physx.tensors.plugin] DEPRECATED: Please use setDofFrictionProperties instead.
2026-10-02T18:29:41Z [94,923ms] [Warning] [omni.physx.tensors.plugin] DEPRECATED: Please use getDofFrictionProperties instead.
2026-10-02T18:29:41Z [94,923ms] [Warning] [omni.physx.tensors.plugin] DEPRECATED: Please use setDofFrictionProperties instead.
2026-10-02T18:29:41Z [94,951ms] [Warning] [omni.physx.tensors.plugin] DEPRECATED: Please use getDofFrictionProperties instead.
2026-10-02T18:29:41Z [94,951ms] [Warning] [omni.physx.tensors.plugin] DEPRECATED: Please use setDofFrictionProperties instead.
2026-10-02T18:29:41Z [94,986ms] [Warning] [omni.physx.tensors.plugin] DEPRECATED: Please use getDofFrictionProperties instead.
2026-10-02T18:29:41Z [94,986ms] [Warning] [omni.physx.tensors.plugin] DEPRECATED: Please use setDofFrictionProperties instead.
2026-10-02T18:29:41Z [94,986ms] [Warning] [omni.physx.tensors.plugin] DEPRECATED: Please use getDofFrictionProperties instead.
2026-10-02T18:29:41Z [94,986ms] [Warning] [omni.physx.tensors.plugin] DEPRECATED: Please use setDofFrictionProperties instead.
2026-10-02T18:29:41Z [94,986ms] [Warning] [omni.physx.tensors.plugin] DEPRECATED: Please use getDofFrictionProperties instead.
2026-10-02T18:29:41Z [94,986ms] [Warning] [omni.physx.tensors.plugin] DEPRECATED: Please use setDofFrictionProperties instead.
2026-10-02T18:29:41Z [94,987ms] [Warning] [omni.physx.tensors.plugin] DEPRECATED: Please use getDofFrictionProperties instead.
2026-10-02T18:29:41Z [94,987ms] [Warning] [omni.physx.tensors.plugin] DEPRECATED: Please use setDofFrictionProperties instead.
2026-10-02T18:29:41Z [94,987ms] [Warning] [omni.physx.tensors.plugin] DEPRECATED: Please use getDofFrictionProperties instead.
2026-10-02T18:29:41Z [94,987ms] [Warning] [omni.physx.tensors.plugin] DEPRECATED: Please use setDofFrictionProperties instead.
2026-10-02T18:29:41Z [94,987ms] [Warning] [omni.physx.tensors.plugin] DEPRECATED: Please use getDofFrictionProperties instead.
2026-10-02T18:29:41Z [94,987ms] [Warning] [omni.physx.tensors.plugin] DEPRECATED: Please use setDofFrictionProperties instead.
2026-10-02T18:29:42Z [96,225ms] [Warning] [omni.physx.tensors.plugin] DEPRECATED: Please use getDofFrictionProperties instead.
2026-10-02T18:29:42Z [96,225ms] [Warning] [omni.physx.tensors.plugin] DEPRECATED: Please use setDofFrictionProperties instead.
2026-10-02T18:29:42Z [96,225ms] [Warning] [omni.physx.tensors.plugin] DEPRECATED: Please use getDofFrictionProperties instead.
2026-10-02T18:29:42Z [96,225ms] [Warning] [omni.physx.tensors.plugin] DEPRECATED: Please use setDofFrictionProperties instead.
2026-10-02T18:29:42Z [96,226ms] [Warning] [omni.physx.tensors.plugin] DEPRECATED: Please use getDofFrictionProperties instead.
2026-10-02T18:29:42Z [96,226ms] [Warning] [omni.physx.tensors.plugin] DEPRECATED: Please use setDofFrictionProperties instead.
2026-10-02T18:29:42Z [96,249ms] [Warning] [omni.physx.tensors.plugin] DEPRECATED: Please use getDofFrictionProperties instead.
2026-10-02T18:29:42Z [96,249ms] [Warning] [omni.physx.tensors.plugin] DEPRECATED: Please use setDofFrictionProperties instead.
2026-10-02T18:29:42Z [96,249ms] [Warning] [omni.physx.tensors.plugin] DEPRECATED: Please use getDofFrictionProperties instead.
2026-10-02T18:29:42Z [96,249ms] [Warning] [omni.physx.tensors.plugin] DEPRECATED: Please use setDofFrictionProperties instead.
2026-10-02T18:29:42Z [96,250ms] [Warning] [omni.physx.tensors.plugin] DEPRECATED: Please use getDofFrictionProperties instead.
2026-10-02T18:29:42Z [96,250ms] [Warning] [omni.physx.tensors.plugin] DEPRECATED: Please use setDofFrictionProperties instead.
2026-10-02T18:29:42Z [96,250ms] [Warning] [omni.physx.tensors.plugin] DEPRECATED: Please use getDofFrictionProperties instead.
2026-10-02T18:29:42Z [96,250ms] [Warning] [omni.physx.tensors.plugin] DEPRECATED: Please use setDofFrictionProperties instead.
2026-10-02T18:29:42Z [96,273ms] [Warning] [omni.physx.tensors.plugin] DEPRECATED: Please use getDofFrictionProperties instead.
2026-10-02T18:29:42Z [96,273ms] [Warning] [omni.physx.tensors.plugin] DEPRECATED: Please use setDofFrictionProperties instead.
2026-10-02T18:29:42Z [96,273ms] [Warning] [omni.physx.tensors.plugin] DEPRECATED: Please use getDofFrictionProperties instead.
2026-10-02T18:29:42Z [96,274ms] [Warning] [omni.physx.tensors.plugin] DEPRECATED: Please use setDofFrictionProperties instead.
2026-10-02T18:29:42Z [96,274ms] [Warning] [omni.physx.tensors.plugin] DEPRECATED: Please use getDofFrictionProperties instead.
2026-10-02T18:29:42Z [96,274ms] [Warning] [omni.physx.tensors.plugin] DEPRECATED: Please use setDofFrictionProperties instead.
2026-10-02T18:29:42Z [96,274ms] [Warning] [omni.physx.tensors.plugin] DEPRECATED: Please use getDofFrictionProperties instead.
2026-10-02T18:29:42Z [96,274ms] [Warning] [omni.physx.tensors.plugin] DEPRECATED: Please use setDofFrictionProperties instead.
2026-10-02T18:29:42Z [96,323ms] [Warning] [omni.physx.tensors.plugin] DEPRECATED: Please use getDofFrictionProperties instead.
2026-10-02T18:29:42Z [96,323ms] [Warning] [omni.physx.tensors.plugin] DEPRECATED: Please use setDofFrictionProperties instead.
2026-10-02T18:29:42Z [96,326ms] [Warning] [omni.physx.tensors.plugin] DEPRECATED: Please use getDofFrictionProperties instead.
2026-10-02T18:29:42Z [96,326ms] [Warning] [omni.physx.tensors.plugin] DEPRECATED: Please use setDofFrictionProperties instead.
2026-10-02T18:29:42Z [96,330ms] [Warning] [omni.physx.tensors.plugin] DEPRECATED: Please use getDofFrictionProperties instead.
2026-10-02T18:29:42Z [96,330ms] [Warning] [omni.physx.tensors.plugin] DEPRECATED: Please use setDofFrictionProperties instead.
2026-10-02T18:29:42Z [96,335ms] [Warning] [omni.physx.tensors.plugin] DEPRECATED: Please use getDofFrictionProperties instead.
2026-10-02T18:29:42Z [96,335ms] [Warning] [omni.physx.tensors.plugin] DEPRECATED: Please use setDofFrictionProperties instead.
2026-10-02T18:29:42Z [96,335ms] [Warning] [omni.physx.tensors.plugin] DEPRECATED: Please use getDofFrictionProperties instead.
2026-10-02T18:29:42Z [96,335ms] [Warning] [omni.physx.tensors.plugin] DEPRECATED: Please use setDofFrictionProperties instead.
2026-10-02T18:29:42Z [96,339ms] [Warning] [omni.physx.tensors.plugin] DEPRECATED: Please use getDofFrictionProperties instead.
2026-10-02T18:29:42Z [96,339ms] [Warning] [omni.physx.tensors.plugin] DEPRECATED: Please use setDofFrictionProperties instead.
2026-10-02T18:29:42Z [96,342ms] [Warning] [omni.physx.tensors.plugin] DEPRECATED: Please use getDofFrictionProperties instead.
2026-10-02T18:29:42Z [96,342ms] [Warning] [omni.physx.tensors.plugin] DEPRECATED: Please use setDofFrictionProperties instead.
2026-10-02T18:29:42Z [96,345ms] [Warning] [omni.physx.tensors.plugin] DEPRECATED: Please use getDofFrictionProperties instead.
2026-10-02T18:29:42Z [96,346ms] [Warning] [omni.physx.tensors.plugin] DEPRECATED: Please use setDofFrictionProperties instead.
2026-10-02T18:29:42Z [96,349ms] [Warning] [omni.physx.tensors.plugin] DEPRECATED: Please use getDofFrictionProperties instead.
2026-10-02T18:29:42Z [96,349ms] [Warning] [omni.physx.tensors.plugin] DEPRECATED: Please use setDofFrictionProperties instead.
2026-10-02T18:29:42Z [96,353ms] [Warning] [omni.physx.tensors.plugin] DEPRECATED: Please use getDofFrictionProperties instead.
2026-10-02T18:29:42Z [96,353ms] [Warning] [omni.physx.tensors.plugin] DEPRECATED: Please use setDofFrictionProperties instead.
2026-10-02T18:29:42Z [96,357ms] [Warning] [omni.physx.tensors.plugin] DEPRECATED: Please use getDofFrictionProperties instead.
2026-10-02T18:29:42Z [96,357ms] [Warning] [omni.physx.tensors.plugin] DEPRECATED: Please use setDofFrictionProperties instead.
2026-10-02T18:29:43Z [96,568ms] [Warning] [omni.physx.tensors.plugin] DEPRECATED: Please use getDofFrictionProperties instead.
2026-10-02T18:29:43Z [96,568ms] [Warning] [omni.physx.tensors.plugin] DEPRECATED: Please use setDofFrictionProperties instead.
2026-10-02T18:29:43Z [96,599ms] [Warning] [omni.physx.tensors.plugin] DEPRECATED: Please use getDofFrictionProperties instead.
2026-10-02T18:29:43Z [96,599ms] [Warning] [omni.physx.tensors.plugin] DEPRECATED: Please use setDofFrictionProperties instead.
2026-10-02T18:29:43Z [96,600ms] [Warning] [omni.physx.tensors.plugin] DEPRECATED: Please use getDofFrictionProperties instead.
2026-10-02T18:29:43Z [96,600ms] [Warning] [omni.physx.tensors.plugin] DEPRECATED: Please use setDofFrictionProperties instead.
2026-10-02T18:29:43Z [96,600ms] [Warning] [omni.physx.tensors.plugin] DEPRECATED: Please use getDofFrictionProperties instead.
2026-10-02T18:29:43Z [96,600ms] [Warning] [omni.physx.tensors.plugin] DEPRECATED: Please use setDofFrictionProperties instead.
2026-10-02T18:29:43Z [96,807ms] [Warning] [omni.physx.tensors.plugin] DEPRECATED: Please use getDofFrictionProperties instead.
2026-10-02T18:29:43Z [96,807ms] [Warning] [omni.physx.tensors.plugin] DEPRECATED: Please use setDofFrictionProperties instead.
2026-10-02T18:29:43Z [96,811ms] [Warning] [omni.physx.tensors.plugin] DEPRECATED: Please use getDofFrictionProperties instead.
2026-10-02T18:29:43Z [96,811ms] [Warning] [omni.physx.tensors.plugin] DEPRECATED: Please use setDofFrictionProperties instead.
2026-10-02T18:29:43Z [96,815ms] [Warning] [omni.physx.tensors.plugin] DEPRECATED: Please use getDofFrictionProperties instead.
2026-10-02T18:29:43Z [96,815ms] [Warning] [omni.physx.tensors.plugin] DEPRECATED: Please use setDofFrictionProperties instead.
2026-10-02T18:29:43Z [96,819ms] [Warning] [omni.physx.tensors.plugin] DEPRECATED: Please use getDofFrictionProperties instead.
2026-10-02T18:29:43Z [96,819ms] [Warning] [omni.physx.tensors.plugin] DEPRECATED: Please use setDofFrictionProperties instead.
2026-10-02T18:29:43Z [96,822ms] [Warning] [omni.physx.tensors.plugin] DEPRECATED: Please use getDofFrictionProperties instead.
2026-10-02T18:29:43Z [96,822ms] [Warning] [omni.physx.tensors.plugin] DEPRECATED: Please use setDofFrictionProperties instead.
2026-10-02T18:29:43Z [96,826ms] [Warning] [omni.physx.tensors.plugin] DEPRECATED: Please use getDofFrictionProperties instead.
2026-10-02T18:29:43Z [96,826ms] [Warning] [omni.physx.tensors.plugin] DEPRECATED: Please use setDofFrictionProperties instead.
2026-10-02T18:29:43Z [96,831ms] [Warning] [omni.physx.tensors.plugin] DEPRECATED: Please use getDofFrictionProperties instead.
2026-10-02T18:29:43Z [96,831ms] [Warning] [omni.physx.tensors.plugin] DEPRECATED: Please use setDofFrictionProperties instead.
2026-10-02T18:29:43Z [96,835ms] [Warning] [omni.physx.tensors.plugin] DEPRECATED: Please use getDofFrictionProperties instead.
2026-10-02T18:29:43Z [96,835ms] [Warning] [omni.physx.tensors.plugin] DEPRECATED: Please use setDofFrictionProperties instead.
2026-10-02T18:29:43Z [96,838ms] [Warning] [omni.physx.tensors.plugin] DEPRECATED: Please use getDofFrictionProperties instead.
2026-10-02T18:29:43Z [96,839ms] [Warning] [omni.physx.tensors.plugin] DEPRECATED: Please use setDofFrictionProperties instead.
2026-10-02T18:29:43Z [96,843ms] [Warning] [omni.physx.tensors.plugin] DEPRECATED: Please use getDofFrictionProperties instead.
2026-10-02T18:29:43Z [96,843ms] [Warning] [omni.physx.tensors.plugin] DEPRECATED: Please use setDofFrictionProperties instead.
2026-10-02T18:29:43Z [96,847ms] [Warning] [omni.physx.tensors.plugin] DEPRECATED: Please use getDofFrictionProperties instead.
2026-10-02T18:29:43Z [96,847ms] [Warning] [omni.physx.tensors.plugin] DEPRECATED: Please use setDofFrictionProperties instead.
2026-10-02T18:29:43Z [96,851ms] [Warning] [omni.physx.tensors.plugin] DEPRECATED: Please use getDofFrictionProperties instead.
2026-10-02T18:29:43Z [96,851ms] [Warning] [omni.physx.tensors.plugin] DEPRECATED: Please use setDofFrictionProperties instead.
2026-10-02T18:29:43Z [96,854ms] [Warning] [omni.physx.tensors.plugin] DEPRECATED: Please use getDofFrictionProperties instead.
2026-10-02T18:29:43Z [96,854ms] [Warning] [omni.physx.tensors.plugin] DEPRECATED: Please use setDofFrictionProperties instead.
2026-10-02T18:29:43Z [96,858ms] [Warning] [omni.physx.tensors.plugin] DEPRECATED: Please use getDofFrictionProperties instead.
2026-10-02T18:29:43Z [96,858ms] [Warning] [omni.physx.tensors.plugin] DEPRECATED: Please use setDofFrictionProperties instead.
2026-10-02T18:29:43Z [96,905ms] [Warning] [omni.physx.tensors.plugin] DEPRECATED: Please use getDofFrictionProperties instead.
2026-10-02T18:29:43Z [96,905ms] [Warning] [omni.physx.tensors.plugin] DEPRECATED: Please use setDofFrictionProperties instead.
2026-10-02T18:29:43Z [96,905ms] [Warning] [omni.physx.tensors.plugin] DEPRECATED: Please use getDofFrictionProperties instead.
2026-10-02T18:29:43Z [96,905ms] [Warning] [omni.physx.tensors.plugin] DEPRECATED: Please use setDofFrictionProperties instead.
2026-10-02T18:29:43Z [96,926ms] [Warning] [omni.physx.tensors.plugin] DEPRECATED: Please use getDofFrictionProperties instead.
2026-10-02T18:29:43Z [96,926ms] [Warning] [omni.physx.tensors.plugin] DEPRECATED: Please use setDofFrictionProperties instead.
2026-10-02T18:29:43Z [96,926ms] [Warning] [omni.physx.tensors.plugin] DEPRECATED: Please use getDofFrictionProperties instead.
2026-10-02T18:29:43Z [96,927ms] [Warning] [omni.physx.tensors.plugin] DEPRECATED: Please use setDofFrictionProperties instead.
2026-10-02T18:29:43Z [96,948ms] [Warning] [omni.physx.tensors.plugin] DEPRECATED: Please use getDofFrictionProperties instead.
2026-10-02T18:29:43Z [96,948ms] [Warning] [omni.physx.tensors.plugin] DEPRECATED: Please use setDofFrictionProperties instead.
2026-10-02T18:29:43Z [96,949ms] [Warning] [omni.physx.tensors.plugin] DEPRECATED: Please use getDofFrictionProperties instead.
2026-10-02T18:29:43Z [96,949ms] [Warning] [omni.physx.tensors.plugin] DEPRECATED: Please use setDofFrictionProperties instead.
2026-10-02T18:29:45Z [98,796ms] [Warning] [omni.syntheticdata.plugin] SdRenderVarPtr missing valid input renderVar LdrColorSDhost
[0m[00:01:44.801] [INFO] [omnigibson.simulator] Imported scene 0.[0m
[33m[00:01:44.832] [WARNING] [omnigibson.robots.robot] r1pro is set to floating base but is not a non-holonomic locomotion robot[0m
Warp 1.12.0 initialized:
   CUDA Toolkit 12.9, Driver 13.0
   Devices:
     "cpu"      : "x86_64"
     "cuda:0"   : "NVIDIA GeForce RTX 5070 Ti" (15 GiB, sm_120, mempool enabled)
   Kernel cache:
     /home/juyoung/.cache/warp/1.12.0
Starting kit application with the following args:  ['/home/juyoung/miniconda3/envs/behavior/lib/python3.11/site-packages/isaacsim/exts/isaacsim.simulation_app/isaacsim/simulation_app/simulation_app.py', '/home/juyoung/miniconda3/envs/behavior/lib/python3.11/site-packages/isaacsim/apps/omnigibson_5_1_0.kit', '--/app/tokens/exe-path=/home/juyoung/miniconda3/envs/behavior/lib/python3.11/site-packages/isaacsim/kit', '--/persistent/app/viewport/displayOptions=3094', '--/rtx/materialDb/syncLoads=True', '--/rtx/hydra/materialSyncLoads=True', '--/omni.kit.plugin/syncUsdLoads=True', '--/app/renderer/resolution/width=1280', '--/app/renderer/resolution/height=720', '--/app/window/width=1440', '--/app/window/height=900', '--/renderer/multiGpu/enabled=False', '--/app/fastShutdown=True', '--/app/installSignalHandlers=0', '--ext-folder', '/home/juyoung/miniconda3/envs/behavior/lib/python3.11/site-packages/isaacsim/exts', '--ext-folder', '/home/juyoung/miniconda3/envs/behavior/lib/python3.11/site-packages/isaacsim/apps', '--/physics/cudaDevice=0', '--/plugins/carb.tasking.plugin/threadCount=32', '--/plugins/omni.tbb.globalcontrol/maxThreadCount=32']
Passing the following args to the base kit application:  ['--portable-root', '/home/juyoung/robot-agent/src/behavior-2026/BEHAVIOR-1K/OmniGibson/appdata/local', '--/app/tokens/omni_global_cache=/home/juyoung/robot-agent/src/behavior-2026/BEHAVIOR-1K/OmniGibson/appdata/global/cache', '--/app/tokens/omni_global_data=/home/juyoung/robot-agent/src/behavior-2026/BEHAVIOR-1K/OmniGibson/appdata/global/data']
Warp DeprecationWarning: The symbol `warp.types.array` will soon be removed from the public API. Use `warp.array` instead.
Warp DeprecationWarning: The symbol `warp.types.Array` will soon be removed from the public API. It can still be accessed from `warp._src.types.Array` but might be changed or removed without notice.
Warp DeprecationWarning: The symbol `warp.types.launch_bounds_t` will soon be removed from the public API. It can still be accessed from `warp._src.types.launch_bounds_t` but might be changed or removed without notice.
Warp DeprecationWarning: The symbol `warp.types.vector_types` will soon be removed from the public API. It can still be accessed from `warp._src.types.vector_types` but might be changed or removed without notice.
Warp DeprecationWarning: The symbol `warp.types.scalar_types` will soon be removed from the public API. It can still be accessed from `warp._src.types.scalar_types` but might be changed or removed without notice.
Warp DeprecationWarning: The symbol `warp.types.np_dtype_to_warp_type` will soon be removed from the public API. It can still be accessed from `warp._src.types.np_dtype_to_warp_type` but might be changed or removed without notice.
Warp DeprecationWarning: The symbol `warp.utils.warn` will soon be removed from the public API. It can still be accessed from `warp._src.utils.warn` but might be changed or removed without notice.
Warp DeprecationWarning: The symbol `warp.types.float32` will soon be removed from the public API. Use `warp.float32` instead.
Warp DeprecationWarning: The `warp.sim` module is deprecated and will be removed in v1.10. Please transition to using the forthcoming Newton library instead.

                   ____________
                  /          / \
                 /          / /__
                /          / /  /\
               /__________/ /__/  \
               \   _____  \ \__\  /
                \  \  / \  \ \_/ /
                 \  \/___\  \   /
                  \__________\_/  
       ___                  _  ____ _ _                     
      / _ \ _ __ ___  _ __ (_)/ ___(_) |__  ___  ___  _ __  
     | | | | '_ ` _ \| '_ \| | |  _| | '_ \/ __|/ _ \| '_ \ 
     | |_| | | | | | | | | | | |_| | | |_) \__ \ (_) | | | |
      \___/|_| |_| |_|_| |_|_|\____|_|_.__/|___/\___/|_| |_|

Module omnigibson.utils.usd_utils 57917a4 load on device 'cuda:0' took 5.90 ms  (cached)
Module omnigibson.object_states.aabb 4de578a load on device 'cuda:0' took 1.24 ms  (cached)
Module omnigibson.object_states.adjacency 6039c89 load on device 'cuda:0' took 1.84 ms  (cached)
Module omnigibson.object_states.under ae6dd9f load on device 'cuda:0' took 1.10 ms  (cached)
Module omnigibson.object_states.touching 3695b1b load on device 'cuda:0' took 1.28 ms  (cached)
Module omnigibson.object_states.open_state 9f3c76b load on device 'cuda:0' took 0.97 ms  (cached)
Module omnigibson.object_states.toggle 5172335 load on device 'cuda:0' took 1.40 ms  (cached)
Module omnigibson.object_states.inside c41ba8f load on device 'cuda:0' took 1.61 ms  (cached)
Module omnigibson.object_states.heat_source_or_sink 472acd8 load on device 'cuda:0' took 0.98 ms  (cached)
Module omnigibson.object_states.temperature 10db2b7 load on device 'cuda:0' took 2.15 ms  (cached)
Module omnigibson.object_states.on_top 52eaeb1 load on device 'cuda:0' took 0.82 ms  (cached)
Module omnigibson.object_states.on_fire 9bf5add load on device 'cuda:0' took 0.93 ms  (cached)
Module omnigibson.object_states.next_to f8c23b3 load on device 'cuda:0' took 0.96 ms  (cached)
No generic presampled robot pose found, using robot-specific pose.
Warp DeprecationWarning: The symbol `warp.types.warp_type_to_np_dtype` will soon be removed from the public API. It can still be accessed from `warp._src.types.warp_type_to_np_dtype` but might be changed or removed without notice.
[pi05_native] ../../data/pi05_native/comet_pt12.pi05w: pi05 engine ready in 0.9s, weights 5.05 GiB, activations 0.15 GiB, 10 flow steps
[sgrt] bringing_water: 21 prompt names, out /home/juyoung/robot-agent/src/behavior-2026/outputs/mem_comet12_water_gui_20261003_032801/memory
[0m[00:02:01.275] [INFO] [omnigibson.eval.evaluator] [0m
[0m[00:02:01.275] [INFO] [omnigibson.eval.evaluator] ==================================================[0m
[0m[00:02:01.276] [INFO] [omnigibson.eval.evaluator] Loaded 1 policy instance(s) (batched): local[0m
[0m[00:02:01.276] [INFO] [omnigibson.eval.evaluator] ==================================================[0m
[0m[00:02:01.276] [INFO] [omnigibson.eval.evaluator] [0m
2026-10-02T18:29:53Z [107,323ms] [Warning] [rtx.postprocessing.plugin] DLSS increasing input dimensions: Render resolution of (240, 240) is below minimal input resolution of 300.
2026-10-02T18:29:54Z [108,406ms] [Warning] [carb] Client omni.hydratexture.plugin has acquired [carb::settings::ISettings v1.0] 100 times. Consider accessing this interface with carb::getCachedInterface() (Performance warning)
2026-10-02T18:29:54Z [108,462ms] [Warning] [carb] Client omni.hydratexture.plugin has acquired [carb::dictionary::IDictionary v1.1] 100 times. Consider accessing this interface with carb::getCachedInterface() (Performance warning)
2026-10-02T18:29:55Z [108,697ms] [Warning] [carb] Plugin interface for a client: omni.hydratexture.plugin was already released.
2026-10-02T18:29:55Z [108,712ms] [Warning] [carb] Client omni.kit.viewport.legacy_gizmos has acquired [carb::settings::ISettings v1.0] 100 times. Consider accessing this interface with carb::getCachedInterface() (Performance warning)
2026-10-02T18:29:55Z [108,712ms] [Warning] [carb] Client omni.kit.viewport.legacy_gizmos has acquired [carb::dictionary::IDictionary v1.1] 100 times. Consider accessing this interface with carb::getCachedInterface() (Performance warning)
2026-10-02T18:29:55Z [109,392ms] [Warning] [carb] Plugin interface for a client: omni.hydratexture.plugin was already released.
2026-10-02T18:29:55Z [109,394ms] [Warning] [carb] Plugin interface for a client: omni.hydratexture.plugin was already released.
2026-10-02T18:29:55Z [109,395ms] [Warning] [carb] Plugin interface for a client: omni.hydratexture.plugin was already released.
2026-10-02T18:29:55Z [109,396ms] [Warning] [carb] Plugin interface for a client: omni.hydratexture.plugin was already released.
2026-10-02T18:29:55Z [109,397ms] [Warning] [carb] Plugin interface for a client: omni.hydratexture.plugin was already released.
2026-10-02T18:29:55Z [109,399ms] [Warning] [carb] Plugin interface for a client: omni.hydratexture.plugin was already released.
2026-10-02T18:29:55Z [109,400ms] [Warning] [carb] Plugin interface for a client: omni.hydratexture.plugin was already released.
2026-10-02T18:30:05Z [119,229ms] [Error] [omni.kit.app._impl] [py stderr]: /home/juyoung/miniconda3/envs/behavior/lib/python3.11/site-packages/gymnasium/spaces/box.py:415: UserWarning: [33mWARN: Casting input x to numpy array.[0m
  gym.logger.warn("Casting input x to numpy array.")
